[0.012s][info][gc] Using Concurrent Mark Sweep
[0.012s][info][gc,heap,coops] Heap address: 0x0000000700000000, size: 4096 MB, Compressed Oops mode: Zero based, Oop shift amount: 3
[0.089s][info][safepoint    ] Entering safepoint region: EnableBiasedLocking
[0.089s][info][safepoint    ] Leaving safepoint region
[0.089s][info][safepoint    ] Total time for which application threads were stopped: 0.0001307 seconds, Stopping threads took: 0.0000366 seconds
[0.113s][info][safepoint    ] Application time: 0.0215680 seconds
[0.113s][info][safepoint    ] Entering safepoint region: RevokeBias
[0.113s][info][safepoint    ] Leaving safepoint region
[0.113s][info][safepoint    ] Total time for which application threads were stopped: 0.0001576 seconds, Stopping threads took: 0.0000726 seconds
[0.188s][info][safepoint    ] Application time: 0.0743353 seconds
[0.188s][info][safepoint    ] Entering safepoint region: Deoptimize
[0.188s][info][safepoint    ] Leaving safepoint region
[0.188s][info][safepoint    ] Total time for which application threads were stopped: 0.0000593 seconds, Stopping threads took: 0.0000092 seconds
[1.188s][info][safepoint    ] Application time: 1.0000981 seconds
[1.188s][info][safepoint    ] Entering safepoint region: Cleanup
[1.188s][info][safepoint    ] Leaving safepoint region
[1.188s][info][safepoint    ] Total time for which application threads were stopped: 0.0001654 seconds, Stopping threads took: 0.0000131 seconds
[1.544s][info][safepoint    ] Application time: 0.3559600 seconds
[1.544s][info][safepoint    ] Entering safepoint region: Deoptimize
[1.544s][info][safepoint    ] Leaving safepoint region
[1.544s][info][safepoint    ] Total time for which application threads were stopped: 0.0003435 seconds, Stopping threads took: 0.0000487 seconds
[1.604s][info][safepoint    ] Application time: 0.0593103 seconds
[1.604s][info][safepoint    ] Entering safepoint region: Deoptimize
[1.604s][info][safepoint    ] Leaving safepoint region
[1.604s][info][safepoint    ] Total time for which application threads were stopped: 0.0001537 seconds, Stopping threads took: 0.0000206 seconds
[1.648s][info][safepoint    ] Application time: 0.0440210 seconds
[1.648s][info][safepoint    ] Entering safepoint region: Deoptimize
[1.648s][info][safepoint    ] Leaving safepoint region
[1.648s][info][safepoint    ] Total time for which application threads were stopped: 0.0002057 seconds, Stopping threads took: 0.0000095 seconds
[2.592s][info][safepoint    ] Application time: 0.9437437 seconds
[2.596s][info][safepoint    ] Entering safepoint region: Deoptimize
[2.596s][info][safepoint    ] Leaving safepoint region
[2.596s][info][safepoint    ] Total time for which application threads were stopped: 0.0039191 seconds, Stopping threads took: 0.0035618 seconds
[2.752s][info][safepoint    ] Application time: 0.1555716 seconds
[2.752s][info][safepoint    ] Entering safepoint region: Deoptimize
[2.752s][info][safepoint    ] Leaving safepoint region
[2.752s][info][safepoint    ] Total time for which application threads were stopped: 0.0002329 seconds, Stopping threads took: 0.0000095 seconds
[3.069s][info][safepoint    ] Application time: 0.3172243 seconds
[3.069s][info][safepoint    ] Entering safepoint region: ICBufferFull
[3.069s][info][safepoint    ] Leaving safepoint region
[3.069s][info][safepoint    ] Total time for which application threads were stopped: 0.0001440 seconds, Stopping threads took: 0.0000087 seconds
[3.171s][info][safepoint    ] Application time: 0.1019558 seconds
[3.171s][info][safepoint    ] Entering safepoint region: ICBufferFull
[3.171s][info][safepoint    ] Leaving safepoint region
[3.171s][info][safepoint    ] Total time for which application threads were stopped: 0.0002062 seconds, Stopping threads took: 0.0000463 seconds
[3.173s][info][safepoint    ] Application time: 0.0015937 seconds
[3.173s][info][safepoint    ] Entering safepoint region: Deoptimize
[3.173s][info][safepoint    ] Leaving safepoint region
[3.173s][info][safepoint    ] Total time for which application threads were stopped: 0.0002295 seconds, Stopping threads took: 0.0000058 seconds
[3.385s][info][safepoint    ] Application time: 0.2118883 seconds
[3.385s][info][safepoint    ] Entering safepoint region: ICBufferFull
[3.385s][info][safepoint    ] Leaving safepoint region
[3.385s][info][safepoint    ] Total time for which application threads were stopped: 0.0001969 seconds, Stopping threads took: 0.0000260 seconds
[3.604s][info][safepoint    ] Application time: 0.2190161 seconds
[3.605s][info][safepoint    ] Entering safepoint region: ICBufferFull
[3.605s][info][safepoint    ] Leaving safepoint region
[3.605s][info][safepoint    ] Total time for which application threads were stopped: 0.0001441 seconds, Stopping threads took: 0.0000086 seconds
[3.806s][info][safepoint    ] Application time: 0.2009364 seconds
[3.806s][info][safepoint    ] Entering safepoint region: GenCollectForAllocation
[3.806s][info][gc,start     ] GC(0) Pause Young (Allocation Failure)
[3.828s][info][gc,task      ] GC(0) Using 4 workers of 4 for evacuation
[3.875s][debug][gc,ref       ] GC(0) Skipped phase1 of Reference Processing due to unavailable references
[3.875s][debug][gc,ref       ] GC(0) Skipped phase3 of Reference Processing due to unavailable references
[3.875s][debug][gc,age       ] GC(0) Desired survivor size 15400960 bytes, new threshold 1 (max threshold 6)
[3.875s][info ][gc,heap      ] GC(0) ParNew: 240896K->28755K(270976K)
[3.875s][info ][gc,heap      ] GC(0) CMS: 0K->0K(602112K)
[3.875s][info ][gc,metaspace ] GC(0) Metaspace: 17555K->17555K(1064960K)
[3.875s][info ][gc           ] GC(0) Pause Young (Allocation Failure) 235M->28M(852M) 69.493ms
[3.875s][info ][gc,cpu       ] GC(0) User=0.15s Sys=0.03s Real=0.07s
[3.875s][info ][safepoint    ] Leaving safepoint region
[3.875s][info ][safepoint    ] Total time for which application threads were stopped: 0.0697322 seconds, Stopping threads took: 0.0000086 seconds
[3.876s][info ][safepoint    ] Application time: 0.0010531 seconds
[3.877s][info ][safepoint    ] Entering safepoint region: RevokeBias
[3.877s][info ][safepoint    ] Leaving safepoint region
[3.877s][info ][safepoint    ] Total time for which application threads were stopped: 0.0001530 seconds, Stopping threads took: 0.0000736 seconds
[3.877s][info ][safepoint    ] Application time: 0.0000741 seconds
[3.877s][info ][safepoint    ] Entering safepoint region: RevokeBias
[3.877s][info ][safepoint    ] Leaving safepoint region
[3.877s][info ][safepoint    ] Total time for which application threads were stopped: 0.0001750 seconds, Stopping threads took: 0.0001314 seconds
[3.877s][info ][safepoint    ] Application time: 0.0000727 seconds
[3.877s][info ][safepoint    ] Entering safepoint region: RevokeBias
[3.877s][info ][safepoint    ] Leaving safepoint region
[3.877s][info ][safepoint    ] Total time for which application threads were stopped: 0.0000897 seconds, Stopping threads took: 0.0000557 seconds
[4.118s][info ][safepoint    ] Application time: 0.2414440 seconds
[4.119s][info ][safepoint    ] Entering safepoint region: Deoptimize
[4.119s][info ][safepoint    ] Leaving safepoint region
[4.119s][info ][safepoint    ] Total time for which application threads were stopped: 0.0006062 seconds, Stopping threads took: 0.0000214 seconds
[4.243s][info ][safepoint    ] Application time: 0.1238142 seconds
[4.243s][info ][safepoint    ] Entering safepoint region: CollectForMetadataAllocation
[4.243s][info ][safepoint    ] Leaving safepoint region
[4.243s][info ][safepoint    ] Total time for which application threads were stopped: 0.0001246 seconds, Stopping threads took: 0.0000087 seconds
[4.367s][info ][safepoint    ] Application time: 0.1240648 seconds
[4.367s][info ][safepoint    ] Entering safepoint region: CollectForMetadataAllocation
[4.367s][info ][safepoint    ] Leaving safepoint region
[4.367s][info ][safepoint    ] Total time for which application threads were stopped: 0.0001475 seconds, Stopping threads took: 0.0000090 seconds
[4.386s][info ][safepoint    ] Application time: 0.0185024 seconds
[4.386s][info ][safepoint    ] Entering safepoint region: CollectForMetadataAllocation
[4.386s][info ][safepoint    ] Leaving safepoint region
[4.386s][info ][safepoint    ] Total time for which application threads were stopped: 0.0001449 seconds, Stopping threads took: 0.0000356 seconds
[4.419s][info ][safepoint    ] Application time: 0.0325936 seconds
[4.419s][info ][safepoint    ] Entering safepoint region: CollectForMetadataAllocation
[4.419s][info ][safepoint    ] Leaving safepoint region
[4.419s][info ][safepoint    ] Total time for which application threads were stopped: 0.0000918 seconds, Stopping threads took: 0.0000094 seconds
[4.445s][info ][safepoint    ] Application time: 0.0258351 seconds
[4.445s][info ][safepoint    ] Entering safepoint region: CollectForMetadataAllocation
[4.445s][info ][safepoint    ] Leaving safepoint region
[4.445s][info ][safepoint    ] Total time for which application threads were stopped: 0.0000758 seconds, Stopping threads took: 0.0000083 seconds
[4.465s][info ][safepoint    ] Application time: 0.0201665 seconds
[4.465s][info ][safepoint    ] Entering safepoint region: CollectForMetadataAllocation
[4.465s][info ][safepoint    ] Leaving safepoint region
[4.465s][info ][safepoint    ] Total time for which application threads were stopped: 0.0000792 seconds, Stopping threads took: 0.0000118 seconds
[4.472s][info ][safepoint    ] Application time: 0.0068278 seconds
[4.473s][info ][safepoint    ] Entering safepoint region: RevokeBias
[4.473s][info ][safepoint    ] Leaving safepoint region
[4.473s][info ][safepoint    ] Total time for which application threads were stopped: 0.0012118 seconds, Stopping threads took: 0.0011693 seconds
[4.473s][info ][safepoint    ] Application time: 0.0001648 seconds
[4.476s][info ][safepoint    ] Entering safepoint region: RevokeBias
[4.476s][info ][safepoint    ] Leaving safepoint region
[4.476s][info ][safepoint    ] Total time for which application threads were stopped: 0.0030170 seconds, Stopping threads took: 0.0029657 seconds
[4.484s][info ][safepoint    ] Application time: 0.0081159 seconds
[4.484s][info ][safepoint    ] Entering safepoint region: RevokeBias
[4.485s][info ][safepoint    ] Leaving safepoint region
[4.485s][info ][safepoint    ] Total time for which application threads were stopped: 0.0001358 seconds, Stopping threads took: 0.0000352 seconds
[4.490s][info ][safepoint    ] Application time: 0.0056609 seconds
[4.490s][info ][safepoint    ] Entering safepoint region: RevokeBias
[4.491s][info ][safepoint    ] Leaving safepoint region
[4.491s][info ][safepoint    ] Total time for which application threads were stopped: 0.0004112 seconds, Stopping threads took: 0.0001435 seconds
[4.496s][info ][safepoint    ] Application time: 0.0054118 seconds
[4.498s][info ][safepoint    ] Entering safepoint region: RevokeBias
[4.498s][info ][safepoint    ] Leaving safepoint region
[4.498s][info ][safepoint    ] Total time for which application threads were stopped: 0.0018514 seconds, Stopping threads took: 0.0017290 seconds
[4.501s][info ][safepoint    ] Application time: 0.0027493 seconds
[4.501s][info ][safepoint    ] Entering safepoint region: RevokeBias
[4.501s][info ][safepoint    ] Leaving safepoint region
[4.501s][info ][safepoint    ] Total time for which application threads were stopped: 0.0001215 seconds, Stopping threads took: 0.0000500 seconds
[4.501s][info ][safepoint    ] Application time: 0.0004505 seconds
[4.501s][info ][safepoint    ] Entering safepoint region: RevokeBias
[4.502s][info ][safepoint    ] Leaving safepoint region
[4.502s][info ][safepoint    ] Total time for which application threads were stopped: 0.0003470 seconds, Stopping threads took: 0.0001250 seconds
[4.502s][info ][safepoint    ] Application time: 0.0001371 seconds
[4.502s][info ][safepoint    ] Entering safepoint region: RevokeBias
[4.502s][info ][safepoint    ] Leaving safepoint region
[4.502s][info ][safepoint    ] Total time for which application threads were stopped: 0.0001301 seconds, Stopping threads took: 0.0000701 seconds
[4.502s][info ][safepoint    ] Application time: 0.0000691 seconds
[4.502s][info ][safepoint    ] Entering safepoint region: RevokeBias
[4.502s][info ][safepoint    ] Leaving safepoint region
[4.502s][info ][safepoint    ] Total time for which application threads were stopped: 0.0001527 seconds, Stopping threads took: 0.0000714 seconds
[4.503s][info ][safepoint    ] Application time: 0.0012869 seconds
[4.504s][info ][safepoint    ] Entering safepoint region: RevokeBias
[4.504s][info ][safepoint    ] Leaving safepoint region
[4.504s][info ][safepoint    ] Total time for which application threads were stopped: 0.0003240 seconds, Stopping threads took: 0.0000976 seconds
[4.505s][info ][safepoint    ] Application time: 0.0008050 seconds
[4.505s][info ][safepoint    ] Entering safepoint region: RevokeBias
[4.505s][info ][safepoint    ] Leaving safepoint region
[4.505s][info ][safepoint    ] Total time for which application threads were stopped: 0.0003818 seconds, Stopping threads took: 0.0003484 seconds
[4.505s][info ][safepoint    ] Application time: 0.0000642 seconds
[4.505s][info ][safepoint    ] Entering safepoint region: RevokeBias
[4.505s][info ][safepoint    ] Leaving safepoint region
[4.505s][info ][safepoint    ] Total time for which application threads were stopped: 0.0000829 seconds, Stopping threads took: 0.0000257 seconds
[4.506s][info ][safepoint    ] Application time: 0.0004904 seconds
[4.506s][info ][safepoint    ] Entering safepoint region: RevokeBias
[4.506s][info ][safepoint    ] Leaving safepoint region
[4.506s][info ][safepoint    ] Total time for which application threads were stopped: 0.0000743 seconds, Stopping threads took: 0.0000066 seconds
[4.506s][info ][safepoint    ] Application time: 0.0000834 seconds
[4.506s][info ][safepoint    ] Entering safepoint region: RevokeBias
[4.506s][info ][safepoint    ] Leaving safepoint region
[4.506s][info ][safepoint    ] Total time for which application threads were stopped: 0.0000785 seconds, Stopping threads took: 0.0000307 seconds
[4.506s][info ][safepoint    ] Application time: 0.0002717 seconds
[4.506s][info ][safepoint    ] Entering safepoint region: RevokeBias
[4.506s][info ][safepoint    ] Leaving safepoint region
[4.506s][info ][safepoint    ] Total time for which application threads were stopped: 0.0000988 seconds, Stopping threads took: 0.0000562 seconds
[4.510s][info ][safepoint    ] Application time: 0.0037390 seconds
[4.510s][info ][safepoint    ] Entering safepoint region: RevokeBias
[4.510s][info ][safepoint    ] Leaving safepoint region
[4.510s][info ][safepoint    ] Total time for which application threads were stopped: 0.0001799 seconds, Stopping threads took: 0.0000631 seconds
[4.511s][info ][safepoint    ] Application time: 0.0004241 seconds
[4.511s][info ][safepoint    ] Entering safepoint region: RevokeBias
[4.511s][info ][safepoint    ] Leaving safepoint region
[4.511s][info ][safepoint    ] Total time for which application threads were stopped: 0.0001591 seconds, Stopping threads took: 0.0000155 seconds
[4.516s][info ][safepoint    ] Application time: 0.0047605 seconds
[4.516s][info ][safepoint    ] Entering safepoint region: CollectForMetadataAllocation
[4.516s][info ][safepoint    ] Leaving safepoint region
[4.516s][info ][safepoint    ] Total time for which application threads were stopped: 0.0001152 seconds, Stopping threads took: 0.0000068 seconds
[4.516s][info ][safepoint    ] Application time: 0.0001561 seconds
[4.516s][info ][safepoint    ] Entering safepoint region: CollectForMetadataAllocation
[4.516s][info ][safepoint    ] Leaving safepoint region
[4.516s][info ][safepoint    ] Total time for which application threads were stopped: 0.0002459 seconds, Stopping threads took: 0.0002139 seconds
[4.517s][info ][safepoint    ] Application time: 0.0006866 seconds
[4.517s][info ][safepoint    ] Entering safepoint region: RevokeBias
[4.517s][info ][safepoint    ] Leaving safepoint region
[4.517s][info ][safepoint    ] Total time for which application threads were stopped: 0.0000537 seconds, Stopping threads took: 0.0000068 seconds
[4.518s][info ][safepoint    ] Application time: 0.0005615 seconds
[4.518s][info ][safepoint    ] Entering safepoint region: BulkRevokeBias
[4.518s][info ][safepoint    ] Leaving safepoint region
[4.518s][info ][safepoint    ] Total time for which application threads were stopped: 0.0002033 seconds, Stopping threads took: 0.0000579 seconds
[4.520s][info ][safepoint    ] Application time: 0.0024206 seconds
[4.520s][info ][safepoint    ] Entering safepoint region: RevokeBias
[4.520s][info ][safepoint    ] Leaving safepoint region
[4.520s][info ][safepoint    ] Total time for which application threads were stopped: 0.0000595 seconds, Stopping threads took: 0.0000082 seconds
[4.526s][info ][safepoint    ] Application time: 0.0059567 seconds
[4.526s][info ][safepoint    ] Entering safepoint region: RevokeBias
[4.526s][info ][safepoint    ] Leaving safepoint region
[4.526s][info ][safepoint    ] Total time for which application threads were stopped: 0.0000716 seconds, Stopping threads took: 0.0000087 seconds
[4.528s][info ][safepoint    ] Application time: 0.0016409 seconds
[4.528s][info ][safepoint    ] Entering safepoint region: RevokeBias
[4.528s][info ][safepoint    ] Leaving safepoint region
[4.528s][info ][safepoint    ] Total time for which application threads were stopped: 0.0002092 seconds, Stopping threads took: 0.0001383 seconds
[4.529s][info ][safepoint    ] Application time: 0.0005225 seconds
[4.529s][info ][safepoint    ] Entering safepoint region: RevokeBias
[4.529s][info ][safepoint    ] Leaving safepoint region
[4.529s][info ][safepoint    ] Total time for which application threads were stopped: 0.0000684 seconds, Stopping threads took: 0.0000170 seconds
[4.530s][info ][safepoint    ] Application time: 0.0007940 seconds
[4.530s][info ][safepoint    ] Entering safepoint region: CollectForMetadataAllocation
[4.530s][info ][safepoint    ] Leaving safepoint region
[4.530s][info ][safepoint    ] Total time for which application threads were stopped: 0.0000864 seconds, Stopping threads took: 0.0000308 seconds
[4.532s][info ][safepoint    ] Application time: 0.0018055 seconds
[4.532s][info ][safepoint    ] Entering safepoint region: RevokeBias
[4.532s][info ][safepoint    ] Leaving safepoint region
[4.532s][info ][safepoint    ] Total time for which application threads were stopped: 0.0001197 seconds, Stopping threads took: 0.0000677 seconds
[4.533s][info ][safepoint    ] Application time: 0.0016440 seconds
[4.533s][info ][safepoint    ] Entering safepoint region: RevokeBias
[4.533s][info ][safepoint    ] Leaving safepoint region
[4.533s][info ][safepoint    ] Total time for which application threads were stopped: 0.0001438 seconds, Stopping threads took: 0.0001081 seconds
[4.536s][info ][safepoint    ] Application time: 0.0020894 seconds
[4.536s][info ][safepoint    ] Entering safepoint region: RevokeBias
[4.536s][info ][safepoint    ] Leaving safepoint region
[4.536s][info ][safepoint    ] Total time for which application threads were stopped: 0.0000707 seconds, Stopping threads took: 0.0000201 seconds
[4.536s][info ][safepoint    ] Application time: 0.0002546 seconds
[4.539s][info ][safepoint    ] Entering safepoint region: CollectForMetadataAllocation
[4.539s][info ][safepoint    ] Leaving safepoint region
[4.539s][info ][safepoint    ] Total time for which application threads were stopped: 0.0035254 seconds, Stopping threads took: 0.0033876 seconds
[4.541s][info ][safepoint    ] Application time: 0.0015000 seconds
[4.542s][info ][safepoint    ] Entering safepoint region: RevokeBias
[4.542s][info ][safepoint    ] Leaving safepoint region
[4.542s][info ][safepoint    ] Total time for which application threads were stopped: 0.0005902 seconds, Stopping threads took: 0.0005518 seconds
[4.549s][info ][safepoint    ] Application time: 0.0070229 seconds
[4.549s][info ][safepoint    ] Entering safepoint region: RevokeBias
[4.549s][info ][safepoint    ] Leaving safepoint region
[4.549s][info ][safepoint    ] Total time for which application threads were stopped: 0.0001475 seconds, Stopping threads took: 0.0000734 seconds
[4.550s][info ][safepoint    ] Application time: 0.0015732 seconds
[4.550s][info ][safepoint    ] Entering safepoint region: RevokeBias
[4.550s][info ][safepoint    ] Leaving safepoint region
[4.551s][info ][safepoint    ] Total time for which application threads were stopped: 0.0001678 seconds, Stopping threads took: 0.0001072 seconds
[4.552s][info ][safepoint    ] Application time: 0.0013193 seconds
[4.552s][info ][safepoint    ] Entering safepoint region: RevokeBias
[4.552s][info ][safepoint    ] Leaving safepoint region
[4.552s][info ][safepoint    ] Total time for which application threads were stopped: 0.0001139 seconds, Stopping threads took: 0.0000630 seconds
[4.553s][info ][safepoint    ] Application time: 0.0005634 seconds
[4.556s][info ][safepoint    ] Entering safepoint region: CollectForMetadataAllocation
[4.556s][info ][safepoint    ] Leaving safepoint region
[4.556s][info ][safepoint    ] Total time for which application threads were stopped: 0.0039417 seconds, Stopping threads took: 0.0038410 seconds
[4.558s][info ][safepoint    ] Application time: 0.0014479 seconds
[4.558s][info ][safepoint    ] Entering safepoint region: RevokeBias
[4.558s][info ][safepoint    ] Leaving safepoint region
[4.558s][info ][safepoint    ] Total time for which application threads were stopped: 0.0002372 seconds, Stopping threads took: 0.0001607 seconds
[4.559s][info ][safepoint    ] Application time: 0.0007300 seconds
[4.559s][info ][safepoint    ] Entering safepoint region: RevokeBias
[4.559s][info ][safepoint    ] Leaving safepoint region
[4.559s][info ][safepoint    ] Total time for which application threads were stopped: 0.0002959 seconds, Stopping threads took: 0.0002352 seconds
[4.562s][info ][safepoint    ] Application time: 0.0031243 seconds
[4.562s][info ][safepoint    ] Entering safepoint region: RevokeBias
[4.563s][info ][safepoint    ] Leaving safepoint region
[4.563s][info ][safepoint    ] Total time for which application threads were stopped: 0.0001349 seconds, Stopping threads took: 0.0000648 seconds
[4.564s][info ][safepoint    ] Application time: 0.0013271 seconds
[4.564s][info ][safepoint    ] Entering safepoint region: RevokeBias
[4.564s][info ][safepoint    ] Leaving safepoint region
[4.564s][info ][safepoint    ] Total time for which application threads were stopped: 0.0000962 seconds, Stopping threads took: 0.0000400 seconds
[4.565s][info ][safepoint    ] Application time: 0.0006844 seconds
[4.565s][info ][safepoint    ] Entering safepoint region: RevokeBias
[4.565s][info ][safepoint    ] Leaving safepoint region
[4.565s][info ][safepoint    ] Total time for which application threads were stopped: 0.0000864 seconds, Stopping threads took: 0.0000339 seconds
[4.566s][info ][safepoint    ] Application time: 0.0017018 seconds
[4.566s][info ][safepoint    ] Entering safepoint region: RevokeBias
[4.566s][info ][safepoint    ] Leaving safepoint region
[4.567s][info ][safepoint    ] Total time for which application threads were stopped: 0.0000416 seconds, Stopping threads took: 0.0000098 seconds
[4.570s][info ][safepoint    ] Application time: 0.0034203 seconds
[4.570s][info ][safepoint    ] Entering safepoint region: RevokeBias
[4.570s][info ][safepoint    ] Leaving safepoint region
[4.570s][info ][safepoint    ] Total time for which application threads were stopped: 0.0000697 seconds, Stopping threads took: 0.0000200 seconds
[4.570s][info ][safepoint    ] Application time: 0.0004551 seconds
[4.570s][info ][safepoint    ] Entering safepoint region: BulkRevokeBias
[4.571s][info ][safepoint    ] Leaving safepoint region
[4.571s][info ][safepoint    ] Total time for which application threads were stopped: 0.0002273 seconds, Stopping threads took: 0.0000080 seconds
[4.574s][info ][safepoint    ] Application time: 0.0030153 seconds
[4.574s][info ][safepoint    ] Entering safepoint region: CollectForMetadataAllocation
[4.574s][info ][safepoint    ] Leaving safepoint region
[4.574s][info ][safepoint    ] Total time for which application threads were stopped: 0.0001331 seconds, Stopping threads took: 0.0000586 seconds
[4.576s][info ][safepoint    ] Application time: 0.0021994 seconds
[4.576s][info ][safepoint    ] Entering safepoint region: RevokeBias
[4.576s][info ][safepoint    ] Leaving safepoint region
[4.576s][info ][safepoint    ] Total time for which application threads were stopped: 0.0001878 seconds, Stopping threads took: 0.0000419 seconds
[4.583s][info ][safepoint    ] Application time: 0.0067220 seconds
[4.583s][info ][safepoint    ] Entering safepoint region: CollectForMetadataAllocation
[4.583s][info ][safepoint    ] Leaving safepoint region
[4.583s][info ][safepoint    ] Total time for which application threads were stopped: 0.0001218 seconds, Stopping threads took: 0.0000268 seconds
[4.594s][info ][safepoint    ] Application time: 0.0106559 seconds
[4.594s][info ][safepoint    ] Entering safepoint region: CollectForMetadataAllocation
[4.594s][info ][safepoint    ] Leaving safepoint region
[4.594s][info ][safepoint    ] Total time for which application threads were stopped: 0.0001938 seconds, Stopping threads took: 0.0000354 seconds
[4.602s][info ][safepoint    ] Application time: 0.0076478 seconds
[4.602s][info ][safepoint    ] Entering safepoint region: RevokeBias
[4.602s][info ][safepoint    ] Leaving safepoint region
[4.602s][info ][safepoint    ] Total time for which application threads were stopped: 0.0001053 seconds, Stopping threads took: 0.0000390 seconds
[4.606s][info ][safepoint    ] Application time: 0.0038923 seconds
[4.615s][info ][safepoint    ] Entering safepoint region: CollectForMetadataAllocation
[4.615s][info ][safepoint    ] Leaving safepoint region
[4.615s][info ][safepoint    ] Total time for which application threads were stopped: 0.0096277 seconds, Stopping threads took: 0.0095242 seconds
[4.617s][info ][safepoint    ] Application time: 0.0012989 seconds
[4.617s][info ][safepoint    ] Entering safepoint region: RevokeBias
[4.617s][info ][safepoint    ] Leaving safepoint region
[4.617s][info ][safepoint    ] Total time for which application threads were stopped: 0.0000886 seconds, Stopping threads took: 0.0000072 seconds
[4.626s][info ][safepoint    ] Application time: 0.0089594 seconds
[4.629s][info ][safepoint    ] Entering safepoint region: CollectForMetadataAllocation
[4.629s][info ][safepoint    ] Leaving safepoint region
[4.629s][info ][safepoint    ] Total time for which application threads were stopped: 0.0029816 seconds, Stopping threads took: 0.0028964 seconds
[4.633s][info ][safepoint    ] Application time: 0.0038132 seconds
[4.633s][info ][safepoint    ] Entering safepoint region: RevokeBias
[4.633s][info ][safepoint    ] Leaving safepoint region
[4.633s][info ][safepoint    ] Total time for which application threads were stopped: 0.0000716 seconds, Stopping threads took: 0.0000081 seconds
[4.640s][info ][safepoint    ] Application time: 0.0072856 seconds
[4.640s][info ][safepoint    ] Entering safepoint region: RevokeBias
[4.640s][info ][safepoint    ] Leaving safepoint region
[4.640s][info ][safepoint    ] Total time for which application threads were stopped: 0.0001828 seconds, Stopping threads took: 0.0000315 seconds
[4.652s][info ][safepoint    ] Application time: 0.0117738 seconds
[4.652s][info ][safepoint    ] Entering safepoint region: RevokeBias
[4.652s][info ][safepoint    ] Leaving safepoint region
[4.652s][info ][safepoint    ] Total time for which application threads were stopped: 0.0001428 seconds, Stopping threads took: 0.0000636 seconds
[4.654s][info ][safepoint    ] Application time: 0.0020699 seconds
[4.654s][info ][safepoint    ] Entering safepoint region: CollectForMetadataAllocation
[4.654s][info ][safepoint    ] Leaving safepoint region
[4.654s][info ][safepoint    ] Total time for which application threads were stopped: 0.0001540 seconds, Stopping threads took: 0.0000686 seconds
[4.660s][info ][safepoint    ] Application time: 0.0055351 seconds
[4.660s][info ][safepoint    ] Entering safepoint region: Deoptimize
[4.660s][info ][safepoint    ] Leaving safepoint region
[4.660s][info ][safepoint    ] Total time for which application threads were stopped: 0.0004531 seconds, Stopping threads took: 0.0000360 seconds
[4.662s][info ][safepoint    ] Application time: 0.0016162 seconds
[4.662s][info ][safepoint    ] Entering safepoint region: Deoptimize
[4.662s][info ][safepoint    ] Leaving safepoint region
[4.662s][info ][safepoint    ] Total time for which application threads were stopped: 0.0002738 seconds, Stopping threads took: 0.0000407 seconds
[4.665s][info ][safepoint    ] Application time: 0.0023219 seconds
[4.665s][info ][safepoint    ] Entering safepoint region: CollectForMetadataAllocation
[4.665s][info ][safepoint    ] Leaving safepoint region
[4.665s][info ][safepoint    ] Total time for which application threads were stopped: 0.0001508 seconds, Stopping threads took: 0.0000445 seconds
[4.668s][info ][safepoint    ] Application time: 0.0027619 seconds
[4.668s][info ][safepoint    ] Entering safepoint region: RevokeBias
[4.668s][info ][safepoint    ] Leaving safepoint region
[4.668s][info ][safepoint    ] Total time for which application threads were stopped: 0.0000934 seconds, Stopping threads took: 0.0000410 seconds
[4.685s][info ][safepoint    ] Application time: 0.0171349 seconds
[4.685s][info ][safepoint    ] Entering safepoint region: RevokeBias
[4.685s][info ][safepoint    ] Leaving safepoint region
[4.685s][info ][safepoint    ] Total time for which application threads were stopped: 0.0001010 seconds, Stopping threads took: 0.0000104 seconds
[4.702s][info ][safepoint    ] Application time: 0.0165640 seconds
[4.872s][info ][safepoint    ] Entering safepoint region: RevokeBias
[4.872s][info ][safepoint    ] Leaving safepoint region
[4.873s][info ][safepoint    ] Total time for which application threads were stopped: 0.0002216 seconds, Stopping threads took: 0.0000397 seconds
[4.873s][info ][safepoint    ] Application time: 0.0005295 seconds
[4.873s][info ][safepoint    ] Entering safepoint region: RevokeBias
[4.873s][info ][safepoint    ] Leaving safepoint region
[4.873s][info ][safepoint    ] Total time for which application threads were stopped: 0.0000483 seconds, Stopping threads took: 0.0000195 seconds
[4.886s][info ][safepoint    ] Application time: 0.0126325 seconds
[4.886s][info ][safepoint    ] Entering safepoint region: RevokeBias
[4.886s][info ][safepoint    ] Leaving safepoint region
[4.886s][info ][safepoint    ] Total time for which application threads were stopped: 0.0001686 seconds, Stopping threads took: 0.0000441 seconds
[4.887s][info ][safepoint    ] Application time: 0.0005962 seconds
[4.887s][info ][safepoint    ] Entering safepoint region: RevokeBias
[4.887s][info ][safepoint    ] Leaving safepoint region
[4.887s][info ][safepoint    ] Total time for which application threads were stopped: 0.0002357 seconds, Stopping threads took: 0.0000793 seconds
[4.894s][info ][safepoint    ] Application time: 0.0073931 seconds
[4.894s][info ][safepoint    ] Entering safepoint region: CollectForMetadataAllocation
[4.895s][info ][safepoint    ] Leaving safepoint region
[4.895s][info ][safepoint    ] Total time for which application threads were stopped: 0.0001913 seconds, Stopping threads took: 0.0000539 seconds
[4.905s][info ][safepoint    ] Application time: 0.0101638 seconds
[4.905s][info ][safepoint    ] Entering safepoint region: RevokeBias
[4.905s][info ][safepoint    ] Leaving safepoint region
[4.905s][info ][safepoint    ] Total time for which application threads were stopped: 0.0003276 seconds, Stopping threads took: 0.0001883 seconds
[4.908s][info ][safepoint    ] Application time: 0.0029981 seconds
[4.908s][info ][safepoint    ] Entering safepoint region: RevokeBias
[4.908s][info ][safepoint    ] Leaving safepoint region
[4.908s][info ][safepoint    ] Total time for which application threads were stopped: 0.0001621 seconds, Stopping threads took: 0.0000438 seconds
[4.909s][info ][safepoint    ] Application time: 0.0003522 seconds
[4.909s][info ][safepoint    ] Entering safepoint region: RevokeBias
[4.909s][info ][safepoint    ] Leaving safepoint region
[4.909s][info ][safepoint    ] Total time for which application threads were stopped: 0.0001181 seconds, Stopping threads took: 0.0000316 seconds
[4.911s][info ][safepoint    ] Application time: 0.0019932 seconds
[4.911s][info ][safepoint    ] Entering safepoint region: RevokeBias
[4.911s][info ][safepoint    ] Leaving safepoint region
[4.911s][info ][safepoint    ] Total time for which application threads were stopped: 0.0000777 seconds, Stopping threads took: 0.0000345 seconds
[4.912s][info ][safepoint    ] Application time: 0.0005655 seconds
[4.912s][info ][safepoint    ] Entering safepoint region: CollectForMetadataAllocation
[4.912s][info ][safepoint    ] Leaving safepoint region
[4.912s][info ][safepoint    ] Total time for which application threads were stopped: 0.0001100 seconds, Stopping threads took: 0.0000345 seconds
[4.917s][info ][safepoint    ] Application time: 0.0051595 seconds
[4.917s][info ][safepoint    ] Entering safepoint region: RevokeBias
[4.917s][info ][safepoint    ] Leaving safepoint region
[4.917s][info ][safepoint    ] Total time for which application threads were stopped: 0.0002659 seconds, Stopping threads took: 0.0000959 seconds
[4.928s][info ][safepoint    ] Application time: 0.0109806 seconds
[4.928s][info ][safepoint    ] Entering safepoint region: RevokeBias
[4.928s][info ][safepoint    ] Leaving safepoint region
[4.928s][info ][safepoint    ] Total time for which application threads were stopped: 0.0002523 seconds, Stopping threads took: 0.0001614 seconds
[4.929s][info ][safepoint    ] Application time: 0.0000921 seconds
[4.929s][info ][safepoint    ] Entering safepoint region: RevokeBias
[4.929s][info ][safepoint    ] Leaving safepoint region
[4.929s][info ][safepoint    ] Total time for which application threads were stopped: 0.0001952 seconds, Stopping threads took: 0.0000726 seconds
[4.929s][info ][safepoint    ] Application time: 0.0000324 seconds
[4.929s][info ][safepoint    ] Entering safepoint region: RevokeBias
[4.929s][info ][safepoint    ] Leaving safepoint region
[4.929s][info ][safepoint    ] Total time for which application threads were stopped: 0.0001125 seconds, Stopping threads took: 0.0000215 seconds
[4.929s][info ][safepoint    ] Application time: 0.0000853 seconds
[4.929s][info ][safepoint    ] Entering safepoint region: RevokeBias
[4.929s][info ][safepoint    ] Leaving safepoint region
[4.929s][info ][safepoint    ] Total time for which application threads were stopped: 0.0001652 seconds, Stopping threads took: 0.0000529 seconds
[4.929s][info ][safepoint    ] Application time: 0.0001389 seconds
[4.929s][info ][safepoint    ] Entering safepoint region: BulkRevokeBias
[4.930s][info ][safepoint    ] Leaving safepoint region
[4.930s][info ][safepoint    ] Total time for which application threads were stopped: 0.0002150 seconds, Stopping threads took: 0.0000341 seconds
[4.945s][info ][safepoint    ] Application time: 0.0155462 seconds
[4.945s][info ][safepoint    ] Entering safepoint region: RevokeBias
[4.946s][info ][safepoint    ] Leaving safepoint region
[4.946s][info ][safepoint    ] Total time for which application threads were stopped: 0.0005739 seconds, Stopping threads took: 0.0002206 seconds
[4.948s][info ][safepoint    ] Application time: 0.0024875 seconds
[4.948s][info ][safepoint    ] Entering safepoint region: RevokeBias
[4.949s][info ][safepoint    ] Leaving safepoint region
[4.949s][info ][safepoint    ] Total time for which application threads were stopped: 0.0002891 seconds, Stopping threads took: 0.0000524 seconds
[4.951s][info ][safepoint    ] Application time: 0.0024045 seconds
[4.951s][info ][safepoint    ] Entering safepoint region: CollectForMetadataAllocation
[4.951s][info ][safepoint    ] Leaving safepoint region
[4.951s][info ][safepoint    ] Total time for which application threads were stopped: 0.0004814 seconds, Stopping threads took: 0.0003907 seconds
[4.968s][info ][safepoint    ] Application time: 0.0167286 seconds
[4.971s][info ][safepoint    ] Entering safepoint region: RevokeBias
[4.972s][info ][safepoint    ] Leaving safepoint region
[4.972s][info ][safepoint    ] Total time for which application threads were stopped: 0.0033094 seconds, Stopping threads took: 0.0030627 seconds
[4.995s][info ][safepoint    ] Application time: 0.0236273 seconds
[5.001s][info ][safepoint    ] Entering safepoint region: CollectForMetadataAllocation
[5.002s][info ][safepoint    ] Leaving safepoint region
[5.002s][info ][safepoint    ] Total time for which application threads were stopped: 0.0063909 seconds, Stopping threads took: 0.0062526 seconds
[5.009s][info ][safepoint    ] Application time: 0.0069929 seconds
[5.014s][info ][safepoint    ] Entering safepoint region: RevokeBias
[5.014s][info ][safepoint    ] Leaving safepoint region
[5.014s][info ][safepoint    ] Total time for which application threads were stopped: 0.0054215 seconds, Stopping threads took: 0.0053012 seconds
[5.022s][info ][safepoint    ] Application time: 0.0080439 seconds
[5.026s][info ][safepoint    ] Entering safepoint region: RevokeBias
[5.026s][info ][safepoint    ] Leaving safepoint region
[5.026s][info ][safepoint    ] Total time for which application threads were stopped: 0.0041612 seconds, Stopping threads took: 0.0040004 seconds
[5.050s][info ][safepoint    ] Application time: 0.0236512 seconds
[5.064s][info ][safepoint    ] Entering safepoint region: CollectForMetadataAllocation
[5.064s][info ][safepoint    ] Leaving safepoint region
[5.064s][info ][safepoint    ] Total time for which application threads were stopped: 0.0137662 seconds, Stopping threads took: 0.0136230 seconds
[5.097s][info ][safepoint    ] Application time: 0.0331035 seconds
[5.104s][info ][safepoint    ] Entering safepoint region: CollectForMetadataAllocation
[5.105s][info ][safepoint    ] Leaving safepoint region
[5.105s][info ][safepoint    ] Total time for which application threads were stopped: 0.0077597 seconds, Stopping threads took: 0.0075881 seconds
[5.106s][info ][safepoint    ] Application time: 0.0012686 seconds
[5.109s][info ][safepoint    ] Entering safepoint region: RevokeBias
[5.109s][info ][safepoint    ] Leaving safepoint region
[5.109s][info ][safepoint    ] Total time for which application threads were stopped: 0.0032438 seconds, Stopping threads took: 0.0030060 seconds
[5.123s][info ][safepoint    ] Application time: 0.0138884 seconds
[5.123s][info ][safepoint    ] Entering safepoint region: RevokeBias
[5.124s][info ][safepoint    ] Leaving safepoint region
[5.124s][info ][safepoint    ] Total time for which application threads were stopped: 0.0005424 seconds, Stopping threads took: 0.0001132 seconds
[5.157s][info ][safepoint    ] Application time: 0.0331109 seconds
[5.157s][info ][safepoint    ] Entering safepoint region: RevokeBias
[5.157s][info ][safepoint    ] Leaving safepoint region
[5.157s][info ][safepoint    ] Total time for which application threads were stopped: 0.0004756 seconds, Stopping threads took: 0.0002035 seconds
[5.164s][info ][safepoint    ] Application time: 0.0072417 seconds
[5.165s][info ][safepoint    ] Entering safepoint region: RevokeBias
[5.165s][info ][safepoint    ] Leaving safepoint region
[5.165s][info ][safepoint    ] Total time for which application threads were stopped: 0.0003160 seconds, Stopping threads took: 0.0001402 seconds
[5.168s][info ][safepoint    ] Application time: 0.0027697 seconds
[5.171s][info ][safepoint    ] Entering safepoint region: RevokeBias
[5.171s][info ][safepoint    ] Leaving safepoint region
[5.171s][info ][safepoint    ] Total time for which application threads were stopped: 0.0030955 seconds, Stopping threads took: 0.0029619 seconds
[5.178s][info ][safepoint    ] Application time: 0.0069882 seconds
[5.184s][info ][safepoint    ] Entering safepoint region: CollectForMetadataAllocation
[5.184s][info ][safepoint    ] Leaving safepoint region
[5.184s][info ][safepoint    ] Total time for which application threads were stopped: 0.0062244 seconds, Stopping threads took: 0.0060032 seconds
[5.216s][info ][safepoint    ] Application time: 0.0315816 seconds
[5.216s][info ][safepoint    ] Entering safepoint region: RevokeBias
[5.216s][info ][safepoint    ] Leaving safepoint region
[5.216s][info ][safepoint    ] Total time for which application threads were stopped: 0.0007946 seconds, Stopping threads took: 0.0003375 seconds
[5.217s][info ][safepoint    ] Application time: 0.0003117 seconds
[5.217s][info ][safepoint    ] Entering safepoint region: RevokeBias
[5.217s][info ][safepoint    ] Leaving safepoint region
[5.217s][info ][safepoint    ] Total time for which application threads were stopped: 0.0004125 seconds, Stopping threads took: 0.0000252 seconds
[5.228s][info ][safepoint    ] Application time: 0.0103768 seconds
[5.228s][info ][safepoint    ] Entering safepoint region: CollectForMetadataAllocation
[5.228s][info ][safepoint    ] Leaving safepoint region
[5.228s][info ][safepoint    ] Total time for which application threads were stopped: 0.0004154 seconds, Stopping threads took: 0.0002329 seconds
[5.233s][info ][safepoint    ] Application time: 0.0052866 seconds
[5.233s][info ][safepoint    ] Entering safepoint region: RevokeBias
[5.234s][info ][safepoint    ] Leaving safepoint region
[5.234s][info ][safepoint    ] Total time for which application threads were stopped: 0.0003626 seconds, Stopping threads took: 0.0000806 seconds
[5.241s][info ][safepoint    ] Application time: 0.0070971 seconds
[5.241s][info ][safepoint    ] Entering safepoint region: CollectForMetadataAllocation
[5.242s][info ][safepoint    ] Leaving safepoint region
[5.242s][info ][safepoint    ] Total time for which application threads were stopped: 0.0008287 seconds, Stopping threads took: 0.0006382 seconds
[5.252s][info ][safepoint    ] Application time: 0.0103909 seconds
[5.252s][info ][safepoint    ] Entering safepoint region: RevokeBias
[5.253s][info ][safepoint    ] Leaving safepoint region
[5.253s][info ][safepoint    ] Total time for which application threads were stopped: 0.0006551 seconds, Stopping threads took: 0.0002992 seconds
[5.304s][info ][safepoint    ] Application time: 0.0513745 seconds
[5.304s][info ][safepoint    ] Entering safepoint region: RevokeBias
[5.305s][info ][safepoint    ] Leaving safepoint region
[5.305s][info ][safepoint    ] Total time for which application threads were stopped: 0.0003764 seconds, Stopping threads took: 0.0001598 seconds
[5.316s][info ][safepoint    ] Application time: 0.0113286 seconds
[5.319s][info ][safepoint    ] Entering safepoint region: CollectForMetadataAllocation
[5.319s][info ][safepoint    ] Leaving safepoint region
[5.319s][info ][safepoint    ] Total time for which application threads were stopped: 0.0030665 seconds, Stopping threads took: 0.0028975 seconds
[5.326s][info ][safepoint    ] Application time: 0.0070274 seconds
[5.326s][info ][safepoint    ] Entering safepoint region: RevokeBias
[5.327s][info ][safepoint    ] Leaving safepoint region
[5.327s][info ][safepoint    ] Total time for which application threads were stopped: 0.0005768 seconds, Stopping threads took: 0.0000470 seconds
[5.329s][info ][safepoint    ] Application time: 0.0028409 seconds
[5.332s][info ][safepoint    ] Entering safepoint region: RevokeBias
[5.333s][info ][safepoint    ] Leaving safepoint region
[5.333s][info ][safepoint    ] Total time for which application threads were stopped: 0.0032076 seconds, Stopping threads took: 0.0029798 seconds
[5.333s][info ][safepoint    ] Application time: 0.0003608 seconds
[5.336s][info ][safepoint    ] Entering safepoint region: RevokeBias
[5.336s][info ][safepoint    ] Leaving safepoint region
[5.336s][info ][safepoint    ] Total time for which application threads were stopped: 0.0033305 seconds, Stopping threads took: 0.0030174 seconds
[5.338s][info ][safepoint    ] Application time: 0.0016901 seconds
[5.338s][info ][safepoint    ] Entering safepoint region: RevokeBias
[5.341s][info ][safepoint    ] Leaving safepoint region
[5.341s][info ][safepoint    ] Total time for which application threads were stopped: 0.0027749 seconds, Stopping threads took: 0.0001872 seconds
[5.343s][info ][safepoint    ] Application time: 0.0017070 seconds
[5.343s][info ][safepoint    ] Entering safepoint region: RevokeBias
[5.343s][info ][safepoint    ] Leaving safepoint region
[5.343s][info ][safepoint    ] Total time for which application threads were stopped: 0.0003900 seconds, Stopping threads took: 0.0000931 seconds
[5.346s][info ][safepoint    ] Application time: 0.0028338 seconds
[5.348s][info ][safepoint    ] Entering safepoint region: RevokeBias
[5.348s][info ][safepoint    ] Leaving safepoint region
[5.348s][info ][safepoint    ] Total time for which application threads were stopped: 0.0026683 seconds, Stopping threads took: 0.0023792 seconds
[5.357s][info ][safepoint    ] Application time: 0.0082112 seconds
[5.364s][info ][safepoint    ] Entering safepoint region: RevokeBias
[5.364s][info ][safepoint    ] Leaving safepoint region
[5.364s][info ][safepoint    ] Total time for which application threads were stopped: 0.0071937 seconds, Stopping threads took: 0.0069200 seconds
[5.376s][info ][safepoint    ] Application time: 0.0119067 seconds
[5.376s][info ][safepoint    ] Entering safepoint region: RevokeBias
[5.376s][info ][safepoint    ] Leaving safepoint region
[5.376s][info ][safepoint    ] Total time for which application threads were stopped: 0.0005151 seconds, Stopping threads took: 0.0001831 seconds
[5.377s][info ][safepoint    ] Application time: 0.0002562 seconds
[5.377s][info ][safepoint    ] Entering safepoint region: RevokeBias
[5.377s][info ][safepoint    ] Leaving safepoint region
[5.377s][info ][safepoint    ] Total time for which application threads were stopped: 0.0002609 seconds, Stopping threads took: 0.0000827 seconds
[5.380s][info ][safepoint    ] Application time: 0.0034068 seconds
[5.381s][info ][safepoint    ] Entering safepoint region: CollectForMetadataAllocation
[5.381s][info ][safepoint    ] Leaving safepoint region
[5.381s][info ][safepoint    ] Total time for which application threads were stopped: 0.0003063 seconds, Stopping threads took: 0.0002261 seconds
[5.382s][info ][safepoint    ] Application time: 0.0011246 seconds
[5.382s][info ][safepoint    ] Entering safepoint region: GenCollectForAllocation
[5.382s][info ][gc,start     ] GC(1) Pause Young (Allocation Failure)
[5.382s][info ][gc,task      ] GC(1) Using 4 workers of 4 for evacuation
[5.678s][debug][gc,ref       ] GC(1) Skipped phase1 of Reference Processing due to unavailable references
[5.678s][debug][gc,ref       ] GC(1) Skipped phase3 of Reference Processing due to unavailable references
[5.678s][debug][gc,age       ] GC(1) Desired survivor size 15400960 bytes, new threshold 1 (max threshold 6)
[5.678s][info ][gc,heap      ] GC(1) ParNew: 269651K->30080K(270976K)
[5.678s][info ][gc,heap      ] GC(1) CMS: 0K->39395K(602112K)
[5.678s][info ][gc,metaspace ] GC(1) Metaspace: 28923K->28923K(1075200K)
[5.678s][info ][gc           ] GC(1) Pause Young (Allocation Failure) 263M->67M(852M) 296.149ms
[5.678s][info ][gc,cpu       ] GC(1) User=0.62s Sys=0.05s Real=0.30s
[5.678s][info ][safepoint    ] Leaving safepoint region
[5.678s][info ][safepoint    ] Total time for which application threads were stopped: 0.2965055 seconds, Stopping threads took: 0.0002170 seconds
[5.678s][info ][safepoint    ] Application time: 0.0001002 seconds
[5.678s][info ][safepoint    ] Entering safepoint region: CMS_Initial_Mark
[5.679s][info ][gc,start     ] GC(2) Pause Initial Mark
[5.691s][info ][gc           ] GC(2) Pause Initial Mark 69M->69M(852M) 12.234ms
[5.691s][info ][gc,cpu       ] GC(2) User=0.02s Sys=0.02s Real=0.01s
[5.691s][info ][safepoint    ] Leaving safepoint region
[5.691s][info ][safepoint    ] Total time for which application threads were stopped: 0.0125235 seconds, Stopping threads took: 0.0000400 seconds
[5.691s][info ][gc           ] GC(2) Concurrent Mark
[5.698s][info ][safepoint    ] Application time: 0.0067947 seconds
[5.698s][info ][safepoint    ] Entering safepoint region: RevokeBias
[5.698s][info ][safepoint    ] Leaving safepoint region
[5.698s][info ][safepoint    ] Total time for which application threads were stopped: 0.0003134 seconds, Stopping threads took: 0.0000879 seconds
[5.705s][info ][safepoint    ] Application time: 0.0064390 seconds
[5.705s][info ][safepoint    ] Entering safepoint region: RevokeBias
[5.705s][info ][safepoint    ] Leaving safepoint region
[5.705s][info ][safepoint    ] Total time for which application threads were stopped: 0.0005771 seconds, Stopping threads took: 0.0002925 seconds
[5.705s][info ][safepoint    ] Application time: 0.0000973 seconds
[5.705s][info ][safepoint    ] Entering safepoint region: RevokeBias
[5.705s][info ][safepoint    ] Leaving safepoint region
[5.705s][info ][safepoint    ] Total time for which application threads were stopped: 0.0002417 seconds, Stopping threads took: 0.0000727 seconds
[5.719s][info ][safepoint    ] Application time: 0.0137136 seconds
[5.719s][info ][safepoint    ] Entering safepoint region: RevokeBias
[5.720s][info ][safepoint    ] Leaving safepoint region
[5.720s][info ][safepoint    ] Total time for which application threads were stopped: 0.0003935 seconds, Stopping threads took: 0.0001275 seconds
[5.722s][info ][safepoint    ] Application time: 0.0021532 seconds
[5.722s][info ][safepoint    ] Entering safepoint region: RevokeBias
[5.723s][info ][safepoint    ] Leaving safepoint region
[5.723s][info ][safepoint    ] Total time for which application threads were stopped: 0.0008220 seconds, Stopping threads took: 0.0006132 seconds
[5.724s][info ][safepoint    ] Application time: 0.0017694 seconds
[5.725s][info ][safepoint    ] Entering safepoint region: RevokeBias
[5.725s][info ][safepoint    ] Leaving safepoint region
[5.725s][info ][safepoint    ] Total time for which application threads were stopped: 0.0003101 seconds, Stopping threads took: 0.0001213 seconds
[5.725s][info ][safepoint    ] Application time: 0.0001502 seconds
[5.726s][info ][safepoint    ] Entering safepoint region: RevokeBias
[5.726s][info ][safepoint    ] Leaving safepoint region
[5.726s][info ][safepoint    ] Total time for which application threads were stopped: 0.0012155 seconds, Stopping threads took: 0.0010881 seconds
[5.729s][info ][safepoint    ] Application time: 0.0026698 seconds
[5.729s][info ][safepoint    ] Entering safepoint region: BulkRevokeBias
[5.731s][info ][safepoint    ] Leaving safepoint region
[5.731s][info ][safepoint    ] Total time for which application threads were stopped: 0.0023688 seconds, Stopping threads took: 0.0000767 seconds
[5.774s][info ][safepoint    ] Application time: 0.0428859 seconds
[5.788s][info ][safepoint    ] Entering safepoint region: CollectForMetadataAllocation
[5.788s][info ][safepoint    ] Leaving safepoint region
[5.788s][info ][safepoint    ] Total time for which application threads were stopped: 0.0139305 seconds, Stopping threads took: 0.0136108 seconds
[5.818s][info ][safepoint    ] Application time: 0.0302498 seconds
[5.819s][info ][safepoint    ] Entering safepoint region: RevokeBias
[5.819s][info ][safepoint    ] Leaving safepoint region
[5.819s][info ][safepoint    ] Total time for which application threads were stopped: 0.0005890 seconds, Stopping threads took: 0.0003248 seconds
[5.843s][info ][gc           ] GC(2) Concurrent Mark 151.519ms
[5.843s][info ][gc,cpu       ] GC(2) User=0.57s Sys=0.02s Real=0.15s
[5.843s][info ][safepoint    ] Application time: 0.0237761 seconds
[5.852s][info ][safepoint    ] Entering safepoint region: RevokeBias
[5.853s][info ][safepoint    ] Leaving safepoint region
[5.853s][info ][safepoint    ] Total time for which application threads were stopped: 0.0099513 seconds, Stopping threads took: 0.0096784 seconds
[5.853s][info ][gc           ] GC(2) Concurrent Preclean
[5.853s][debug][gc,ref       ] GC(2) Preclean SoftReferences 0.002ms
[5.853s][debug][gc,ref       ] GC(2) Preclean WeakReferences 0.060ms
[5.853s][debug][gc,ref       ] GC(2) Preclean FinalReferences 0.001ms
[5.853s][debug][gc,ref       ] GC(2) Preclean PhantomReferences 0.002ms
[5.854s][info ][gc           ] GC(2) Concurrent Preclean 1.654ms
[5.854s][info ][gc,cpu       ] GC(2) User=0.01s Sys=0.00s Real=0.00s
[5.854s][info ][gc           ] GC(2) Concurrent Abortable Preclean
[5.857s][info ][safepoint    ] Application time: 0.0045732 seconds
[5.857s][info ][safepoint    ] Entering safepoint region: RevokeBias
[5.858s][info ][safepoint    ] Leaving safepoint region
[5.858s][info ][safepoint    ] Total time for which application threads were stopped: 0.0003196 seconds, Stopping threads took: 0.0000974 seconds
[5.869s][info ][safepoint    ] Application time: 0.0113170 seconds
[5.869s][info ][safepoint    ] Entering safepoint region: RevokeBias
[5.869s][info ][safepoint    ] Leaving safepoint region
[5.869s][info ][safepoint    ] Total time for which application threads were stopped: 0.0004857 seconds, Stopping threads took: 0.0002139 seconds
[5.871s][info ][safepoint    ] Application time: 0.0015845 seconds
[5.871s][info ][safepoint    ] Entering safepoint region: RevokeBias
[5.871s][info ][safepoint    ] Leaving safepoint region
[5.871s][info ][safepoint    ] Total time for which application threads were stopped: 0.0002618 seconds, Stopping threads took: 0.0000976 seconds
[5.872s][info ][safepoint    ] Application time: 0.0005585 seconds
[5.872s][info ][safepoint    ] Entering safepoint region: RevokeBias
[5.872s][info ][safepoint    ] Leaving safepoint region
[5.872s][info ][safepoint    ] Total time for which application threads were stopped: 0.0001708 seconds, Stopping threads took: 0.0000520 seconds
[5.881s][info ][safepoint    ] Application time: 0.0086648 seconds
[5.882s][info ][safepoint    ] Entering safepoint region: RevokeBias
[5.883s][info ][safepoint    ] Leaving safepoint region
[5.883s][info ][safepoint    ] Total time for which application threads were stopped: 0.0017773 seconds, Stopping threads took: 0.0015171 seconds
[5.889s][info ][safepoint    ] Application time: 0.0066592 seconds
[5.890s][info ][safepoint    ] Entering safepoint region: RevokeBias
[5.890s][info ][safepoint    ] Leaving safepoint region
[5.890s][info ][safepoint    ] Total time for which application threads were stopped: 0.0002485 seconds, Stopping threads took: 0.0000976 seconds
[5.909s][info ][safepoint    ] Application time: 0.0195374 seconds
[5.919s][info ][safepoint    ] Entering safepoint region: RevokeBias
[5.919s][info ][safepoint    ] Leaving safepoint region
[5.919s][info ][safepoint    ] Total time for which application threads were stopped: 0.0096578 seconds, Stopping threads took: 0.0094873 seconds
[5.920s][info ][safepoint    ] Application time: 0.0013825 seconds
[5.924s][info ][safepoint    ] Entering safepoint region: RevokeBias
[5.924s][info ][safepoint    ] Leaving safepoint region
[5.924s][info ][safepoint    ] Total time for which application threads were stopped: 0.0036653 seconds, Stopping threads took: 0.0035377 seconds
[5.930s][info ][safepoint    ] Application time: 0.0059455 seconds
[5.930s][info ][safepoint    ] Entering safepoint region: RevokeBias
[5.930s][info ][safepoint    ] Leaving safepoint region
[5.930s][info ][safepoint    ] Total time for which application threads were stopped: 0.0003393 seconds, Stopping threads took: 0.0002113 seconds
[5.934s][info ][safepoint    ] Application time: 0.0032423 seconds
[5.934s][info ][safepoint    ] Entering safepoint region: CollectForMetadataAllocation
[5.934s][info ][safepoint    ] Leaving safepoint region
[5.934s][info ][safepoint    ] Total time for which application threads were stopped: 0.0002504 seconds, Stopping threads took: 0.0001368 seconds
[5.940s][info ][safepoint    ] Application time: 0.0063175 seconds
[5.941s][info ][safepoint    ] Entering safepoint region: RevokeBias
[5.941s][info ][safepoint    ] Leaving safepoint region
[5.941s][info ][safepoint    ] Total time for which application threads were stopped: 0.0006169 seconds, Stopping threads took: 0.0004695 seconds
[5.950s][info ][safepoint    ] Application time: 0.0092466 seconds
[5.950s][info ][safepoint    ] Entering safepoint region: RevokeBias
[5.950s][info ][safepoint    ] Leaving safepoint region
[5.950s][info ][safepoint    ] Total time for which application threads were stopped: 0.0002957 seconds, Stopping threads took: 0.0000475 seconds
[5.980s][info ][safepoint    ] Application time: 0.0292080 seconds
[5.980s][info ][safepoint    ] Entering safepoint region: RevokeBias
[5.980s][info ][safepoint    ] Leaving safepoint region
[5.980s][info ][safepoint    ] Total time for which application threads were stopped: 0.0004937 seconds, Stopping threads took: 0.0001653 seconds
[5.984s][info ][safepoint    ] Application time: 0.0042768 seconds
[5.985s][info ][safepoint    ] Entering safepoint region: CollectForMetadataAllocation
[5.985s][info ][safepoint    ] Leaving safepoint region
[5.985s][info ][safepoint    ] Total time for which application threads were stopped: 0.0002174 seconds, Stopping threads took: 0.0000800 seconds
[6.019s][info ][safepoint    ] Application time: 0.0346544 seconds
[6.020s][info ][safepoint    ] Entering safepoint region: RevokeBias
[6.020s][info ][safepoint    ] Leaving safepoint region
[6.020s][info ][safepoint    ] Total time for which application threads were stopped: 0.0005422 seconds, Stopping threads took: 0.0002888 seconds
[6.038s][info ][safepoint    ] Application time: 0.0177120 seconds
[6.040s][info ][safepoint    ] Entering safepoint region: RevokeBias
[6.040s][info ][safepoint    ] Leaving safepoint region
[6.040s][info ][safepoint    ] Total time for which application threads were stopped: 0.0026539 seconds, Stopping threads took: 0.0024824 seconds
[6.042s][info ][safepoint    ] Application time: 0.0017956 seconds
[6.042s][info ][safepoint    ] Entering safepoint region: CollectForMetadataAllocation
[6.042s][info ][safepoint    ] Leaving safepoint region
[6.042s][info ][safepoint    ] Total time for which application threads were stopped: 0.0002889 seconds, Stopping threads took: 0.0001041 seconds
[6.045s][info ][safepoint    ] Application time: 0.0028745 seconds
[6.050s][info ][safepoint    ] Entering safepoint region: BulkRevokeBias
[6.051s][info ][safepoint    ] Leaving safepoint region
[6.051s][info ][safepoint    ] Total time for which application threads were stopped: 0.0054644 seconds, Stopping threads took: 0.0043105 seconds
[6.090s][info ][safepoint    ] Application time: 0.0389073 seconds
[6.090s][info ][safepoint    ] Entering safepoint region: CollectForMetadataAllocation
[6.090s][info ][safepoint    ] Leaving safepoint region
[6.090s][info ][safepoint    ] Total time for which application threads were stopped: 0.0006422 seconds, Stopping threads took: 0.0005002 seconds
[6.110s][info ][safepoint    ] Application time: 0.0193489 seconds
[6.110s][info ][safepoint    ] Entering safepoint region: CollectForMetadataAllocation
[6.110s][info ][safepoint    ] Leaving safepoint region
[6.110s][info ][safepoint    ] Total time for which application threads were stopped: 0.0004891 seconds, Stopping threads took: 0.0001888 seconds
[6.135s][info ][safepoint    ] Application time: 0.0244807 seconds
[6.135s][info ][safepoint    ] Entering safepoint region: CollectForMetadataAllocation
[6.135s][info ][safepoint    ] Leaving safepoint region
[6.135s][info ][safepoint    ] Total time for which application threads were stopped: 0.0003623 seconds, Stopping threads took: 0.0000698 seconds
[6.202s][info ][safepoint    ] Application time: 0.0668629 seconds
[6.232s][info ][safepoint    ] Entering safepoint region: CollectForMetadataAllocation
[6.232s][info ][safepoint    ] Leaving safepoint region
[6.232s][info ][safepoint    ] Total time for which application threads were stopped: 0.0297790 seconds, Stopping threads took: 0.0296034 seconds
[6.249s][info ][safepoint    ] Application time: 0.0166627 seconds
[6.249s][info ][safepoint    ] Entering safepoint region: CollectForMetadataAllocation
[6.249s][info ][safepoint    ] Leaving safepoint region
[6.249s][info ][safepoint    ] Total time for which application threads were stopped: 0.0003408 seconds, Stopping threads took: 0.0001798 seconds
[6.270s][info ][safepoint    ] Application time: 0.0215556 seconds
[6.271s][info ][safepoint    ] Entering safepoint region: Deoptimize
[6.271s][info ][safepoint    ] Leaving safepoint region
[6.271s][info ][safepoint    ] Total time for which application threads were stopped: 0.0007471 seconds, Stopping threads took: 0.0002138 seconds
[6.296s][info ][safepoint    ] Application time: 0.0248598 seconds
[6.297s][info ][safepoint    ] Entering safepoint region: CollectForMetadataAllocation
[6.297s][info ][safepoint    ] Leaving safepoint region
[6.297s][info ][safepoint    ] Total time for which application threads were stopped: 0.0007942 seconds, Stopping threads took: 0.0006357 seconds
[6.319s][info ][safepoint    ] Application time: 0.0219274 seconds
[6.320s][info ][safepoint    ] Entering safepoint region: CollectForMetadataAllocation
[6.320s][info ][safepoint    ] Leaving safepoint region
[6.320s][info ][safepoint    ] Total time for which application threads were stopped: 0.0009201 seconds, Stopping threads took: 0.0007968 seconds
[6.349s][info ][safepoint    ] Application time: 0.0293410 seconds
[6.350s][info ][safepoint    ] Entering safepoint region: CollectForMetadataAllocation
[6.350s][info ][safepoint    ] Leaving safepoint region
[6.350s][info ][safepoint    ] Total time for which application threads were stopped: 0.0011276 seconds, Stopping threads took: 0.0009728 seconds
[6.378s][info ][safepoint    ] Application time: 0.0281378 seconds
[6.388s][info ][safepoint    ] Entering safepoint region: CollectForMetadataAllocation
[6.388s][info ][safepoint    ] Leaving safepoint region
[6.388s][info ][safepoint    ] Total time for which application threads were stopped: 0.0094463 seconds, Stopping threads took: 0.0092631 seconds
[6.435s][info ][safepoint    ] Application time: 0.0472206 seconds
[6.439s][info ][safepoint    ] Entering safepoint region: GenCollectForAllocation
[6.439s][info ][gc,start     ] GC(3) Pause Young (Allocation Failure)
[6.440s][info ][gc,task      ] GC(3) Using 4 workers of 4 for evacuation
[6.543s][debug][gc,ref       ] GC(3) Skipped phase1 of Reference Processing due to unavailable references
[6.544s][debug][gc,ref       ] GC(3) Skipped phase3 of Reference Processing due to unavailable references
[6.544s][debug][gc,age       ] GC(3) Desired survivor size 15400960 bytes, new threshold 1 (max threshold 6)
[6.544s][info ][gc,heap      ] GC(3) ParNew: 270976K->30080K(270976K)
[6.544s][info ][gc,heap      ] GC(3) CMS: 39395K->73264K(602112K)
[6.544s][info ][gc,metaspace ] GC(3) Metaspace: 33587K->33587K(1079296K)
[6.544s][info ][gc           ] GC(3) Pause Young (Allocation Failure) 303M->100M(852M) 104.438ms
[6.544s][info ][gc,cpu       ] GC(3) User=0.31s Sys=0.03s Real=0.11s
[6.544s][info ][safepoint    ] Leaving safepoint region
[6.544s][info ][safepoint    ] Total time for which application threads were stopped: 0.1088037 seconds, Stopping threads took: 0.0041441 seconds
[6.569s][info ][safepoint    ] Application time: 0.0247451 seconds
[6.569s][info ][safepoint    ] Entering safepoint region: CollectForMetadataAllocation
[6.569s][info ][safepoint    ] Leaving safepoint region
[6.569s][info ][safepoint    ] Total time for which application threads were stopped: 0.0005587 seconds, Stopping threads took: 0.0001501 seconds
[6.600s][info ][safepoint    ] Application time: 0.0308727 seconds
[6.615s][info ][safepoint    ] Entering safepoint region: Deoptimize
[6.616s][info ][safepoint    ] Leaving safepoint region
[6.616s][info ][safepoint    ] Total time for which application threads were stopped: 0.0157655 seconds, Stopping threads took: 0.0151298 seconds
[6.677s][info ][safepoint    ] Application time: 0.0614839 seconds
[6.678s][info ][safepoint    ] Entering safepoint region: CollectForMetadataAllocation
[6.678s][info ][safepoint    ] Leaving safepoint region
[6.678s][info ][safepoint    ] Total time for which application threads were stopped: 0.0005640 seconds, Stopping threads took: 0.0003161 seconds
[6.734s][info ][safepoint    ] Application time: 0.0554409 seconds
[6.734s][info ][safepoint    ] Entering safepoint region: Deoptimize
[6.734s][info ][safepoint    ] Leaving safepoint region
[6.734s][info ][safepoint    ] Total time for which application threads were stopped: 0.0008646 seconds, Stopping threads took: 0.0003068 seconds
[6.771s][info ][safepoint    ] Application time: 0.0363011 seconds
[6.771s][info ][safepoint    ] Entering safepoint region: CollectForMetadataAllocation
[6.771s][info ][safepoint    ] Leaving safepoint region
[6.771s][info ][safepoint    ] Total time for which application threads were stopped: 0.0003441 seconds, Stopping threads took: 0.0001894 seconds
[6.772s][info ][safepoint    ] Application time: 0.0004020 seconds
[6.772s][info ][safepoint    ] Entering safepoint region: CollectForMetadataAllocation
[6.772s][info ][safepoint    ] Leaving safepoint region
[6.772s][info ][safepoint    ] Total time for which application threads were stopped: 0.0005749 seconds, Stopping threads took: 0.0005068 seconds
[6.774s][info ][gc           ] GC(2) Concurrent Abortable Preclean 919.421ms
[6.774s][info ][gc,cpu       ] GC(2) User=3.29s Sys=0.18s Real=0.92s
[6.774s][info ][safepoint    ] Application time: 0.0017780 seconds
[6.777s][info ][safepoint    ] Entering safepoint region: CMS_Final_Remark
[6.777s][info ][gc,start     ] GC(2) Pause Remark
[6.833s][debug][gc,phases    ] GC(2) Rescan (parallel) 55.924ms
[6.833s][debug][gc,ref       ] GC(2) Skipped phase1 of Reference Processing due to unavailable references
[6.833s][debug][gc,ref       ] GC(2) Skipped phase2 of Reference Processing due to unavailable references
[6.833s][debug][gc,ref       ] GC(2) Skipped phase3 of Reference Processing due to unavailable references
[6.833s][debug][gc,ref       ] GC(2) Skipped phase4 of Reference Processing due to unavailable references
[6.833s][debug][gc,phases    ] GC(2) Reference Processing 0.052ms
[6.833s][debug][gc,phases    ] GC(2) Weak Processing 0.094ms
[6.834s][debug][gc,phases    ] GC(2) ClassLoaderData 0.550ms
[6.834s][debug][gc,phases    ] GC(2) ProtectionDomainCacheTable 0.004ms
[6.834s][debug][gc,phases    ] GC(2) ResolvedMethodTable 0.084ms
[6.836s][debug][gc,phases    ] GC(2) Class Unloading 2.443ms
[6.838s][debug][gc,phases    ] GC(2) Scrub Symbol Table 2.954ms
[6.839s][debug][gc,phases    ] GC(2) Scrub String Table 0.340ms
[6.839s][info ][gc           ] GC(2) Pause Remark 236M->236M(852M) 61.946ms
[6.839s][info ][gc,cpu       ] GC(2) User=0.19s Sys=0.00s Real=0.06s
[6.839s][info ][safepoint    ] Leaving safepoint region
[6.839s][info ][safepoint    ] Total time for which application threads were stopped: 0.0649910 seconds, Stopping threads took: 0.0029212 seconds
[6.839s][info ][gc           ] GC(2) Concurrent Sweep
[6.860s][info ][safepoint    ] Application time: 0.0211356 seconds
[6.865s][info ][safepoint    ] Entering safepoint region: CollectForMetadataAllocation
[6.866s][info ][safepoint    ] Leaving safepoint region
[6.866s][info ][safepoint    ] Total time for which application threads were stopped: 0.0055825 seconds, Stopping threads took: 0.0054229 seconds
[6.879s][info ][gc           ] GC(2) Concurrent Sweep 40.211ms
[6.879s][info ][gc,cpu       ] GC(2) User=0.13s Sys=0.00s Real=0.04s
[6.879s][info ][gc           ] GC(2) Concurrent Reset
[6.923s][info ][gc           ] GC(2) Concurrent Reset 43.323ms
[6.923s][info ][gc,cpu       ] GC(2) User=0.14s Sys=0.02s Real=0.04s
[6.923s][info ][gc,heap      ] GC(2) Old: 39395K->73262K(602112K)
[6.997s][info ][safepoint    ] Application time: 0.1317573 seconds
[7.001s][info ][safepoint    ] Entering safepoint region: GenCollectForAllocation
[7.002s][info ][gc,start     ] GC(4) Pause Young (Allocation Failure)
[7.002s][info ][gc,task      ] GC(4) Using 4 workers of 4 for evacuation
[7.096s][debug][gc,ref       ] GC(4) Skipped phase1 of Reference Processing due to unavailable references
[7.096s][debug][gc,ref       ] GC(4) Skipped phase3 of Reference Processing due to unavailable references
[7.096s][debug][gc,age       ] GC(4) Desired survivor size 15400960 bytes, new threshold 1 (max threshold 6)
[7.096s][info ][gc,heap      ] GC(4) ParNew: 270976K->28748K(270976K)
[7.096s][info ][gc,heap      ] GC(4) CMS: 73262K->102547K(602112K)
[7.096s][info ][gc,metaspace ] GC(4) Metaspace: 34683K->34683K(1081344K)
[7.096s][info ][gc           ] GC(4) Pause Young (Allocation Failure) 336M->128M(852M) 94.675ms
[7.096s][info ][gc,cpu       ] GC(4) User=0.27s Sys=0.02s Real=0.10s
[7.096s][info ][safepoint    ] Leaving safepoint region
[7.096s][info ][safepoint    ] Total time for which application threads were stopped: 0.0988948 seconds, Stopping threads took: 0.0039754 seconds
[7.113s][info ][safepoint    ] Application time: 0.0168004 seconds
[7.116s][info ][safepoint    ] Entering safepoint region: RevokeBias
[7.116s][info ][safepoint    ] Leaving safepoint region
[7.116s][info ][safepoint    ] Total time for which application threads were stopped: 0.0033036 seconds, Stopping threads took: 0.0030644 seconds
[7.117s][info ][safepoint    ] Application time: 0.0000636 seconds
[7.117s][info ][safepoint    ] Entering safepoint region: RevokeBias
[7.117s][info ][safepoint    ] Leaving safepoint region
[7.117s][info ][safepoint    ] Total time for which application threads were stopped: 0.0001637 seconds, Stopping threads took: 0.0000835 seconds
[7.211s][info ][safepoint    ] Application time: 0.0939017 seconds
[7.211s][info ][safepoint    ] Entering safepoint region: GenCollectForAllocation
[7.211s][info ][gc,start     ] GC(5) Pause Young (Allocation Failure)
[7.211s][info ][gc,task      ] GC(5) Using 4 workers of 4 for evacuation
[7.258s][debug][gc,ref       ] GC(5) Skipped phase1 of Reference Processing due to unavailable references
[7.258s][debug][gc,ref       ] GC(5) Skipped phase2 of Reference Processing due to unavailable references
[7.258s][debug][gc,ref       ] GC(5) Skipped phase3 of Reference Processing due to unavailable references
[7.258s][debug][gc,ref       ] GC(5) Skipped phase4 of Reference Processing due to unavailable references
[7.258s][debug][gc,age       ] GC(5) Desired survivor size 15400960 bytes, new threshold 6 (max threshold 6)
[7.258s][info ][gc,heap      ] GC(5) ParNew: 269644K->26128K(270976K)
[7.258s][info ][gc,heap      ] GC(5) CMS: 102547K->128778K(602112K)
[7.258s][info ][gc,metaspace ] GC(5) Metaspace: 34684K->34684K(1081344K)
[7.258s][info ][gc           ] GC(5) Pause Young (Allocation Failure) 363M->151M(852M) 46.938ms
[7.258s][info ][gc,cpu       ] GC(5) User=0.16s Sys=0.02s Real=0.05s
[7.258s][info ][safepoint    ] Leaving safepoint region
[7.258s][info ][safepoint    ] Total time for which application threads were stopped: 0.0473603 seconds, Stopping threads took: 0.0001715 seconds
[7.323s][info ][safepoint    ] Application time: 0.0653882 seconds
[7.324s][info ][safepoint    ] Entering safepoint region: GenCollectForAllocation
[7.324s][info ][gc,start     ] GC(6) Pause Young (Allocation Failure)
[7.324s][info ][gc,task      ] GC(6) Using 4 workers of 4 for evacuation
[7.333s][debug][gc,ref       ] GC(6) Skipped phase1 of Reference Processing due to unavailable references
[7.333s][debug][gc,ref       ] GC(6) Skipped phase2 of Reference Processing due to unavailable references
[7.333s][debug][gc,ref       ] GC(6) Skipped phase3 of Reference Processing due to unavailable references
[7.333s][debug][gc,ref       ] GC(6) Skipped phase4 of Reference Processing due to unavailable references
[7.333s][debug][gc,age       ] GC(6) Desired survivor size 15400960 bytes, new threshold 6 (max threshold 6)
[7.333s][info ][gc,heap      ] GC(6) ParNew: 267024K->7992K(270976K)
[7.333s][info ][gc,heap      ] GC(6) CMS: 128778K->128778K(602112K)
[7.333s][info ][gc,metaspace ] GC(6) Metaspace: 34684K->34684K(1081344K)
[7.333s][info ][gc           ] GC(6) Pause Young (Allocation Failure) 386M->133M(852M) 8.865ms
[7.333s][info ][gc,cpu       ] GC(6) User=0.03s Sys=0.00s Real=0.01s
[7.333s][info ][safepoint    ] Leaving safepoint region
[7.333s][info ][safepoint    ] Total time for which application threads were stopped: 0.0092565 seconds, Stopping threads took: 0.0001911 seconds
[7.377s][info ][safepoint    ] Application time: 0.0444524 seconds
[7.378s][info ][safepoint    ] Entering safepoint region: GenCollectForAllocation
[7.378s][info ][gc,start     ] GC(7) Pause Young (Allocation Failure)
[7.379s][info ][gc,task      ] GC(7) Using 4 workers of 4 for evacuation
[7.387s][debug][gc,ref       ] GC(7) Skipped phase1 of Reference Processing due to unavailable references
[7.387s][debug][gc,ref       ] GC(7) Skipped phase2 of Reference Processing due to unavailable references
[7.387s][debug][gc,ref       ] GC(7) Skipped phase3 of Reference Processing due to unavailable references
[7.387s][debug][gc,ref       ] GC(7) Skipped phase4 of Reference Processing due to unavailable references
[7.387s][debug][gc,age       ] GC(7) Desired survivor size 15400960 bytes, new threshold 6 (max threshold 6)
[7.387s][info ][gc,heap      ] GC(7) ParNew: 248888K->15117K(270976K)
[7.387s][info ][gc,heap      ] GC(7) CMS: 128778K->128778K(602112K)
[7.387s][info ][gc,metaspace ] GC(7) Metaspace: 34684K->34684K(1081344K)
[7.387s][info ][gc           ] GC(7) Pause Young (Allocation Failure) 368M->140M(852M) 8.970ms
[7.387s][info ][gc,cpu       ] GC(7) User=0.03s Sys=0.00s Real=0.01s
[7.387s][info ][safepoint    ] Leaving safepoint region
[7.387s][info ][safepoint    ] Total time for which application threads were stopped: 0.0102699 seconds, Stopping threads took: 0.0010746 seconds
[7.444s][info ][safepoint    ] Application time: 0.0567915 seconds
[7.446s][info ][safepoint    ] Entering safepoint region: GenCollectForAllocation
[7.446s][info ][gc,start     ] GC(8) Pause Young (Allocation Failure)
[7.446s][info ][gc,task      ] GC(8) Using 4 workers of 4 for evacuation
[7.456s][debug][gc,ref       ] GC(8) Skipped phase1 of Reference Processing due to unavailable references
[7.456s][debug][gc,ref       ] GC(8) Skipped phase3 of Reference Processing due to unavailable references
[7.456s][debug][gc,age       ] GC(8) Desired survivor size 15400960 bytes, new threshold 6 (max threshold 6)
[7.456s][info ][gc,heap      ] GC(8) ParNew: 256013K->9676K(270976K)
[7.456s][info ][gc,heap      ] GC(8) CMS: 128778K->128778K(602112K)
[7.456s][info ][gc,metaspace ] GC(8) Metaspace: 34708K->34708K(1081344K)
[7.456s][info ][gc           ] GC(8) Pause Young (Allocation Failure) 375M->135M(852M) 9.822ms
[7.456s][info ][gc,cpu       ] GC(8) User=0.04s Sys=0.00s Real=0.01s
[7.456s][info ][safepoint    ] Leaving safepoint region
[7.456s][info ][safepoint    ] Total time for which application threads were stopped: 0.0116309 seconds, Stopping threads took: 0.0015816 seconds
[7.591s][info ][safepoint    ] Application time: 0.1352836 seconds
[7.592s][info ][safepoint    ] Entering safepoint region: GenCollectForAllocation
[7.592s][info ][gc,start     ] GC(9) Pause Young (Allocation Failure)
[7.592s][info ][gc,task      ] GC(9) Using 4 workers of 4 for evacuation
[7.604s][debug][gc,ref       ] GC(9) Skipped phase1 of Reference Processing due to unavailable references
[7.604s][debug][gc,ref       ] GC(9) Skipped phase2 of Reference Processing due to unavailable references
[7.604s][debug][gc,ref       ] GC(9) Skipped phase3 of Reference Processing due to unavailable references
[7.604s][debug][gc,ref       ] GC(9) Skipped phase4 of Reference Processing due to unavailable references
[7.604s][debug][gc,age       ] GC(9) Desired survivor size 15400960 bytes, new threshold 6 (max threshold 6)
[7.604s][info ][gc,heap      ] GC(9) ParNew: 250572K->12848K(270976K)
[7.604s][info ][gc,heap      ] GC(9) CMS: 128778K->128778K(602112K)
[7.604s][info ][gc,metaspace ] GC(9) Metaspace: 34711K->34711K(1081344K)
[7.604s][info ][gc           ] GC(9) Pause Young (Allocation Failure) 370M->138M(852M) 12.562ms
[7.604s][info ][gc,cpu       ] GC(9) User=0.05s Sys=0.00s Real=0.01s
[7.604s][info ][safepoint    ] Leaving safepoint region
[7.604s][info ][safepoint    ] Total time for which application threads were stopped: 0.0130177 seconds, Stopping threads took: 0.0002907 seconds
[7.846s][info ][safepoint    ] Application time: 0.2417889 seconds
[7.849s][info ][safepoint    ] Entering safepoint region: GenCollectForAllocation
[7.849s][info ][gc,start     ] GC(10) Pause Young (Allocation Failure)
[7.849s][info ][gc,task      ] GC(10) Using 4 workers of 4 for evacuation
[7.861s][debug][gc,ref       ] GC(10) Skipped phase1 of Reference Processing due to unavailable references
[7.861s][debug][gc,ref       ] GC(10) Skipped phase3 of Reference Processing due to unavailable references
[7.861s][debug][gc,age       ] GC(10) Desired survivor size 15400960 bytes, new threshold 6 (max threshold 6)
[7.861s][info ][gc,heap      ] GC(10) ParNew: 251998K->15260K(270976K)
[7.861s][info ][gc,heap      ] GC(10) CMS: 128778K->128778K(602112K)
[7.861s][info ][gc,metaspace ] GC(10) Metaspace: 35247K->35247K(1081344K)
[7.861s][info ][gc           ] GC(10) Pause Young (Allocation Failure) 371M->140M(852M) 11.982ms
[7.861s][info ][gc,cpu       ] GC(10) User=0.05s Sys=0.00s Real=0.01s
[7.861s][info ][safepoint    ] Leaving safepoint region
[7.861s][info ][safepoint    ] Total time for which application threads were stopped: 0.0152191 seconds, Stopping threads took: 0.0030559 seconds
[7.890s][info ][safepoint    ] Application time: 0.0289688 seconds
[7.891s][info ][safepoint    ] Entering safepoint region: Deoptimize
[7.892s][info ][safepoint    ] Leaving safepoint region
[7.892s][info ][safepoint    ] Total time for which application threads were stopped: 0.0018231 seconds, Stopping threads took: 0.0002515 seconds
[8.024s][info ][safepoint    ] Application time: 0.1316083 seconds
[8.028s][info ][safepoint    ] Entering safepoint region: GenCollectForAllocation
[8.028s][info ][gc,start     ] GC(11) Pause Young (Allocation Failure)
[8.028s][info ][gc,task      ] GC(11) Using 4 workers of 4 for evacuation
[8.049s][debug][gc,ref       ] GC(11) Skipped phase1 of Reference Processing due to unavailable references
[8.050s][debug][gc,ref       ] GC(11) Skipped phase3 of Reference Processing due to unavailable references
[8.050s][debug][gc,age       ] GC(11) Desired survivor size 15400960 bytes, new threshold 6 (max threshold 6)
[8.050s][info ][gc,heap      ] GC(11) ParNew: 256156K->14816K(270976K)
[8.050s][info ][gc,heap      ] GC(11) CMS: 128778K->134790K(602112K)
[8.050s][info ][gc,metaspace ] GC(11) Metaspace: 35539K->35539K(1081344K)
[8.050s][info ][gc           ] GC(11) Pause Young (Allocation Failure) 375M->146M(852M) 21.527ms
[8.050s][info ][gc,cpu       ] GC(11) User=0.09s Sys=0.00s Real=0.02s
[8.050s][info ][safepoint    ] Leaving safepoint region
[8.050s][info ][safepoint    ] Total time for which application threads were stopped: 0.0259984 seconds, Stopping threads took: 0.0042438 seconds
[8.155s][info ][safepoint    ] Application time: 0.1052402 seconds
[8.164s][info ][safepoint    ] Entering safepoint region: GenCollectForAllocation
[8.164s][info ][gc,start     ] GC(12) Pause Young (Allocation Failure)
[8.164s][info ][gc,task      ] GC(12) Using 4 workers of 4 for evacuation
[8.177s][debug][gc,ref       ] GC(12) Skipped phase1 of Reference Processing due to unavailable references
[8.177s][debug][gc,ref       ] GC(12) Skipped phase3 of Reference Processing due to unavailable references
[8.177s][debug][gc,age       ] GC(12) Desired survivor size 15400960 bytes, new threshold 6 (max threshold 6)
[8.177s][info ][gc,heap      ] GC(12) ParNew: 255712K->16316K(270976K)
[8.177s][info ][gc,heap      ] GC(12) CMS: 134790K->136406K(602112K)
[8.177s][info ][gc,metaspace ] GC(12) Metaspace: 36238K->36238K(1081344K)
[8.177s][info ][gc           ] GC(12) Pause Young (Allocation Failure) 381M->149M(852M) 13.246ms
[8.177s][info ][gc,cpu       ] GC(12) User=0.05s Sys=0.00s Real=0.01s
[8.177s][info ][safepoint    ] Leaving safepoint region
[8.177s][info ][safepoint    ] Total time for which application threads were stopped: 0.0220561 seconds, Stopping threads took: 0.0086156 seconds
[8.354s][info ][safepoint    ] Application time: 0.1764986 seconds
[8.357s][info ][safepoint    ] Entering safepoint region: GenCollectForAllocation
[8.357s][info ][gc,start     ] GC(13) Pause Young (Allocation Failure)
[8.357s][info ][gc,task      ] GC(13) Using 4 workers of 4 for evacuation
[8.365s][debug][gc,ref       ] GC(13) Skipped phase1 of Reference Processing due to unavailable references
[8.365s][debug][gc,ref       ] GC(13) Skipped phase3 of Reference Processing due to unavailable references
[8.366s][debug][gc,age       ] GC(13) Desired survivor size 15400960 bytes, new threshold 6 (max threshold 6)
[8.366s][info ][gc,heap      ] GC(13) ParNew: 257212K->12971K(270976K)
[8.366s][info ][gc,heap      ] GC(13) CMS: 136406K->136872K(602112K)
[8.366s][info ][gc,metaspace ] GC(13) Metaspace: 37355K->37355K(1083392K)
[8.366s][info ][gc           ] GC(13) Pause Young (Allocation Failure) 384M->146M(852M) 9.009ms
[8.366s][info ][gc,cpu       ] GC(13) User=0.04s Sys=0.00s Real=0.01s
[8.366s][info ][safepoint    ] Leaving safepoint region
[8.366s][info ][safepoint    ] Total time for which application threads were stopped: 0.0122922 seconds, Stopping threads took: 0.0030570 seconds
[8.606s][info ][safepoint    ] Application time: 0.2395681 seconds
[8.612s][info ][safepoint    ] Entering safepoint region: RevokeBias
[8.612s][info ][safepoint    ] Leaving safepoint region
[8.612s][info ][safepoint    ] Total time for which application threads were stopped: 0.0066481 seconds, Stopping threads took: 0.0064902 seconds
[8.636s][info ][safepoint    ] Application time: 0.0237770 seconds
[8.636s][info ][safepoint    ] Entering safepoint region: RevokeBias
[8.637s][info ][safepoint    ] Leaving safepoint region
[8.637s][info ][safepoint    ] Total time for which application threads were stopped: 0.0005804 seconds, Stopping threads took: 0.0002186 seconds
[8.641s][info ][safepoint    ] Application time: 0.0046527 seconds
[8.643s][info ][safepoint    ] Entering safepoint region: RevokeBias
[8.643s][info ][safepoint    ] Leaving safepoint region
[8.643s][info ][safepoint    ] Total time for which application threads were stopped: 0.0016378 seconds, Stopping threads took: 0.0013573 seconds
[8.650s][info ][safepoint    ] Application time: 0.0071844 seconds
[8.650s][info ][safepoint    ] Entering safepoint region: RevokeBias
[8.651s][info ][safepoint    ] Leaving safepoint region
[8.651s][info ][safepoint    ] Total time for which application threads were stopped: 0.0005854 seconds, Stopping threads took: 0.0003433 seconds
[8.651s][info ][safepoint    ] Application time: 0.0000658 seconds
[8.651s][info ][safepoint    ] Entering safepoint region: RevokeBias
[8.651s][info ][safepoint    ] Leaving safepoint region
[8.651s][info ][safepoint    ] Total time for which application threads were stopped: 0.0003240 seconds, Stopping threads took: 0.0000659 seconds
[8.654s][info ][safepoint    ] Application time: 0.0024630 seconds
[8.654s][info ][safepoint    ] Entering safepoint region: RevokeBias
[8.654s][info ][safepoint    ] Leaving safepoint region
[8.654s][info ][safepoint    ] Total time for which application threads were stopped: 0.0005404 seconds, Stopping threads took: 0.0003693 seconds
[8.666s][info ][safepoint    ] Application time: 0.0116121 seconds
[8.666s][info ][safepoint    ] Entering safepoint region: RevokeBias
[8.666s][info ][safepoint    ] Leaving safepoint region
[8.666s][info ][safepoint    ] Total time for which application threads were stopped: 0.0002729 seconds, Stopping threads took: 0.0001414 seconds
[8.666s][info ][safepoint    ] Application time: 0.0002172 seconds
[8.666s][info ][safepoint    ] Entering safepoint region: RevokeBias
[8.667s][info ][safepoint    ] Leaving safepoint region
[8.667s][info ][safepoint    ] Total time for which application threads were stopped: 0.0002475 seconds, Stopping threads took: 0.0001451 seconds
[8.668s][info ][safepoint    ] Application time: 0.0011459 seconds
[8.668s][info ][safepoint    ] Entering safepoint region: RevokeBias
[8.668s][info ][safepoint    ] Leaving safepoint region
[8.668s][info ][safepoint    ] Total time for which application threads were stopped: 0.0002750 seconds, Stopping threads took: 0.0001495 seconds
[8.721s][info ][safepoint    ] Application time: 0.0531322 seconds
[8.725s][info ][safepoint    ] Entering safepoint region: RevokeBias
[8.726s][info ][safepoint    ] Leaving safepoint region
[8.726s][info ][safepoint    ] Total time for which application threads were stopped: 0.0046048 seconds, Stopping threads took: 0.0041950 seconds
[8.727s][info ][safepoint    ] Application time: 0.0012370 seconds
[8.727s][info ][safepoint    ] Entering safepoint region: RevokeBias
[8.727s][info ][safepoint    ] Leaving safepoint region
[8.727s][info ][safepoint    ] Total time for which application threads were stopped: 0.0003509 seconds, Stopping threads took: 0.0001834 seconds
[8.729s][info ][safepoint    ] Application time: 0.0018791 seconds
[8.729s][info ][safepoint    ] Entering safepoint region: GenCollectForAllocation
[8.729s][info ][gc,start     ] GC(14) Pause Young (Allocation Failure)
[8.729s][info ][gc,task      ] GC(14) Using 4 workers of 4 for evacuation
[8.740s][debug][gc,ref       ] GC(14) Skipped phase1 of Reference Processing due to unavailable references
[8.740s][debug][gc,ref       ] GC(14) Skipped phase3 of Reference Processing due to unavailable references
[8.740s][debug][gc,age       ] GC(14) Desired survivor size 15400960 bytes, new threshold 6 (max threshold 6)
[8.740s][info ][gc,heap      ] GC(14) ParNew: 253867K->17737K(270976K)
[8.740s][info ][gc,heap      ] GC(14) CMS: 136872K->137221K(602112K)
[8.740s][info ][gc,metaspace ] GC(14) Metaspace: 38026K->38026K(1083392K)
[8.740s][info ][gc           ] GC(14) Pause Young (Allocation Failure) 381M->151M(852M) 10.786ms
[8.740s][info ][gc,cpu       ] GC(14) User=0.04s Sys=0.00s Real=0.01s
[8.740s][info ][safepoint    ] Leaving safepoint region
[8.740s][info ][safepoint    ] Total time for which application threads were stopped: 0.0109916 seconds, Stopping threads took: 0.0000334 seconds
[8.765s][info ][safepoint    ] Application time: 0.0244814 seconds
[8.769s][info ][safepoint    ] Entering safepoint region: RevokeBias
[8.769s][info ][safepoint    ] Leaving safepoint region
[8.769s][info ][safepoint    ] Total time for which application threads were stopped: 0.0041570 seconds, Stopping threads took: 0.0039893 seconds
[8.771s][info ][safepoint    ] Application time: 0.0018222 seconds
[8.771s][info ][safepoint    ] Entering safepoint region: RevokeBias
[8.771s][info ][safepoint    ] Leaving safepoint region
[8.771s][info ][safepoint    ] Total time for which application threads were stopped: 0.0002950 seconds, Stopping threads took: 0.0001627 seconds
[8.851s][info ][safepoint    ] Application time: 0.0797289 seconds
[8.857s][info ][safepoint    ] Entering safepoint region: GenCollectForAllocation
[8.857s][info ][gc,start     ] GC(15) Pause Young (Allocation Failure)
[8.857s][info ][gc,task      ] GC(15) Using 4 workers of 4 for evacuation
[8.870s][debug][gc,ref       ] GC(15) Skipped phase1 of Reference Processing due to unavailable references
[8.870s][debug][gc,ref       ] GC(15) Skipped phase3 of Reference Processing due to unavailable references
[8.870s][debug][gc,age       ] GC(15) Desired survivor size 15400960 bytes, new threshold 6 (max threshold 6)
[8.870s][info ][gc,heap      ] GC(15) ParNew: 258633K->16911K(270976K)
[8.870s][info ][gc,heap      ] GC(15) CMS: 137221K->138284K(602112K)
[8.870s][info ][gc,metaspace ] GC(15) Metaspace: 38116K->38116K(1083392K)
[8.870s][info ][gc           ] GC(15) Pause Young (Allocation Failure) 386M->151M(852M) 13.079ms
[8.870s][info ][gc,cpu       ] GC(15) User=0.04s Sys=0.00s Real=0.01s
[8.870s][info ][safepoint    ] Leaving safepoint region
[8.870s][info ][safepoint    ] Total time for which application threads were stopped: 0.0190195 seconds, Stopping threads took: 0.0057676 seconds
[8.961s][info ][safepoint    ] Application time: 0.0909525 seconds
[8.961s][info ][safepoint    ] Entering safepoint region: GenCollectForAllocation
[8.962s][info ][gc,start     ] GC(16) Pause Young (Allocation Failure)
[8.962s][info ][gc,task      ] GC(16) Using 4 workers of 4 for evacuation
[8.978s][debug][gc,ref       ] GC(16) Skipped phase1 of Reference Processing due to unavailable references
[8.978s][debug][gc,ref       ] GC(16) Skipped phase3 of Reference Processing due to unavailable references
[8.978s][debug][gc,age       ] GC(16) Desired survivor size 15400960 bytes, new threshold 6 (max threshold 6)
[8.978s][info ][gc,heap      ] GC(16) ParNew: 257807K->16976K(270976K)
[8.978s][info ][gc,heap      ] GC(16) CMS: 138284K->139386K(602112K)
[8.978s][info ][gc,metaspace ] GC(16) Metaspace: 38213K->38213K(1083392K)
[8.978s][info ][gc           ] GC(16) Pause Young (Allocation Failure) 386M->152M(852M) 16.867ms
[8.978s][info ][gc,cpu       ] GC(16) User=0.04s Sys=0.00s Real=0.02s
[8.978s][info ][safepoint    ] Leaving safepoint region
[8.978s][info ][safepoint    ] Total time for which application threads were stopped: 0.0175029 seconds, Stopping threads took: 0.0002956 seconds
[9.051s][info ][safepoint    ] Application time: 0.0730350 seconds
[9.053s][info ][safepoint    ] Entering safepoint region: GenCollectForAllocation
[9.053s][info ][gc,start     ] GC(17) Pause Young (Allocation Failure)
[9.053s][info ][gc,task      ] GC(17) Using 4 workers of 4 for evacuation
[9.066s][debug][gc,ref       ] GC(17) Skipped phase1 of Reference Processing due to unavailable references
[9.066s][debug][gc,ref       ] GC(17) Skipped phase3 of Reference Processing due to unavailable references
[9.066s][debug][gc,age       ] GC(17) Desired survivor size 15400960 bytes, new threshold 6 (max threshold 6)
[9.066s][info ][gc,heap      ] GC(17) ParNew: 257872K->9044K(270976K)
[9.066s][info ][gc,heap      ] GC(17) CMS: 139386K->146402K(602112K)
[9.066s][info ][gc,metaspace ] GC(17) Metaspace: 38252K->38252K(1083392K)
[9.066s][info ][gc           ] GC(17) Pause Young (Allocation Failure) 387M->151M(852M) 12.806ms
[9.066s][info ][gc,cpu       ] GC(17) User=0.04s Sys=0.01s Real=0.01s
[9.066s][info ][safepoint    ] Leaving safepoint region
[9.066s][info ][safepoint    ] Total time for which application threads were stopped: 0.0147912 seconds, Stopping threads took: 0.0017818 seconds
[9.129s][info ][safepoint    ] Application time: 0.0630445 seconds
[9.136s][info ][safepoint    ] Entering safepoint region: GenCollectForAllocation
[9.136s][info ][gc,start     ] GC(18) Pause Young (Allocation Failure)
[9.136s][info ][gc,task      ] GC(18) Using 4 workers of 4 for evacuation
[9.152s][debug][gc,ref       ] GC(18) Skipped phase1 of Reference Processing due to unavailable references
[9.152s][debug][gc,ref       ] GC(18) Skipped phase3 of Reference Processing due to unavailable references
[9.152s][debug][gc,age       ] GC(18) Desired survivor size 15400960 bytes, new threshold 6 (max threshold 6)
[9.152s][info ][gc,heap      ] GC(18) ParNew: 249940K->7003K(270976K)
[9.152s][info ][gc,heap      ] GC(18) CMS: 146402K->146751K(602112K)
[9.152s][info ][gc,metaspace ] GC(18) Metaspace: 38299K->38299K(1083392K)
[9.152s][info ][gc           ] GC(18) Pause Young (Allocation Failure) 387M->150M(852M) 16.371ms
[9.152s][info ][gc,cpu       ] GC(18) User=0.04s Sys=0.01s Real=0.02s
[9.152s][info ][safepoint    ] Leaving safepoint region
[9.152s][info ][safepoint    ] Total time for which application threads were stopped: 0.0229945 seconds, Stopping threads took: 0.0064069 seconds
[9.223s][info ][safepoint    ] Application time: 0.0703680 seconds
[9.227s][info ][safepoint    ] Entering safepoint region: GenCollectForAllocation
[9.227s][info ][gc,start     ] GC(19) Pause Young (Allocation Failure)
[9.227s][info ][gc,task      ] GC(19) Using 4 workers of 4 for evacuation
[9.235s][debug][gc,ref       ] GC(19) Skipped phase1 of Reference Processing due to unavailable references
[9.235s][debug][gc,ref       ] GC(19) Skipped phase3 of Reference Processing due to unavailable references
[9.235s][debug][gc,age       ] GC(19) Desired survivor size 15400960 bytes, new threshold 6 (max threshold 6)
[9.235s][info ][gc,heap      ] GC(19) ParNew: 247899K->6862K(270976K)
[9.235s][info ][gc,heap      ] GC(19) CMS: 146751K->147818K(602112K)
[9.235s][info ][gc,metaspace ] GC(19) Metaspace: 38317K->38317K(1083392K)
[9.235s][info ][gc           ] GC(19) Pause Young (Allocation Failure) 385M->151M(852M) 8.182ms
[9.235s][info ][gc,cpu       ] GC(19) User=0.02s Sys=0.00s Real=0.01s
[9.235s][info ][safepoint    ] Leaving safepoint region
[9.235s][info ][safepoint    ] Total time for which application threads were stopped: 0.0124411 seconds, Stopping threads took: 0.0039962 seconds
[9.391s][info ][safepoint    ] Application time: 0.1561922 seconds
[9.400s][info ][safepoint    ] Entering safepoint region: GenCollectForAllocation
[9.400s][info ][gc,start     ] GC(20) Pause Young (Allocation Failure)
[9.400s][info ][gc,task      ] GC(20) Using 4 workers of 4 for evacuation
[9.414s][debug][gc,ref       ] GC(20) Skipped phase1 of Reference Processing due to unavailable references
[9.414s][debug][gc,ref       ] GC(20) Skipped phase3 of Reference Processing due to unavailable references
[9.414s][debug][gc,ref       ] GC(20) Skipped phase4 of Reference Processing due to unavailable references
[9.416s][debug][gc,age       ] GC(20) Desired survivor size 15400960 bytes, new threshold 6 (max threshold 6)
[9.416s][info ][gc,heap      ] GC(20) ParNew: 247758K->4659K(270976K)
[9.416s][info ][gc,heap      ] GC(20) CMS: 147818K->149895K(602112K)
[9.416s][info ][gc,metaspace ] GC(20) Metaspace: 38356K->38356K(1083392K)
[9.416s][info ][gc           ] GC(20) Pause Young (Allocation Failure) 386M->150M(852M) 15.692ms
[9.416s][info ][gc,cpu       ] GC(20) User=0.04s Sys=0.00s Real=0.02s
[9.416s][info ][safepoint    ] Leaving safepoint region
[9.416s][info ][safepoint    ] Total time for which application threads were stopped: 0.0243126 seconds, Stopping threads took: 0.0083243 seconds
[9.512s][info ][safepoint    ] Application time: 0.0957201 seconds
[9.532s][info ][safepoint    ] Entering safepoint region: GenCollectForAllocation
[9.532s][info ][gc,start     ] GC(21) Pause Young (Allocation Failure)
[9.532s][info ][gc,task      ] GC(21) Using 4 workers of 4 for evacuation
[9.564s][debug][gc,ref       ] GC(21) Skipped phase1 of Reference Processing due to unavailable references
[9.564s][debug][gc,ref       ] GC(21) Skipped phase3 of Reference Processing due to unavailable references
[9.564s][debug][gc,ref       ] GC(21) Skipped phase4 of Reference Processing due to unavailable references
[9.564s][debug][gc,age       ] GC(21) Desired survivor size 15400960 bytes, new threshold 6 (max threshold 6)
[9.564s][info ][gc,heap      ] GC(21) ParNew: 245555K->4232K(270976K)
[9.564s][info ][gc,heap      ] GC(21) CMS: 149895K->150181K(602112K)
[9.564s][info ][gc,metaspace ] GC(21) Metaspace: 38369K->38369K(1083392K)
[9.564s][info ][gc           ] GC(21) Pause Young (Allocation Failure) 386M->150M(852M) 31.902ms
[9.564s][info ][gc,cpu       ] GC(21) User=0.03s Sys=0.00s Real=0.03s
[9.564s][info ][safepoint    ] Leaving safepoint region
[9.564s][info ][safepoint    ] Total time for which application threads were stopped: 0.0523456 seconds, Stopping threads took: 0.0201835 seconds
[9.614s][info ][safepoint    ] Application time: 0.0501405 seconds
[9.624s][info ][safepoint    ] Entering safepoint region: GenCollectForAllocation
[9.624s][info ][gc,start     ] GC(22) Pause Young (Allocation Failure)
[9.624s][info ][gc,task      ] GC(22) Using 4 workers of 4 for evacuation
[9.628s][debug][gc,ref       ] GC(22) Skipped phase1 of Reference Processing due to unavailable references
[9.628s][debug][gc,ref       ] GC(22) Skipped phase2 of Reference Processing due to unavailable references
[9.628s][debug][gc,ref       ] GC(22) Skipped phase3 of Reference Processing due to unavailable references
[9.628s][debug][gc,ref       ] GC(22) Skipped phase4 of Reference Processing due to unavailable references
[9.628s][debug][gc,age       ] GC(22) Desired survivor size 15400960 bytes, new threshold 6 (max threshold 6)
[9.628s][info ][gc,heap      ] GC(22) ParNew: 245128K->4911K(270976K)
[9.628s][info ][gc,heap      ] GC(22) CMS: 150181K->150701K(602112K)
[9.628s][info ][gc,metaspace ] GC(22) Metaspace: 38369K->38369K(1083392K)
[9.628s][info ][gc           ] GC(22) Pause Young (Allocation Failure) 386M->151M(852M) 4.280ms
[9.628s][info ][gc,cpu       ] GC(22) User=0.02s Sys=0.00s Real=0.00s
[9.628s][info ][safepoint    ] Leaving safepoint region
[9.628s][info ][safepoint    ] Total time for which application threads were stopped: 0.0141610 seconds, Stopping threads took: 0.0097172 seconds
[9.674s][info ][safepoint    ] Application time: 0.0462486 seconds
[9.678s][info ][safepoint    ] Entering safepoint region: GenCollectForAllocation
[9.678s][info ][gc,start     ] GC(23) Pause Young (Allocation Failure)
[9.678s][info ][gc,task      ] GC(23) Using 4 workers of 4 for evacuation
[9.683s][debug][gc,ref       ] GC(23) Skipped phase1 of Reference Processing due to unavailable references
[9.683s][debug][gc,ref       ] GC(23) Skipped phase3 of Reference Processing due to unavailable references
[9.683s][debug][gc,age       ] GC(23) Desired survivor size 15400960 bytes, new threshold 6 (max threshold 6)
[9.683s][info ][gc,heap      ] GC(23) ParNew: 245807K->4406K(270976K)
[9.683s][info ][gc,heap      ] GC(23) CMS: 150701K->151037K(602112K)
[9.683s][info ][gc,metaspace ] GC(23) Metaspace: 38369K->38369K(1083392K)
[9.683s][info ][gc           ] GC(23) Pause Young (Allocation Failure) 387M->151M(852M) 5.131ms
[9.683s][info ][gc,cpu       ] GC(23) User=0.02s Sys=0.00s Real=0.00s
[9.683s][info ][safepoint    ] Leaving safepoint region
[9.683s][info ][safepoint    ] Total time for which application threads were stopped: 0.0085346 seconds, Stopping threads took: 0.0031825 seconds
[9.774s][info ][safepoint    ] Application time: 0.0906448 seconds
[9.783s][info ][safepoint    ] Entering safepoint region: GenCollectForAllocation
[9.783s][info ][gc,start     ] GC(24) Pause Young (Allocation Failure)
[9.783s][info ][gc,task      ] GC(24) Using 4 workers of 4 for evacuation
[9.790s][debug][gc,ref       ] GC(24) Skipped phase1 of Reference Processing due to unavailable references
[9.790s][debug][gc,ref       ] GC(24) Skipped phase2 of Reference Processing due to unavailable references
[9.790s][debug][gc,ref       ] GC(24) Skipped phase3 of Reference Processing due to unavailable references
[9.790s][debug][gc,ref       ] GC(24) Skipped phase4 of Reference Processing due to unavailable references
[9.790s][debug][gc,age       ] GC(24) Desired survivor size 15400960 bytes, new threshold 6 (max threshold 6)
[9.790s][info ][gc,heap      ] GC(24) ParNew: 245302K->4808K(270976K)
[9.790s][info ][gc,heap      ] GC(24) CMS: 151037K->151509K(602112K)
[9.790s][info ][gc,metaspace ] GC(24) Metaspace: 38369K->38369K(1083392K)
[9.790s][info ][gc           ] GC(24) Pause Young (Allocation Failure) 387M->152M(852M) 6.394ms
[9.790s][info ][gc,cpu       ] GC(24) User=0.02s Sys=0.00s Real=0.01s
[9.790s][info ][safepoint    ] Leaving safepoint region
[9.790s][info ][safepoint    ] Total time for which application threads were stopped: 0.0160981 seconds, Stopping threads took: 0.0095199 seconds
[9.848s][info ][safepoint    ] Application time: 0.0581563 seconds
[9.851s][info ][safepoint    ] Entering safepoint region: GenCollectForAllocation
[9.852s][info ][safepoint    ] Leaving safepoint region
[9.852s][info ][safepoint    ] Total time for which application threads were stopped: 0.0034963 seconds, Stopping threads took: 0.0033749 seconds
[9.858s][info ][safepoint    ] Application time: 0.0068939 seconds
[9.866s][info ][safepoint    ] Entering safepoint region: GenCollectForAllocation
[9.866s][info ][gc,start     ] GC(25) Pause Young (Allocation Failure)
[9.867s][info ][gc,task      ] GC(25) Using 4 workers of 4 for evacuation
[9.871s][debug][gc,ref       ] GC(25) Skipped phase1 of Reference Processing due to unavailable references
[9.871s][debug][gc,ref       ] GC(25) Skipped phase2 of Reference Processing due to unavailable references
[9.871s][debug][gc,ref       ] GC(25) Skipped phase3 of Reference Processing due to unavailable references
[9.871s][debug][gc,age       ] GC(25) Desired survivor size 15400960 bytes, new threshold 6 (max threshold 6)
[9.871s][info ][gc,heap      ] GC(25) ParNew: 246287K->6962K(270976K)
[9.871s][info ][gc,heap      ] GC(25) CMS: 151509K->151808K(602112K)
[9.871s][info ][gc,metaspace ] GC(25) Metaspace: 38369K->38369K(1083392K)
[9.871s][info ][gc           ] GC(25) Pause Young (Allocation Failure) 388M->155M(852M) 4.611ms
[9.871s][info ][gc,cpu       ] GC(25) User=0.02s Sys=0.00s Real=0.00s
[9.871s][info ][safepoint    ] Leaving safepoint region
[9.871s][info ][safepoint    ] Total time for which application threads were stopped: 0.0126830 seconds, Stopping threads took: 0.0076738 seconds
[9.941s][info ][safepoint    ] Application time: 0.0698881 seconds
[9.964s][info ][safepoint    ] Entering safepoint region: GenCollectForAllocation
[9.964s][info ][gc,start     ] GC(26) Pause Young (Allocation Failure)
[9.964s][info ][gc,task      ] GC(26) Using 4 workers of 4 for evacuation
[9.999s][debug][gc,ref       ] GC(26) Skipped phase1 of Reference Processing due to unavailable references
[9.999s][debug][gc,ref       ] GC(26) Skipped phase2 of Reference Processing due to unavailable references
[9.999s][debug][gc,ref       ] GC(26) Skipped phase3 of Reference Processing due to unavailable references
[9.999s][debug][gc,ref       ] GC(26) Skipped phase4 of Reference Processing due to unavailable references
[9.999s][debug][gc,age       ] GC(26) Desired survivor size 15400960 bytes, new threshold 6 (max threshold 6)
[9.999s][info ][gc,heap      ] GC(26) ParNew: 247858K->7006K(270976K)
[9.999s][info ][gc,heap      ] GC(26) CMS: 151808K->152562K(602112K)
[9.999s][info ][gc,metaspace ] GC(26) Metaspace: 38370K->38370K(1083392K)
[9.999s][info ][gc           ] GC(26) Pause Young (Allocation Failure) 390M->155M(852M) 35.368ms
[9.999s][info ][gc,cpu       ] GC(26) User=0.03s Sys=0.00s Real=0.03s
[9.999s][info ][safepoint    ] Leaving safepoint region
[9.999s][info ][safepoint    ] Total time for which application threads were stopped: 0.0582037 seconds, Stopping threads took: 0.0225973 seconds
[10.083s][info ][safepoint    ] Application time: 0.0835874 seconds
[10.090s][info ][safepoint    ] Entering safepoint region: GenCollectForAllocation
[10.090s][info ][gc,start     ] GC(27) Pause Young (Allocation Failure)
[10.090s][info ][gc,task      ] GC(27) Using 4 workers of 4 for evacuation
[10.097s][debug][gc,ref       ] GC(27) Skipped phase1 of Reference Processing due to unavailable references
[10.097s][debug][gc,ref       ] GC(27) Skipped phase2 of Reference Processing due to unavailable references
[10.097s][debug][gc,ref       ] GC(27) Skipped phase3 of Reference Processing due to unavailable references
[10.097s][debug][gc,ref       ] GC(27) Skipped phase4 of Reference Processing due to unavailable references
[10.097s][debug][gc,age       ] GC(27) Desired survivor size 15400960 bytes, new threshold 6 (max threshold 6)
[10.097s][info ][gc,heap      ] GC(27) ParNew: 247902K->9936K(270976K)
[10.097s][info ][gc,heap      ] GC(27) CMS: 152562K->153321K(602112K)
[10.097s][info ][gc,metaspace ] GC(27) Metaspace: 38370K->38370K(1083392K)
[10.097s][info ][gc           ] GC(27) Pause Young (Allocation Failure) 391M->159M(852M) 7.022ms
[10.097s][info ][gc,cpu       ] GC(27) User=0.03s Sys=0.01s Real=0.01s
[10.097s][info ][safepoint    ] Leaving safepoint region
[10.097s][info ][safepoint    ] Total time for which application threads were stopped: 0.0145504 seconds, Stopping threads took: 0.0072978 seconds
[10.180s][info ][safepoint    ] Application time: 0.0824595 seconds
[10.185s][info ][safepoint    ] Entering safepoint region: Deoptimize
[10.185s][info ][safepoint    ] Leaving safepoint region
[10.185s][info ][safepoint    ] Total time for which application threads were stopped: 0.0055447 seconds, Stopping threads took: 0.0048475 seconds
[10.188s][info ][safepoint    ] Application time: 0.0027674 seconds
[10.188s][info ][safepoint    ] Entering safepoint region: GenCollectForAllocation
[10.188s][info ][gc,start     ] GC(28) Pause Young (Allocation Failure)
[10.188s][info ][gc,task      ] GC(28) Using 4 workers of 4 for evacuation
[10.195s][debug][gc,ref       ] GC(28) Skipped phase1 of Reference Processing due to unavailable references
[10.195s][debug][gc,ref       ] GC(28) Skipped phase3 of Reference Processing due to unavailable references
[10.195s][debug][gc,age       ] GC(28) Desired survivor size 15400960 bytes, new threshold 6 (max threshold 6)
[10.195s][info ][gc,heap      ] GC(28) ParNew: 250832K->12281K(270976K)
[10.195s][info ][gc,heap      ] GC(28) CMS: 153321K->153663K(602112K)
[10.195s][info ][gc,metaspace ] GC(28) Metaspace: 38386K->38386K(1083392K)
[10.195s][info ][gc           ] GC(28) Pause Young (Allocation Failure) 394M->162M(852M) 6.450ms
[10.195s][info ][gc,cpu       ] GC(28) User=0.02s Sys=0.00s Real=0.01s
[10.195s][info ][safepoint    ] Leaving safepoint region
[10.195s][info ][safepoint    ] Total time for which application threads were stopped: 0.0066830 seconds, Stopping threads took: 0.0000803 seconds
[10.204s][info ][safepoint    ] Application time: 0.0091464 seconds
[10.208s][info ][safepoint    ] Entering safepoint region: Deoptimize
[10.208s][info ][safepoint    ] Leaving safepoint region
[10.208s][info ][safepoint    ] Total time for which application threads were stopped: 0.0042607 seconds, Stopping threads took: 0.0035674 seconds
[10.284s][info ][safepoint    ] Application time: 0.0757851 seconds
[10.286s][info ][safepoint    ] Entering safepoint region: GenCollectForAllocation
[10.286s][info ][gc,start     ] GC(29) Pause Young (Allocation Failure)
[10.286s][info ][gc,task      ] GC(29) Using 4 workers of 4 for evacuation
[10.295s][debug][gc,ref       ] GC(29) Skipped phase1 of Reference Processing due to unavailable references
[10.295s][debug][gc,ref       ] GC(29) Skipped phase3 of Reference Processing due to unavailable references
[10.295s][debug][gc,age       ] GC(29) Desired survivor size 15400960 bytes, new threshold 6 (max threshold 6)
[10.295s][info ][gc,heap      ] GC(29) ParNew: 253177K->8464K(270976K)
[10.295s][info ][gc,heap      ] GC(29) CMS: 153663K->154276K(602112K)
[10.295s][info ][gc,metaspace ] GC(29) Metaspace: 38583K->38583K(1083392K)
[10.295s][info ][gc           ] GC(29) Pause Young (Allocation Failure) 397M->158M(852M) 9.166ms
[10.295s][info ][gc,cpu       ] GC(29) User=0.03s Sys=0.00s Real=0.01s
[10.295s][info ][safepoint    ] Leaving safepoint region
[10.295s][info ][safepoint    ] Total time for which application threads were stopped: 0.0107075 seconds, Stopping threads took: 0.0013480 seconds
[10.359s][info ][safepoint    ] Application time: 0.0639337 seconds
[10.362s][info ][safepoint    ] Entering safepoint region: RevokeBias
[10.363s][info ][safepoint    ] Leaving safepoint region
[10.363s][info ][safepoint    ] Total time for which application threads were stopped: 0.0035992 seconds, Stopping threads took: 0.0033776 seconds
[10.363s][info ][safepoint    ] Application time: 0.0003112 seconds
[10.363s][info ][safepoint    ] Entering safepoint region: RevokeBias
[10.363s][info ][safepoint    ] Leaving safepoint region
[10.363s][info ][safepoint    ] Total time for which application threads were stopped: 0.0001301 seconds, Stopping threads took: 0.0000095 seconds
[10.376s][info ][safepoint    ] Application time: 0.0125738 seconds
[10.379s][info ][safepoint    ] Entering safepoint region: RevokeBias
[10.379s][info ][safepoint    ] Leaving safepoint region
[10.379s][info ][safepoint    ] Total time for which application threads were stopped: 0.0032329 seconds, Stopping threads took: 0.0030791 seconds
[10.401s][info ][safepoint    ] Application time: 0.0217383 seconds
[10.401s][info ][safepoint    ] Entering safepoint region: RevokeBias
[10.401s][info ][safepoint    ] Leaving safepoint region
[10.401s][info ][safepoint    ] Total time for which application threads were stopped: 0.0002945 seconds, Stopping threads took: 0.0001116 seconds
[10.420s][info ][safepoint    ] Application time: 0.0187809 seconds
[10.420s][info ][safepoint    ] Entering safepoint region: GenCollectForAllocation
[10.420s][info ][gc,start     ] GC(30) Pause Young (Allocation Failure)
[10.420s][info ][gc,task      ] GC(30) Using 4 workers of 4 for evacuation
[10.445s][debug][gc,ref       ] GC(30) Skipped phase1 of Reference Processing due to unavailable references
[10.445s][debug][gc,ref       ] GC(30) Skipped phase3 of Reference Processing due to unavailable references
[10.445s][debug][gc,age       ] GC(30) Desired survivor size 15400960 bytes, new threshold 6 (max threshold 6)
[10.445s][info ][gc,heap      ] GC(30) ParNew: 249360K->9141K(270976K)
[10.445s][info ][gc,heap      ] GC(30) CMS: 154276K->155814K(602112K)
[10.445s][info ][gc,metaspace ] GC(30) Metaspace: 38902K->38902K(1085440K)
[10.445s][info ][gc           ] GC(30) Pause Young (Allocation Failure) 394M->161M(852M) 25.381ms
[10.445s][info ][gc,cpu       ] GC(30) User=0.04s Sys=0.01s Real=0.03s
[10.445s][info ][safepoint    ] Leaving safepoint region
[10.445s][info ][safepoint    ] Total time for which application threads were stopped: 0.0256012 seconds, Stopping threads took: 0.0000112 seconds
[10.551s][info ][safepoint    ] Application time: 0.1058829 seconds
[10.552s][info ][safepoint    ] Entering safepoint region: GenCollectForAllocation
[10.552s][info ][gc,start     ] GC(31) Pause Young (Allocation Failure)
[10.552s][info ][gc,task      ] GC(31) Using 4 workers of 4 for evacuation
[10.569s][debug][gc,ref       ] GC(31) Skipped phase1 of Reference Processing due to unavailable references
[10.569s][debug][gc,ref       ] GC(31) Skipped phase3 of Reference Processing due to unavailable references
[10.569s][debug][gc,age       ] GC(31) Desired survivor size 15400960 bytes, new threshold 6 (max threshold 6)
[10.569s][info ][gc,heap      ] GC(31) ParNew: 250037K->8708K(270976K)
[10.569s][info ][gc,heap      ] GC(31) CMS: 155814K->156717K(602112K)
[10.569s][info ][gc,metaspace ] GC(31) Metaspace: 39346K->39346K(1085440K)
[10.569s][info ][gc           ] GC(31) Pause Young (Allocation Failure) 396M->161M(852M) 17.082ms
[10.569s][info ][gc,cpu       ] GC(31) User=0.06s Sys=0.00s Real=0.01s
[10.569s][info ][safepoint    ] Leaving safepoint region
[10.569s][info ][safepoint    ] Total time for which application threads were stopped: 0.0177728 seconds, Stopping threads took: 0.0004218 seconds
[10.654s][info ][safepoint    ] Application time: 0.0849739 seconds
[10.656s][info ][safepoint    ] Entering safepoint region: GenCollectForAllocation
[10.656s][info ][gc,start     ] GC(32) Pause Young (Allocation Failure)
[10.656s][info ][gc,task      ] GC(32) Using 4 workers of 4 for evacuation
[10.672s][debug][gc,ref       ] GC(32) Skipped phase1 of Reference Processing due to unavailable references
[10.672s][debug][gc,ref       ] GC(32) Skipped phase3 of Reference Processing due to unavailable references
[10.672s][debug][gc,age       ] GC(32) Desired survivor size 15400960 bytes, new threshold 6 (max threshold 6)
[10.672s][info ][gc,heap      ] GC(32) ParNew: 249604K->6801K(270976K)
[10.672s][info ][gc,heap      ] GC(32) CMS: 156717K->157723K(602112K)
[10.672s][info ][gc,metaspace ] GC(32) Metaspace: 39389K->39389K(1085440K)
[10.672s][info ][gc           ] GC(32) Pause Young (Allocation Failure) 396M->160M(852M) 15.952ms
[10.672s][info ][gc,cpu       ] GC(32) User=0.03s Sys=0.00s Real=0.02s
[10.672s][info ][safepoint    ] Leaving safepoint region
[10.672s][info ][safepoint    ] Total time for which application threads were stopped: 0.0181511 seconds, Stopping threads took: 0.0019524 seconds
[10.769s][info ][safepoint    ] Application time: 0.0971320 seconds
[10.781s][info ][safepoint    ] Entering safepoint region: GenCollectForAllocation
[10.781s][info ][gc,start     ] GC(33) Pause Young (Allocation Failure)
[10.781s][info ][gc,task      ] GC(33) Using 4 workers of 4 for evacuation
[10.788s][debug][gc,ref       ] GC(33) Skipped phase1 of Reference Processing due to unavailable references
[10.788s][debug][gc,ref       ] GC(33) Skipped phase3 of Reference Processing due to unavailable references
[10.788s][debug][gc,age       ] GC(33) Desired survivor size 15400960 bytes, new threshold 6 (max threshold 6)
[10.788s][info ][gc,heap      ] GC(33) ParNew: 247697K->4299K(270976K)
[10.788s][info ][gc,heap      ] GC(33) CMS: 157723K->160026K(602112K)
[10.788s][info ][gc,metaspace ] GC(33) Metaspace: 39422K->39422K(1085440K)
[10.788s][info ][gc           ] GC(33) Pause Young (Allocation Failure) 395M->160M(852M) 7.145ms
[10.788s][info ][gc,cpu       ] GC(33) User=0.03s Sys=0.00s Real=0.01s
[10.788s][info ][safepoint    ] Leaving safepoint region
[10.788s][info ][safepoint    ] Total time for which application threads were stopped: 0.0188867 seconds, Stopping threads took: 0.0115468 seconds
[10.834s][info ][safepoint    ] Application time: 0.0457977 seconds
[10.837s][info ][safepoint    ] Entering safepoint region: RevokeBias
[10.837s][info ][safepoint    ] Leaving safepoint region
[10.837s][info ][safepoint    ] Total time for which application threads were stopped: 0.0028381 seconds, Stopping threads took: 0.0026597 seconds
[10.883s][info ][safepoint    ] Application time: 0.0462645 seconds
[10.884s][info ][safepoint    ] Entering safepoint region: GenCollectForAllocation
[10.884s][info ][gc,start     ] GC(34) Pause Young (Allocation Failure)
[10.884s][info ][gc,task      ] GC(34) Using 4 workers of 4 for evacuation
[10.893s][debug][gc,ref       ] GC(34) Skipped phase1 of Reference Processing due to unavailable references
[10.893s][debug][gc,ref       ] GC(34) Skipped phase3 of Reference Processing due to unavailable references
[10.893s][debug][gc,age       ] GC(34) Desired survivor size 15400960 bytes, new threshold 6 (max threshold 6)
[10.893s][info ][gc,heap      ] GC(34) ParNew: 245195K->3490K(270976K)
[10.893s][info ][gc,heap      ] GC(34) CMS: 160026K->161048K(602112K)
[10.893s][info ][gc,metaspace ] GC(34) Metaspace: 39841K->39841K(1085440K)
[10.893s][info ][gc           ] GC(34) Pause Young (Allocation Failure) 395M->160M(852M) 9.352ms
[10.893s][info ][gc,cpu       ] GC(34) User=0.05s Sys=0.01s Real=0.01s
[10.893s][info ][safepoint    ] Leaving safepoint region
[10.893s][info ][safepoint    ] Total time for which application threads were stopped: 0.0098623 seconds, Stopping threads took: 0.0002863 seconds
[10.968s][info ][safepoint    ] Application time: 0.0745475 seconds
[10.977s][info ][safepoint    ] Entering safepoint region: GenCollectForAllocation
[10.978s][info ][gc,start     ] GC(35) Pause Young (Allocation Failure)
[10.978s][info ][gc,task      ] GC(35) Using 4 workers of 4 for evacuation
[10.986s][debug][gc,ref       ] GC(35) Skipped phase1 of Reference Processing due to unavailable references
[10.986s][debug][gc,ref       ] GC(35) Skipped phase3 of Reference Processing due to unavailable references
[10.987s][debug][gc,age       ] GC(35) Desired survivor size 15400960 bytes, new threshold 6 (max threshold 6)
[10.987s][info ][gc,heap      ] GC(35) ParNew: 244386K->3107K(270976K)
[10.987s][info ][gc,heap      ] GC(35) CMS: 161048K->161175K(602112K)
[10.987s][info ][gc,metaspace ] GC(35) Metaspace: 39954K->39954K(1085440K)
[10.987s][info ][gc           ] GC(35) Pause Young (Allocation Failure) 395M->160M(852M) 9.006ms
[10.987s][info ][gc,cpu       ] GC(35) User=0.02s Sys=0.00s Real=0.01s
[10.987s][info ][safepoint    ] Leaving safepoint region
[10.987s][info ][safepoint    ] Total time for which application threads were stopped: 0.0188508 seconds, Stopping threads took: 0.0096258 seconds
[11.087s][info ][safepoint    ] Application time: 0.0999675 seconds
[11.090s][info ][safepoint    ] Entering safepoint region: GenCollectForAllocation
[11.090s][info ][gc,start     ] GC(36) Pause Young (Allocation Failure)
[11.090s][info ][gc,task      ] GC(36) Using 4 workers of 4 for evacuation
[11.105s][debug][gc,ref       ] GC(36) Skipped phase1 of Reference Processing due to unavailable references
[11.105s][debug][gc,ref       ] GC(36) Skipped phase3 of Reference Processing due to unavailable references
[11.106s][debug][gc,age       ] GC(36) Desired survivor size 15400960 bytes, new threshold 6 (max threshold 6)
[11.106s][info ][gc,heap      ] GC(36) ParNew: 244003K->2653K(270976K)
[11.106s][info ][gc,heap      ] GC(36) CMS: 161175K->161636K(602112K)
[11.106s][info ][gc,metaspace ] GC(36) Metaspace: 40151K->40151K(1085440K)
[11.106s][info ][gc           ] GC(36) Pause Young (Allocation Failure) 395M->160M(852M) 15.665ms
[11.106s][info ][gc,cpu       ] GC(36) User=0.05s Sys=0.00s Real=0.02s
[11.106s][info ][safepoint    ] Leaving safepoint region
[11.106s][info ][safepoint    ] Total time for which application threads were stopped: 0.0189921 seconds, Stopping threads took: 0.0031104 seconds
[11.162s][info ][safepoint    ] Application time: 0.0563171 seconds
[11.164s][info ][safepoint    ] Entering safepoint region: GenCollectForAllocation
[11.164s][info ][gc,start     ] GC(37) Pause Young (Allocation Failure)
[11.164s][info ][gc,task      ] GC(37) Using 4 workers of 4 for evacuation
[11.170s][debug][gc,ref       ] GC(37) Skipped phase1 of Reference Processing due to unavailable references
[11.170s][debug][gc,ref       ] GC(37) Skipped phase3 of Reference Processing due to unavailable references
[11.170s][debug][gc,age       ] GC(37) Desired survivor size 15400960 bytes, new threshold 6 (max threshold 6)
[11.170s][info ][gc,heap      ] GC(37) ParNew: 243549K->3296K(270976K)
[11.170s][info ][gc,heap      ] GC(37) CMS: 161636K->162055K(602112K)
[11.170s][info ][gc,metaspace ] GC(37) Metaspace: 40244K->40244K(1085440K)
[11.170s][info ][gc           ] GC(37) Pause Young (Allocation Failure) 395M->161M(852M) 6.381ms
[11.170s][info ][gc,cpu       ] GC(37) User=0.01s Sys=0.00s Real=0.00s
[11.170s][info ][safepoint    ] Leaving safepoint region
[11.170s][info ][safepoint    ] Total time for which application threads were stopped: 0.0083561 seconds, Stopping threads took: 0.0018085 seconds
[11.197s][info ][safepoint    ] Application time: 0.0269931 seconds
[11.212s][info ][safepoint    ] Entering safepoint region: Deoptimize
[11.214s][info ][safepoint    ] Leaving safepoint region
[11.214s][info ][safepoint    ] Total time for which application threads were stopped: 0.0163292 seconds, Stopping threads took: 0.0142543 seconds
[11.259s][info ][safepoint    ] Application time: 0.0451208 seconds
[11.270s][info ][safepoint    ] Entering safepoint region: GenCollectForAllocation
[11.270s][info ][gc,start     ] GC(38) Pause Young (Allocation Failure)
[11.270s][info ][gc,task      ] GC(38) Using 4 workers of 4 for evacuation
[11.276s][debug][gc,ref       ] GC(38) Skipped phase1 of Reference Processing due to unavailable references
[11.276s][debug][gc,ref       ] GC(38) Skipped phase3 of Reference Processing due to unavailable references
[11.276s][debug][gc,age       ] GC(38) Desired survivor size 15400960 bytes, new threshold 6 (max threshold 6)
[11.276s][info ][gc,heap      ] GC(38) ParNew: 244192K->2526K(270976K)
[11.276s][info ][gc,heap      ] GC(38) CMS: 162055K->162445K(602112K)
[11.276s][info ][gc,metaspace ] GC(38) Metaspace: 40326K->40326K(1085440K)
[11.276s][info ][gc           ] GC(38) Pause Young (Allocation Failure) 396M->161M(852M) 6.042ms
[11.276s][info ][gc,cpu       ] GC(38) User=0.02s Sys=0.00s Real=0.01s
[11.276s][info ][safepoint    ] Leaving safepoint region
[11.276s][info ][safepoint    ] Total time for which application threads were stopped: 0.0172931 seconds, Stopping threads took: 0.0110384 seconds
[11.349s][info ][safepoint    ] Application time: 0.0726058 seconds
[11.349s][info ][safepoint    ] Entering safepoint region: GenCollectForAllocation
[11.349s][info ][gc,start     ] GC(39) Pause Young (Allocation Failure)
[11.349s][info ][gc,task      ] GC(39) Using 4 workers of 4 for evacuation
[11.353s][debug][gc,ref       ] GC(39) Skipped phase1 of Reference Processing due to unavailable references
[11.353s][debug][gc,ref       ] GC(39) Skipped phase3 of Reference Processing due to unavailable references
[11.353s][debug][gc,ref       ] GC(39) Skipped phase4 of Reference Processing due to unavailable references
[11.353s][debug][gc,age       ] GC(39) Desired survivor size 15400960 bytes, new threshold 6 (max threshold 6)
[11.353s][info ][gc,heap      ] GC(39) ParNew: 243422K->2003K(270976K)
[11.353s][info ][gc,heap      ] GC(39) CMS: 162445K->162542K(602112K)
[11.353s][info ][gc,metaspace ] GC(39) Metaspace: 40349K->40349K(1085440K)
[11.353s][info ][gc           ] GC(39) Pause Young (Allocation Failure) 396M->160M(852M) 3.849ms
[11.353s][info ][gc,cpu       ] GC(39) User=0.01s Sys=0.00s Real=0.01s
[11.353s][info ][safepoint    ] Leaving safepoint region
[11.353s][info ][safepoint    ] Total time for which application threads were stopped: 0.0042418 seconds, Stopping threads took: 0.0002087 seconds
[11.475s][info ][safepoint    ] Application time: 0.1221306 seconds
[11.479s][info ][safepoint    ] Entering safepoint region: GenCollectForAllocation
[11.480s][info ][gc,start     ] GC(40) Pause Young (Allocation Failure)
[11.480s][info ][gc,task      ] GC(40) Using 4 workers of 4 for evacuation
[11.484s][debug][gc,ref       ] GC(40) Skipped phase1 of Reference Processing due to unavailable references
[11.484s][debug][gc,ref       ] GC(40) Skipped phase3 of Reference Processing due to unavailable references
[11.484s][debug][gc,ref       ] GC(40) Skipped phase4 of Reference Processing due to unavailable references
[11.484s][debug][gc,age       ] GC(40) Desired survivor size 15400960 bytes, new threshold 6 (max threshold 6)
[11.484s][info ][gc,heap      ] GC(40) ParNew: 242899K->2484K(270976K)
[11.484s][info ][gc,heap      ] GC(40) CMS: 162542K->162886K(602112K)
[11.484s][info ][gc,metaspace ] GC(40) Metaspace: 40406K->40406K(1085440K)
[11.484s][info ][gc           ] GC(40) Pause Young (Allocation Failure) 395M->161M(852M) 4.469ms
[11.484s][info ][gc,cpu       ] GC(40) User=0.02s Sys=0.00s Real=0.01s
[11.484s][info ][safepoint    ] Leaving safepoint region
[11.484s][info ][safepoint    ] Total time for which application threads were stopped: 0.0089387 seconds, Stopping threads took: 0.0042725 seconds
[11.556s][info ][safepoint    ] Application time: 0.0715013 seconds
[11.556s][info ][safepoint    ] Entering safepoint region: GenCollectForAllocation
[11.556s][info ][gc,start     ] GC(41) Pause Young (Allocation Failure)
[11.556s][info ][gc,task      ] GC(41) Using 4 workers of 4 for evacuation
[11.560s][debug][gc,ref       ] GC(41) Skipped phase1 of Reference Processing due to unavailable references
[11.560s][debug][gc,ref       ] GC(41) Skipped phase3 of Reference Processing due to unavailable references
[11.560s][debug][gc,ref       ] GC(41) Skipped phase4 of Reference Processing due to unavailable references
[11.560s][debug][gc,age       ] GC(41) Desired survivor size 15400960 bytes, new threshold 6 (max threshold 6)
[11.560s][info ][gc,heap      ] GC(41) ParNew: 243380K->1870K(270976K)
[11.560s][info ][gc,heap      ] GC(41) CMS: 162886K->163252K(602112K)
[11.560s][info ][gc,metaspace ] GC(41) Metaspace: 40426K->40426K(1085440K)
[11.560s][info ][gc           ] GC(41) Pause Young (Allocation Failure) 396M->161M(852M) 3.837ms
[11.560s][info ][gc,cpu       ] GC(41) User=0.01s Sys=0.00s Real=0.00s
[11.560s][info ][safepoint    ] Leaving safepoint region
[11.560s][info ][safepoint    ] Total time for which application threads were stopped: 0.0041764 seconds, Stopping threads took: 0.0001307 seconds
[11.628s][info ][safepoint    ] Application time: 0.0683168 seconds
[11.636s][info ][safepoint    ] Entering safepoint region: GenCollectForAllocation
[11.636s][info ][gc,start     ] GC(42) Pause Young (Allocation Failure)
[11.636s][info ][gc,task      ] GC(42) Using 4 workers of 4 for evacuation
[11.641s][debug][gc,ref       ] GC(42) Skipped phase1 of Reference Processing due to unavailable references
[11.641s][debug][gc,ref       ] GC(42) Skipped phase3 of Reference Processing due to unavailable references
[11.641s][debug][gc,ref       ] GC(42) Skipped phase4 of Reference Processing due to unavailable references
[11.641s][debug][gc,age       ] GC(42) Desired survivor size 15400960 bytes, new threshold 6 (max threshold 6)
[11.641s][info ][gc,heap      ] GC(42) ParNew: 242766K->961K(270976K)
[11.641s][info ][gc,heap      ] GC(42) CMS: 163252K->163890K(602112K)
[11.641s][info ][gc,metaspace ] GC(42) Metaspace: 40448K->40448K(1085440K)
[11.641s][info ][gc           ] GC(42) Pause Young (Allocation Failure) 396M->160M(852M) 4.966ms
[11.641s][info ][gc,cpu       ] GC(42) User=0.01s Sys=0.00s Real=0.00s
[11.641s][info ][safepoint    ] Leaving safepoint region
[11.641s][info ][safepoint    ] Total time for which application threads were stopped: 0.0125772 seconds, Stopping threads took: 0.0073961 seconds
[11.718s][info ][safepoint    ] Application time: 0.0770563 seconds
[11.718s][info ][safepoint    ] Entering safepoint region: GenCollectForAllocation
[11.719s][info ][gc,start     ] GC(43) Pause Young (Allocation Failure)
[11.719s][info ][gc,task      ] GC(43) Using 4 workers of 4 for evacuation
[11.722s][debug][gc,ref       ] GC(43) Skipped phase1 of Reference Processing due to unavailable references
[11.722s][debug][gc,ref       ] GC(43) Skipped phase3 of Reference Processing due to unavailable references
[11.722s][debug][gc,age       ] GC(43) Desired survivor size 15400960 bytes, new threshold 6 (max threshold 6)
[11.722s][info ][gc,heap      ] GC(43) ParNew: 241857K->1061K(270976K)
[11.722s][info ][gc,heap      ] GC(43) CMS: 163890K->163960K(602112K)
[11.722s][info ][gc,metaspace ] GC(43) Metaspace: 40633K->40633K(1085440K)
[11.722s][info ][gc           ] GC(43) Pause Young (Allocation Failure) 396M->161M(852M) 3.400ms
[11.722s][info ][gc,cpu       ] GC(43) User=0.01s Sys=0.00s Real=0.00s
[11.722s][info ][safepoint    ] Leaving safepoint region
[11.722s][info ][safepoint    ] Total time for which application threads were stopped: 0.0041524 seconds, Stopping threads took: 0.0005476 seconds
[11.777s][info ][safepoint    ] Application time: 0.0551197 seconds
[11.780s][info ][safepoint    ] Entering safepoint region: GenCollectForAllocation
[11.781s][info ][gc,start     ] GC(44) Pause Young (Allocation Failure)
[11.781s][info ][gc,task      ] GC(44) Using 4 workers of 4 for evacuation
[11.784s][debug][gc,ref       ] GC(44) Skipped phase1 of Reference Processing due to unavailable references
[11.784s][debug][gc,ref       ] GC(44) Skipped phase3 of Reference Processing due to unavailable references
[11.784s][debug][gc,age       ] GC(44) Desired survivor size 15400960 bytes, new threshold 6 (max threshold 6)
[11.784s][info ][gc,heap      ] GC(44) ParNew: 241957K->1288K(270976K)
[11.784s][info ][gc,heap      ] GC(44) CMS: 163960K->164108K(602112K)
[11.784s][info ][gc,metaspace ] GC(44) Metaspace: 40657K->40657K(1085440K)
[11.784s][info ][gc           ] GC(44) Pause Young (Allocation Failure) 396M->161M(852M) 3.651ms
[11.784s][info ][gc,cpu       ] GC(44) User=0.01s Sys=0.00s Real=0.01s
[11.784s][info ][safepoint    ] Leaving safepoint region
[11.784s][info ][safepoint    ] Total time for which application threads were stopped: 0.0070113 seconds, Stopping threads took: 0.0031799 seconds
[11.867s][info ][safepoint    ] Application time: 0.0829445 seconds
[11.868s][info ][safepoint    ] Entering safepoint region: GenCollectForAllocation
[11.868s][info ][gc,start     ] GC(45) Pause Young (Allocation Failure)
[11.868s][info ][gc,task      ] GC(45) Using 4 workers of 4 for evacuation
[11.878s][debug][gc,ref       ] GC(45) Skipped phase1 of Reference Processing due to unavailable references
[11.878s][debug][gc,ref       ] GC(45) Skipped phase3 of Reference Processing due to unavailable references
[11.878s][debug][gc,ref       ] GC(45) Skipped phase4 of Reference Processing due to unavailable references
[11.879s][debug][gc,age       ] GC(45) Desired survivor size 15400960 bytes, new threshold 6 (max threshold 6)
[11.879s][info ][gc,heap      ] GC(45) ParNew: 242184K->2011K(270976K)
[11.879s][info ][gc,heap      ] GC(45) CMS: 164108K->164155K(602112K)
[11.879s][info ][gc,metaspace ] GC(45) Metaspace: 40665K->40665K(1085440K)
[11.879s][info ][gc           ] GC(45) Pause Young (Allocation Failure) 396M->162M(852M) 10.954ms
[11.879s][info ][gc,cpu       ] GC(45) User=0.03s Sys=0.00s Real=0.01s
[11.879s][info ][safepoint    ] Leaving safepoint region
[11.879s][info ][safepoint    ] Total time for which application threads were stopped: 0.0114358 seconds, Stopping threads took: 0.0003254 seconds
[11.972s][info ][safepoint    ] Application time: 0.0931817 seconds
[11.976s][info ][safepoint    ] Entering safepoint region: GenCollectForAllocation
[11.977s][info ][gc,start     ] GC(46) Pause Young (Allocation Failure)
[11.977s][info ][gc,task      ] GC(46) Using 4 workers of 4 for evacuation
[11.982s][debug][gc,ref       ] GC(46) Skipped phase1 of Reference Processing due to unavailable references
[11.982s][debug][gc,ref       ] GC(46) Skipped phase3 of Reference Processing due to unavailable references
[11.982s][debug][gc,ref       ] GC(46) Skipped phase4 of Reference Processing due to unavailable references
[11.982s][debug][gc,age       ] GC(46) Desired survivor size 15400960 bytes, new threshold 6 (max threshold 6)
[11.982s][info ][gc,heap      ] GC(46) ParNew: 242907K->2922K(270976K)
[11.982s][info ][gc,heap      ] GC(46) CMS: 164155K->164201K(602112K)
[11.982s][info ][gc,metaspace ] GC(46) Metaspace: 40676K->40676K(1085440K)
[11.982s][info ][gc           ] GC(46) Pause Young (Allocation Failure) 397M->163M(852M) 5.371ms
[11.982s][info ][gc,cpu       ] GC(46) User=0.01s Sys=0.00s Real=0.00s
[11.982s][info ][safepoint    ] Leaving safepoint region
[11.982s][info ][safepoint    ] Total time for which application threads were stopped: 0.0100872 seconds, Stopping threads took: 0.0044785 seconds
[12.067s][info ][safepoint    ] Application time: 0.0854773 seconds
[12.068s][info ][safepoint    ] Entering safepoint region: GenCollectForAllocation
[12.068s][info ][gc,start     ] GC(47) Pause Young (Allocation Failure)
[12.068s][info ][gc,task      ] GC(47) Using 4 workers of 4 for evacuation
[12.073s][debug][gc,ref       ] GC(47) Skipped phase1 of Reference Processing due to unavailable references
[12.073s][debug][gc,ref       ] GC(47) Skipped phase3 of Reference Processing due to unavailable references
[12.073s][debug][gc,ref       ] GC(47) Skipped phase4 of Reference Processing due to unavailable references
[12.073s][debug][gc,age       ] GC(47) Desired survivor size 15400960 bytes, new threshold 6 (max threshold 6)
[12.073s][info ][gc,heap      ] GC(47) ParNew: 243818K->6577K(270976K)
[12.073s][info ][gc,heap      ] GC(47) CMS: 164201K->164219K(602112K)
[12.073s][info ][gc,metaspace ] GC(47) Metaspace: 40685K->40685K(1085440K)
[12.073s][info ][gc           ] GC(47) Pause Young (Allocation Failure) 398M->166M(852M) 5.427ms
[12.073s][info ][gc,cpu       ] GC(47) User=0.03s Sys=0.00s Real=0.01s
[12.073s][info ][safepoint    ] Leaving safepoint region
[12.073s][info ][safepoint    ] Total time for which application threads were stopped: 0.0058902 seconds, Stopping threads took: 0.0002837 seconds
[12.129s][info ][safepoint    ] Application time: 0.0551385 seconds
[12.129s][info ][safepoint    ] Entering safepoint region: GenCollectForAllocation
[12.129s][info ][gc,start     ] GC(48) Pause Young (Allocation Failure)
[12.129s][info ][gc,task      ] GC(48) Using 4 workers of 4 for evacuation
[12.136s][debug][gc,ref       ] GC(48) Skipped phase1 of Reference Processing due to unavailable references
[12.136s][debug][gc,ref       ] GC(48) Skipped phase3 of Reference Processing due to unavailable references
[12.136s][debug][gc,ref       ] GC(48) Skipped phase4 of Reference Processing due to unavailable references
[12.137s][debug][gc,age       ] GC(48) Desired survivor size 15400960 bytes, new threshold 6 (max threshold 6)
[12.137s][info ][gc,heap      ] GC(48) ParNew: 247473K->8704K(270976K)
[12.137s][info ][gc,heap      ] GC(48) CMS: 164219K->164335K(602112K)
[12.137s][info ][gc,metaspace ] GC(48) Metaspace: 40692K->40692K(1085440K)
[12.137s][info ][gc           ] GC(48) Pause Young (Allocation Failure) 402M->168M(852M) 7.621ms
[12.137s][info ][gc,cpu       ] GC(48) User=0.02s Sys=0.00s Real=0.01s
[12.137s][info ][safepoint    ] Leaving safepoint region
[12.137s][info ][safepoint    ] Total time for which application threads were stopped: 0.0080615 seconds, Stopping threads took: 0.0002458 seconds
[12.173s][info ][safepoint    ] Application time: 0.0367918 seconds
[12.174s][info ][safepoint    ] Entering safepoint region: GenCollectForAllocation
[12.174s][info ][gc,start     ] GC(49) Pause Young (Allocation Failure)
[12.174s][info ][gc,task      ] GC(49) Using 4 workers of 4 for evacuation
[12.182s][debug][gc,ref       ] GC(49) Skipped phase1 of Reference Processing due to unavailable references
[12.182s][debug][gc,ref       ] GC(49) Skipped phase3 of Reference Processing due to unavailable references
[12.182s][debug][gc,age       ] GC(49) Desired survivor size 15400960 bytes, new threshold 6 (max threshold 6)
[12.182s][info ][gc,heap      ] GC(49) ParNew: 249600K->10977K(270976K)
[12.182s][info ][gc,heap      ] GC(49) CMS: 164335K->164587K(602112K)
[12.182s][info ][gc,metaspace ] GC(49) Metaspace: 40867K->40867K(1085440K)
[12.182s][info ][gc           ] GC(49) Pause Young (Allocation Failure) 404M->171M(852M) 7.710ms
[12.182s][info ][gc,cpu       ] GC(49) User=0.02s Sys=0.00s Real=0.00s
[12.182s][info ][safepoint    ] Leaving safepoint region
[12.182s][info ][safepoint    ] Total time for which application threads were stopped: 0.0086586 seconds, Stopping threads took: 0.0007540 seconds
[12.194s][info ][safepoint    ] Application time: 0.0117367 seconds
[12.195s][info ][safepoint    ] Entering safepoint region: Deoptimize
[12.196s][info ][safepoint    ] Leaving safepoint region
[12.196s][info ][safepoint    ] Total time for which application threads were stopped: 0.0023562 seconds, Stopping threads took: 0.0007337 seconds
[12.230s][info ][safepoint    ] Application time: 0.0337895 seconds
[12.231s][info ][safepoint    ] Entering safepoint region: GenCollectForAllocation
[12.232s][info ][gc,start     ] GC(50) Pause Young (Allocation Failure)
[12.232s][info ][gc,task      ] GC(50) Using 4 workers of 4 for evacuation
[12.238s][debug][gc,ref       ] GC(50) Skipped phase1 of Reference Processing due to unavailable references
[12.238s][debug][gc,ref       ] GC(50) Skipped phase3 of Reference Processing due to unavailable references
[12.238s][debug][gc,age       ] GC(50) Desired survivor size 15400960 bytes, new threshold 6 (max threshold 6)
[12.238s][info ][gc,heap      ] GC(50) ParNew: 251873K->10531K(270976K)
[12.238s][info ][gc,heap      ] GC(50) CMS: 164587K->164925K(602112K)
[12.238s][info ][gc,metaspace ] GC(50) Metaspace: 41172K->41172K(1087488K)
[12.238s][info ][gc           ] GC(50) Pause Young (Allocation Failure) 406M->171M(852M) 6.650ms
[12.238s][info ][gc,cpu       ] GC(50) User=0.02s Sys=0.00s Real=0.00s
[12.238s][info ][safepoint    ] Leaving safepoint region
[12.238s][info ][safepoint    ] Total time for which application threads were stopped: 0.0081810 seconds, Stopping threads took: 0.0012053 seconds
[12.245s][info ][safepoint    ] Application time: 0.0063205 seconds
[12.245s][info ][safepoint    ] Entering safepoint region: RevokeBias
[12.245s][info ][safepoint    ] Leaving safepoint region
[12.245s][info ][safepoint    ] Total time for which application threads were stopped: 0.0004076 seconds, Stopping threads took: 0.0002952 seconds
[12.286s][info ][safepoint    ] Application time: 0.0412258 seconds
[12.290s][info ][safepoint    ] Entering safepoint region: RevokeBias
[12.291s][info ][safepoint    ] Leaving safepoint region
[12.291s][info ][safepoint    ] Total time for which application threads were stopped: 0.0042061 seconds, Stopping threads took: 0.0038989 seconds
[12.291s][info ][safepoint    ] Application time: 0.0001046 seconds
[12.291s][info ][safepoint    ] Entering safepoint region: RevokeBias
[12.291s][info ][safepoint    ] Leaving safepoint region
[12.291s][info ][safepoint    ] Total time for which application threads were stopped: 0.0001382 seconds, Stopping threads took: 0.0000303 seconds
[12.291s][info ][safepoint    ] Application time: 0.0004414 seconds
[12.292s][info ][safepoint    ] Entering safepoint region: RevokeBias
[12.292s][info ][safepoint    ] Leaving safepoint region
[12.292s][info ][safepoint    ] Total time for which application threads were stopped: 0.0005268 seconds, Stopping threads took: 0.0004570 seconds
[12.293s][info ][safepoint    ] Application time: 0.0011316 seconds
[12.295s][info ][safepoint    ] Entering safepoint region: RevokeBias
[12.295s][info ][safepoint    ] Leaving safepoint region
[12.295s][info ][safepoint    ] Total time for which application threads were stopped: 0.0024045 seconds, Stopping threads took: 0.0023162 seconds
[12.304s][info ][safepoint    ] Application time: 0.0082006 seconds
[12.304s][info ][safepoint    ] Entering safepoint region: GenCollectForAllocation
[12.304s][info ][gc,start     ] GC(51) Pause Young (Allocation Failure)
[12.304s][info ][gc,task      ] GC(51) Using 4 workers of 4 for evacuation
[12.311s][debug][gc,ref       ] GC(51) Skipped phase1 of Reference Processing due to unavailable references
[12.311s][debug][gc,ref       ] GC(51) Skipped phase3 of Reference Processing due to unavailable references
[12.311s][debug][gc,age       ] GC(51) Desired survivor size 15400960 bytes, new threshold 6 (max threshold 6)
[12.311s][info ][gc,heap      ] GC(51) ParNew: 251427K->8767K(270976K)
[12.311s][info ][gc,heap      ] GC(51) CMS: 164925K->165696K(602112K)
[12.311s][info ][gc,metaspace ] GC(51) Metaspace: 41587K->41587K(1087488K)
[12.311s][info ][gc           ] GC(51) Pause Young (Allocation Failure) 406M->170M(852M) 6.912ms
[12.311s][info ][gc,cpu       ] GC(51) User=0.03s Sys=0.00s Real=0.00s
[12.311s][info ][safepoint    ] Leaving safepoint region
[12.311s][info ][safepoint    ] Total time for which application threads were stopped: 0.0073683 seconds, Stopping threads took: 0.0001609 seconds
[12.315s][info ][safepoint    ] Application time: 0.0041783 seconds
[12.316s][info ][safepoint    ] Entering safepoint region: RevokeBias
[12.316s][info ][safepoint    ] Leaving safepoint region
[12.316s][info ][safepoint    ] Total time for which application threads were stopped: 0.0004959 seconds, Stopping threads took: 0.0003793 seconds
[12.380s][info ][safepoint    ] Application time: 0.0645892 seconds
[12.381s][info ][safepoint    ] Entering safepoint region: GenCollectForAllocation
[12.381s][info ][gc,start     ] GC(52) Pause Young (Allocation Failure)
[12.381s][info ][gc,task      ] GC(52) Using 4 workers of 4 for evacuation
[12.387s][debug][gc,ref       ] GC(52) Skipped phase1 of Reference Processing due to unavailable references
[12.387s][debug][gc,ref       ] GC(52) Skipped phase3 of Reference Processing due to unavailable references
[12.387s][debug][gc,ref       ] GC(52) Skipped phase4 of Reference Processing due to unavailable references
[12.387s][debug][gc,age       ] GC(52) Desired survivor size 15400960 bytes, new threshold 6 (max threshold 6)
[12.387s][info ][gc,heap      ] GC(52) ParNew: 249663K->8161K(270976K)
[12.387s][info ][gc,heap      ] GC(52) CMS: 165696K->166496K(602112K)
[12.387s][info ][gc,metaspace ] GC(52) Metaspace: 41654K->41654K(1087488K)
[12.387s][info ][gc           ] GC(52) Pause Young (Allocation Failure) 405M->170M(852M) 6.126ms
[12.387s][info ][gc,cpu       ] GC(52) User=0.02s Sys=0.00s Real=0.01s
[12.387s][info ][safepoint    ] Leaving safepoint region
[12.387s][info ][safepoint    ] Total time for which application threads were stopped: 0.0067927 seconds, Stopping threads took: 0.0005076 seconds
[12.430s][info ][safepoint    ] Application time: 0.0428002 seconds
[12.430s][info ][safepoint    ] Entering safepoint region: GenCollectForAllocation
[12.430s][info ][gc,start     ] GC(53) Pause Young (Allocation Failure)
[12.430s][info ][gc,task      ] GC(53) Using 4 workers of 4 for evacuation
[12.437s][debug][gc,ref       ] GC(53) Skipped phase1 of Reference Processing due to unavailable references
[12.437s][debug][gc,ref       ] GC(53) Skipped phase3 of Reference Processing due to unavailable references
[12.437s][debug][gc,ref       ] GC(53) Skipped phase4 of Reference Processing due to unavailable references
[12.437s][debug][gc,age       ] GC(53) Desired survivor size 15400960 bytes, new threshold 6 (max threshold 6)
[12.437s][info ][gc,heap      ] GC(53) ParNew: 249057K->5854K(270976K)
[12.437s][info ][gc,heap      ] GC(53) CMS: 166496K->169151K(602112K)
[12.437s][info ][gc,metaspace ] GC(53) Metaspace: 41671K->41671K(1087488K)
[12.437s][info ][gc           ] GC(53) Pause Young (Allocation Failure) 405M->170M(852M) 6.846ms
[12.437s][info ][gc,cpu       ] GC(53) User=0.03s Sys=0.00s Real=0.01s
[12.437s][info ][safepoint    ] Leaving safepoint region
[12.437s][info ][safepoint    ] Total time for which application threads were stopped: 0.0072552 seconds, Stopping threads took: 0.0001712 seconds
[12.475s][info ][safepoint    ] Application time: 0.0374576 seconds
[12.475s][info ][safepoint    ] Entering safepoint region: GenCollectForAllocation
[12.475s][info ][gc,start     ] GC(54) Pause Young (Allocation Failure)
[12.475s][info ][gc,task      ] GC(54) Using 4 workers of 4 for evacuation
[12.480s][debug][gc,ref       ] GC(54) Skipped phase1 of Reference Processing due to unavailable references
[12.480s][debug][gc,ref       ] GC(54) Skipped phase3 of Reference Processing due to unavailable references
[12.480s][debug][gc,ref       ] GC(54) Skipped phase4 of Reference Processing due to unavailable references
[12.480s][debug][gc,age       ] GC(54) Desired survivor size 15400960 bytes, new threshold 6 (max threshold 6)
[12.480s][info ][gc,heap      ] GC(54) ParNew: 246750K->2596K(270976K)
[12.480s][info ][gc,heap      ] GC(54) CMS: 169151K->171105K(602112K)
[12.480s][info ][gc,metaspace ] GC(54) Metaspace: 41703K->41703K(1087488K)
[12.480s][info ][gc           ] GC(54) Pause Young (Allocation Failure) 406M->169M(852M) 4.892ms
[12.480s][info ][gc,cpu       ] GC(54) User=0.02s Sys=0.00s Real=0.00s
[12.480s][info ][safepoint    ] Leaving safepoint region
[12.480s][info ][safepoint    ] Total time for which application threads were stopped: 0.0054316 seconds, Stopping threads took: 0.0003562 seconds
[12.524s][info ][safepoint    ] Application time: 0.0434386 seconds
[12.524s][info ][safepoint    ] Entering safepoint region: GenCollectForAllocation
[12.524s][info ][gc,start     ] GC(55) Pause Young (Allocation Failure)
[12.524s][info ][gc,task      ] GC(55) Using 4 workers of 4 for evacuation
[12.527s][debug][gc,ref       ] GC(55) Skipped phase1 of Reference Processing due to unavailable references
[12.527s][debug][gc,ref       ] GC(55) Skipped phase3 of Reference Processing due to unavailable references
[12.527s][debug][gc,ref       ] GC(55) Skipped phase4 of Reference Processing due to unavailable references
[12.527s][debug][gc,age       ] GC(55) Desired survivor size 15400960 bytes, new threshold 6 (max threshold 6)
[12.527s][info ][gc,heap      ] GC(55) ParNew: 243492K->1053K(270976K)
[12.527s][info ][gc,heap      ] GC(55) CMS: 171105K->171731K(602112K)
[12.527s][info ][gc,metaspace ] GC(55) Metaspace: 41703K->41703K(1087488K)
[12.527s][info ][gc           ] GC(55) Pause Young (Allocation Failure) 404M->168M(852M) 2.769ms
[12.527s][info ][gc,cpu       ] GC(55) User=0.01s Sys=0.00s Real=0.00s
[12.527s][info ][safepoint    ] Leaving safepoint region
[12.527s][info ][safepoint    ] Total time for which application threads were stopped: 0.0032178 seconds, Stopping threads took: 0.0002704 seconds
[12.575s][info ][safepoint    ] Application time: 0.0482727 seconds
[12.575s][info ][safepoint    ] Entering safepoint region: GenCollectForAllocation
[12.577s][info ][gc,start     ] GC(56) Pause Young (Allocation Failure)
[12.577s][info ][gc,task      ] GC(56) Using 4 workers of 4 for evacuation
[12.579s][debug][gc,ref       ] GC(56) Skipped phase1 of Reference Processing due to unavailable references
[12.579s][debug][gc,ref       ] GC(56) Skipped phase3 of Reference Processing due to unavailable references
[12.579s][debug][gc,ref       ] GC(56) Skipped phase4 of Reference Processing due to unavailable references
[12.579s][debug][gc,age       ] GC(56) Desired survivor size 15400960 bytes, new threshold 6 (max threshold 6)
[12.579s][info ][gc,heap      ] GC(56) ParNew: 241949K->658K(270976K)
[12.579s][info ][gc,heap      ] GC(56) CMS: 171731K->171827K(602112K)
[12.579s][info ][gc,metaspace ] GC(56) Metaspace: 41725K->41725K(1087488K)
[12.579s][info ][gc           ] GC(56) Pause Young (Allocation Failure) 403M->168M(852M) 2.086ms
[12.579s][info ][gc,cpu       ] GC(56) User=0.01s Sys=0.00s Real=0.00s
[12.579s][info ][safepoint    ] Leaving safepoint region
[12.579s][info ][safepoint    ] Total time for which application threads were stopped: 0.0038183 seconds, Stopping threads took: 0.0002117 seconds
[12.587s][info ][safepoint    ] Application time: 0.0082889 seconds
[12.587s][info ][safepoint    ] Entering safepoint region: Deoptimize
[12.588s][info ][safepoint    ] Leaving safepoint region
[12.588s][info ][safepoint    ] Total time for which application threads were stopped: 0.0010249 seconds, Stopping threads took: 0.0002155 seconds
[12.610s][info ][safepoint    ] Application time: 0.0217806 seconds
[12.612s][info ][safepoint    ] Entering safepoint region: Deoptimize
[12.613s][info ][safepoint    ] Leaving safepoint region
[12.613s][info ][safepoint    ] Total time for which application threads were stopped: 0.0028972 seconds, Stopping threads took: 0.0017795 seconds
[12.618s][info ][safepoint    ] Application time: 0.0046608 seconds
[12.618s][info ][safepoint    ] Entering safepoint region: RevokeBias
[12.618s][info ][safepoint    ] Leaving safepoint region
[12.618s][info ][safepoint    ] Total time for which application threads were stopped: 0.0003661 seconds, Stopping threads took: 0.0002355 seconds
[12.618s][info ][safepoint    ] Application time: 0.0001376 seconds
[12.618s][info ][safepoint    ] Entering safepoint region: RevokeBias
[12.618s][info ][safepoint    ] Leaving safepoint region
[12.618s][info ][safepoint    ] Total time for which application threads were stopped: 0.0002471 seconds, Stopping threads took: 0.0001528 seconds
[12.625s][info ][safepoint    ] Application time: 0.0063011 seconds
[12.625s][info ][safepoint    ] Entering safepoint region: RevokeBias
[12.625s][info ][safepoint    ] Leaving safepoint region
[12.625s][info ][safepoint    ] Total time for which application threads were stopped: 0.0004047 seconds, Stopping threads took: 0.0002644 seconds
[12.638s][info ][safepoint    ] Application time: 0.0128702 seconds
[12.639s][info ][safepoint    ] Entering safepoint region: Deoptimize
[12.641s][info ][safepoint    ] Leaving safepoint region
[12.641s][info ][safepoint    ] Total time for which application threads were stopped: 0.0024610 seconds, Stopping threads took: 0.0014017 seconds
[12.657s][info ][safepoint    ] Application time: 0.0165732 seconds
[12.657s][info ][safepoint    ] Entering safepoint region: GenCollectForAllocation
[12.657s][info ][gc,start     ] GC(57) Pause Young (Allocation Failure)
[12.657s][info ][gc,task      ] GC(57) Using 4 workers of 4 for evacuation
[12.660s][debug][gc,ref       ] GC(57) Skipped phase1 of Reference Processing due to unavailable references
[12.660s][debug][gc,ref       ] GC(57) Skipped phase3 of Reference Processing due to unavailable references
[12.660s][debug][gc,age       ] GC(57) Desired survivor size 15400960 bytes, new threshold 6 (max threshold 6)
[12.660s][info ][gc,heap      ] GC(57) ParNew: 241554K->631K(270976K)
[12.660s][info ][gc,heap      ] GC(57) CMS: 171827K->171983K(602112K)
[12.660s][info ][gc,metaspace ] GC(57) Metaspace: 42128K->42128K(1087488K)
[12.660s][info ][gc           ] GC(57) Pause Young (Allocation Failure) 403M->168M(852M) 2.700ms
[12.660s][info ][gc,cpu       ] GC(57) User=0.01s Sys=0.00s Real=0.00s
[12.660s][info ][safepoint    ] Leaving safepoint region
[12.660s][info ][safepoint    ] Total time for which application threads were stopped: 0.0029360 seconds, Stopping threads took: 0.0000757 seconds
[12.694s][info ][safepoint    ] Application time: 0.0342142 seconds
[12.700s][info ][safepoint    ] Entering safepoint region: RevokeBias
[12.700s][info ][safepoint    ] Leaving safepoint region
[12.700s][info ][safepoint    ] Total time for which application threads were stopped: 0.0057282 seconds, Stopping threads took: 0.0055903 seconds
[12.726s][info ][safepoint    ] Application time: 0.0259111 seconds
[12.727s][info ][safepoint    ] Entering safepoint region: GenCollectForAllocation
[12.727s][info ][gc,start     ] GC(58) Pause Young (Allocation Failure)
[12.727s][info ][gc,task      ] GC(58) Using 4 workers of 4 for evacuation
[12.729s][debug][gc,ref       ] GC(58) Skipped phase1 of Reference Processing due to unavailable references
[12.729s][debug][gc,ref       ] GC(58) Skipped phase3 of Reference Processing due to unavailable references
[12.730s][debug][gc,age       ] GC(58) Desired survivor size 15400960 bytes, new threshold 6 (max threshold 6)
[12.730s][info ][gc,heap      ] GC(58) ParNew: 241527K->2107K(270976K)
[12.730s][info ][gc,heap      ] GC(58) CMS: 171983K->172029K(602112K)
[12.730s][info ][gc,metaspace ] GC(58) Metaspace: 43460K->43460K(1089536K)
[12.730s][info ][gc           ] GC(58) Pause Young (Allocation Failure) 403M->170M(852M) 2.890ms
[12.730s][info ][gc,cpu       ] GC(58) User=0.02s Sys=0.00s Real=0.00s
[12.730s][info ][safepoint    ] Leaving safepoint region
[12.730s][info ][safepoint    ] Total time for which application threads were stopped: 0.0035433 seconds, Stopping threads took: 0.0004532 seconds
[12.739s][info ][safepoint    ] Application time: 0.0096046 seconds
[12.740s][info ][safepoint    ] Entering safepoint region: RevokeBias
[12.740s][info ][safepoint    ] Leaving safepoint region
[12.740s][info ][safepoint    ] Total time for which application threads were stopped: 0.0007920 seconds, Stopping threads took: 0.0006346 seconds
[12.740s][info ][safepoint    ] Application time: 0.0003788 seconds
[12.741s][info ][safepoint    ] Entering safepoint region: RevokeBias
[12.741s][info ][safepoint    ] Leaving safepoint region
[12.741s][info ][safepoint    ] Total time for which application threads were stopped: 0.0003154 seconds, Stopping threads took: 0.0001771 seconds
[12.755s][info ][safepoint    ] Application time: 0.0137552 seconds
[12.755s][info ][safepoint    ] Entering safepoint region: BulkRevokeBias
[12.758s][info ][safepoint    ] Leaving safepoint region
[12.758s][info ][safepoint    ] Total time for which application threads were stopped: 0.0030111 seconds, Stopping threads took: 0.0003403 seconds
[12.787s][info ][safepoint    ] Application time: 0.0289363 seconds
[12.787s][info ][safepoint    ] Entering safepoint region: RevokeBias
[12.787s][info ][safepoint    ] Leaving safepoint region
[12.787s][info ][safepoint    ] Total time for which application threads were stopped: 0.0005160 seconds, Stopping threads took: 0.0003413 seconds
[12.787s][info ][safepoint    ] Application time: 0.0000627 seconds
[12.787s][info ][safepoint    ] Entering safepoint region: RevokeBias
[12.787s][info ][safepoint    ] Leaving safepoint region
[12.787s][info ][safepoint    ] Total time for which application threads were stopped: 0.0001255 seconds, Stopping threads took: 0.0000421 seconds
[12.795s][info ][safepoint    ] Application time: 0.0073089 seconds
[12.796s][info ][safepoint    ] Entering safepoint region: GenCollectForAllocation
[12.796s][info ][gc,start     ] GC(59) Pause Young (Allocation Failure)
[12.796s][info ][gc,task      ] GC(59) Using 4 workers of 4 for evacuation
[12.801s][debug][gc,ref       ] GC(59) Skipped phase1 of Reference Processing due to unavailable references
[12.801s][debug][gc,ref       ] GC(59) Skipped phase3 of Reference Processing due to unavailable references
[12.801s][debug][gc,age       ] GC(59) Desired survivor size 15400960 bytes, new threshold 6 (max threshold 6)
[12.801s][info ][gc,heap      ] GC(59) ParNew: 243003K->2951K(270976K)
[12.801s][info ][gc,heap      ] GC(59) CMS: 172029K->172059K(602112K)
[12.801s][info ][gc,metaspace ] GC(59) Metaspace: 44504K->44504K(1089536K)
[12.801s][info ][gc           ] GC(59) Pause Young (Allocation Failure) 405M->170M(852M) 4.623ms
[12.801s][info ][gc,cpu       ] GC(59) User=0.02s Sys=0.00s Real=0.00s
[12.801s][info ][safepoint    ] Leaving safepoint region
[12.801s][info ][safepoint    ] Total time for which application threads were stopped: 0.0062033 seconds, Stopping threads took: 0.0011929 seconds
[12.825s][info ][safepoint    ] Application time: 0.0238399 seconds
[12.825s][info ][safepoint    ] Entering safepoint region: RevokeBias
[12.825s][info ][safepoint    ] Leaving safepoint region
[12.825s][info ][safepoint    ] Total time for which application threads were stopped: 0.0003853 seconds, Stopping threads took: 0.0002279 seconds
[12.858s][info ][safepoint    ] Application time: 0.0327573 seconds
[12.858s][info ][safepoint    ] Entering safepoint region: GenCollectForAllocation
[12.858s][info ][gc,start     ] GC(60) Pause Young (Allocation Failure)
[12.858s][info ][gc,task      ] GC(60) Using 4 workers of 4 for evacuation
[12.862s][debug][gc,ref       ] GC(60) Skipped phase1 of Reference Processing due to unavailable references
[12.862s][debug][gc,ref       ] GC(60) Skipped phase3 of Reference Processing due to unavailable references
[12.862s][debug][gc,age       ] GC(60) Desired survivor size 15400960 bytes, new threshold 6 (max threshold 6)
[12.862s][info ][gc,heap      ] GC(60) ParNew: 243847K->6519K(270976K)
[12.862s][info ][gc,heap      ] GC(60) CMS: 172059K->172060K(602112K)
[12.862s][info ][gc,metaspace ] GC(60) Metaspace: 45183K->45183K(1089536K)
[12.862s][info ][gc           ] GC(60) Pause Young (Allocation Failure) 406M->174M(852M) 3.692ms
[12.862s][info ][gc,cpu       ] GC(60) User=0.01s Sys=0.00s Real=0.00s
[12.862s][info ][safepoint    ] Leaving safepoint region
[12.862s][info ][safepoint    ] Total time for which application threads were stopped: 0.0041841 seconds, Stopping threads took: 0.0002685 seconds
[12.867s][info ][safepoint    ] Application time: 0.0045485 seconds
[12.870s][info ][safepoint    ] Entering safepoint region: RevokeBias
[12.870s][info ][safepoint    ] Leaving safepoint region
[12.870s][info ][safepoint    ] Total time for which application threads were stopped: 0.0034934 seconds, Stopping threads took: 0.0033901 seconds
[12.871s][info ][safepoint    ] Application time: 0.0004260 seconds
[12.871s][info ][safepoint    ] Entering safepoint region: RevokeBias
[12.871s][info ][safepoint    ] Leaving safepoint region
[12.871s][info ][safepoint    ] Total time for which application threads were stopped: 0.0003212 seconds, Stopping threads took: 0.0002115 seconds
[12.871s][info ][safepoint    ] Application time: 0.0003131 seconds
[12.871s][info ][safepoint    ] Entering safepoint region: RevokeBias
[12.872s][info ][safepoint    ] Leaving safepoint region
[12.872s][info ][safepoint    ] Total time for which application threads were stopped: 0.0002736 seconds, Stopping threads took: 0.0001750 seconds
[12.918s][info ][safepoint    ] Application time: 0.0468920 seconds
[12.920s][info ][safepoint    ] Entering safepoint region: GenCollectForAllocation
[12.920s][info ][gc,start     ] GC(61) Pause Young (Allocation Failure)
[12.920s][info ][gc,task      ] GC(61) Using 4 workers of 4 for evacuation
[12.925s][debug][gc,ref       ] GC(61) Skipped phase1 of Reference Processing due to unavailable references
[12.925s][debug][gc,ref       ] GC(61) Skipped phase3 of Reference Processing due to unavailable references
[12.925s][debug][gc,age       ] GC(61) Desired survivor size 15400960 bytes, new threshold 6 (max threshold 6)
[12.925s][info ][gc,heap      ] GC(61) ParNew: 247415K->11048K(270976K)
[12.925s][info ][gc,heap      ] GC(61) CMS: 172060K->172077K(602112K)
[12.925s][info ][gc,metaspace ] GC(61) Metaspace: 45317K->45317K(1089536K)
[12.925s][info ][gc           ] GC(61) Pause Young (Allocation Failure) 409M->178M(852M) 5.025ms
[12.925s][info ][gc,cpu       ] GC(61) User=0.03s Sys=0.00s Real=0.01s
[12.925s][info ][safepoint    ] Leaving safepoint region
[12.925s][info ][safepoint    ] Total time for which application threads were stopped: 0.0064703 seconds, Stopping threads took: 0.0012770 seconds
[12.954s][info ][safepoint    ] Application time: 0.0294849 seconds
[12.955s][info ][safepoint    ] Entering safepoint region: Deoptimize
[12.956s][info ][safepoint    ] Leaving safepoint region
[12.956s][info ][safepoint    ] Total time for which application threads were stopped: 0.0011257 seconds, Stopping threads took: 0.0002939 seconds
[12.963s][info ][safepoint    ] Application time: 0.0076353 seconds
[12.964s][info ][safepoint    ] Entering safepoint region: RevokeBias
[12.964s][info ][safepoint    ] Leaving safepoint region
[12.964s][info ][safepoint    ] Total time for which application threads were stopped: 0.0005468 seconds, Stopping threads took: 0.0004168 seconds
[12.987s][info ][safepoint    ] Application time: 0.0231662 seconds
[12.987s][info ][safepoint    ] Entering safepoint region: RevokeBias
[12.987s][info ][safepoint    ] Leaving safepoint region
[12.987s][info ][safepoint    ] Total time for which application threads were stopped: 0.0003592 seconds, Stopping threads took: 0.0002368 seconds
[12.988s][info ][safepoint    ] Application time: 0.0004316 seconds
[12.988s][info ][safepoint    ] Entering safepoint region: RevokeBias
[12.988s][info ][safepoint    ] Leaving safepoint region
[12.988s][info ][safepoint    ] Total time for which application threads were stopped: 0.0001866 seconds, Stopping threads took: 0.0000956 seconds
[12.993s][info ][safepoint    ] Application time: 0.0046848 seconds
[12.993s][info ][safepoint    ] Entering safepoint region: GenCollectForAllocation
[12.993s][info ][gc,start     ] GC(62) Pause Young (Allocation Failure)
[12.993s][info ][gc,task      ] GC(62) Using 4 workers of 4 for evacuation
[13.001s][debug][gc,ref       ] GC(62) Skipped phase1 of Reference Processing due to unavailable references
[13.001s][debug][gc,ref       ] GC(62) Skipped phase3 of Reference Processing due to unavailable references
[13.001s][debug][gc,age       ] GC(62) Desired survivor size 15400960 bytes, new threshold 6 (max threshold 6)
[13.001s][info ][gc,heap      ] GC(62) ParNew: 251944K->13544K(270976K)
[13.001s][info ][gc,heap      ] GC(62) CMS: 172077K->172126K(602112K)
[13.001s][info ][gc,metaspace ] GC(62) Metaspace: 45664K->45664K(1091584K)
[13.001s][info ][gc           ] GC(62) Pause Young (Allocation Failure) 414M->181M(852M) 8.055ms
[13.001s][info ][gc,cpu       ] GC(62) User=0.03s Sys=0.00s Real=0.00s
[13.001s][info ][safepoint    ] Leaving safepoint region
[13.001s][info ][safepoint    ] Total time for which application threads were stopped: 0.0084038 seconds, Stopping threads took: 0.0001764 seconds
[13.059s][info ][safepoint    ] Application time: 0.0577514 seconds
[13.059s][info ][safepoint    ] Entering safepoint region: GenCollectForAllocation
[13.059s][info ][gc,start     ] GC(63) Pause Young (Allocation Failure)
[13.059s][info ][gc,task      ] GC(63) Using 4 workers of 4 for evacuation
[13.066s][debug][gc,ref       ] GC(63) Skipped phase1 of Reference Processing due to unavailable references
[13.066s][debug][gc,ref       ] GC(63) Skipped phase3 of Reference Processing due to unavailable references
[13.066s][debug][gc,age       ] GC(63) Desired survivor size 15400960 bytes, new threshold 6 (max threshold 6)
[13.066s][info ][gc,heap      ] GC(63) ParNew: 254440K->12957K(270976K)
[13.066s][info ][gc,heap      ] GC(63) CMS: 172126K->172375K(602112K)
[13.066s][info ][gc,metaspace ] GC(63) Metaspace: 46046K->46046K(1091584K)
[13.066s][info ][gc           ] GC(63) Pause Young (Allocation Failure) 416M->180M(852M) 6.367ms
[13.066s][info ][gc,cpu       ] GC(63) User=0.03s Sys=0.00s Real=0.01s
[13.066s][info ][safepoint    ] Leaving safepoint region
[13.066s][info ][safepoint    ] Total time for which application threads were stopped: 0.0068508 seconds, Stopping threads took: 0.0002534 seconds
[13.104s][info ][safepoint    ] Application time: 0.0379220 seconds
[13.107s][info ][safepoint    ] Entering safepoint region: RevokeBias
[13.107s][info ][safepoint    ] Leaving safepoint region
[13.107s][info ][safepoint    ] Total time for which application threads were stopped: 0.0035817 seconds, Stopping threads took: 0.0034108 seconds
[13.107s][info ][safepoint    ] Application time: 0.0000803 seconds
[13.108s][info ][safepoint    ] Entering safepoint region: RevokeBias
[13.108s][info ][safepoint    ] Leaving safepoint region
[13.108s][info ][safepoint    ] Total time for which application threads were stopped: 0.0002965 seconds, Stopping threads took: 0.0001725 seconds
[13.117s][info ][safepoint    ] Application time: 0.0089847 seconds
[13.120s][info ][safepoint    ] Entering safepoint region: RevokeBias
[13.120s][info ][safepoint    ] Leaving safepoint region
[13.120s][info ][safepoint    ] Total time for which application threads were stopped: 0.0035206 seconds, Stopping threads took: 0.0033911 seconds
[13.122s][info ][safepoint    ] Application time: 0.0019462 seconds
[13.126s][info ][safepoint    ] Entering safepoint region: RevokeBias
[13.126s][info ][safepoint    ] Leaving safepoint region
[13.126s][info ][safepoint    ] Total time for which application threads were stopped: 0.0034632 seconds, Stopping threads took: 0.0033516 seconds
[13.126s][info ][safepoint    ] Application time: 0.0000762 seconds
[13.126s][info ][safepoint    ] Entering safepoint region: RevokeBias
[13.126s][info ][safepoint    ] Leaving safepoint region
[13.126s][info ][safepoint    ] Total time for which application threads were stopped: 0.0001644 seconds, Stopping threads took: 0.0000659 seconds
[13.141s][info ][safepoint    ] Application time: 0.0145273 seconds
[13.144s][info ][safepoint    ] Entering safepoint region: GenCollectForAllocation
[13.144s][info ][gc,start     ] GC(64) Pause Young (Allocation Failure)
[13.144s][info ][gc,task      ] GC(64) Using 4 workers of 4 for evacuation
[13.152s][debug][gc,ref       ] GC(64) Skipped phase1 of Reference Processing due to unavailable references
[13.152s][debug][gc,ref       ] GC(64) Skipped phase3 of Reference Processing due to unavailable references
[13.153s][debug][gc,age       ] GC(64) Desired survivor size 15400960 bytes, new threshold 6 (max threshold 6)
[13.153s][info ][gc,heap      ] GC(64) ParNew: 253853K->11230K(270976K)
[13.153s][info ][gc,heap      ] GC(64) CMS: 172375K->173926K(602112K)
[13.153s][info ][gc,metaspace ] GC(64) Metaspace: 46145K->46145K(1091584K)
[13.153s][info ][gc           ] GC(64) Pause Young (Allocation Failure) 416M->180M(852M) 8.415ms
[13.153s][info ][gc,cpu       ] GC(64) User=0.03s Sys=0.00s Real=0.01s
[13.153s][info ][safepoint    ] Leaving safepoint region
[13.153s][info ][safepoint    ] Total time for which application threads were stopped: 0.0124745 seconds, Stopping threads took: 0.0036895 seconds
[13.174s][info ][safepoint    ] Application time: 0.0206646 seconds
[13.174s][info ][safepoint    ] Entering safepoint region: RevokeBias
[13.174s][info ][safepoint    ] Leaving safepoint region
[13.174s][info ][safepoint    ] Total time for which application threads were stopped: 0.0005165 seconds, Stopping threads took: 0.0003101 seconds
[13.177s][info ][safepoint    ] Application time: 0.0028456 seconds
[13.181s][info ][safepoint    ] Entering safepoint region: RevokeBias
[13.181s][info ][safepoint    ] Leaving safepoint region
[13.181s][info ][safepoint    ] Total time for which application threads were stopped: 0.0039299 seconds, Stopping threads took: 0.0037992 seconds
[13.181s][info ][safepoint    ] Application time: 0.0001286 seconds
[13.181s][info ][safepoint    ] Entering safepoint region: RevokeBias
[13.182s][info ][safepoint    ] Leaving safepoint region
[13.182s][info ][safepoint    ] Total time for which application threads were stopped: 0.0002780 seconds, Stopping threads took: 0.0001712 seconds
[13.213s][info ][safepoint    ] Application time: 0.0311926 seconds
[13.219s][info ][safepoint    ] Entering safepoint region: GenCollectForAllocation
[13.220s][info ][gc,start     ] GC(65) Pause Young (Allocation Failure)
[13.220s][info ][gc,task      ] GC(65) Using 4 workers of 4 for evacuation
[13.226s][debug][gc,ref       ] GC(65) Skipped phase1 of Reference Processing due to unavailable references
[13.226s][debug][gc,ref       ] GC(65) Skipped phase3 of Reference Processing due to unavailable references
[13.227s][debug][gc,age       ] GC(65) Desired survivor size 15400960 bytes, new threshold 6 (max threshold 6)
[13.227s][info ][gc,heap      ] GC(65) ParNew: 252126K->14750K(270976K)
[13.227s][info ][gc,heap      ] GC(65) CMS: 173926K->174400K(602112K)
[13.227s][info ][gc,metaspace ] GC(65) Metaspace: 46177K->46177K(1091584K)
[13.227s][info ][gc           ] GC(65) Pause Young (Allocation Failure) 416M->184M(852M) 6.924ms
[13.227s][info ][gc,cpu       ] GC(65) User=0.03s Sys=0.00s Real=0.01s
[13.227s][info ][safepoint    ] Leaving safepoint region
[13.227s][info ][safepoint    ] Total time for which application threads were stopped: 0.0138081 seconds, Stopping threads took: 0.0066863 seconds
[13.271s][info ][safepoint    ] Application time: 0.0448609 seconds
[13.272s][info ][safepoint    ] Entering safepoint region: GenCollectForAllocation
[13.272s][info ][gc,start     ] GC(66) Pause Young (Allocation Failure)
[13.272s][info ][gc,task      ] GC(66) Using 4 workers of 4 for evacuation
[13.281s][debug][gc,ref       ] GC(66) Skipped phase1 of Reference Processing due to unavailable references
[13.281s][debug][gc,ref       ] GC(66) Skipped phase3 of Reference Processing due to unavailable references
[13.281s][debug][gc,age       ] GC(66) Desired survivor size 15400960 bytes, new threshold 6 (max threshold 6)
[13.281s][info ][gc,heap      ] GC(66) ParNew: 255646K->11237K(270976K)
[13.281s][info ][gc,heap      ] GC(66) CMS: 174400K->177059K(602112K)
[13.281s][info ][gc,metaspace ] GC(66) Metaspace: 46209K->46209K(1091584K)
[13.281s][info ][gc           ] GC(66) Pause Young (Allocation Failure) 419M->183M(852M) 9.015ms
[13.281s][info ][gc,cpu       ] GC(66) User=0.02s Sys=0.01s Real=0.00s
[13.281s][info ][safepoint    ] Leaving safepoint region
[13.281s][info ][safepoint    ] Total time for which application threads were stopped: 0.0097136 seconds, Stopping threads took: 0.0003190 seconds
[13.287s][info ][safepoint    ] Application time: 0.0058830 seconds
[13.288s][info ][safepoint    ] Entering safepoint region: RevokeBias
[13.288s][info ][safepoint    ] Leaving safepoint region
[13.288s][info ][safepoint    ] Total time for which application threads were stopped: 0.0007875 seconds, Stopping threads took: 0.0005813 seconds
[13.296s][info ][safepoint    ] Application time: 0.0076525 seconds
[13.300s][info ][safepoint    ] Entering safepoint region: RevokeBias
[13.300s][info ][safepoint    ] Leaving safepoint region
[13.300s][info ][safepoint    ] Total time for which application threads were stopped: 0.0046924 seconds, Stopping threads took: 0.0045123 seconds
[13.341s][info ][safepoint    ] Application time: 0.0409028 seconds
[13.345s][info ][safepoint    ] Entering safepoint region: GenCollectForAllocation
[13.345s][info ][gc,start     ] GC(67) Pause Young (Allocation Failure)
[13.345s][info ][gc,task      ] GC(67) Using 4 workers of 4 for evacuation
[13.355s][debug][gc,ref       ] GC(67) Skipped phase1 of Reference Processing due to unavailable references
[13.355s][debug][gc,ref       ] GC(67) Skipped phase3 of Reference Processing due to unavailable references
[13.355s][debug][gc,age       ] GC(67) Desired survivor size 15400960 bytes, new threshold 6 (max threshold 6)
[13.355s][info ][gc,heap      ] GC(67) ParNew: 252133K->9911K(270976K)
[13.355s][info ][gc,heap      ] GC(67) CMS: 177059K->179500K(602112K)
[13.355s][info ][gc,metaspace ] GC(67) Metaspace: 46387K->46387K(1091584K)
[13.355s][info ][gc           ] GC(67) Pause Young (Allocation Failure) 419M->184M(852M) 10.156ms
[13.355s][info ][gc,cpu       ] GC(67) User=0.04s Sys=0.00s Real=0.01s
[13.355s][info ][safepoint    ] Leaving safepoint region
[13.355s][info ][safepoint    ] Total time for which application threads were stopped: 0.0138253 seconds, Stopping threads took: 0.0034537 seconds
[13.372s][info ][safepoint    ] Application time: 0.0166711 seconds
[13.375s][info ][safepoint    ] Entering safepoint region: BulkRevokeBias
[13.380s][info ][safepoint    ] Leaving safepoint region
[13.380s][info ][safepoint    ] Total time for which application threads were stopped: 0.0079377 seconds, Stopping threads took: 0.0035001 seconds
[13.431s][info ][safepoint    ] Application time: 0.0507427 seconds
[13.431s][info ][safepoint    ] Entering safepoint region: GenCollectForAllocation
[13.431s][info ][gc,start     ] GC(68) Pause Young (Allocation Failure)
[13.431s][info ][gc,task      ] GC(68) Using 4 workers of 4 for evacuation
[13.437s][debug][gc,ref       ] GC(68) Skipped phase1 of Reference Processing due to unavailable references
[13.437s][debug][gc,ref       ] GC(68) Skipped phase3 of Reference Processing due to unavailable references
[13.437s][debug][gc,age       ] GC(68) Desired survivor size 15400960 bytes, new threshold 6 (max threshold 6)
[13.437s][info ][gc,heap      ] GC(68) ParNew: 250807K->7219K(270976K)
[13.437s][info ][gc,heap      ] GC(68) CMS: 179500K->181312K(602112K)
[13.437s][info ][gc,metaspace ] GC(68) Metaspace: 46421K->46421K(1091584K)
[13.438s][info ][gc           ] GC(68) Pause Young (Allocation Failure) 420M->184M(852M) 6.402ms
[13.438s][info ][gc,cpu       ] GC(68) User=0.03s Sys=0.00s Real=0.01s
[13.438s][info ][safepoint    ] Leaving safepoint region
[13.438s][info ][safepoint    ] Total time for which application threads were stopped: 0.0069533 seconds, Stopping threads took: 0.0003537 seconds
[13.498s][info ][safepoint    ] Application time: 0.0604437 seconds
[13.498s][info ][safepoint    ] Entering safepoint region: GenCollectForAllocation
[13.499s][info ][gc,start     ] GC(69) Pause Young (Allocation Failure)
[13.499s][info ][gc,task      ] GC(69) Using 4 workers of 4 for evacuation
[13.503s][debug][gc,ref       ] GC(69) Skipped phase1 of Reference Processing due to unavailable references
[13.503s][debug][gc,ref       ] GC(69) Skipped phase3 of Reference Processing due to unavailable references
[13.503s][debug][gc,age       ] GC(69) Desired survivor size 15400960 bytes, new threshold 6 (max threshold 6)
[13.503s][info ][gc,heap      ] GC(69) ParNew: 248115K->8605K(270976K)
[13.503s][info ][gc,heap      ] GC(69) CMS: 181312K->181408K(602112K)
[13.503s][info ][gc,metaspace ] GC(69) Metaspace: 46442K->46442K(1091584K)
[13.503s][info ][gc           ] GC(69) Pause Young (Allocation Failure) 419M->185M(852M) 4.576ms
[13.503s][info ][gc,cpu       ] GC(69) User=0.01s Sys=0.00s Real=0.00s
[13.503s][info ][safepoint    ] Leaving safepoint region
[13.503s][info ][safepoint    ] Total time for which application threads were stopped: 0.0051718 seconds, Stopping threads took: 0.0003459 seconds
[13.552s][info ][safepoint    ] Application time: 0.0492587 seconds
[13.560s][info ][safepoint    ] Entering safepoint region: GenCollectForAllocation
[13.560s][info ][gc,start     ] GC(70) Pause Young (Allocation Failure)
[13.560s][info ][gc,task      ] GC(70) Using 4 workers of 4 for evacuation
[13.564s][debug][gc,ref       ] GC(70) Skipped phase1 of Reference Processing due to unavailable references
[13.564s][debug][gc,ref       ] GC(70) Skipped phase3 of Reference Processing due to unavailable references
[13.564s][debug][gc,age       ] GC(70) Desired survivor size 15400960 bytes, new threshold 6 (max threshold 6)
[13.564s][info ][gc,heap      ] GC(70) ParNew: 249501K->9800K(270976K)
[13.564s][info ][gc,heap      ] GC(70) CMS: 181408K->182097K(602112K)
[13.564s][info ][gc,metaspace ] GC(70) Metaspace: 46461K->46461K(1091584K)
[13.564s][info ][gc           ] GC(70) Pause Young (Allocation Failure) 420M->187M(852M) 4.365ms
[13.564s][info ][gc,cpu       ] GC(70) User=0.02s Sys=0.00s Real=0.01s
[13.564s][info ][safepoint    ] Leaving safepoint region
[13.564s][info ][safepoint    ] Total time for which application threads were stopped: 0.0118547 seconds, Stopping threads took: 0.0072704 seconds
[13.618s][info ][safepoint    ] Application time: 0.0533821 seconds
[13.618s][info ][safepoint    ] Entering safepoint region: GenCollectForAllocation
[13.618s][info ][gc,start     ] GC(71) Pause Young (Allocation Failure)
[13.618s][info ][gc,task      ] GC(71) Using 4 workers of 4 for evacuation
[13.623s][debug][gc,ref       ] GC(71) Skipped phase1 of Reference Processing due to unavailable references
[13.623s][debug][gc,ref       ] GC(71) Skipped phase3 of Reference Processing due to unavailable references
[13.623s][debug][gc,ref       ] GC(71) Skipped phase4 of Reference Processing due to unavailable references
[13.624s][debug][gc,age       ] GC(71) Desired survivor size 15400960 bytes, new threshold 6 (max threshold 6)
[13.624s][info ][gc,heap      ] GC(71) ParNew: 250696K->10486K(270976K)
[13.624s][info ][gc,heap      ] GC(71) CMS: 182097K->183539K(602112K)
[13.624s][info ][gc,metaspace ] GC(71) Metaspace: 46484K->46484K(1091584K)
[13.624s][info ][gc           ] GC(71) Pause Young (Allocation Failure) 422M->189M(852M) 5.400ms
[13.624s][info ][gc,cpu       ] GC(71) User=0.02s Sys=0.00s Real=0.01s
[13.624s][info ][safepoint    ] Leaving safepoint region
[13.624s][info ][safepoint    ] Total time for which application threads were stopped: 0.0058920 seconds, Stopping threads took: 0.0002426 seconds
[13.682s][info ][safepoint    ] Application time: 0.0583942 seconds
[13.686s][info ][safepoint    ] Entering safepoint region: GenCollectForAllocation
[13.686s][info ][gc,start     ] GC(72) Pause Young (Allocation Failure)
[13.686s][info ][gc,task      ] GC(72) Using 4 workers of 4 for evacuation
[13.691s][debug][gc,ref       ] GC(72) Skipped phase1 of Reference Processing due to unavailable references
[13.691s][debug][gc,ref       ] GC(72) Skipped phase3 of Reference Processing due to unavailable references
[13.691s][debug][gc,ref       ] GC(72) Skipped phase4 of Reference Processing due to unavailable references
[13.691s][debug][gc,age       ] GC(72) Desired survivor size 15400960 bytes, new threshold 6 (max threshold 6)
[13.691s][info ][gc,heap      ] GC(72) ParNew: 251382K->11568K(270976K)
[13.691s][info ][gc,heap      ] GC(72) CMS: 183539K->184582K(602112K)
[13.691s][info ][gc,metaspace ] GC(72) Metaspace: 46538K->46538K(1091584K)
[13.691s][info ][gc           ] GC(72) Pause Young (Allocation Failure) 424M->191M(852M) 5.326ms
[13.691s][info ][gc,cpu       ] GC(72) User=0.02s Sys=0.00s Real=0.00s
[13.691s][info ][safepoint    ] Leaving safepoint region
[13.691s][info ][safepoint    ] Total time for which application threads were stopped: 0.0090427 seconds, Stopping threads took: 0.0035305 seconds
[13.760s][info ][safepoint    ] Application time: 0.0693305 seconds
[13.764s][info ][safepoint    ] Entering safepoint region: GenCollectForAllocation
[13.764s][info ][gc,start     ] GC(73) Pause Young (Allocation Failure)
[13.764s][info ][gc,task      ] GC(73) Using 4 workers of 4 for evacuation
[13.770s][debug][gc,ref       ] GC(73) Skipped phase1 of Reference Processing due to unavailable references
[13.770s][debug][gc,ref       ] GC(73) Skipped phase3 of Reference Processing due to unavailable references
[13.770s][debug][gc,age       ] GC(73) Desired survivor size 15400960 bytes, new threshold 6 (max threshold 6)
[13.770s][info ][gc,heap      ] GC(73) ParNew: 252464K->12899K(270976K)
[13.770s][info ][gc,heap      ] GC(73) CMS: 184582K->185189K(602112K)
[13.770s][info ][gc,metaspace ] GC(73) Metaspace: 46579K->46579K(1091584K)
[13.770s][info ][gc           ] GC(73) Pause Young (Allocation Failure) 426M->193M(852M) 5.545ms
[13.770s][info ][gc,cpu       ] GC(73) User=0.02s Sys=0.00s Real=0.00s
[13.770s][info ][safepoint    ] Leaving safepoint region
[13.770s][info ][safepoint    ] Total time for which application threads were stopped: 0.0093889 seconds, Stopping threads took: 0.0036224 seconds
[13.865s][info ][safepoint    ] Application time: 0.0953750 seconds
[13.866s][info ][safepoint    ] Entering safepoint region: GenCollectForAllocation
[13.866s][info ][gc,start     ] GC(74) Pause Young (Allocation Failure)
[13.866s][info ][gc,task      ] GC(74) Using 4 workers of 4 for evacuation
[13.872s][debug][gc,ref       ] GC(74) Skipped phase1 of Reference Processing due to unavailable references
[13.872s][debug][gc,ref       ] GC(74) Skipped phase2 of Reference Processing due to unavailable references
[13.872s][debug][gc,ref       ] GC(74) Skipped phase3 of Reference Processing due to unavailable references
[13.872s][debug][gc,ref       ] GC(74) Skipped phase4 of Reference Processing due to unavailable references
[13.872s][debug][gc,age       ] GC(74) Desired survivor size 15400960 bytes, new threshold 6 (max threshold 6)
[13.872s][info ][gc,heap      ] GC(74) ParNew: 253795K->16175K(270976K)
[13.872s][info ][gc,heap      ] GC(74) CMS: 185189K->186459K(602112K)
[13.872s][info ][gc,metaspace ] GC(74) Metaspace: 46611K->46611K(1091584K)
[13.872s][info ][gc           ] GC(74) Pause Young (Allocation Failure) 428M->197M(852M) 6.200ms
[13.872s][info ][gc,cpu       ] GC(74) User=0.03s Sys=0.00s Real=0.01s
[13.872s][info ][safepoint    ] Leaving safepoint region
[13.872s][info ][safepoint    ] Total time for which application threads were stopped: 0.0066563 seconds, Stopping threads took: 0.0002267 seconds
[13.928s][info ][safepoint    ] Application time: 0.0561980 seconds
[13.929s][info ][safepoint    ] Entering safepoint region: GenCollectForAllocation
[13.930s][info ][gc,start     ] GC(75) Pause Young (Allocation Failure)
[13.930s][info ][gc,task      ] GC(75) Using 4 workers of 4 for evacuation
[13.936s][debug][gc,ref       ] GC(75) Skipped phase1 of Reference Processing due to unavailable references
[13.936s][debug][gc,ref       ] GC(75) Skipped phase3 of Reference Processing due to unavailable references
[13.936s][debug][gc,ref       ] GC(75) Skipped phase4 of Reference Processing due to unavailable references
[13.936s][debug][gc,age       ] GC(75) Desired survivor size 15400960 bytes, new threshold 6 (max threshold 6)
[13.936s][info ][gc,heap      ] GC(75) ParNew: 257071K->18274K(270976K)
[13.936s][info ][gc,heap      ] GC(75) CMS: 186459K->187215K(602112K)
[13.936s][info ][gc,metaspace ] GC(75) Metaspace: 46620K->46620K(1091584K)
[13.936s][info ][gc           ] GC(75) Pause Young (Allocation Failure) 433M->200M(852M) 6.150ms
[13.936s][info ][gc,cpu       ] GC(75) User=0.02s Sys=0.00s Real=0.01s
[13.936s][info ][safepoint    ] Leaving safepoint region
[13.936s][info ][safepoint    ] Total time for which application threads were stopped: 0.0076299 seconds, Stopping threads took: 0.0012864 seconds
[13.993s][info ][safepoint    ] Application time: 0.0566872 seconds
[13.993s][info ][safepoint    ] Entering safepoint region: GenCollectForAllocation
[13.993s][info ][gc,start     ] GC(76) Pause Young (Allocation Failure)
[13.993s][info ][gc,task      ] GC(76) Using 4 workers of 4 for evacuation
[14.001s][debug][gc,ref       ] GC(76) Skipped phase1 of Reference Processing due to unavailable references
[14.001s][debug][gc,ref       ] GC(76) Skipped phase3 of Reference Processing due to unavailable references
[14.001s][debug][gc,ref       ] GC(76) Skipped phase4 of Reference Processing due to unavailable references
[14.001s][debug][gc,age       ] GC(76) Desired survivor size 15400960 bytes, new threshold 6 (max threshold 6)
[14.001s][info ][gc,heap      ] GC(76) ParNew: 259170K->17563K(270976K)
[14.001s][info ][gc,heap      ] GC(76) CMS: 187215K->188185K(602112K)
[14.001s][info ][gc,metaspace ] GC(76) Metaspace: 46642K->46642K(1091584K)
[14.001s][info ][gc           ] GC(76) Pause Young (Allocation Failure) 435M->200M(852M) 7.390ms
[14.001s][info ][gc,cpu       ] GC(76) User=0.03s Sys=0.00s Real=0.00s
[14.001s][info ][safepoint    ] Leaving safepoint region
[14.001s][info ][safepoint    ] Total time for which application threads were stopped: 0.0081406 seconds, Stopping threads took: 0.0004743 seconds
[14.050s][info ][safepoint    ] Application time: 0.0492561 seconds
[14.050s][info ][safepoint    ] Entering safepoint region: GenCollectForAllocation
[14.050s][info ][gc,start     ] GC(77) Pause Young (Allocation Failure)
[14.051s][info ][gc,task      ] GC(77) Using 4 workers of 4 for evacuation
[14.059s][debug][gc,ref       ] GC(77) Skipped phase1 of Reference Processing due to unavailable references
[14.059s][debug][gc,ref       ] GC(77) Skipped phase3 of Reference Processing due to unavailable references
[14.059s][debug][gc,ref       ] GC(77) Skipped phase4 of Reference Processing due to unavailable references
[14.059s][debug][gc,age       ] GC(77) Desired survivor size 15400960 bytes, new threshold 6 (max threshold 6)
[14.059s][info ][gc,heap      ] GC(77) ParNew: 258459K->18409K(270976K)
[14.059s][info ][gc,heap      ] GC(77) CMS: 188185K->190338K(602112K)
[14.059s][info ][gc,metaspace ] GC(77) Metaspace: 46655K->46655K(1091584K)
[14.059s][info ][gc           ] GC(77) Pause Young (Allocation Failure) 436M->203M(852M) 8.692ms
[14.059s][info ][gc,cpu       ] GC(77) User=0.04s Sys=0.00s Real=0.01s
[14.059s][info ][safepoint    ] Leaving safepoint region
[14.059s][info ][safepoint    ] Total time for which application threads were stopped: 0.0091306 seconds, Stopping threads took: 0.0001930 seconds
[14.097s][info ][safepoint    ] Application time: 0.0373795 seconds
[14.103s][info ][safepoint    ] Entering safepoint region: GenCollectForAllocation
[14.103s][info ][gc,start     ] GC(78) Pause Young (Allocation Failure)
[14.103s][info ][gc,task      ] GC(78) Using 4 workers of 4 for evacuation
[14.116s][debug][gc,ref       ] GC(78) Skipped phase1 of Reference Processing due to unavailable references
[14.116s][debug][gc,ref       ] GC(78) Skipped phase3 of Reference Processing due to unavailable references
[14.116s][debug][gc,ref       ] GC(78) Skipped phase4 of Reference Processing due to unavailable references
[14.116s][debug][gc,age       ] GC(78) Desired survivor size 15400960 bytes, new threshold 6 (max threshold 6)
[14.116s][info ][gc,heap      ] GC(78) ParNew: 259305K->21866K(270976K)
[14.116s][info ][gc,heap      ] GC(78) CMS: 190338K->192196K(602112K)
[14.116s][info ][gc,metaspace ] GC(78) Metaspace: 46661K->46661K(1091584K)
[14.116s][info ][gc           ] GC(78) Pause Young (Allocation Failure) 439M->209M(852M) 13.255ms
[14.116s][info ][gc,cpu       ] GC(78) User=0.04s Sys=0.00s Real=0.02s
[14.116s][info ][safepoint    ] Leaving safepoint region
[14.116s][info ][safepoint    ] Total time for which application threads were stopped: 0.0194189 seconds, Stopping threads took: 0.0059647 seconds
[14.161s][info ][safepoint    ] Application time: 0.0446152 seconds
[14.164s][info ][safepoint    ] Entering safepoint region: GenCollectForAllocation
[14.164s][info ][gc,start     ] GC(79) Pause Young (Allocation Failure)
[14.164s][info ][gc,task      ] GC(79) Using 4 workers of 4 for evacuation
[14.171s][debug][gc,ref       ] GC(79) Skipped phase1 of Reference Processing due to unavailable references
[14.171s][debug][gc,ref       ] GC(79) Skipped phase3 of Reference Processing due to unavailable references
[14.171s][debug][gc,ref       ] GC(79) Skipped phase4 of Reference Processing due to unavailable references
[14.171s][debug][gc,age       ] GC(79) Desired survivor size 15400960 bytes, new threshold 6 (max threshold 6)
[14.171s][info ][gc,heap      ] GC(79) ParNew: 262762K->17468K(270976K)
[14.171s][info ][gc,heap      ] GC(79) CMS: 192196K->193525K(602112K)
[14.171s][info ][gc,metaspace ] GC(79) Metaspace: 46692K->46692K(1091584K)
[14.172s][info ][gc           ] GC(79) Pause Young (Allocation Failure) 444M->206M(852M) 7.126ms
[14.172s][info ][gc,cpu       ] GC(79) User=0.03s Sys=0.00s Real=0.00s
[14.172s][info ][safepoint    ] Leaving safepoint region
[14.172s][info ][safepoint    ] Total time for which application threads were stopped: 0.0108298 seconds, Stopping threads took: 0.0034738 seconds
[14.275s][info ][safepoint    ] Application time: 0.1034172 seconds
[14.276s][info ][safepoint    ] Entering safepoint region: GenCollectForAllocation
[14.276s][info ][gc,start     ] GC(80) Pause Young (Allocation Failure)
[14.276s][info ][gc,task      ] GC(80) Using 4 workers of 4 for evacuation
[14.287s][debug][gc,ref       ] GC(80) Skipped phase1 of Reference Processing due to unavailable references
[14.287s][debug][gc,ref       ] GC(80) Skipped phase3 of Reference Processing due to unavailable references
[14.287s][debug][gc,ref       ] GC(80) Skipped phase4 of Reference Processing due to unavailable references
[14.287s][debug][gc,age       ] GC(80) Desired survivor size 15400960 bytes, new threshold 6 (max threshold 6)
[14.287s][info ][gc,heap      ] GC(80) ParNew: 258364K->20632K(270976K)
[14.287s][info ][gc,heap      ] GC(80) CMS: 193525K->197732K(602112K)
[14.287s][info ][gc,metaspace ] GC(80) Metaspace: 46729K->46729K(1091584K)
[14.287s][info ][gc           ] GC(80) Pause Young (Allocation Failure) 441M->213M(852M) 10.999ms
[14.287s][info ][gc,cpu       ] GC(80) User=0.04s Sys=0.00s Real=0.01s
[14.287s][info ][safepoint    ] Leaving safepoint region
[14.287s][info ][safepoint    ] Total time for which application threads were stopped: 0.0119586 seconds, Stopping threads took: 0.0007397 seconds
[14.338s][info ][safepoint    ] Application time: 0.0513379 seconds
[14.339s][info ][safepoint    ] Entering safepoint region: GenCollectForAllocation
[14.339s][info ][gc,start     ] GC(81) Pause Young (Allocation Failure)
[14.339s][info ][gc,task      ] GC(81) Using 4 workers of 4 for evacuation
[14.347s][debug][gc,ref       ] GC(81) Skipped phase1 of Reference Processing due to unavailable references
[14.347s][debug][gc,ref       ] GC(81) Skipped phase2 of Reference Processing due to unavailable references
[14.347s][debug][gc,ref       ] GC(81) Skipped phase3 of Reference Processing due to unavailable references
[14.347s][debug][gc,ref       ] GC(81) Skipped phase4 of Reference Processing due to unavailable references
[14.347s][debug][gc,age       ] GC(81) Desired survivor size 15400960 bytes, new threshold 6 (max threshold 6)
[14.347s][info ][gc,heap      ] GC(81) ParNew: 261528K->21364K(270976K)
[14.347s][info ][gc,heap      ] GC(81) CMS: 197732K->199413K(602112K)
[14.347s][info ][gc,metaspace ] GC(81) Metaspace: 46738K->46738K(1091584K)
[14.347s][info ][gc           ] GC(81) Pause Young (Allocation Failure) 448M->215M(852M) 8.099ms
[14.347s][info ][gc,cpu       ] GC(81) User=0.04s Sys=0.00s Real=0.01s
[14.347s][info ][safepoint    ] Leaving safepoint region
[14.347s][info ][safepoint    ] Total time for which application threads were stopped: 0.0086051 seconds, Stopping threads took: 0.0003128 seconds
[14.389s][info ][safepoint    ] Application time: 0.0422099 seconds
[14.390s][info ][safepoint    ] Entering safepoint region: GenCollectForAllocation
[14.390s][info ][gc,start     ] GC(82) Pause Young (Allocation Failure)
[14.390s][info ][gc,task      ] GC(82) Using 4 workers of 4 for evacuation
[14.398s][debug][gc,ref       ] GC(82) Skipped phase1 of Reference Processing due to unavailable references
[14.398s][debug][gc,ref       ] GC(82) Skipped phase2 of Reference Processing due to unavailable references
[14.398s][debug][gc,ref       ] GC(82) Skipped phase3 of Reference Processing due to unavailable references
[14.398s][debug][gc,ref       ] GC(82) Skipped phase4 of Reference Processing due to unavailable references
[14.398s][debug][gc,age       ] GC(82) Desired survivor size 15400960 bytes, new threshold 6 (max threshold 6)
[14.398s][info ][gc,heap      ] GC(82) ParNew: 262260K->29236K(270976K)
[14.398s][info ][gc,heap      ] GC(82) CMS: 199413K->200785K(602112K)
[14.398s][info ][gc,metaspace ] GC(82) Metaspace: 46741K->46741K(1091584K)
[14.398s][info ][gc           ] GC(82) Pause Young (Allocation Failure) 450M->224M(852M) 7.632ms
[14.398s][info ][gc,cpu       ] GC(82) User=0.04s Sys=0.00s Real=0.01s
[14.398s][info ][safepoint    ] Leaving safepoint region
[14.398s][info ][safepoint    ] Total time for which application threads were stopped: 0.0086830 seconds, Stopping threads took: 0.0008088 seconds
[14.450s][info ][safepoint    ] Application time: 0.0518344 seconds
[14.451s][info ][safepoint    ] Entering safepoint region: GenCollectForAllocation
[14.451s][info ][gc,start     ] GC(83) Pause Young (Allocation Failure)
[14.451s][info ][gc,task      ] GC(83) Using 4 workers of 4 for evacuation
[14.459s][debug][gc,ref       ] GC(83) Skipped phase1 of Reference Processing due to unavailable references
[14.459s][debug][gc,ref       ] GC(83) Skipped phase2 of Reference Processing due to unavailable references
[14.459s][debug][gc,ref       ] GC(83) Skipped phase3 of Reference Processing due to unavailable references
[14.459s][debug][gc,ref       ] GC(83) Skipped phase4 of Reference Processing due to unavailable references
[14.459s][debug][gc,age       ] GC(83) Desired survivor size 15400960 bytes, new threshold 6 (max threshold 6)
[14.459s][info ][gc,heap      ] GC(83) ParNew: 270132K->19248K(270976K)
[14.459s][info ][gc,heap      ] GC(83) CMS: 200785K->203030K(602112K)
[14.459s][info ][gc,metaspace ] GC(83) Metaspace: 46748K->46748K(1091584K)
[14.459s][info ][gc           ] GC(83) Pause Young (Allocation Failure) 459M->217M(852M) 8.097ms
[14.459s][info ][gc,cpu       ] GC(83) User=0.03s Sys=0.00s Real=0.01s
[14.459s][info ][safepoint    ] Leaving safepoint region
[14.459s][info ][safepoint    ] Total time for which application threads were stopped: 0.0096674 seconds, Stopping threads took: 0.0013781 seconds
[14.503s][info ][safepoint    ] Application time: 0.0431195 seconds
[14.504s][info ][safepoint    ] Entering safepoint region: GenCollectForAllocation
[14.504s][info ][gc,start     ] GC(84) Pause Young (Allocation Failure)
[14.504s][info ][gc,task      ] GC(84) Using 4 workers of 4 for evacuation
[14.512s][debug][gc,ref       ] GC(84) Skipped phase1 of Reference Processing due to unavailable references
[14.512s][debug][gc,ref       ] GC(84) Skipped phase2 of Reference Processing due to unavailable references
[14.512s][debug][gc,ref       ] GC(84) Skipped phase3 of Reference Processing due to unavailable references
[14.512s][debug][gc,ref       ] GC(84) Skipped phase4 of Reference Processing due to unavailable references
[14.512s][debug][gc,age       ] GC(84) Desired survivor size 15400960 bytes, new threshold 6 (max threshold 6)
[14.512s][info ][gc,heap      ] GC(84) ParNew: 260144K->24856K(270976K)
[14.512s][info ][gc,heap      ] GC(84) CMS: 203030K->204718K(602112K)
[14.512s][info ][gc,metaspace ] GC(84) Metaspace: 46757K->46757K(1091584K)
[14.512s][info ][gc           ] GC(84) Pause Young (Allocation Failure) 452M->224M(852M) 7.971ms
[14.512s][info ][gc,cpu       ] GC(84) User=0.03s Sys=0.00s Real=0.01s
[14.512s][info ][safepoint    ] Leaving safepoint region
[14.512s][info ][safepoint    ] Total time for which application threads were stopped: 0.0093545 seconds, Stopping threads took: 0.0011757 seconds
[14.574s][info ][safepoint    ] Application time: 0.0618258 seconds
[14.576s][info ][safepoint    ] Entering safepoint region: GenCollectForAllocation
[14.576s][info ][gc,start     ] GC(85) Pause Young (Allocation Failure)
[14.576s][info ][gc,task      ] GC(85) Using 4 workers of 4 for evacuation
[14.588s][debug][gc,ref       ] GC(85) Skipped phase1 of Reference Processing due to unavailable references
[14.588s][debug][gc,ref       ] GC(85) Skipped phase2 of Reference Processing due to unavailable references
[14.588s][debug][gc,ref       ] GC(85) Skipped phase3 of Reference Processing due to unavailable references
[14.588s][debug][gc,ref       ] GC(85) Skipped phase4 of Reference Processing due to unavailable references
[14.588s][debug][gc,age       ] GC(85) Desired survivor size 15400960 bytes, new threshold 6 (max threshold 6)
[14.588s][info ][gc,heap      ] GC(85) ParNew: 265752K->23260K(270976K)
[14.588s][info ][gc,heap      ] GC(85) CMS: 204718K->206809K(602112K)
[14.588s][info ][gc,metaspace ] GC(85) Metaspace: 46771K->46771K(1091584K)
[14.588s][info ][gc           ] GC(85) Pause Young (Allocation Failure) 459M->224M(852M) 12.488ms
[14.588s][info ][gc,cpu       ] GC(85) User=0.04s Sys=0.00s Real=0.01s
[14.588s][info ][safepoint    ] Leaving safepoint region
[14.588s][info ][safepoint    ] Total time for which application threads were stopped: 0.0146701 seconds, Stopping threads took: 0.0019717 seconds
[14.663s][info ][safepoint    ] Application time: 0.0746811 seconds
[14.665s][info ][safepoint    ] Entering safepoint region: GenCollectForAllocation
[14.666s][info ][gc,start     ] GC(86) Pause Young (Allocation Failure)
[14.666s][info ][gc,task      ] GC(86) Using 4 workers of 4 for evacuation
[14.678s][debug][gc,ref       ] GC(86) Skipped phase1 of Reference Processing due to unavailable references
[14.678s][debug][gc,ref       ] GC(86) Skipped phase2 of Reference Processing due to unavailable references
[14.678s][debug][gc,ref       ] GC(86) Skipped phase3 of Reference Processing due to unavailable references
[14.678s][debug][gc,ref       ] GC(86) Skipped phase4 of Reference Processing due to unavailable references
[14.678s][debug][gc,age       ] GC(86) Desired survivor size 15400960 bytes, new threshold 6 (max threshold 6)
[14.678s][info ][gc,heap      ] GC(86) ParNew: 264156K->17159K(270976K)
[14.678s][info ][gc,heap      ] GC(86) CMS: 206809K->213010K(602112K)
[14.678s][info ][gc,metaspace ] GC(86) Metaspace: 46777K->46777K(1091584K)
[14.678s][info ][gc           ] GC(86) Pause Young (Allocation Failure) 459M->224M(852M) 12.580ms
[14.678s][info ][gc,cpu       ] GC(86) User=0.04s Sys=0.00s Real=0.01s
[14.678s][info ][safepoint    ] Leaving safepoint region
[14.678s][info ][safepoint    ] Total time for which application threads were stopped: 0.0149729 seconds, Stopping threads took: 0.0021878 seconds
[14.731s][info ][safepoint    ] Application time: 0.0527860 seconds
[14.731s][info ][safepoint    ] Entering safepoint region: GenCollectForAllocation
[14.732s][info ][gc,start     ] GC(87) Pause Young (Allocation Failure)
[14.732s][info ][gc,task      ] GC(87) Using 4 workers of 4 for evacuation
[14.739s][debug][gc,ref       ] GC(87) Skipped phase1 of Reference Processing due to unavailable references
[14.739s][debug][gc,ref       ] GC(87) Skipped phase3 of Reference Processing due to unavailable references
[14.739s][debug][gc,age       ] GC(87) Desired survivor size 15400960 bytes, new threshold 6 (max threshold 6)
[14.739s][info ][gc,heap      ] GC(87) ParNew: 258055K->25425K(270976K)
[14.739s][info ][gc,heap      ] GC(87) CMS: 213010K->214367K(602112K)
[14.739s][info ][gc,metaspace ] GC(87) Metaspace: 46875K->46875K(1091584K)
[14.739s][info ][gc           ] GC(87) Pause Young (Allocation Failure) 460M->234M(852M) 7.751ms
[14.739s][info ][gc,cpu       ] GC(87) User=0.03s Sys=0.00s Real=0.00s
[14.739s][info ][safepoint    ] Leaving safepoint region
[14.739s][info ][safepoint    ] Total time for which application threads were stopped: 0.0082804 seconds, Stopping threads took: 0.0002764 seconds
[14.780s][info ][safepoint    ] Application time: 0.0402965 seconds
[14.780s][info ][safepoint    ] Entering safepoint region: GenCollectForAllocation
[14.780s][info ][gc,start     ] GC(88) Pause Young (Allocation Failure)
[14.780s][info ][gc,task      ] GC(88) Using 4 workers of 4 for evacuation
[14.788s][debug][gc,ref       ] GC(88) Skipped phase1 of Reference Processing due to unavailable references
[14.788s][debug][gc,ref       ] GC(88) Skipped phase3 of Reference Processing due to unavailable references
[14.788s][debug][gc,age       ] GC(88) Desired survivor size 15400960 bytes, new threshold 6 (max threshold 6)
[14.788s][info ][gc,heap      ] GC(88) ParNew: 266321K->18434K(270976K)
[14.788s][info ][gc,heap      ] GC(88) CMS: 214367K->216880K(602112K)
[14.788s][info ][gc,metaspace ] GC(88) Metaspace: 46906K->46906K(1091584K)
[14.788s][info ][gc           ] GC(88) Pause Young (Allocation Failure) 469M->229M(852M) 7.556ms
[14.788s][info ][gc,cpu       ] GC(88) User=0.04s Sys=0.00s Real=0.01s
[14.788s][info ][safepoint    ] Leaving safepoint region
[14.788s][info ][safepoint    ] Total time for which application threads were stopped: 0.0081586 seconds, Stopping threads took: 0.0003842 seconds
[14.825s][info ][safepoint    ] Application time: 0.0375722 seconds
[14.829s][info ][safepoint    ] Entering safepoint region: GenCollectForAllocation
[14.829s][info ][gc,start     ] GC(89) Pause Young (Allocation Failure)
[14.829s][info ][gc,task      ] GC(89) Using 4 workers of 4 for evacuation
[14.840s][debug][gc,ref       ] GC(89) Skipped phase1 of Reference Processing due to unavailable references
[14.840s][debug][gc,ref       ] GC(89) Skipped phase3 of Reference Processing due to unavailable references
[14.840s][debug][gc,age       ] GC(89) Desired survivor size 15400960 bytes, new threshold 6 (max threshold 6)
[14.840s][info ][gc,heap      ] GC(89) ParNew: 259330K->18646K(270976K)
[14.840s][info ][gc,heap      ] GC(89) CMS: 216880K->218979K(602112K)
[14.840s][info ][gc,metaspace ] GC(89) Metaspace: 46929K->46929K(1091584K)
[14.840s][info ][gc           ] GC(89) Pause Young (Allocation Failure) 465M->232M(852M) 11.011ms
[14.840s][info ][gc,cpu       ] GC(89) User=0.04s Sys=0.00s Real=0.01s
[14.840s][info ][safepoint    ] Leaving safepoint region
[14.840s][info ][safepoint    ] Total time for which application threads were stopped: 0.0147297 seconds, Stopping threads took: 0.0034959 seconds
[14.862s][info ][safepoint    ] Application time: 0.0219222 seconds
[14.864s][info ][safepoint    ] Entering safepoint region: Deoptimize
[14.867s][info ][safepoint    ] Leaving safepoint region
[14.868s][info ][safepoint    ] Total time for which application threads were stopped: 0.0053191 seconds, Stopping threads took: 0.0015117 seconds
[14.910s][info ][safepoint    ] Application time: 0.0426664 seconds
[14.914s][info ][safepoint    ] Entering safepoint region: GenCollectForAllocation
[14.914s][info ][gc,start     ] GC(90) Pause Young (Allocation Failure)
[14.914s][info ][gc,task      ] GC(90) Using 4 workers of 4 for evacuation
[14.922s][debug][gc,ref       ] GC(90) Skipped phase1 of Reference Processing due to unavailable references
[14.922s][debug][gc,ref       ] GC(90) Skipped phase3 of Reference Processing due to unavailable references
[14.922s][debug][gc,age       ] GC(90) Desired survivor size 15400960 bytes, new threshold 6 (max threshold 6)
[14.922s][info ][gc,heap      ] GC(90) ParNew: 259542K->16031K(270976K)
[14.922s][info ][gc,heap      ] GC(90) CMS: 218979K->220850K(602112K)
[14.922s][info ][gc,metaspace ] GC(90) Metaspace: 47104K->47104K(1091584K)
[14.922s][info ][gc           ] GC(90) Pause Young (Allocation Failure) 467M->231M(852M) 8.012ms
[14.922s][info ][gc,cpu       ] GC(90) User=0.03s Sys=0.00s Real=0.00s
[14.922s][info ][safepoint    ] Leaving safepoint region
[14.922s][info ][safepoint    ] Total time for which application threads were stopped: 0.0118986 seconds, Stopping threads took: 0.0036475 seconds
[14.990s][info ][safepoint    ] Application time: 0.0677463 seconds
[14.994s][info ][safepoint    ] Entering safepoint region: RevokeBias
[14.995s][info ][safepoint    ] Leaving safepoint region
[14.995s][info ][safepoint    ] Total time for which application threads were stopped: 0.0045155 seconds, Stopping threads took: 0.0043363 seconds
[14.995s][info ][safepoint    ] Application time: 0.0000573 seconds
[14.998s][info ][safepoint    ] Entering safepoint region: RevokeBias
[14.998s][info ][safepoint    ] Leaving safepoint region
[14.998s][info ][safepoint    ] Total time for which application threads were stopped: 0.0035620 seconds, Stopping threads took: 0.0034448 seconds
[15.000s][info ][safepoint    ] Application time: 0.0017786 seconds
[15.000s][info ][safepoint    ] Entering safepoint region: RevokeBias
[15.000s][info ][safepoint    ] Leaving safepoint region
[15.000s][info ][safepoint    ] Total time for which application threads were stopped: 0.0002077 seconds, Stopping threads took: 0.0001221 seconds
[15.004s][info ][safepoint    ] Application time: 0.0035688 seconds
[15.007s][info ][safepoint    ] Entering safepoint region: GenCollectForAllocation
[15.007s][info ][gc,start     ] GC(91) Pause Young (Allocation Failure)
[15.007s][info ][gc,task      ] GC(91) Using 4 workers of 4 for evacuation
[15.017s][debug][gc,ref       ] GC(91) Skipped phase1 of Reference Processing due to unavailable references
[15.017s][debug][gc,ref       ] GC(91) Skipped phase3 of Reference Processing due to unavailable references
[15.017s][debug][gc,age       ] GC(91) Desired survivor size 15400960 bytes, new threshold 6 (max threshold 6)
[15.017s][info ][gc,heap      ] GC(91) ParNew: 256927K->17904K(270976K)
[15.017s][info ][gc,heap      ] GC(91) CMS: 220850K->224780K(602112K)
[15.017s][info ][gc,metaspace ] GC(91) Metaspace: 47127K->47127K(1091584K)
[15.017s][info ][gc           ] GC(91) Pause Young (Allocation Failure) 466M->236M(852M) 10.202ms
[15.017s][info ][gc,cpu       ] GC(91) User=0.04s Sys=0.00s Real=0.01s
[15.017s][info ][safepoint    ] Leaving safepoint region
[15.017s][info ][safepoint    ] Total time for which application threads were stopped: 0.0137256 seconds, Stopping threads took: 0.0033578 seconds
[15.032s][info ][safepoint    ] Application time: 0.0147217 seconds
[15.033s][info ][safepoint    ] Entering safepoint region: RevokeBias
[15.033s][info ][safepoint    ] Leaving safepoint region
[15.033s][info ][safepoint    ] Total time for which application threads were stopped: 0.0005200 seconds, Stopping threads took: 0.0003580 seconds
[15.033s][info ][safepoint    ] Application time: 0.0006553 seconds
[15.037s][info ][safepoint    ] Entering safepoint region: RevokeBias
[15.037s][info ][safepoint    ] Leaving safepoint region
[15.037s][info ][safepoint    ] Total time for which application threads were stopped: 0.0033838 seconds, Stopping threads took: 0.0032598 seconds
[15.037s][info ][safepoint    ] Application time: 0.0000722 seconds
[15.037s][info ][safepoint    ] Entering safepoint region: RevokeBias
[15.037s][info ][safepoint    ] Leaving safepoint region
[15.037s][info ][safepoint    ] Total time for which application threads were stopped: 0.0002048 seconds, Stopping threads took: 0.0000937 seconds
[15.103s][info ][safepoint    ] Application time: 0.0654018 seconds
[15.107s][info ][safepoint    ] Entering safepoint region: GenCollectForAllocation
[15.107s][info ][gc,start     ] GC(92) Pause Young (Allocation Failure)
[15.107s][info ][gc,task      ] GC(92) Using 4 workers of 4 for evacuation
[15.117s][debug][gc,ref       ] GC(92) Skipped phase1 of Reference Processing due to unavailable references
[15.117s][debug][gc,ref       ] GC(92) Skipped phase3 of Reference Processing due to unavailable references
[15.117s][debug][gc,age       ] GC(92) Desired survivor size 15400960 bytes, new threshold 6 (max threshold 6)
[15.118s][info ][gc,heap      ] GC(92) ParNew: 258800K->23714K(270976K)
[15.118s][info ][gc,heap      ] GC(92) CMS: 224780K->226823K(602112K)
[15.118s][info ][gc,metaspace ] GC(92) Metaspace: 47158K->47158K(1091584K)
[15.118s][info ][gc           ] GC(92) Pause Young (Allocation Failure) 472M->244M(852M) 10.205ms
[15.118s][info ][gc,cpu       ] GC(92) User=0.04s Sys=0.00s Real=0.01s
[15.118s][info ][safepoint    ] Leaving safepoint region
[15.118s][info ][safepoint    ] Total time for which application threads were stopped: 0.0150369 seconds, Stopping threads took: 0.0046144 seconds
[15.181s][info ][safepoint    ] Application time: 0.0631519 seconds
[15.181s][info ][safepoint    ] Entering safepoint region: GenCollectForAllocation
[15.181s][info ][gc,start     ] GC(93) Pause Young (Allocation Failure)
[15.181s][info ][gc,task      ] GC(93) Using 4 workers of 4 for evacuation
[15.191s][debug][gc,ref       ] GC(93) Skipped phase1 of Reference Processing due to unavailable references
[15.191s][debug][gc,ref       ] GC(93) Skipped phase3 of Reference Processing due to unavailable references
[15.191s][debug][gc,age       ] GC(93) Desired survivor size 15400960 bytes, new threshold 6 (max threshold 6)
[15.191s][info ][gc,heap      ] GC(93) ParNew: 264610K->17207K(270976K)
[15.191s][info ][gc,heap      ] GC(93) CMS: 226823K->229071K(602112K)
[15.191s][info ][gc,metaspace ] GC(93) Metaspace: 47596K->47596K(1091584K)
[15.191s][info ][gc           ] GC(93) Pause Young (Allocation Failure) 479M->240M(852M) 9.387ms
[15.191s][info ][gc,cpu       ] GC(93) User=0.04s Sys=0.00s Real=0.01s
[15.191s][info ][safepoint    ] Leaving safepoint region
[15.191s][info ][safepoint    ] Total time for which application threads were stopped: 0.0100431 seconds, Stopping threads took: 0.0003107 seconds
[15.234s][info ][safepoint    ] Application time: 0.0429764 seconds
[15.237s][info ][safepoint    ] Entering safepoint region: GenCollectForAllocation
[15.237s][info ][gc,start     ] GC(94) Pause Young (Allocation Failure)
[15.237s][info ][gc,task      ] GC(94) Using 4 workers of 4 for evacuation
[15.245s][debug][gc,ref       ] GC(94) Skipped phase1 of Reference Processing due to unavailable references
[15.245s][debug][gc,ref       ] GC(94) Skipped phase3 of Reference Processing due to unavailable references
[15.245s][debug][gc,age       ] GC(94) Desired survivor size 15400960 bytes, new threshold 6 (max threshold 6)
[15.245s][info ][gc,heap      ] GC(94) ParNew: 258103K->19241K(270976K)
[15.245s][info ][gc,heap      ] GC(94) CMS: 229071K->230506K(602112K)
[15.245s][info ][gc,metaspace ] GC(94) Metaspace: 47755K->47755K(1091584K)
[15.245s][info ][gc           ] GC(94) Pause Young (Allocation Failure) 475M->243M(852M) 7.889ms
[15.245s][info ][gc,cpu       ] GC(94) User=0.03s Sys=0.00s Real=0.01s
[15.245s][info ][safepoint    ] Leaving safepoint region
[15.245s][info ][safepoint    ] Total time for which application threads were stopped: 0.0115094 seconds, Stopping threads took: 0.0034198 seconds
[15.302s][info ][safepoint    ] Application time: 0.0567913 seconds
[15.303s][info ][safepoint    ] Entering safepoint region: GenCollectForAllocation
[15.303s][info ][gc,start     ] GC(95) Pause Young (Allocation Failure)
[15.303s][info ][gc,task      ] GC(95) Using 4 workers of 4 for evacuation
[15.315s][debug][gc,ref       ] GC(95) Skipped phase1 of Reference Processing due to unavailable references
[15.315s][debug][gc,ref       ] GC(95) Skipped phase3 of Reference Processing due to unavailable references
[15.315s][debug][gc,age       ] GC(95) Desired survivor size 15400960 bytes, new threshold 6 (max threshold 6)
[15.315s][info ][gc,heap      ] GC(95) ParNew: 260137K->13030K(270976K)
[15.315s][info ][gc,heap      ] GC(95) CMS: 230506K->232061K(602112K)
[15.315s][info ][gc,metaspace ] GC(95) Metaspace: 47787K->47787K(1093632K)
[15.315s][info ][gc           ] GC(95) Pause Young (Allocation Failure) 479M->239M(852M) 12.124ms
[15.315s][info ][gc,cpu       ] GC(95) User=0.04s Sys=0.00s Real=0.02s
[15.315s][info ][safepoint    ] Leaving safepoint region
[15.315s][info ][safepoint    ] Total time for which application threads were stopped: 0.0126670 seconds, Stopping threads took: 0.0003184 seconds
[15.387s][info ][safepoint    ] Application time: 0.0724170 seconds
[15.388s][info ][safepoint    ] Entering safepoint region: GenCollectForAllocation
[15.388s][info ][gc,start     ] GC(96) Pause Young (Allocation Failure)
[15.388s][info ][gc,task      ] GC(96) Using 4 workers of 4 for evacuation
[15.396s][debug][gc,ref       ] GC(96) Skipped phase1 of Reference Processing due to unavailable references
[15.396s][debug][gc,ref       ] GC(96) Skipped phase3 of Reference Processing due to unavailable references
[15.396s][debug][gc,age       ] GC(96) Desired survivor size 15400960 bytes, new threshold 6 (max threshold 6)
[15.396s][info ][gc,heap      ] GC(96) ParNew: 253926K->14028K(270976K)
[15.396s][info ][gc,heap      ] GC(96) CMS: 232061K->232296K(602112K)
[15.396s][info ][gc,metaspace ] GC(96) Metaspace: 47942K->47942K(1093632K)
[15.396s][info ][gc           ] GC(96) Pause Young (Allocation Failure) 474M->240M(852M) 7.860ms
[15.396s][info ][gc,cpu       ] GC(96) User=0.03s Sys=0.00s Real=0.01s
[15.396s][info ][safepoint    ] Leaving safepoint region
[15.396s][info ][safepoint    ] Total time for which application threads were stopped: 0.0086332 seconds, Stopping threads took: 0.0005593 seconds
[15.477s][info ][safepoint    ] Application time: 0.0810375 seconds
[15.481s][info ][safepoint    ] Entering safepoint region: GenCollectForAllocation
[15.481s][info ][gc,start     ] GC(97) Pause Young (Allocation Failure)
[15.481s][info ][gc,task      ] GC(97) Using 4 workers of 4 for evacuation
[15.490s][debug][gc,ref       ] GC(97) Skipped phase1 of Reference Processing due to unavailable references
[15.490s][debug][gc,ref       ] GC(97) Skipped phase3 of Reference Processing due to unavailable references
[15.490s][debug][gc,age       ] GC(97) Desired survivor size 15400960 bytes, new threshold 6 (max threshold 6)
[15.490s][info ][gc,heap      ] GC(97) ParNew: 254924K->9888K(270976K)
[15.490s][info ][gc,heap      ] GC(97) CMS: 232296K->236183K(602112K)
[15.490s][info ][gc,metaspace ] GC(97) Metaspace: 48016K->48016K(1093632K)
[15.490s][info ][gc           ] GC(97) Pause Young (Allocation Failure) 475M->240M(852M) 8.601ms
[15.490s][info ][gc,cpu       ] GC(97) User=0.03s Sys=0.00s Real=0.01s
[15.490s][info ][safepoint    ] Leaving safepoint region
[15.490s][info ][safepoint    ] Total time for which application threads were stopped: 0.0129185 seconds, Stopping threads took: 0.0039805 seconds
[15.496s][info ][safepoint    ] Application time: 0.0061320 seconds
[15.505s][info ][safepoint    ] Entering safepoint region: Deoptimize
[15.506s][info ][safepoint    ] Leaving safepoint region
[15.506s][info ][safepoint    ] Total time for which application threads were stopped: 0.0100384 seconds, Stopping threads took: 0.0089199 seconds
[15.518s][info ][safepoint    ] Application time: 0.0120222 seconds
[15.518s][info ][safepoint    ] Entering safepoint region: Deoptimize
[15.519s][info ][safepoint    ] Leaving safepoint region
[15.519s][info ][safepoint    ] Total time for which application threads were stopped: 0.0012648 seconds, Stopping threads took: 0.0002605 seconds
[15.573s][info ][safepoint    ] Application time: 0.0535554 seconds
[15.574s][info ][safepoint    ] Entering safepoint region: GenCollectForAllocation
[15.575s][info ][gc,start     ] GC(98) Pause Young (Allocation Failure)
[15.575s][info ][gc,task      ] GC(98) Using 4 workers of 4 for evacuation
[15.583s][debug][gc,ref       ] GC(98) Skipped phase1 of Reference Processing due to unavailable references
[15.583s][debug][gc,ref       ] GC(98) Skipped phase3 of Reference Processing due to unavailable references
[15.583s][debug][gc,age       ] GC(98) Desired survivor size 15400960 bytes, new threshold 6 (max threshold 6)
[15.583s][info ][gc,heap      ] GC(98) ParNew: 250784K->7424K(270976K)
[15.583s][info ][gc,heap      ] GC(98) CMS: 236183K->240849K(602112K)
[15.583s][info ][gc,metaspace ] GC(98) Metaspace: 48534K->48534K(1093632K)
[15.583s][info ][gc           ] GC(98) Pause Young (Allocation Failure) 475M->242M(852M) 8.171ms
[15.583s][info ][gc,cpu       ] GC(98) User=0.03s Sys=0.00s Real=0.00s
[15.583s][info ][safepoint    ] Leaving safepoint region
[15.583s][info ][safepoint    ] Total time for which application threads were stopped: 0.0099022 seconds, Stopping threads took: 0.0013797 seconds
[15.634s][info ][safepoint    ] Application time: 0.0507400 seconds
[15.636s][info ][safepoint    ] Entering safepoint region: GenCollectForAllocation
[15.636s][info ][gc,start     ] GC(99) Pause Young (Allocation Failure)
[15.636s][info ][gc,task      ] GC(99) Using 4 workers of 4 for evacuation
[15.641s][debug][gc,ref       ] GC(99) Skipped phase1 of Reference Processing due to unavailable references
[15.641s][debug][gc,ref       ] GC(99) Skipped phase3 of Reference Processing due to unavailable references
[15.642s][debug][gc,age       ] GC(99) Desired survivor size 15400960 bytes, new threshold 6 (max threshold 6)
[15.642s][info ][gc,heap      ] GC(99) ParNew: 248320K->3007K(270976K)
[15.642s][info ][gc,heap      ] GC(99) CMS: 240849K->241357K(602112K)
[15.642s][info ][gc,metaspace ] GC(99) Metaspace: 48669K->48669K(1093632K)
[15.642s][info ][gc           ] GC(99) Pause Young (Allocation Failure) 477M->238M(852M) 5.625ms
[15.642s][info ][gc,cpu       ] GC(99) User=0.02s Sys=0.00s Real=0.00s
[15.642s][info ][safepoint    ] Leaving safepoint region
[15.642s][info ][safepoint    ] Total time for which application threads were stopped: 0.0079381 seconds, Stopping threads took: 0.0020808 seconds
[15.703s][info ][safepoint    ] Application time: 0.0611754 seconds
[15.703s][info ][safepoint    ] Entering safepoint region: GenCollectForAllocation
[15.703s][info ][gc,start     ] GC(100) Pause Young (Allocation Failure)
[15.703s][info ][gc,task      ] GC(100) Using 4 workers of 4 for evacuation
[15.707s][debug][gc,ref       ] GC(100) Skipped phase1 of Reference Processing due to unavailable references
[15.707s][debug][gc,ref       ] GC(100) Skipped phase3 of Reference Processing due to unavailable references
[15.707s][debug][gc,ref       ] GC(100) Skipped phase4 of Reference Processing due to unavailable references
[15.707s][debug][gc,age       ] GC(100) Desired survivor size 15400960 bytes, new threshold 6 (max threshold 6)
[15.707s][info ][gc,heap      ] GC(100) ParNew: 243903K->1879K(270976K)
[15.707s][info ][gc,heap      ] GC(100) CMS: 241357K->241642K(602112K)
[15.707s][info ][gc,metaspace ] GC(100) Metaspace: 48693K->48693K(1093632K)
[15.707s][info ][gc           ] GC(100) Pause Young (Allocation Failure) 473M->237M(852M) 4.115ms
[15.707s][info ][gc,cpu       ] GC(100) User=0.02s Sys=0.00s Real=0.01s
[15.707s][info ][safepoint    ] Leaving safepoint region
[15.707s][info ][safepoint    ] Total time for which application threads were stopped: 0.0045268 seconds, Stopping threads took: 0.0002070 seconds
[15.767s][info ][safepoint    ] Application time: 0.0596438 seconds
[15.768s][info ][safepoint    ] Entering safepoint region: GenCollectForAllocation
[15.769s][info ][gc,start     ] GC(101) Pause Young (Allocation Failure)
[15.769s][info ][gc,task      ] GC(101) Using 4 workers of 4 for evacuation
[15.773s][debug][gc,ref       ] GC(101) Skipped phase1 of Reference Processing due to unavailable references
[15.773s][debug][gc,ref       ] GC(101) Skipped phase3 of Reference Processing due to unavailable references
[15.773s][debug][gc,ref       ] GC(101) Skipped phase4 of Reference Processing due to unavailable references
[15.773s][debug][gc,age       ] GC(101) Desired survivor size 15400960 bytes, new threshold 6 (max threshold 6)
[15.773s][info ][gc,heap      ] GC(101) ParNew: 242775K->2250K(270976K)
[15.773s][info ][gc,heap      ] GC(101) CMS: 241642K->241820K(602112K)
[15.773s][info ][gc,metaspace ] GC(101) Metaspace: 48713K->48713K(1093632K)
[15.773s][info ][gc           ] GC(101) Pause Young (Allocation Failure) 473M->238M(852M) 4.756ms
[15.773s][info ][gc,cpu       ] GC(101) User=0.02s Sys=0.00s Real=0.01s
[15.773s][info ][safepoint    ] Leaving safepoint region
[15.773s][info ][safepoint    ] Total time for which application threads were stopped: 0.0062151 seconds, Stopping threads took: 0.0012567 seconds
[15.834s][info ][safepoint    ] Application time: 0.0602741 seconds
[15.836s][info ][safepoint    ] Entering safepoint region: GenCollectForAllocation
[15.836s][info ][gc,start     ] GC(102) Pause Young (Allocation Failure)
[15.836s][info ][gc,task      ] GC(102) Using 4 workers of 4 for evacuation
[15.841s][debug][gc,ref       ] GC(102) Skipped phase1 of Reference Processing due to unavailable references
[15.841s][debug][gc,ref       ] GC(102) Skipped phase3 of Reference Processing due to unavailable references
[15.841s][debug][gc,ref       ] GC(102) Skipped phase4 of Reference Processing due to unavailable references
[15.841s][debug][gc,age       ] GC(102) Desired survivor size 15400960 bytes, new threshold 6 (max threshold 6)
[15.841s][info ][gc,heap      ] GC(102) ParNew: 243146K->1367K(270976K)
[15.841s][info ][gc,heap      ] GC(102) CMS: 241820K->242446K(602112K)
[15.841s][info ][gc,metaspace ] GC(102) Metaspace: 48717K->48717K(1093632K)
[15.841s][info ][gc           ] GC(102) Pause Young (Allocation Failure) 473M->238M(852M) 5.081ms
[15.841s][info ][gc,cpu       ] GC(102) User=0.01s Sys=0.01s Real=0.00s
[15.841s][info ][safepoint    ] Leaving safepoint region
[15.841s][info ][safepoint    ] Total time for which application threads were stopped: 0.0074411 seconds, Stopping threads took: 0.0021316 seconds
[15.899s][info ][safepoint    ] Application time: 0.0578641 seconds
[15.899s][info ][safepoint    ] Entering safepoint region: GenCollectForAllocation
[15.899s][info ][gc,start     ] GC(103) Pause Young (Allocation Failure)
[15.899s][info ][gc,task      ] GC(103) Using 4 workers of 4 for evacuation
[15.905s][debug][gc,ref       ] GC(103) Skipped phase1 of Reference Processing due to unavailable references
[15.905s][debug][gc,ref       ] GC(103) Skipped phase3 of Reference Processing due to unavailable references
[15.905s][debug][gc,ref       ] GC(103) Skipped phase4 of Reference Processing due to unavailable references
[15.905s][debug][gc,age       ] GC(103) Desired survivor size 15400960 bytes, new threshold 6 (max threshold 6)
[15.905s][info ][gc,heap      ] GC(103) ParNew: 242263K->645K(270976K)
[15.905s][info ][gc,heap      ] GC(103) CMS: 242446K->242901K(602112K)
[15.905s][info ][gc,metaspace ] GC(103) Metaspace: 48741K->48741K(1093632K)
[15.905s][info ][gc           ] GC(103) Pause Young (Allocation Failure) 473M->237M(852M) 6.031ms
[15.906s][info ][gc,cpu       ] GC(103) User=0.02s Sys=0.01s Real=0.01s
[15.906s][info ][safepoint    ] Leaving safepoint region
[15.906s][info ][safepoint    ] Total time for which application threads were stopped: 0.0065145 seconds, Stopping threads took: 0.0001971 seconds
[15.958s][info ][safepoint    ] Application time: 0.0525100 seconds
[15.958s][info ][safepoint    ] Entering safepoint region: GenCollectForAllocation
[15.958s][info ][gc,start     ] GC(104) Pause Young (Allocation Failure)
[15.958s][info ][gc,task      ] GC(104) Using 4 workers of 4 for evacuation
[15.961s][debug][gc,ref       ] GC(104) Skipped phase1 of Reference Processing due to unavailable references
[15.961s][debug][gc,ref       ] GC(104) Skipped phase3 of Reference Processing due to unavailable references
[15.961s][debug][gc,ref       ] GC(104) Skipped phase4 of Reference Processing due to unavailable references
[15.961s][debug][gc,age       ] GC(104) Desired survivor size 15400960 bytes, new threshold 6 (max threshold 6)
[15.961s][info ][gc,heap      ] GC(104) ParNew: 241541K->595K(270976K)
[15.961s][info ][gc,heap      ] GC(104) CMS: 242901K->243030K(602112K)
[15.961s][info ][gc,metaspace ] GC(104) Metaspace: 48772K->48772K(1093632K)
[15.961s][info ][gc           ] GC(104) Pause Young (Allocation Failure) 473M->237M(852M) 2.507ms
[15.961s][info ][gc,cpu       ] GC(104) User=0.01s Sys=0.00s Real=0.00s
[15.961s][info ][safepoint    ] Leaving safepoint region
[15.961s][info ][safepoint    ] Total time for which application threads were stopped: 0.0028904 seconds, Stopping threads took: 0.0001479 seconds
[16.000s][info ][safepoint    ] Application time: 0.0390472 seconds
[16.000s][info ][safepoint    ] Entering safepoint region: GenCollectForAllocation
[16.001s][info ][gc,start     ] GC(105) Pause Young (Allocation Failure)
[16.001s][info ][gc,task      ] GC(105) Using 4 workers of 4 for evacuation
[16.002s][debug][gc,ref       ] GC(105) Skipped phase1 of Reference Processing due to unavailable references
[16.002s][debug][gc,ref       ] GC(105) Skipped phase2 of Reference Processing due to unavailable references
[16.002s][debug][gc,ref       ] GC(105) Skipped phase3 of Reference Processing due to unavailable references
[16.002s][debug][gc,ref       ] GC(105) Skipped phase4 of Reference Processing due to unavailable references
[16.002s][debug][gc,age       ] GC(105) Desired survivor size 15400960 bytes, new threshold 6 (max threshold 6)
[16.002s][info ][gc,heap      ] GC(105) ParNew: 241491K->359K(270976K)
[16.002s][info ][gc,heap      ] GC(105) CMS: 243030K->243077K(602112K)
[16.003s][info ][gc,metaspace ] GC(105) Metaspace: 48775K->48775K(1093632K)
[16.003s][info ][gc           ] GC(105) Pause Young (Allocation Failure) 473M->237M(852M) 1.973ms
[16.003s][info ][gc,cpu       ] GC(105) User=0.01s Sys=0.00s Real=0.00s
[16.003s][info ][safepoint    ] Leaving safepoint region
[16.003s][info ][safepoint    ] Total time for which application threads were stopped: 0.0024649 seconds, Stopping threads took: 0.0003251 seconds
[16.053s][info ][safepoint    ] Application time: 0.0507512 seconds
[16.056s][info ][safepoint    ] Entering safepoint region: GenCollectForAllocation
[16.056s][info ][gc,start     ] GC(106) Pause Young (Allocation Failure)
[16.056s][info ][gc,task      ] GC(106) Using 4 workers of 4 for evacuation
[16.058s][debug][gc,ref       ] GC(106) Skipped phase1 of Reference Processing due to unavailable references
[16.058s][debug][gc,ref       ] GC(106) Skipped phase2 of Reference Processing due to unavailable references
[16.058s][debug][gc,ref       ] GC(106) Skipped phase3 of Reference Processing due to unavailable references
[16.058s][debug][gc,ref       ] GC(106) Skipped phase4 of Reference Processing due to unavailable references
[16.058s][debug][gc,age       ] GC(106) Desired survivor size 15400960 bytes, new threshold 6 (max threshold 6)
[16.058s][info ][gc,heap      ] GC(106) ParNew: 241255K->438K(270976K)
[16.058s][info ][gc,heap      ] GC(106) CMS: 243077K->243135K(602112K)
[16.058s][info ][gc,metaspace ] GC(106) Metaspace: 48780K->48780K(1093632K)
[16.058s][info ][gc           ] GC(106) Pause Young (Allocation Failure) 472M->237M(852M) 1.994ms
[16.058s][info ][gc,cpu       ] GC(106) User=0.00s Sys=0.00s Real=0.00s
[16.058s][info ][safepoint    ] Leaving safepoint region
[16.058s][info ][safepoint    ] Total time for which application threads were stopped: 0.0046607 seconds, Stopping threads took: 0.0024593 seconds
[16.134s][info ][safepoint    ] Application time: 0.0756947 seconds
[16.134s][info ][safepoint    ] Entering safepoint region: GenCollectForAllocation
[16.134s][info ][gc,start     ] GC(107) Pause Young (Allocation Failure)
[16.134s][info ][gc,task      ] GC(107) Using 4 workers of 4 for evacuation
[16.137s][debug][gc,ref       ] GC(107) Skipped phase1 of Reference Processing due to unavailable references
[16.137s][debug][gc,ref       ] GC(107) Skipped phase3 of Reference Processing due to unavailable references
[16.137s][debug][gc,age       ] GC(107) Desired survivor size 15400960 bytes, new threshold 6 (max threshold 6)
[16.137s][info ][gc,heap      ] GC(107) ParNew: 241334K->429K(270976K)
[16.137s][info ][gc,heap      ] GC(107) CMS: 243135K->243166K(602112K)
[16.137s][info ][gc,metaspace ] GC(107) Metaspace: 48802K->48802K(1093632K)
[16.137s][info ][gc           ] GC(107) Pause Young (Allocation Failure) 473M->237M(852M) 2.900ms
[16.137s][info ][gc,cpu       ] GC(107) User=0.01s Sys=0.00s Real=0.00s
[16.137s][info ][safepoint    ] Leaving safepoint region
[16.137s][info ][safepoint    ] Total time for which application threads were stopped: 0.0034716 seconds, Stopping threads took: 0.0001448 seconds
[16.184s][info ][safepoint    ] Application time: 0.0472323 seconds
[16.185s][info ][safepoint    ] Entering safepoint region: GenCollectForAllocation
[16.185s][info ][gc,start     ] GC(108) Pause Young (Allocation Failure)
[16.185s][info ][gc,task      ] GC(108) Using 4 workers of 4 for evacuation
[16.187s][debug][gc,ref       ] GC(108) Skipped phase1 of Reference Processing due to unavailable references
[16.187s][debug][gc,ref       ] GC(108) Skipped phase2 of Reference Processing due to unavailable references
[16.187s][debug][gc,ref       ] GC(108) Skipped phase3 of Reference Processing due to unavailable references
[16.187s][debug][gc,ref       ] GC(108) Skipped phase4 of Reference Processing due to unavailable references
[16.188s][debug][gc,age       ] GC(108) Desired survivor size 15400960 bytes, new threshold 6 (max threshold 6)
[16.188s][info ][gc,heap      ] GC(108) ParNew: 241325K->489K(270976K)
[16.188s][info ][gc,heap      ] GC(108) CMS: 243166K->243187K(602112K)
[16.188s][info ][gc,metaspace ] GC(108) Metaspace: 48805K->48805K(1093632K)
[16.188s][info ][gc           ] GC(108) Pause Young (Allocation Failure) 473M->237M(852M) 2.179ms
[16.188s][info ][gc,cpu       ] GC(108) User=0.01s Sys=0.00s Real=0.00s
[16.188s][info ][safepoint    ] Leaving safepoint region
[16.188s][info ][safepoint    ] Total time for which application threads were stopped: 0.0031237 seconds, Stopping threads took: 0.0007316 seconds
[16.231s][info ][safepoint    ] Application time: 0.0434086 seconds
[16.231s][info ][safepoint    ] Entering safepoint region: GenCollectForAllocation
[16.232s][info ][gc,start     ] GC(109) Pause Young (Allocation Failure)
[16.232s][info ][gc,task      ] GC(109) Using 4 workers of 4 for evacuation
[16.234s][debug][gc,ref       ] GC(109) Skipped phase1 of Reference Processing due to unavailable references
[16.234s][debug][gc,ref       ] GC(109) Skipped phase3 of Reference Processing due to unavailable references
[16.234s][debug][gc,age       ] GC(109) Desired survivor size 15400960 bytes, new threshold 6 (max threshold 6)
[16.234s][info ][gc,heap      ] GC(109) ParNew: 241385K->400K(270976K)
[16.234s][info ][gc,heap      ] GC(109) CMS: 243187K->243223K(602112K)
[16.234s][info ][gc,metaspace ] GC(109) Metaspace: 48838K->48838K(1093632K)
[16.234s][info ][gc           ] GC(109) Pause Young (Allocation Failure) 473M->237M(852M) 2.351ms
[16.234s][info ][gc,cpu       ] GC(109) User=0.01s Sys=0.00s Real=0.01s
[16.234s][info ][safepoint    ] Leaving safepoint region
[16.234s][info ][safepoint    ] Total time for which application threads were stopped: 0.0028559 seconds, Stopping threads took: 0.0002660 seconds
[16.270s][info ][safepoint    ] Application time: 0.0357414 seconds
[16.270s][info ][safepoint    ] Entering safepoint region: GenCollectForAllocation
[16.270s][info ][gc,start     ] GC(110) Pause Young (Allocation Failure)
[16.270s][info ][gc,task      ] GC(110) Using 4 workers of 4 for evacuation
[16.272s][debug][gc,ref       ] GC(110) Skipped phase1 of Reference Processing due to unavailable references
[16.272s][debug][gc,ref       ] GC(110) Skipped phase3 of Reference Processing due to unavailable references
[16.272s][debug][gc,ref       ] GC(110) Skipped phase4 of Reference Processing due to unavailable references
[16.272s][debug][gc,age       ] GC(110) Desired survivor size 15400960 bytes, new threshold 6 (max threshold 6)
[16.272s][info ][gc,heap      ] GC(110) ParNew: 241296K->415K(270976K)
[16.272s][info ][gc,heap      ] GC(110) CMS: 243223K->243260K(602112K)
[16.272s][info ][gc,metaspace ] GC(110) Metaspace: 48856K->48856K(1093632K)
[16.273s][info ][gc           ] GC(110) Pause Young (Allocation Failure) 473M->237M(852M) 2.485ms
[16.273s][info ][gc,cpu       ] GC(110) User=0.01s Sys=0.01s Real=0.01s
[16.273s][info ][safepoint    ] Leaving safepoint region
[16.273s][info ][safepoint    ] Total time for which application threads were stopped: 0.0028410 seconds, Stopping threads took: 0.0001204 seconds
[16.323s][info ][safepoint    ] Application time: 0.0499085 seconds
[16.323s][info ][safepoint    ] Entering safepoint region: GenCollectForAllocation
[16.323s][info ][gc,start     ] GC(111) Pause Young (Allocation Failure)
[16.323s][info ][gc,task      ] GC(111) Using 4 workers of 4 for evacuation
[16.325s][debug][gc,ref       ] GC(111) Skipped phase1 of Reference Processing due to unavailable references
[16.325s][debug][gc,ref       ] GC(111) Skipped phase3 of Reference Processing due to unavailable references
[16.325s][debug][gc,ref       ] GC(111) Skipped phase4 of Reference Processing due to unavailable references
[16.325s][debug][gc,age       ] GC(111) Desired survivor size 15400960 bytes, new threshold 6 (max threshold 6)
[16.325s][info ][gc,heap      ] GC(111) ParNew: 241311K->436K(270976K)
[16.325s][info ][gc,heap      ] GC(111) CMS: 243260K->243290K(602112K)
[16.325s][info ][gc,metaspace ] GC(111) Metaspace: 48866K->48866K(1093632K)
[16.325s][info ][gc           ] GC(111) Pause Young (Allocation Failure) 473M->238M(852M) 2.355ms
[16.325s][info ][gc,cpu       ] GC(111) User=0.02s Sys=0.00s Real=0.01s
[16.325s][info ][safepoint    ] Leaving safepoint region
[16.325s][info ][safepoint    ] Total time for which application threads were stopped: 0.0027763 seconds, Stopping threads took: 0.0002398 seconds
[16.404s][info ][safepoint    ] Application time: 0.0790074 seconds
[16.405s][info ][safepoint    ] Entering safepoint region: GenCollectForAllocation
[16.405s][info ][gc,start     ] GC(112) Pause Young (Allocation Failure)
[16.405s][info ][gc,task      ] GC(112) Using 4 workers of 4 for evacuation
[16.407s][debug][gc,ref       ] GC(112) Skipped phase1 of Reference Processing due to unavailable references
[16.407s][debug][gc,ref       ] GC(112) Skipped phase3 of Reference Processing due to unavailable references
[16.407s][debug][gc,ref       ] GC(112) Skipped phase4 of Reference Processing due to unavailable references
[16.407s][debug][gc,age       ] GC(112) Desired survivor size 15400960 bytes, new threshold 6 (max threshold 6)
[16.407s][info ][gc,heap      ] GC(112) ParNew: 241332K->492K(270976K)
[16.407s][info ][gc,heap      ] GC(112) CMS: 243290K->243318K(602112K)
[16.407s][info ][gc,metaspace ] GC(112) Metaspace: 48891K->48891K(1093632K)
[16.407s][info ][gc           ] GC(112) Pause Young (Allocation Failure) 473M->238M(852M) 2.221ms
[16.407s][info ][gc,cpu       ] GC(112) User=0.01s Sys=0.00s Real=0.00s
[16.407s][info ][safepoint    ] Leaving safepoint region
[16.407s][info ][safepoint    ] Total time for which application threads were stopped: 0.0026603 seconds, Stopping threads took: 0.0001840 seconds
[16.454s][info ][safepoint    ] Application time: 0.0471256 seconds
[16.454s][info ][safepoint    ] Entering safepoint region: GenCollectForAllocation
[16.455s][info ][gc,start     ] GC(113) Pause Young (Allocation Failure)
[16.455s][info ][gc,task      ] GC(113) Using 4 workers of 4 for evacuation
[16.458s][debug][gc,ref       ] GC(113) Skipped phase1 of Reference Processing due to unavailable references
[16.458s][debug][gc,ref       ] GC(113) Skipped phase3 of Reference Processing due to unavailable references
[16.458s][debug][gc,ref       ] GC(113) Skipped phase4 of Reference Processing due to unavailable references
[16.458s][debug][gc,age       ] GC(113) Desired survivor size 15400960 bytes, new threshold 6 (max threshold 6)
[16.458s][info ][gc,heap      ] GC(113) ParNew: 241388K->511K(270976K)
[16.458s][info ][gc,heap      ] GC(113) CMS: 243318K->243352K(602112K)
[16.458s][info ][gc,metaspace ] GC(113) Metaspace: 48896K->48896K(1093632K)
[16.458s][info ][gc           ] GC(113) Pause Young (Allocation Failure) 473M->238M(852M) 3.742ms
[16.458s][info ][gc,cpu       ] GC(113) User=0.01s Sys=0.00s Real=0.00s
[16.458s][info ][safepoint    ] Leaving safepoint region
[16.458s][info ][safepoint    ] Total time for which application threads were stopped: 0.0042136 seconds, Stopping threads took: 0.0002199 seconds
[16.497s][info ][safepoint    ] Application time: 0.0382396 seconds
[16.500s][info ][safepoint    ] Entering safepoint region: GenCollectForAllocation
[16.500s][info ][gc,start     ] GC(114) Pause Young (Allocation Failure)
[16.500s][info ][gc,task      ] GC(114) Using 4 workers of 4 for evacuation
[16.502s][debug][gc,ref       ] GC(114) Skipped phase1 of Reference Processing due to unavailable references
[16.502s][debug][gc,ref       ] GC(114) Skipped phase3 of Reference Processing due to unavailable references
[16.502s][debug][gc,ref       ] GC(114) Skipped phase4 of Reference Processing due to unavailable references
[16.503s][debug][gc,age       ] GC(114) Desired survivor size 15400960 bytes, new threshold 6 (max threshold 6)
[16.503s][info ][gc,heap      ] GC(114) ParNew: 241407K->481K(270976K)
[16.503s][info ][gc,heap      ] GC(114) CMS: 243352K->243384K(602112K)
[16.503s][info ][gc,metaspace ] GC(114) Metaspace: 48899K->48899K(1093632K)
[16.503s][info ][gc           ] GC(114) Pause Young (Allocation Failure) 473M->238M(852M) 2.672ms
[16.503s][info ][gc,cpu       ] GC(114) User=0.01s Sys=0.00s Real=0.00s
[16.503s][info ][safepoint    ] Leaving safepoint region
[16.503s][info ][safepoint    ] Total time for which application threads were stopped: 0.0058216 seconds, Stopping threads took: 0.0029572 seconds
[16.544s][info ][safepoint    ] Application time: 0.0416641 seconds
[16.545s][info ][safepoint    ] Entering safepoint region: GenCollectForAllocation
[16.545s][info ][gc,start     ] GC(115) Pause Young (Allocation Failure)
[16.545s][info ][gc,task      ] GC(115) Using 4 workers of 4 for evacuation
[16.547s][debug][gc,ref       ] GC(115) Skipped phase1 of Reference Processing due to unavailable references
[16.547s][debug][gc,ref       ] GC(115) Skipped phase2 of Reference Processing due to unavailable references
[16.547s][debug][gc,ref       ] GC(115) Skipped phase3 of Reference Processing due to unavailable references
[16.547s][debug][gc,ref       ] GC(115) Skipped phase4 of Reference Processing due to unavailable references
[16.547s][debug][gc,age       ] GC(115) Desired survivor size 15400960 bytes, new threshold 6 (max threshold 6)
[16.547s][info ][gc,heap      ] GC(115) ParNew: 241377K->400K(270976K)
[16.547s][info ][gc,heap      ] GC(115) CMS: 243384K->243416K(602112K)
[16.547s][info ][gc,metaspace ] GC(115) Metaspace: 48908K->48908K(1093632K)
[16.547s][info ][gc           ] GC(115) Pause Young (Allocation Failure) 473M->238M(852M) 2.396ms
[16.547s][info ][gc,cpu       ] GC(115) User=0.01s Sys=0.00s Real=0.00s
[16.547s][info ][safepoint    ] Leaving safepoint region
[16.547s][info ][safepoint    ] Total time for which application threads were stopped: 0.0028814 seconds, Stopping threads took: 0.0002558 seconds
[16.613s][info ][safepoint    ] Application time: 0.0661371 seconds
[16.614s][info ][safepoint    ] Entering safepoint region: GenCollectForAllocation
[16.614s][info ][gc,start     ] GC(116) Pause Young (Allocation Failure)
[16.614s][info ][gc,task      ] GC(116) Using 4 workers of 4 for evacuation
[16.617s][debug][gc,ref       ] GC(116) Skipped phase1 of Reference Processing due to unavailable references
[16.617s][debug][gc,ref       ] GC(116) Skipped phase2 of Reference Processing due to unavailable references
[16.617s][debug][gc,ref       ] GC(116) Skipped phase3 of Reference Processing due to unavailable references
[16.617s][debug][gc,ref       ] GC(116) Skipped phase4 of Reference Processing due to unavailable references
[16.617s][debug][gc,age       ] GC(116) Desired survivor size 15400960 bytes, new threshold 6 (max threshold 6)
[16.617s][info ][gc,heap      ] GC(116) ParNew: 241296K->449K(270976K)
[16.617s][info ][gc,heap      ] GC(116) CMS: 243416K->243432K(602112K)
[16.617s][info ][gc,metaspace ] GC(116) Metaspace: 48990K->48990K(1093632K)
[16.617s][info ][gc           ] GC(116) Pause Young (Allocation Failure) 473M->238M(852M) 2.726ms
[16.617s][info ][gc,cpu       ] GC(116) User=0.01s Sys=0.00s Real=0.00s
[16.617s][info ][safepoint    ] Leaving safepoint region
[16.617s][info ][safepoint    ] Total time for which application threads were stopped: 0.0035989 seconds, Stopping threads took: 0.0005866 seconds
[16.673s][info ][safepoint    ] Application time: 0.0555686 seconds
[16.673s][info ][safepoint    ] Entering safepoint region: GenCollectForAllocation
[16.673s][info ][gc,start     ] GC(117) Pause Young (Allocation Failure)
[16.673s][info ][gc,task      ] GC(117) Using 4 workers of 4 for evacuation
[16.675s][debug][gc,ref       ] GC(117) Skipped phase1 of Reference Processing due to unavailable references
[16.675s][debug][gc,ref       ] GC(117) Skipped phase2 of Reference Processing due to unavailable references
[16.675s][debug][gc,ref       ] GC(117) Skipped phase3 of Reference Processing due to unavailable references
[16.675s][debug][gc,ref       ] GC(117) Skipped phase4 of Reference Processing due to unavailable references
[16.676s][debug][gc,age       ] GC(117) Desired survivor size 15400960 bytes, new threshold 6 (max threshold 6)
[16.676s][info ][gc,heap      ] GC(117) ParNew: 241345K->456K(270976K)
[16.676s][info ][gc,heap      ] GC(117) CMS: 243432K->243468K(602112K)
[16.676s][info ][gc,metaspace ] GC(117) Metaspace: 48992K->48992K(1093632K)
[16.676s][info ][gc           ] GC(117) Pause Young (Allocation Failure) 473M->238M(852M) 2.595ms
[16.676s][info ][gc,cpu       ] GC(117) User=0.00s Sys=0.00s Real=0.00s
[16.676s][info ][safepoint    ] Leaving safepoint region
[16.676s][info ][safepoint    ] Total time for which application threads were stopped: 0.0030964 seconds, Stopping threads took: 0.0002595 seconds
[16.719s][info ][safepoint    ] Application time: 0.0428639 seconds
[16.719s][info ][safepoint    ] Entering safepoint region: GenCollectForAllocation
[16.719s][info ][gc,start     ] GC(118) Pause Young (Allocation Failure)
[16.719s][info ][gc,task      ] GC(118) Using 4 workers of 4 for evacuation
[16.723s][debug][gc,ref       ] GC(118) Skipped phase1 of Reference Processing due to unavailable references
[16.723s][debug][gc,ref       ] GC(118) Skipped phase2 of Reference Processing due to unavailable references
[16.723s][debug][gc,ref       ] GC(118) Skipped phase3 of Reference Processing due to unavailable references
[16.723s][debug][gc,ref       ] GC(118) Skipped phase4 of Reference Processing due to unavailable references
[16.723s][debug][gc,age       ] GC(118) Desired survivor size 15400960 bytes, new threshold 6 (max threshold 6)
[16.723s][info ][gc,heap      ] GC(118) ParNew: 241352K->384K(270976K)
[16.723s][info ][gc,heap      ] GC(118) CMS: 243468K->243543K(602112K)
[16.723s][info ][gc,metaspace ] GC(118) Metaspace: 48999K->48999K(1093632K)
[16.723s][info ][gc           ] GC(118) Pause Young (Allocation Failure) 473M->238M(852M) 3.969ms
[16.723s][info ][gc,cpu       ] GC(118) User=0.01s Sys=0.00s Real=0.00s
[16.723s][info ][safepoint    ] Leaving safepoint region
[16.723s][info ][safepoint    ] Total time for which application threads were stopped: 0.0043326 seconds, Stopping threads took: 0.0001010 seconds
[16.777s][info ][safepoint    ] Application time: 0.0540498 seconds
[16.778s][info ][safepoint    ] Entering safepoint region: GenCollectForAllocation
[16.778s][info ][gc,start     ] GC(119) Pause Young (Allocation Failure)
[16.778s][info ][gc,task      ] GC(119) Using 4 workers of 4 for evacuation
[16.780s][debug][gc,ref       ] GC(119) Skipped phase1 of Reference Processing due to unavailable references
[16.780s][debug][gc,ref       ] GC(119) Skipped phase2 of Reference Processing due to unavailable references
[16.780s][debug][gc,ref       ] GC(119) Skipped phase3 of Reference Processing due to unavailable references
[16.780s][debug][gc,ref       ] GC(119) Skipped phase4 of Reference Processing due to unavailable references
[16.780s][debug][gc,age       ] GC(119) Desired survivor size 15400960 bytes, new threshold 6 (max threshold 6)
[16.780s][info ][gc,heap      ] GC(119) ParNew: 241280K->423K(270976K)
[16.780s][info ][gc,heap      ] GC(119) CMS: 243543K->243563K(602112K)
[16.780s][info ][gc,metaspace ] GC(119) Metaspace: 49005K->49005K(1093632K)
[16.780s][info ][gc           ] GC(119) Pause Young (Allocation Failure) 473M->238M(852M) 2.402ms
[16.780s][info ][gc,cpu       ] GC(119) User=0.01s Sys=0.00s Real=0.00s
[16.780s][info ][safepoint    ] Leaving safepoint region
[16.780s][info ][safepoint    ] Total time for which application threads were stopped: 0.0028665 seconds, Stopping threads took: 0.0002443 seconds
[16.831s][info ][safepoint    ] Application time: 0.0505495 seconds
[16.831s][info ][safepoint    ] Entering safepoint region: GenCollectForAllocation
[16.831s][info ][gc,start     ] GC(120) Pause Young (Allocation Failure)
[16.831s][info ][gc,task      ] GC(120) Using 4 workers of 4 for evacuation
[16.833s][debug][gc,ref       ] GC(120) Skipped phase1 of Reference Processing due to unavailable references
[16.833s][debug][gc,ref       ] GC(120) Skipped phase2 of Reference Processing due to unavailable references
[16.833s][debug][gc,ref       ] GC(120) Skipped phase3 of Reference Processing due to unavailable references
[16.833s][debug][gc,ref       ] GC(120) Skipped phase4 of Reference Processing due to unavailable references
[16.833s][debug][gc,age       ] GC(120) Desired survivor size 15400960 bytes, new threshold 6 (max threshold 6)
[16.833s][info ][gc,heap      ] GC(120) ParNew: 241319K->430K(270976K)
[16.833s][info ][gc,heap      ] GC(120) CMS: 243563K->243581K(602112K)
[16.833s][info ][gc,metaspace ] GC(120) Metaspace: 49005K->49005K(1093632K)
[16.833s][info ][gc           ] GC(120) Pause Young (Allocation Failure) 473M->238M(852M) 2.254ms
[16.833s][info ][gc,cpu       ] GC(120) User=0.01s Sys=0.00s Real=0.01s
[16.833s][info ][safepoint    ] Leaving safepoint region
[16.833s][info ][safepoint    ] Total time for which application threads were stopped: 0.0024911 seconds, Stopping threads took: 0.0000232 seconds
[16.882s][info ][safepoint    ] Application time: 0.0483540 seconds
[16.882s][info ][safepoint    ] Entering safepoint region: GenCollectForAllocation
[16.882s][info ][gc,start     ] GC(121) Pause Young (Allocation Failure)
[16.882s][info ][gc,task      ] GC(121) Using 4 workers of 4 for evacuation
[16.884s][debug][gc,ref       ] GC(121) Skipped phase1 of Reference Processing due to unavailable references
[16.884s][debug][gc,ref       ] GC(121) Skipped phase2 of Reference Processing due to unavailable references
[16.884s][debug][gc,ref       ] GC(121) Skipped phase3 of Reference Processing due to unavailable references
[16.884s][debug][gc,ref       ] GC(121) Skipped phase4 of Reference Processing due to unavailable references
[16.885s][debug][gc,age       ] GC(121) Desired survivor size 15400960 bytes, new threshold 6 (max threshold 6)
[16.885s][info ][gc,heap      ] GC(121) ParNew: 241326K->508K(270976K)
[16.885s][info ][gc,heap      ] GC(121) CMS: 243581K->243603K(602112K)
[16.885s][info ][gc,metaspace ] GC(121) Metaspace: 49007K->49007K(1093632K)
[16.885s][info ][gc           ] GC(121) Pause Young (Allocation Failure) 473M->238M(852M) 2.369ms
[16.885s][info ][gc,cpu       ] GC(121) User=0.01s Sys=0.00s Real=0.01s
[16.885s][info ][safepoint    ] Leaving safepoint region
[16.885s][info ][safepoint    ] Total time for which application threads were stopped: 0.0029789 seconds, Stopping threads took: 0.0004072 seconds
[16.930s][info ][safepoint    ] Application time: 0.0454703 seconds
[16.931s][info ][safepoint    ] Entering safepoint region: GenCollectForAllocation
[16.931s][info ][gc,start     ] GC(122) Pause Young (Allocation Failure)
[16.931s][info ][gc,task      ] GC(122) Using 4 workers of 4 for evacuation
[16.933s][debug][gc,ref       ] GC(122) Skipped phase1 of Reference Processing due to unavailable references
[16.933s][debug][gc,ref       ] GC(122) Skipped phase2 of Reference Processing due to unavailable references
[16.933s][debug][gc,ref       ] GC(122) Skipped phase3 of Reference Processing due to unavailable references
[16.933s][debug][gc,ref       ] GC(122) Skipped phase4 of Reference Processing due to unavailable references
[16.933s][debug][gc,age       ] GC(122) Desired survivor size 15400960 bytes, new threshold 6 (max threshold 6)
[16.933s][info ][gc,heap      ] GC(122) ParNew: 241404K->321K(270976K)
[16.933s][info ][gc,heap      ] GC(122) CMS: 243603K->243650K(602112K)
[16.933s][info ][gc,metaspace ] GC(122) Metaspace: 49012K->49012K(1093632K)
[16.933s][info ][gc           ] GC(122) Pause Young (Allocation Failure) 473M->238M(852M) 2.301ms
[16.933s][info ][gc,cpu       ] GC(122) User=0.01s Sys=0.00s Real=0.01s
[16.933s][info ][safepoint    ] Leaving safepoint region
[16.933s][info ][safepoint    ] Total time for which application threads were stopped: 0.0028934 seconds, Stopping threads took: 0.0003934 seconds
[16.978s][info ][safepoint    ] Application time: 0.0449050 seconds
[16.978s][info ][safepoint    ] Entering safepoint region: GenCollectForAllocation
[16.979s][info ][gc,start     ] GC(123) Pause Young (Allocation Failure)
[16.979s][info ][gc,task      ] GC(123) Using 4 workers of 4 for evacuation
[16.981s][debug][gc,ref       ] GC(123) Skipped phase1 of Reference Processing due to unavailable references
[16.981s][debug][gc,ref       ] GC(123) Skipped phase2 of Reference Processing due to unavailable references
[16.981s][debug][gc,ref       ] GC(123) Skipped phase3 of Reference Processing due to unavailable references
[16.981s][debug][gc,ref       ] GC(123) Skipped phase4 of Reference Processing due to unavailable references
[16.981s][debug][gc,age       ] GC(123) Desired survivor size 15400960 bytes, new threshold 6 (max threshold 6)
[16.981s][info ][gc,heap      ] GC(123) ParNew: 241217K->363K(270976K)
[16.981s][info ][gc,heap      ] GC(123) CMS: 243650K->243694K(602112K)
[16.981s][info ][gc,metaspace ] GC(123) Metaspace: 49015K->49015K(1093632K)
[16.981s][info ][gc           ] GC(123) Pause Young (Allocation Failure) 473M->238M(852M) 2.763ms
[16.981s][info ][gc,cpu       ] GC(123) User=0.01s Sys=0.00s Real=0.00s
[16.981s][info ][safepoint    ] Leaving safepoint region
[16.981s][info ][safepoint    ] Total time for which application threads were stopped: 0.0032529 seconds, Stopping threads took: 0.0002428 seconds
[17.034s][info ][safepoint    ] Application time: 0.0526159 seconds
[17.034s][info ][safepoint    ] Entering safepoint region: GenCollectForAllocation
[17.034s][info ][gc,start     ] GC(124) Pause Young (Allocation Failure)
[17.034s][info ][gc,task      ] GC(124) Using 4 workers of 4 for evacuation
[17.036s][debug][gc,ref       ] GC(124) Skipped phase1 of Reference Processing due to unavailable references
[17.036s][debug][gc,ref       ] GC(124) Skipped phase2 of Reference Processing due to unavailable references
[17.036s][debug][gc,ref       ] GC(124) Skipped phase3 of Reference Processing due to unavailable references
[17.036s][debug][gc,ref       ] GC(124) Skipped phase4 of Reference Processing due to unavailable references
[17.036s][debug][gc,age       ] GC(124) Desired survivor size 15400960 bytes, new threshold 6 (max threshold 6)
[17.036s][info ][gc,heap      ] GC(124) ParNew: 241259K->368K(270976K)
[17.036s][info ][gc,heap      ] GC(124) CMS: 243694K->243714K(602112K)
[17.036s][info ][gc,metaspace ] GC(124) Metaspace: 49063K->49063K(1093632K)
[17.036s][info ][gc           ] GC(124) Pause Young (Allocation Failure) 473M->238M(852M) 2.045ms
[17.036s][info ][gc,cpu       ] GC(124) User=0.00s Sys=0.00s Real=0.00s
[17.036s][info ][safepoint    ] Leaving safepoint region
[17.036s][info ][safepoint    ] Total time for which application threads were stopped: 0.0024261 seconds, Stopping threads took: 0.0001585 seconds
[17.083s][info ][safepoint    ] Application time: 0.0460829 seconds
[17.083s][info ][safepoint    ] Entering safepoint region: GenCollectForAllocation
[17.083s][info ][gc,start     ] GC(125) Pause Young (Allocation Failure)
[17.083s][info ][gc,task      ] GC(125) Using 4 workers of 4 for evacuation
[17.085s][debug][gc,ref       ] GC(125) Skipped phase1 of Reference Processing due to unavailable references
[17.085s][debug][gc,ref       ] GC(125) Skipped phase2 of Reference Processing due to unavailable references
[17.085s][debug][gc,ref       ] GC(125) Skipped phase3 of Reference Processing due to unavailable references
[17.085s][debug][gc,ref       ] GC(125) Skipped phase4 of Reference Processing due to unavailable references
[17.085s][debug][gc,age       ] GC(125) Desired survivor size 15400960 bytes, new threshold 6 (max threshold 6)
[17.085s][info ][gc,heap      ] GC(125) ParNew: 241264K->418K(270976K)
[17.085s][info ][gc,heap      ] GC(125) CMS: 243714K->243753K(602112K)
[17.085s][info ][gc,metaspace ] GC(125) Metaspace: 49093K->49093K(1093632K)
[17.085s][info ][gc           ] GC(125) Pause Young (Allocation Failure) 473M->238M(852M) 2.038ms
[17.085s][info ][gc,cpu       ] GC(125) User=0.01s Sys=0.00s Real=0.01s
[17.085s][info ][safepoint    ] Leaving safepoint region
[17.085s][info ][safepoint    ] Total time for which application threads were stopped: 0.0023717 seconds, Stopping threads took: 0.0001372 seconds
[17.152s][info ][safepoint    ] Application time: 0.0665014 seconds
[17.152s][info ][safepoint    ] Entering safepoint region: GenCollectForAllocation
[17.152s][info ][gc,start     ] GC(126) Pause Young (Allocation Failure)
[17.152s][info ][gc,task      ] GC(126) Using 4 workers of 4 for evacuation
[17.154s][debug][gc,ref       ] GC(126) Skipped phase1 of Reference Processing due to unavailable references
[17.154s][debug][gc,ref       ] GC(126) Skipped phase2 of Reference Processing due to unavailable references
[17.154s][debug][gc,ref       ] GC(126) Skipped phase3 of Reference Processing due to unavailable references
[17.154s][debug][gc,ref       ] GC(126) Skipped phase4 of Reference Processing due to unavailable references
[17.154s][debug][gc,age       ] GC(126) Desired survivor size 15400960 bytes, new threshold 6 (max threshold 6)
[17.154s][info ][gc,heap      ] GC(126) ParNew: 241314K->412K(270976K)
[17.154s][info ][gc,heap      ] GC(126) CMS: 243753K->243784K(602112K)
[17.154s][info ][gc,metaspace ] GC(126) Metaspace: 49097K->49097K(1093632K)
[17.154s][info ][gc           ] GC(126) Pause Young (Allocation Failure) 473M->238M(852M) 1.922ms
[17.154s][info ][gc,cpu       ] GC(126) User=0.01s Sys=0.00s Real=0.00s
[17.154s][info ][safepoint    ] Leaving safepoint region
[17.154s][info ][safepoint    ] Total time for which application threads were stopped: 0.0023658 seconds, Stopping threads took: 0.0002734 seconds
[17.211s][info ][safepoint    ] Application time: 0.0565720 seconds
[17.214s][info ][safepoint    ] Entering safepoint region: GenCollectForAllocation
[17.214s][info ][gc,start     ] GC(127) Pause Young (Allocation Failure)
[17.214s][info ][gc,task      ] GC(127) Using 4 workers of 4 for evacuation
[17.216s][debug][gc,ref       ] GC(127) Skipped phase1 of Reference Processing due to unavailable references
[17.216s][debug][gc,ref       ] GC(127) Skipped phase2 of Reference Processing due to unavailable references
[17.216s][debug][gc,ref       ] GC(127) Skipped phase3 of Reference Processing due to unavailable references
[17.216s][debug][gc,ref       ] GC(127) Skipped phase4 of Reference Processing due to unavailable references
[17.216s][debug][gc,age       ] GC(127) Desired survivor size 15400960 bytes, new threshold 6 (max threshold 6)
[17.216s][info ][gc,heap      ] GC(127) ParNew: 241308K->460K(270976K)
[17.216s][info ][gc,heap      ] GC(127) CMS: 243784K->243798K(602112K)
[17.216s][info ][gc,metaspace ] GC(127) Metaspace: 49097K->49097K(1093632K)
[17.216s][info ][gc           ] GC(127) Pause Young (Allocation Failure) 473M->238M(852M) 2.082ms
[17.216s][info ][gc,cpu       ] GC(127) User=0.01s Sys=0.00s Real=0.00s
[17.216s][info ][safepoint    ] Leaving safepoint region
[17.216s][info ][safepoint    ] Total time for which application threads were stopped: 0.0056833 seconds, Stopping threads took: 0.0033999 seconds
[17.251s][info ][safepoint    ] Application time: 0.0348738 seconds
[17.251s][info ][safepoint    ] Entering safepoint region: GenCollectForAllocation
[17.251s][info ][gc,start     ] GC(128) Pause Young (Allocation Failure)
[17.252s][info ][gc,task      ] GC(128) Using 4 workers of 4 for evacuation
[17.253s][debug][gc,ref       ] GC(128) Skipped phase1 of Reference Processing due to unavailable references
[17.253s][debug][gc,ref       ] GC(128) Skipped phase2 of Reference Processing due to unavailable references
[17.253s][debug][gc,ref       ] GC(128) Skipped phase3 of Reference Processing due to unavailable references
[17.253s][debug][gc,ref       ] GC(128) Skipped phase4 of Reference Processing due to unavailable references
[17.254s][debug][gc,age       ] GC(128) Desired survivor size 15400960 bytes, new threshold 6 (max threshold 6)
[17.254s][info ][gc,heap      ] GC(128) ParNew: 241356K->439K(270976K)
[17.254s][info ][gc,heap      ] GC(128) CMS: 243798K->243825K(602112K)
[17.254s][info ][gc,metaspace ] GC(128) Metaspace: 49098K->49098K(1093632K)
[17.254s][info ][gc           ] GC(128) Pause Young (Allocation Failure) 473M->238M(852M) 2.098ms
[17.254s][info ][gc,cpu       ] GC(128) User=0.01s Sys=0.00s Real=0.01s
[17.254s][info ][safepoint    ] Leaving safepoint region
[17.254s][info ][safepoint    ] Total time for which application threads were stopped: 0.0024525 seconds, Stopping threads took: 0.0001520 seconds
[17.290s][info ][safepoint    ] Application time: 0.0366322 seconds
[17.296s][info ][safepoint    ] Entering safepoint region: GenCollectForAllocation
[17.296s][info ][gc,start     ] GC(129) Pause Young (Allocation Failure)
[17.296s][info ][gc,task      ] GC(129) Using 4 workers of 4 for evacuation
[17.298s][debug][gc,ref       ] GC(129) Skipped phase1 of Reference Processing due to unavailable references
[17.298s][debug][gc,ref       ] GC(129) Skipped phase2 of Reference Processing due to unavailable references
[17.298s][debug][gc,ref       ] GC(129) Skipped phase3 of Reference Processing due to unavailable references
[17.298s][debug][gc,ref       ] GC(129) Skipped phase4 of Reference Processing due to unavailable references
[17.298s][debug][gc,age       ] GC(129) Desired survivor size 15400960 bytes, new threshold 6 (max threshold 6)
[17.298s][info ][gc,heap      ] GC(129) ParNew: 241335K->470K(270976K)
[17.298s][info ][gc,heap      ] GC(129) CMS: 243825K->243856K(602112K)
[17.298s][info ][gc,metaspace ] GC(129) Metaspace: 49098K->49098K(1093632K)
[17.298s][info ][gc           ] GC(129) Pause Young (Allocation Failure) 473M->238M(852M) 1.835ms
[17.298s][info ][gc,cpu       ] GC(129) User=0.01s Sys=0.00s Real=0.00s
[17.298s][info ][safepoint    ] Leaving safepoint region
[17.298s][info ][safepoint    ] Total time for which application threads were stopped: 0.0075080 seconds, Stopping threads took: 0.0055106 seconds
[17.373s][info ][safepoint    ] Application time: 0.0754917 seconds
[17.375s][info ][safepoint    ] Entering safepoint region: GenCollectForAllocation
[17.375s][info ][gc,start     ] GC(130) Pause Young (Allocation Failure)
[17.375s][info ][gc,task      ] GC(130) Using 4 workers of 4 for evacuation
[17.377s][debug][gc,ref       ] GC(130) Skipped phase1 of Reference Processing due to unavailable references
[17.377s][debug][gc,ref       ] GC(130) Skipped phase2 of Reference Processing due to unavailable references
[17.377s][debug][gc,ref       ] GC(130) Skipped phase3 of Reference Processing due to unavailable references
[17.377s][debug][gc,ref       ] GC(130) Skipped phase4 of Reference Processing due to unavailable references
[17.377s][debug][gc,age       ] GC(130) Desired survivor size 15400960 bytes, new threshold 6 (max threshold 6)
[17.377s][info ][gc,heap      ] GC(130) ParNew: 241366K->436K(270976K)
[17.377s][info ][gc,heap      ] GC(130) CMS: 243856K->243898K(602112K)
[17.377s][info ][gc,metaspace ] GC(130) Metaspace: 49101K->49101K(1093632K)
[17.377s][info ][gc           ] GC(130) Pause Young (Allocation Failure) 473M->238M(852M) 2.029ms
[17.377s][info ][gc,cpu       ] GC(130) User=0.00s Sys=0.00s Real=0.00s
[17.377s][info ][safepoint    ] Leaving safepoint region
[17.377s][info ][safepoint    ] Total time for which application threads were stopped: 0.0039526 seconds, Stopping threads took: 0.0016255 seconds
[17.436s][info ][safepoint    ] Application time: 0.0591121 seconds
[17.440s][info ][safepoint    ] Entering safepoint region: GenCollectForAllocation
[17.440s][info ][gc,start     ] GC(131) Pause Young (Allocation Failure)
[17.440s][info ][gc,task      ] GC(131) Using 4 workers of 4 for evacuation
[17.442s][debug][gc,ref       ] GC(131) Skipped phase1 of Reference Processing due to unavailable references
[17.442s][debug][gc,ref       ] GC(131) Skipped phase2 of Reference Processing due to unavailable references
[17.442s][debug][gc,ref       ] GC(131) Skipped phase3 of Reference Processing due to unavailable references
[17.442s][debug][gc,ref       ] GC(131) Skipped phase4 of Reference Processing due to unavailable references
[17.442s][debug][gc,age       ] GC(131) Desired survivor size 15400960 bytes, new threshold 6 (max threshold 6)
[17.442s][info ][gc,heap      ] GC(131) ParNew: 241332K->493K(270976K)
[17.442s][info ][gc,heap      ] GC(131) CMS: 243898K->243921K(602112K)
[17.442s][info ][gc,metaspace ] GC(131) Metaspace: 49105K->49105K(1093632K)
[17.442s][info ][gc           ] GC(131) Pause Young (Allocation Failure) 473M->238M(852M) 2.470ms
[17.442s][info ][gc,cpu       ] GC(131) User=0.01s Sys=0.00s Real=0.00s
[17.442s][info ][safepoint    ] Leaving safepoint region
[17.442s][info ][safepoint    ] Total time for which application threads were stopped: 0.0060055 seconds, Stopping threads took: 0.0033374 seconds
[17.500s][info ][safepoint    ] Application time: 0.0572446 seconds
[17.500s][info ][safepoint    ] Entering safepoint region: GenCollectForAllocation
[17.500s][info ][gc,start     ] GC(132) Pause Young (Allocation Failure)
[17.500s][info ][gc,task      ] GC(132) Using 4 workers of 4 for evacuation
[17.502s][debug][gc,ref       ] GC(132) Skipped phase1 of Reference Processing due to unavailable references
[17.502s][debug][gc,ref       ] GC(132) Skipped phase2 of Reference Processing due to unavailable references
[17.502s][debug][gc,ref       ] GC(132) Skipped phase3 of Reference Processing due to unavailable references
[17.502s][debug][gc,ref       ] GC(132) Skipped phase4 of Reference Processing due to unavailable references
[17.502s][debug][gc,age       ] GC(132) Desired survivor size 15400960 bytes, new threshold 6 (max threshold 6)
[17.502s][info ][gc,heap      ] GC(132) ParNew: 241389K->454K(270976K)
[17.502s][info ][gc,heap      ] GC(132) CMS: 243921K->243966K(602112K)
[17.502s][info ][gc,metaspace ] GC(132) Metaspace: 49107K->49107K(1093632K)
[17.502s][info ][gc           ] GC(132) Pause Young (Allocation Failure) 473M->238M(852M) 1.985ms
[17.502s][info ][gc,cpu       ] GC(132) User=0.01s Sys=0.00s Real=0.00s
[17.502s][info ][safepoint    ] Leaving safepoint region
[17.502s][info ][safepoint    ] Total time for which application threads were stopped: 0.0024342 seconds, Stopping threads took: 0.0002368 seconds
[17.560s][info ][safepoint    ] Application time: 0.0581148 seconds
[17.561s][info ][safepoint    ] Entering safepoint region: GenCollectForAllocation
[17.561s][info ][gc,start     ] GC(133) Pause Young (Allocation Failure)
[17.561s][info ][gc,task      ] GC(133) Using 4 workers of 4 for evacuation
[17.563s][debug][gc,ref       ] GC(133) Skipped phase1 of Reference Processing due to unavailable references
[17.563s][debug][gc,ref       ] GC(133) Skipped phase2 of Reference Processing due to unavailable references
[17.563s][debug][gc,ref       ] GC(133) Skipped phase3 of Reference Processing due to unavailable references
[17.563s][debug][gc,ref       ] GC(133) Skipped phase4 of Reference Processing due to unavailable references
[17.563s][debug][gc,age       ] GC(133) Desired survivor size 15400960 bytes, new threshold 6 (max threshold 6)
[17.563s][info ][gc,heap      ] GC(133) ParNew: 241350K->438K(270976K)
[17.563s][info ][gc,heap      ] GC(133) CMS: 243966K->243999K(602112K)
[17.563s][info ][gc,metaspace ] GC(133) Metaspace: 49110K->49110K(1093632K)
[17.563s][info ][gc           ] GC(133) Pause Young (Allocation Failure) 473M->238M(852M) 2.722ms
[17.563s][info ][gc,cpu       ] GC(133) User=0.01s Sys=0.00s Real=0.00s
[17.563s][info ][safepoint    ] Leaving safepoint region
[17.563s][info ][safepoint    ] Total time for which application threads were stopped: 0.0031587 seconds, Stopping threads took: 0.0002141 seconds
[17.623s][info ][safepoint    ] Application time: 0.0591350 seconds
[17.624s][info ][safepoint    ] Entering safepoint region: GenCollectForAllocation
[17.624s][info ][gc,start     ] GC(134) Pause Young (Allocation Failure)
[17.624s][info ][gc,task      ] GC(134) Using 4 workers of 4 for evacuation
[17.626s][debug][gc,ref       ] GC(134) Skipped phase1 of Reference Processing due to unavailable references
[17.626s][debug][gc,ref       ] GC(134) Skipped phase2 of Reference Processing due to unavailable references
[17.626s][debug][gc,ref       ] GC(134) Skipped phase3 of Reference Processing due to unavailable references
[17.626s][debug][gc,ref       ] GC(134) Skipped phase4 of Reference Processing due to unavailable references
[17.626s][debug][gc,age       ] GC(134) Desired survivor size 15400960 bytes, new threshold 6 (max threshold 6)
[17.626s][info ][gc,heap      ] GC(134) ParNew: 241334K->499K(270976K)
[17.626s][info ][gc,heap      ] GC(134) CMS: 243999K->244013K(602112K)
[17.626s][info ][gc,metaspace ] GC(134) Metaspace: 49117K->49117K(1093632K)
[17.626s][info ][gc           ] GC(134) Pause Young (Allocation Failure) 473M->238M(852M) 2.283ms
[17.626s][info ][gc,cpu       ] GC(134) User=0.01s Sys=0.00s Real=0.00s
[17.626s][info ][safepoint    ] Leaving safepoint region
[17.626s][info ][safepoint    ] Total time for which application threads were stopped: 0.0035441 seconds, Stopping threads took: 0.0010711 seconds
[17.673s][info ][safepoint    ] Application time: 0.0466093 seconds
[17.676s][info ][safepoint    ] Entering safepoint region: GenCollectForAllocation
[17.676s][info ][gc,start     ] GC(135) Pause Young (Allocation Failure)
[17.676s][info ][gc,task      ] GC(135) Using 4 workers of 4 for evacuation
[17.678s][debug][gc,ref       ] GC(135) Skipped phase1 of Reference Processing due to unavailable references
[17.678s][debug][gc,ref       ] GC(135) Skipped phase2 of Reference Processing due to unavailable references
[17.678s][debug][gc,ref       ] GC(135) Skipped phase3 of Reference Processing due to unavailable references
[17.678s][debug][gc,ref       ] GC(135) Skipped phase4 of Reference Processing due to unavailable references
[17.678s][debug][gc,age       ] GC(135) Desired survivor size 15400960 bytes, new threshold 6 (max threshold 6)
[17.678s][info ][gc,heap      ] GC(135) ParNew: 241395K->521K(270976K)
[17.678s][info ][gc,heap      ] GC(135) CMS: 244013K->244033K(602112K)
[17.678s][info ][gc,metaspace ] GC(135) Metaspace: 49117K->49117K(1093632K)
[17.678s][info ][gc           ] GC(135) Pause Young (Allocation Failure) 474M->238M(852M) 1.950ms
[17.678s][info ][gc,cpu       ] GC(135) User=0.01s Sys=0.00s Real=0.00s
[17.678s][info ][safepoint    ] Leaving safepoint region
[17.678s][info ][safepoint    ] Total time for which application threads were stopped: 0.0055125 seconds, Stopping threads took: 0.0033750 seconds
[17.723s][info ][safepoint    ] Application time: 0.0446170 seconds
[17.727s][info ][safepoint    ] Entering safepoint region: GenCollectForAllocation
[17.727s][info ][gc,start     ] GC(136) Pause Young (Allocation Failure)
[17.727s][info ][gc,task      ] GC(136) Using 4 workers of 4 for evacuation
[17.729s][debug][gc,ref       ] GC(136) Skipped phase1 of Reference Processing due to unavailable references
[17.729s][debug][gc,ref       ] GC(136) Skipped phase2 of Reference Processing due to unavailable references
[17.729s][debug][gc,ref       ] GC(136) Skipped phase3 of Reference Processing due to unavailable references
[17.729s][debug][gc,ref       ] GC(136) Skipped phase4 of Reference Processing due to unavailable references
[17.729s][debug][gc,age       ] GC(136) Desired survivor size 15400960 bytes, new threshold 6 (max threshold 6)
[17.729s][info ][gc,heap      ] GC(136) ParNew: 241417K->470K(270976K)
[17.729s][info ][gc,heap      ] GC(136) CMS: 244033K->244094K(602112K)
[17.729s][info ][gc,metaspace ] GC(136) Metaspace: 49123K->49123K(1093632K)
[17.729s][info ][gc           ] GC(136) Pause Young (Allocation Failure) 474M->238M(852M) 2.471ms
[17.729s][info ][gc,cpu       ] GC(136) User=0.01s Sys=0.00s Real=0.00s
[17.729s][info ][safepoint    ] Leaving safepoint region
[17.729s][info ][safepoint    ] Total time for which application threads were stopped: 0.0061553 seconds, Stopping threads took: 0.0034989 seconds
[17.779s][info ][safepoint    ] Application time: 0.0497908 seconds
[17.780s][info ][safepoint    ] Entering safepoint region: GenCollectForAllocation
[17.780s][info ][gc,start     ] GC(137) Pause Young (Allocation Failure)
[17.780s][info ][gc,task      ] GC(137) Using 4 workers of 4 for evacuation
[17.781s][debug][gc,ref       ] GC(137) Skipped phase1 of Reference Processing due to unavailable references
[17.781s][debug][gc,ref       ] GC(137) Skipped phase2 of Reference Processing due to unavailable references
[17.781s][debug][gc,ref       ] GC(137) Skipped phase3 of Reference Processing due to unavailable references
[17.781s][debug][gc,ref       ] GC(137) Skipped phase4 of Reference Processing due to unavailable references
[17.782s][debug][gc,age       ] GC(137) Desired survivor size 15400960 bytes, new threshold 6 (max threshold 6)
[17.782s][info ][gc,heap      ] GC(137) ParNew: 241366K->445K(270976K)
[17.782s][info ][gc,heap      ] GC(137) CMS: 244094K->244127K(602112K)
[17.782s][info ][gc,metaspace ] GC(137) Metaspace: 49137K->49137K(1093632K)
[17.782s][info ][gc           ] GC(137) Pause Young (Allocation Failure) 474M->238M(852M) 1.754ms
[17.782s][info ][gc,cpu       ] GC(137) User=0.01s Sys=0.00s Real=0.00s
[17.782s][info ][safepoint    ] Leaving safepoint region
[17.782s][info ][safepoint    ] Total time for which application threads were stopped: 0.0025829 seconds, Stopping threads took: 0.0006263 seconds
[17.844s][info ][safepoint    ] Application time: 0.0621704 seconds
[17.852s][info ][safepoint    ] Entering safepoint region: GenCollectForAllocation
[17.852s][info ][gc,start     ] GC(138) Pause Young (Allocation Failure)
[17.852s][info ][gc,task      ] GC(138) Using 4 workers of 4 for evacuation
[17.854s][debug][gc,ref       ] GC(138) Skipped phase1 of Reference Processing due to unavailable references
[17.854s][debug][gc,ref       ] GC(138) Skipped phase2 of Reference Processing due to unavailable references
[17.854s][debug][gc,ref       ] GC(138) Skipped phase3 of Reference Processing due to unavailable references
[17.854s][debug][gc,ref       ] GC(138) Skipped phase4 of Reference Processing due to unavailable references
[17.854s][debug][gc,age       ] GC(138) Desired survivor size 15400960 bytes, new threshold 6 (max threshold 6)
[17.854s][info ][gc,heap      ] GC(138) ParNew: 241341K->451K(270976K)
[17.854s][info ][gc,heap      ] GC(138) CMS: 244127K->244147K(602112K)
[17.854s][info ][gc,metaspace ] GC(138) Metaspace: 49138K->49138K(1093632K)
[17.854s][info ][gc           ] GC(138) Pause Young (Allocation Failure) 474M->238M(852M) 2.241ms
[17.854s][info ][gc,cpu       ] GC(138) User=0.01s Sys=0.00s Real=0.00s
[17.854s][info ][safepoint    ] Leaving safepoint region
[17.854s][info ][safepoint    ] Total time for which application threads were stopped: 0.0103011 seconds, Stopping threads took: 0.0078268 seconds
[17.917s][info ][safepoint    ] Application time: 0.0628529 seconds
[17.918s][info ][safepoint    ] Entering safepoint region: GenCollectForAllocation
[17.918s][info ][gc,start     ] GC(139) Pause Young (Allocation Failure)
[17.918s][info ][gc,task      ] GC(139) Using 4 workers of 4 for evacuation
[17.920s][debug][gc,ref       ] GC(139) Skipped phase1 of Reference Processing due to unavailable references
[17.920s][debug][gc,ref       ] GC(139) Skipped phase2 of Reference Processing due to unavailable references
[17.920s][debug][gc,ref       ] GC(139) Skipped phase3 of Reference Processing due to unavailable references
[17.920s][debug][gc,ref       ] GC(139) Skipped phase4 of Reference Processing due to unavailable references
[17.921s][debug][gc,age       ] GC(139) Desired survivor size 15400960 bytes, new threshold 6 (max threshold 6)
[17.921s][info ][gc,heap      ] GC(139) ParNew: 241347K->439K(270976K)
[17.921s][info ][gc,heap      ] GC(139) CMS: 244147K->244190K(602112K)
[17.921s][info ][gc,metaspace ] GC(139) Metaspace: 49145K->49145K(1093632K)
[17.921s][info ][gc           ] GC(139) Pause Young (Allocation Failure) 474M->238M(852M) 2.781ms
[17.921s][info ][gc,cpu       ] GC(139) User=0.01s Sys=0.01s Real=0.00s
[17.921s][info ][safepoint    ] Leaving safepoint region
[17.921s][info ][safepoint    ] Total time for which application threads were stopped: 0.0036255 seconds, Stopping threads took: 0.0006353 seconds
[17.964s][info ][safepoint    ] Application time: 0.0431100 seconds
[17.964s][info ][safepoint    ] Entering safepoint region: GenCollectForAllocation
[17.964s][info ][gc,start     ] GC(140) Pause Young (Allocation Failure)
[17.964s][info ][gc,task      ] GC(140) Using 4 workers of 4 for evacuation
[17.966s][debug][gc,ref       ] GC(140) Skipped phase1 of Reference Processing due to unavailable references
[17.966s][debug][gc,ref       ] GC(140) Skipped phase2 of Reference Processing due to unavailable references
[17.966s][debug][gc,ref       ] GC(140) Skipped phase3 of Reference Processing due to unavailable references
[17.966s][debug][gc,ref       ] GC(140) Skipped phase4 of Reference Processing due to unavailable references
[17.966s][debug][gc,age       ] GC(140) Desired survivor size 15400960 bytes, new threshold 6 (max threshold 6)
[17.966s][info ][gc,heap      ] GC(140) ParNew: 241335K->542K(270976K)
[17.966s][info ][gc,heap      ] GC(140) CMS: 244190K->244224K(602112K)
[17.966s][info ][gc,metaspace ] GC(140) Metaspace: 49146K->49146K(1093632K)
[17.966s][info ][gc           ] GC(140) Pause Young (Allocation Failure) 474M->239M(852M) 1.765ms
[17.966s][info ][gc,cpu       ] GC(140) User=0.01s Sys=0.00s Real=0.00s
[17.966s][info ][safepoint    ] Leaving safepoint region
[17.966s][info ][safepoint    ] Total time for which application threads were stopped: 0.0021132 seconds, Stopping threads took: 0.0001644 seconds
[18.011s][info ][safepoint    ] Application time: 0.0452849 seconds
[18.011s][info ][safepoint    ] Entering safepoint region: GenCollectForAllocation
[18.012s][info ][gc,start     ] GC(141) Pause Young (Allocation Failure)
[18.012s][info ][gc,task      ] GC(141) Using 4 workers of 4 for evacuation
[18.013s][debug][gc,ref       ] GC(141) Skipped phase1 of Reference Processing due to unavailable references
[18.013s][debug][gc,ref       ] GC(141) Skipped phase2 of Reference Processing due to unavailable references
[18.013s][debug][gc,ref       ] GC(141) Skipped phase3 of Reference Processing due to unavailable references
[18.013s][debug][gc,ref       ] GC(141) Skipped phase4 of Reference Processing due to unavailable references
[18.013s][debug][gc,age       ] GC(141) Desired survivor size 15400960 bytes, new threshold 6 (max threshold 6)
[18.013s][info ][gc,heap      ] GC(141) ParNew: 241438K->378K(270976K)
[18.013s][info ][gc,heap      ] GC(141) CMS: 244224K->244256K(602112K)
[18.013s][info ][gc,metaspace ] GC(141) Metaspace: 49146K->49146K(1093632K)
[18.013s][info ][gc           ] GC(141) Pause Young (Allocation Failure) 474M->238M(852M) 1.789ms
[18.013s][info ][gc,cpu       ] GC(141) User=0.01s Sys=0.00s Real=0.00s
[18.013s][info ][safepoint    ] Leaving safepoint region
[18.013s][info ][safepoint    ] Total time for which application threads were stopped: 0.0020689 seconds, Stopping threads took: 0.0000735 seconds
[18.068s][info ][safepoint    ] Application time: 0.0545911 seconds
[18.070s][info ][safepoint    ] Entering safepoint region: GenCollectForAllocation
[18.070s][info ][gc,start     ] GC(142) Pause Young (Allocation Failure)
[18.070s][info ][gc,task      ] GC(142) Using 4 workers of 4 for evacuation
[18.072s][debug][gc,ref       ] GC(142) Skipped phase1 of Reference Processing due to unavailable references
[18.072s][debug][gc,ref       ] GC(142) Skipped phase2 of Reference Processing due to unavailable references
[18.072s][debug][gc,ref       ] GC(142) Skipped phase3 of Reference Processing due to unavailable references
[18.072s][debug][gc,ref       ] GC(142) Skipped phase4 of Reference Processing due to unavailable references
[18.072s][debug][gc,age       ] GC(142) Desired survivor size 15400960 bytes, new threshold 6 (max threshold 6)
[18.072s][info ][gc,heap      ] GC(142) ParNew: 241274K->459K(270976K)
[18.072s][info ][gc,heap      ] GC(142) CMS: 244256K->244284K(602112K)
[18.072s][info ][gc,metaspace ] GC(142) Metaspace: 49149K->49149K(1093632K)
[18.072s][info ][gc           ] GC(142) Pause Young (Allocation Failure) 474M->239M(852M) 1.923ms
[18.072s][info ][gc,cpu       ] GC(142) User=0.01s Sys=0.00s Real=0.01s
[18.072s][info ][safepoint    ] Leaving safepoint region
[18.072s][info ][safepoint    ] Total time for which application threads were stopped: 0.0043057 seconds, Stopping threads took: 0.0022237 seconds
[18.134s][info ][safepoint    ] Application time: 0.0621099 seconds
[18.135s][info ][safepoint    ] Entering safepoint region: GenCollectForAllocation
[18.135s][info ][gc,start     ] GC(143) Pause Young (Allocation Failure)
[18.135s][info ][gc,task      ] GC(143) Using 4 workers of 4 for evacuation
[18.137s][debug][gc,ref       ] GC(143) Skipped phase1 of Reference Processing due to unavailable references
[18.137s][debug][gc,ref       ] GC(143) Skipped phase2 of Reference Processing due to unavailable references
[18.137s][debug][gc,ref       ] GC(143) Skipped phase3 of Reference Processing due to unavailable references
[18.137s][debug][gc,ref       ] GC(143) Skipped phase4 of Reference Processing due to unavailable references
[18.137s][debug][gc,age       ] GC(143) Desired survivor size 15400960 bytes, new threshold 6 (max threshold 6)
[18.137s][info ][gc,heap      ] GC(143) ParNew: 241355K->490K(270976K)
[18.137s][info ][gc,heap      ] GC(143) CMS: 244284K->244303K(602112K)
[18.137s][info ][gc,metaspace ] GC(143) Metaspace: 49176K->49176K(1093632K)
[18.137s][info ][gc           ] GC(143) Pause Young (Allocation Failure) 474M->239M(852M) 2.416ms
[18.137s][info ][gc,cpu       ] GC(143) User=0.01s Sys=0.00s Real=0.00s
[18.137s][info ][safepoint    ] Leaving safepoint region
[18.137s][info ][safepoint    ] Total time for which application threads were stopped: 0.0029658 seconds, Stopping threads took: 0.0003195 seconds
[18.173s][info ][safepoint    ] Application time: 0.0353209 seconds
[18.173s][info ][safepoint    ] Entering safepoint region: GenCollectForAllocation
[18.173s][info ][gc,start     ] GC(144) Pause Young (Allocation Failure)
[18.173s][info ][gc,task      ] GC(144) Using 4 workers of 4 for evacuation
[18.175s][debug][gc,ref       ] GC(144) Skipped phase1 of Reference Processing due to unavailable references
[18.175s][debug][gc,ref       ] GC(144) Skipped phase2 of Reference Processing due to unavailable references
[18.175s][debug][gc,ref       ] GC(144) Skipped phase3 of Reference Processing due to unavailable references
[18.175s][debug][gc,ref       ] GC(144) Skipped phase4 of Reference Processing due to unavailable references
[18.175s][debug][gc,age       ] GC(144) Desired survivor size 15400960 bytes, new threshold 6 (max threshold 6)
[18.175s][info ][gc,heap      ] GC(144) ParNew: 241386K->405K(270976K)
[18.175s][info ][gc,heap      ] GC(144) CMS: 244303K->244350K(602112K)
[18.175s][info ][gc,metaspace ] GC(144) Metaspace: 49177K->49177K(1093632K)
[18.175s][info ][gc           ] GC(144) Pause Young (Allocation Failure) 474M->239M(852M) 2.174ms
[18.175s][info ][gc,cpu       ] GC(144) User=0.00s Sys=0.00s Real=0.00s
[18.175s][info ][safepoint    ] Leaving safepoint region
[18.175s][info ][safepoint    ] Total time for which application threads were stopped: 0.0024575 seconds, Stopping threads took: 0.0000950 seconds
[18.212s][info ][safepoint    ] Application time: 0.0367474 seconds
[18.212s][info ][safepoint    ] Entering safepoint region: GenCollectForAllocation
[18.213s][info ][gc,start     ] GC(145) Pause Young (Allocation Failure)
[18.213s][info ][gc,task      ] GC(145) Using 4 workers of 4 for evacuation
[18.215s][debug][gc,ref       ] GC(145) Skipped phase1 of Reference Processing due to unavailable references
[18.215s][debug][gc,ref       ] GC(145) Skipped phase2 of Reference Processing due to unavailable references
[18.215s][debug][gc,ref       ] GC(145) Skipped phase3 of Reference Processing due to unavailable references
[18.215s][debug][gc,ref       ] GC(145) Skipped phase4 of Reference Processing due to unavailable references
[18.215s][debug][gc,age       ] GC(145) Desired survivor size 15400960 bytes, new threshold 6 (max threshold 6)
[18.215s][info ][gc,heap      ] GC(145) ParNew: 241301K->483K(270976K)
[18.215s][info ][gc,heap      ] GC(145) CMS: 244350K->244403K(602112K)
[18.215s][info ][gc,metaspace ] GC(145) Metaspace: 49178K->49178K(1093632K)
[18.215s][info ][gc           ] GC(145) Pause Young (Allocation Failure) 474M->239M(852M) 2.130ms
[18.215s][info ][gc,cpu       ] GC(145) User=0.01s Sys=0.00s Real=0.00s
[18.215s][info ][safepoint    ] Leaving safepoint region
[18.215s][info ][safepoint    ] Total time for which application threads were stopped: 0.0027589 seconds, Stopping threads took: 0.0004048 seconds
[18.266s][info ][safepoint    ] Application time: 0.0511291 seconds
[18.268s][info ][safepoint    ] Entering safepoint region: GenCollectForAllocation
[18.268s][info ][gc,start     ] GC(146) Pause Young (Allocation Failure)
[18.268s][info ][gc,task      ] GC(146) Using 4 workers of 4 for evacuation
[18.270s][debug][gc,ref       ] GC(146) Skipped phase1 of Reference Processing due to unavailable references
[18.270s][debug][gc,ref       ] GC(146) Skipped phase2 of Reference Processing due to unavailable references
[18.270s][debug][gc,ref       ] GC(146) Skipped phase3 of Reference Processing due to unavailable references
[18.270s][debug][gc,ref       ] GC(146) Skipped phase4 of Reference Processing due to unavailable references
[18.270s][debug][gc,age       ] GC(146) Desired survivor size 15400960 bytes, new threshold 6 (max threshold 6)
[18.270s][info ][gc,heap      ] GC(146) ParNew: 241379K->539K(270976K)
[18.270s][info ][gc,heap      ] GC(146) CMS: 244403K->244415K(602112K)
[18.270s][info ][gc,metaspace ] GC(146) Metaspace: 49178K->49178K(1093632K)
[18.270s][info ][gc           ] GC(146) Pause Young (Allocation Failure) 474M->239M(852M) 1.711ms
[18.270s][info ][gc,cpu       ] GC(146) User=0.01s Sys=0.00s Real=0.00s
[18.270s][info ][safepoint    ] Leaving safepoint region
[18.270s][info ][safepoint    ] Total time for which application threads were stopped: 0.0039523 seconds, Stopping threads took: 0.0020662 seconds
[18.320s][info ][safepoint    ] Application time: 0.0497767 seconds
[18.320s][info ][safepoint    ] Entering safepoint region: GenCollectForAllocation
[18.320s][info ][gc,start     ] GC(147) Pause Young (Allocation Failure)
[18.320s][info ][gc,task      ] GC(147) Using 4 workers of 4 for evacuation
[18.322s][debug][gc,ref       ] GC(147) Skipped phase1 of Reference Processing due to unavailable references
[18.322s][debug][gc,ref       ] GC(147) Skipped phase2 of Reference Processing due to unavailable references
[18.322s][debug][gc,ref       ] GC(147) Skipped phase3 of Reference Processing due to unavailable references
[18.322s][debug][gc,ref       ] GC(147) Skipped phase4 of Reference Processing due to unavailable references
[18.323s][debug][gc,age       ] GC(147) Desired survivor size 15400960 bytes, new threshold 6 (max threshold 6)
[18.323s][info ][gc,heap      ] GC(147) ParNew: 241435K->382K(270976K)
[18.323s][info ][gc,heap      ] GC(147) CMS: 244415K->244453K(602112K)
[18.323s][info ][gc,metaspace ] GC(147) Metaspace: 49184K->49184K(1093632K)
[18.323s][info ][gc           ] GC(147) Pause Young (Allocation Failure) 474M->239M(852M) 2.408ms
[18.323s][info ][gc,cpu       ] GC(147) User=0.01s Sys=0.00s Real=0.00s
[18.323s][info ][safepoint    ] Leaving safepoint region
[18.323s][info ][safepoint    ] Total time for which application threads were stopped: 0.0027836 seconds, Stopping threads took: 0.0001526 seconds
[18.378s][info ][safepoint    ] Application time: 0.0554721 seconds
[18.378s][info ][safepoint    ] Entering safepoint region: GenCollectForAllocation
[18.379s][info ][gc,start     ] GC(148) Pause Young (Allocation Failure)
[18.379s][info ][gc,task      ] GC(148) Using 4 workers of 4 for evacuation
[18.381s][debug][gc,ref       ] GC(148) Skipped phase1 of Reference Processing due to unavailable references
[18.381s][debug][gc,ref       ] GC(148) Skipped phase2 of Reference Processing due to unavailable references
[18.381s][debug][gc,ref       ] GC(148) Skipped phase3 of Reference Processing due to unavailable references
[18.381s][debug][gc,ref       ] GC(148) Skipped phase4 of Reference Processing due to unavailable references
[18.381s][debug][gc,age       ] GC(148) Desired survivor size 15400960 bytes, new threshold 6 (max threshold 6)
[18.381s][info ][gc,heap      ] GC(148) ParNew: 241278K->402K(270976K)
[18.381s][info ][gc,heap      ] GC(148) CMS: 244453K->244497K(602112K)
[18.381s][info ][gc,metaspace ] GC(148) Metaspace: 49185K->49185K(1093632K)
[18.381s][info ][gc           ] GC(148) Pause Young (Allocation Failure) 474M->239M(852M) 2.539ms
[18.381s][info ][gc,cpu       ] GC(148) User=0.01s Sys=0.00s Real=0.00s
[18.381s][info ][safepoint    ] Leaving safepoint region
[18.381s][info ][safepoint    ] Total time for which application threads were stopped: 0.0032288 seconds, Stopping threads took: 0.0003814 seconds
[18.435s][info ][safepoint    ] Application time: 0.0535412 seconds
[18.435s][info ][safepoint    ] Entering safepoint region: GenCollectForAllocation
[18.435s][info ][gc,start     ] GC(149) Pause Young (Allocation Failure)
[18.435s][info ][gc,task      ] GC(149) Using 4 workers of 4 for evacuation
[18.437s][debug][gc,ref       ] GC(149) Skipped phase1 of Reference Processing due to unavailable references
[18.437s][debug][gc,ref       ] GC(149) Skipped phase2 of Reference Processing due to unavailable references
[18.437s][debug][gc,ref       ] GC(149) Skipped phase3 of Reference Processing due to unavailable references
[18.437s][debug][gc,ref       ] GC(149) Skipped phase4 of Reference Processing due to unavailable references
[18.438s][debug][gc,age       ] GC(149) Desired survivor size 15400960 bytes, new threshold 6 (max threshold 6)
[18.438s][info ][gc,heap      ] GC(149) ParNew: 241298K->415K(270976K)
[18.438s][info ][gc,heap      ] GC(149) CMS: 244497K->244535K(602112K)
[18.438s][info ][gc,metaspace ] GC(149) Metaspace: 49185K->49185K(1093632K)
[18.438s][info ][gc           ] GC(149) Pause Young (Allocation Failure) 474M->239M(852M) 2.279ms
[18.438s][info ][gc,cpu       ] GC(149) User=0.01s Sys=0.00s Real=0.00s
[18.438s][info ][safepoint    ] Leaving safepoint region
[18.438s][info ][safepoint    ] Total time for which application threads were stopped: 0.0026700 seconds, Stopping threads took: 0.0002236 seconds
[18.494s][info ][safepoint    ] Application time: 0.0567525 seconds
[18.495s][info ][safepoint    ] Entering safepoint region: GenCollectForAllocation
[18.495s][info ][gc,start     ] GC(150) Pause Young (Allocation Failure)
[18.495s][info ][gc,task      ] GC(150) Using 4 workers of 4 for evacuation
[18.498s][debug][gc,ref       ] GC(150) Skipped phase1 of Reference Processing due to unavailable references
[18.498s][debug][gc,ref       ] GC(150) Skipped phase2 of Reference Processing due to unavailable references
[18.498s][debug][gc,ref       ] GC(150) Skipped phase3 of Reference Processing due to unavailable references
[18.498s][debug][gc,ref       ] GC(150) Skipped phase4 of Reference Processing due to unavailable references
[18.498s][debug][gc,age       ] GC(150) Desired survivor size 15400960 bytes, new threshold 6 (max threshold 6)
[18.498s][info ][gc,heap      ] GC(150) ParNew: 241311K->426K(270976K)
[18.498s][info ][gc,heap      ] GC(150) CMS: 244535K->244565K(602112K)
[18.498s][info ][gc,metaspace ] GC(150) Metaspace: 49187K->49187K(1093632K)
[18.498s][info ][gc           ] GC(150) Pause Young (Allocation Failure) 474M->239M(852M) 3.143ms
[18.498s][info ][gc,cpu       ] GC(150) User=0.01s Sys=0.00s Real=0.00s
[18.498s][info ][safepoint    ] Leaving safepoint region
[18.498s][info ][safepoint    ] Total time for which application threads were stopped: 0.0038126 seconds, Stopping threads took: 0.0003915 seconds
[18.571s][info ][safepoint    ] Application time: 0.0724812 seconds
[18.571s][info ][safepoint    ] Entering safepoint region: GenCollectForAllocation
[18.571s][info ][gc,start     ] GC(151) Pause Young (Allocation Failure)
[18.571s][info ][gc,task      ] GC(151) Using 4 workers of 4 for evacuation
[18.573s][debug][gc,ref       ] GC(151) Skipped phase1 of Reference Processing due to unavailable references
[18.573s][debug][gc,ref       ] GC(151) Skipped phase2 of Reference Processing due to unavailable references
[18.573s][debug][gc,ref       ] GC(151) Skipped phase3 of Reference Processing due to unavailable references
[18.573s][debug][gc,ref       ] GC(151) Skipped phase4 of Reference Processing due to unavailable references
[18.573s][debug][gc,age       ] GC(151) Desired survivor size 15400960 bytes, new threshold 6 (max threshold 6)
[18.573s][info ][gc,heap      ] GC(151) ParNew: 241322K->492K(270976K)
[18.573s][info ][gc,heap      ] GC(151) CMS: 244565K->244587K(602112K)
[18.573s][info ][gc,metaspace ] GC(151) Metaspace: 49193K->49193K(1093632K)
[18.573s][info ][gc           ] GC(151) Pause Young (Allocation Failure) 474M->239M(852M) 1.949ms
[18.573s][info ][gc,cpu       ] GC(151) User=0.01s Sys=0.00s Real=0.01s
[18.573s][info ][safepoint    ] Leaving safepoint region
[18.573s][info ][safepoint    ] Total time for which application threads were stopped: 0.0023364 seconds, Stopping threads took: 0.0001929 seconds
[18.619s][info ][safepoint    ] Application time: 0.0463289 seconds
[18.620s][info ][safepoint    ] Entering safepoint region: GenCollectForAllocation
[18.620s][info ][gc,start     ] GC(152) Pause Young (Allocation Failure)
[18.620s][info ][gc,task      ] GC(152) Using 4 workers of 4 for evacuation
[18.622s][debug][gc,ref       ] GC(152) Skipped phase1 of Reference Processing due to unavailable references
[18.622s][debug][gc,ref       ] GC(152) Skipped phase2 of Reference Processing due to unavailable references
[18.622s][debug][gc,ref       ] GC(152) Skipped phase3 of Reference Processing due to unavailable references
[18.622s][debug][gc,ref       ] GC(152) Skipped phase4 of Reference Processing due to unavailable references
[18.622s][debug][gc,age       ] GC(152) Desired survivor size 15400960 bytes, new threshold 6 (max threshold 6)
[18.622s][info ][gc,heap      ] GC(152) ParNew: 241388K->463K(270976K)
[18.622s][info ][gc,heap      ] GC(152) CMS: 244587K->244636K(602112K)
[18.622s][info ][gc,metaspace ] GC(152) Metaspace: 49194K->49194K(1093632K)
[18.622s][info ][gc           ] GC(152) Pause Young (Allocation Failure) 474M->239M(852M) 2.251ms
[18.622s][info ][gc,cpu       ] GC(152) User=0.00s Sys=0.00s Real=0.00s
[18.622s][info ][safepoint    ] Leaving safepoint region
[18.622s][info ][safepoint    ] Total time for which application threads were stopped: 0.0026063 seconds, Stopping threads took: 0.0001588 seconds
[18.675s][info ][safepoint    ] Application time: 0.0530823 seconds
[18.675s][info ][safepoint    ] Entering safepoint region: GenCollectForAllocation
[18.675s][info ][gc,start     ] GC(153) Pause Young (Allocation Failure)
[18.675s][info ][gc,task      ] GC(153) Using 4 workers of 4 for evacuation
[18.677s][debug][gc,ref       ] GC(153) Skipped phase1 of Reference Processing due to unavailable references
[18.677s][debug][gc,ref       ] GC(153) Skipped phase2 of Reference Processing due to unavailable references
[18.677s][debug][gc,ref       ] GC(153) Skipped phase3 of Reference Processing due to unavailable references
[18.677s][debug][gc,ref       ] GC(153) Skipped phase4 of Reference Processing due to unavailable references
[18.677s][debug][gc,age       ] GC(153) Desired survivor size 15400960 bytes, new threshold 6 (max threshold 6)
[18.677s][info ][gc,heap      ] GC(153) ParNew: 241359K->448K(270976K)
[18.677s][info ][gc,heap      ] GC(153) CMS: 244636K->244672K(602112K)
[18.677s][info ][gc,metaspace ] GC(153) Metaspace: 49199K->49199K(1093632K)
[18.677s][info ][gc           ] GC(153) Pause Young (Allocation Failure) 474M->239M(852M) 1.758ms
[18.677s][info ][gc,cpu       ] GC(153) User=0.00s Sys=0.00s Real=0.00s
[18.677s][info ][safepoint    ] Leaving safepoint region
[18.677s][info ][safepoint    ] Total time for which application threads were stopped: 0.0020460 seconds, Stopping threads took: 0.0000861 seconds
[18.750s][info ][safepoint    ] Application time: 0.0728129 seconds
[18.750s][info ][safepoint    ] Entering safepoint region: GenCollectForAllocation
[18.750s][info ][gc,start     ] GC(154) Pause Young (Allocation Failure)
[18.750s][info ][gc,task      ] GC(154) Using 4 workers of 4 for evacuation
[18.752s][debug][gc,ref       ] GC(154) Skipped phase1 of Reference Processing due to unavailable references
[18.752s][debug][gc,ref       ] GC(154) Skipped phase2 of Reference Processing due to unavailable references
[18.752s][debug][gc,ref       ] GC(154) Skipped phase3 of Reference Processing due to unavailable references
[18.752s][debug][gc,ref       ] GC(154) Skipped phase4 of Reference Processing due to unavailable references
[18.752s][debug][gc,age       ] GC(154) Desired survivor size 15400960 bytes, new threshold 6 (max threshold 6)
[18.752s][info ][gc,heap      ] GC(154) ParNew: 241344K->439K(270976K)
[18.752s][info ][gc,heap      ] GC(154) CMS: 244672K->244700K(602112K)
[18.752s][info ][gc,metaspace ] GC(154) Metaspace: 49200K->49200K(1093632K)
[18.752s][info ][gc           ] GC(154) Pause Young (Allocation Failure) 474M->239M(852M) 1.952ms
[18.752s][info ][gc,cpu       ] GC(154) User=0.00s Sys=0.00s Real=0.01s
[18.752s][info ][safepoint    ] Leaving safepoint region
[18.752s][info ][safepoint    ] Total time for which application threads were stopped: 0.0023136 seconds, Stopping threads took: 0.0001750 seconds
[18.788s][info ][safepoint    ] Application time: 0.0357351 seconds
[18.789s][info ][safepoint    ] Entering safepoint region: GenCollectForAllocation
[18.789s][info ][gc,start     ] GC(155) Pause Young (Allocation Failure)
[18.789s][info ][gc,task      ] GC(155) Using 4 workers of 4 for evacuation
[18.792s][debug][gc,ref       ] GC(155) Skipped phase1 of Reference Processing due to unavailable references
[18.792s][debug][gc,ref       ] GC(155) Skipped phase2 of Reference Processing due to unavailable references
[18.792s][debug][gc,ref       ] GC(155) Skipped phase3 of Reference Processing due to unavailable references
[18.792s][debug][gc,ref       ] GC(155) Skipped phase4 of Reference Processing due to unavailable references
[18.792s][debug][gc,age       ] GC(155) Desired survivor size 15400960 bytes, new threshold 6 (max threshold 6)
[18.792s][info ][gc,heap      ] GC(155) ParNew: 241335K->564K(270976K)
[18.792s][info ][gc,heap      ] GC(155) CMS: 244700K->244735K(602112K)
[18.792s][info ][gc,metaspace ] GC(155) Metaspace: 49200K->49200K(1093632K)
[18.792s][info ][gc           ] GC(155) Pause Young (Allocation Failure) 474M->239M(852M) 3.196ms
[18.792s][info ][gc,cpu       ] GC(155) User=0.01s Sys=0.00s Real=0.01s
[18.792s][info ][safepoint    ] Leaving safepoint region
[18.792s][info ][safepoint    ] Total time for which application threads were stopped: 0.0036966 seconds, Stopping threads took: 0.0002189 seconds
[18.842s][info ][safepoint    ] Application time: 0.0498359 seconds
[18.848s][info ][safepoint    ] Entering safepoint region: GenCollectForAllocation
[18.848s][info ][gc,start     ] GC(156) Pause Young (Allocation Failure)
[18.848s][info ][gc,task      ] GC(156) Using 4 workers of 4 for evacuation
[18.852s][debug][gc,ref       ] GC(156) Skipped phase1 of Reference Processing due to unavailable references
[18.852s][debug][gc,ref       ] GC(156) Skipped phase2 of Reference Processing due to unavailable references
[18.852s][debug][gc,ref       ] GC(156) Skipped phase3 of Reference Processing due to unavailable references
[18.852s][debug][gc,ref       ] GC(156) Skipped phase4 of Reference Processing due to unavailable references
[18.852s][debug][gc,age       ] GC(156) Desired survivor size 15400960 bytes, new threshold 6 (max threshold 6)
[18.852s][info ][gc,heap      ] GC(156) ParNew: 241460K->408K(270976K)
[18.852s][info ][gc,heap      ] GC(156) CMS: 244735K->244769K(602112K)
[18.852s][info ][gc,metaspace ] GC(156) Metaspace: 49200K->49200K(1093632K)
[18.852s][info ][gc           ] GC(156) Pause Young (Allocation Failure) 474M->239M(852M) 3.946ms
[18.852s][info ][gc,cpu       ] GC(156) User=0.01s Sys=0.00s Real=0.01s
[18.852s][info ][safepoint    ] Leaving safepoint region
[18.852s][info ][safepoint    ] Total time for which application threads were stopped: 0.0100060 seconds, Stopping threads took: 0.0058749 seconds
[18.909s][info ][safepoint    ] Application time: 0.0572365 seconds
[18.913s][info ][safepoint    ] Entering safepoint region: GenCollectForAllocation
[18.913s][info ][gc,start     ] GC(157) Pause Young (Allocation Failure)
[18.913s][info ][gc,task      ] GC(157) Using 4 workers of 4 for evacuation
[18.931s][debug][gc,ref       ] GC(157) Skipped phase1 of Reference Processing due to unavailable references
[18.931s][debug][gc,ref       ] GC(157) Skipped phase2 of Reference Processing due to unavailable references
[18.931s][debug][gc,ref       ] GC(157) Skipped phase3 of Reference Processing due to unavailable references
[18.931s][debug][gc,ref       ] GC(157) Skipped phase4 of Reference Processing due to unavailable references
[18.932s][debug][gc,age       ] GC(157) Desired survivor size 15400960 bytes, new threshold 6 (max threshold 6)
[18.932s][info ][gc,heap      ] GC(157) ParNew: 241304K->370K(270976K)
[18.932s][info ][gc,heap      ] GC(157) CMS: 244769K->244829K(602112K)
[18.932s][info ][gc,metaspace ] GC(157) Metaspace: 49205K->49205K(1093632K)
[18.932s][info ][gc           ] GC(157) Pause Young (Allocation Failure) 474M->239M(852M) 18.669ms
[18.932s][info ][gc,cpu       ] GC(157) User=0.04s Sys=0.00s Real=0.02s
[18.932s][info ][safepoint    ] Leaving safepoint region
[18.932s][info ][safepoint    ] Total time for which application threads were stopped: 0.0225821 seconds, Stopping threads took: 0.0036763 seconds
[19.001s][info ][safepoint    ] Application time: 0.0696382 seconds
[19.004s][info ][safepoint    ] Entering safepoint region: GenCollectForAllocation
[19.004s][info ][gc,start     ] GC(158) Pause Young (Allocation Failure)
[19.004s][info ][gc,task      ] GC(158) Using 4 workers of 4 for evacuation
[19.006s][debug][gc,ref       ] GC(158) Skipped phase1 of Reference Processing due to unavailable references
[19.006s][debug][gc,ref       ] GC(158) Skipped phase2 of Reference Processing due to unavailable references
[19.006s][debug][gc,ref       ] GC(158) Skipped phase3 of Reference Processing due to unavailable references
[19.006s][debug][gc,ref       ] GC(158) Skipped phase4 of Reference Processing due to unavailable references
[19.006s][debug][gc,age       ] GC(158) Desired survivor size 15400960 bytes, new threshold 6 (max threshold 6)
[19.006s][info ][gc,heap      ] GC(158) ParNew: 241266K->458K(270976K)
[19.006s][info ][gc,heap      ] GC(158) CMS: 244829K->244841K(602112K)
[19.006s][info ][gc,metaspace ] GC(158) Metaspace: 49214K->49214K(1093632K)
[19.006s][info ][gc           ] GC(158) Pause Young (Allocation Failure) 474M->239M(852M) 1.799ms
[19.006s][info ][gc,cpu       ] GC(158) User=0.00s Sys=0.00s Real=0.00s
[19.006s][info ][safepoint    ] Leaving safepoint region
[19.006s][info ][safepoint    ] Total time for which application threads were stopped: 0.0043111 seconds, Stopping threads took: 0.0023056 seconds
[19.047s][info ][safepoint    ] Application time: 0.0407414 seconds
[19.048s][info ][safepoint    ] Entering safepoint region: GenCollectForAllocation
[19.049s][info ][gc,start     ] GC(159) Pause Young (Allocation Failure)
[19.049s][info ][gc,task      ] GC(159) Using 4 workers of 4 for evacuation
[19.050s][debug][gc,ref       ] GC(159) Skipped phase1 of Reference Processing due to unavailable references
[19.051s][debug][gc,ref       ] GC(159) Skipped phase2 of Reference Processing due to unavailable references
[19.051s][debug][gc,ref       ] GC(159) Skipped phase3 of Reference Processing due to unavailable references
[19.051s][debug][gc,ref       ] GC(159) Skipped phase4 of Reference Processing due to unavailable references
[19.051s][debug][gc,age       ] GC(159) Desired survivor size 15400960 bytes, new threshold 6 (max threshold 6)
[19.051s][info ][gc,heap      ] GC(159) ParNew: 241354K->674K(270976K)
[19.051s][info ][gc,heap      ] GC(159) CMS: 244841K->244876K(602112K)
[19.051s][info ][gc,metaspace ] GC(159) Metaspace: 49216K->49216K(1093632K)
[19.051s][info ][gc           ] GC(159) Pause Young (Allocation Failure) 474M->239M(852M) 2.212ms
[19.051s][info ][gc,cpu       ] GC(159) User=0.01s Sys=0.00s Real=0.00s
[19.051s][info ][safepoint    ] Leaving safepoint region
[19.051s][info ][safepoint    ] Total time for which application threads were stopped: 0.0041637 seconds, Stopping threads took: 0.0017109 seconds
[19.093s][info ][safepoint    ] Application time: 0.0417677 seconds
[19.093s][info ][safepoint    ] Entering safepoint region: GenCollectForAllocation
[19.093s][info ][gc,start     ] GC(160) Pause Young (Allocation Failure)
[19.093s][info ][gc,task      ] GC(160) Using 4 workers of 4 for evacuation
[19.099s][debug][gc,ref       ] GC(160) Skipped phase1 of Reference Processing due to unavailable references
[19.099s][debug][gc,ref       ] GC(160) Skipped phase2 of Reference Processing due to unavailable references
[19.099s][debug][gc,ref       ] GC(160) Skipped phase3 of Reference Processing due to unavailable references
[19.099s][debug][gc,ref       ] GC(160) Skipped phase4 of Reference Processing due to unavailable references
[19.099s][debug][gc,age       ] GC(160) Desired survivor size 15400960 bytes, new threshold 6 (max threshold 6)
[19.099s][info ][gc,heap      ] GC(160) ParNew: 241570K->945K(270976K)
[19.099s][info ][gc,heap      ] GC(160) CMS: 244876K->244950K(602112K)
[19.099s][info ][gc,metaspace ] GC(160) Metaspace: 49218K->49218K(1093632K)
[19.099s][info ][gc           ] GC(160) Pause Young (Allocation Failure) 475M->240M(852M) 6.005ms
[19.099s][info ][gc,cpu       ] GC(160) User=0.01s Sys=0.00s Real=0.00s
[19.099s][info ][safepoint    ] Leaving safepoint region
[19.099s][info ][safepoint    ] Total time for which application threads were stopped: 0.0063541 seconds, Stopping threads took: 0.0001166 seconds
[19.144s][info ][safepoint    ] Application time: 0.0453824 seconds
[19.148s][info ][safepoint    ] Entering safepoint region: GenCollectForAllocation
[19.148s][info ][gc,start     ] GC(161) Pause Young (Allocation Failure)
[19.148s][info ][gc,task      ] GC(161) Using 4 workers of 4 for evacuation
[19.151s][debug][gc,ref       ] GC(161) Skipped phase1 of Reference Processing due to unavailable references
[19.151s][debug][gc,ref       ] GC(161) Skipped phase2 of Reference Processing due to unavailable references
[19.151s][debug][gc,ref       ] GC(161) Skipped phase3 of Reference Processing due to unavailable references
[19.151s][debug][gc,ref       ] GC(161) Skipped phase4 of Reference Processing due to unavailable references
[19.151s][debug][gc,age       ] GC(161) Desired survivor size 15400960 bytes, new threshold 6 (max threshold 6)
[19.151s][info ][gc,heap      ] GC(161) ParNew: 241841K->842K(270976K)
[19.151s][info ][gc,heap      ] GC(161) CMS: 244950K->244963K(602112K)
[19.151s][info ][gc,metaspace ] GC(161) Metaspace: 49223K->49223K(1093632K)
[19.151s][info ][gc           ] GC(161) Pause Young (Allocation Failure) 475M->240M(852M) 3.112ms
[19.151s][info ][gc,cpu       ] GC(161) User=0.01s Sys=0.00s Real=0.00s
[19.151s][info ][safepoint    ] Leaving safepoint region
[19.151s][info ][safepoint    ] Total time for which application threads were stopped: 0.0069344 seconds, Stopping threads took: 0.0036161 seconds
[19.202s][info ][safepoint    ] Application time: 0.0510441 seconds
[19.203s][info ][safepoint    ] Entering safepoint region: GenCollectForAllocation
[19.203s][info ][gc,start     ] GC(162) Pause Young (Allocation Failure)
[19.203s][info ][gc,task      ] GC(162) Using 4 workers of 4 for evacuation
[19.205s][debug][gc,ref       ] GC(162) Skipped phase1 of Reference Processing due to unavailable references
[19.205s][debug][gc,ref       ] GC(162) Skipped phase2 of Reference Processing due to unavailable references
[19.205s][debug][gc,ref       ] GC(162) Skipped phase3 of Reference Processing due to unavailable references
[19.205s][debug][gc,ref       ] GC(162) Skipped phase4 of Reference Processing due to unavailable references
[19.205s][debug][gc,age       ] GC(162) Desired survivor size 15400960 bytes, new threshold 6 (max threshold 6)
[19.205s][info ][gc,heap      ] GC(162) ParNew: 241738K->869K(270976K)
[19.205s][info ][gc,heap      ] GC(162) CMS: 244963K->244999K(602112K)
[19.205s][info ][gc,metaspace ] GC(162) Metaspace: 49224K->49224K(1093632K)
[19.205s][info ][gc           ] GC(162) Pause Young (Allocation Failure) 475M->240M(852M) 2.611ms
[19.205s][info ][gc,cpu       ] GC(162) User=0.01s Sys=0.00s Real=0.01s
[19.205s][info ][safepoint    ] Leaving safepoint region
[19.205s][info ][safepoint    ] Total time for which application threads were stopped: 0.0030025 seconds, Stopping threads took: 0.0002047 seconds
[19.251s][info ][safepoint    ] Application time: 0.0454300 seconds
[19.251s][info ][safepoint    ] Entering safepoint region: GenCollectForAllocation
[19.251s][info ][gc,start     ] GC(163) Pause Young (Allocation Failure)
[19.251s][info ][gc,task      ] GC(163) Using 4 workers of 4 for evacuation
[19.255s][debug][gc,ref       ] GC(163) Skipped phase1 of Reference Processing due to unavailable references
[19.255s][debug][gc,ref       ] GC(163) Skipped phase2 of Reference Processing due to unavailable references
[19.255s][debug][gc,ref       ] GC(163) Skipped phase3 of Reference Processing due to unavailable references
[19.255s][debug][gc,ref       ] GC(163) Skipped phase4 of Reference Processing due to unavailable references
[19.255s][debug][gc,age       ] GC(163) Desired survivor size 15400960 bytes, new threshold 6 (max threshold 6)
[19.255s][info ][gc,heap      ] GC(163) ParNew: 241765K->2108K(270976K)
[19.255s][info ][gc,heap      ] GC(163) CMS: 244999K->245045K(602112K)
[19.255s][info ][gc,metaspace ] GC(163) Metaspace: 49224K->49224K(1093632K)
[19.255s][info ][gc           ] GC(163) Pause Young (Allocation Failure) 475M->241M(852M) 4.245ms
[19.255s][info ][gc,cpu       ] GC(163) User=0.02s Sys=0.00s Real=0.01s
[19.255s][info ][safepoint    ] Leaving safepoint region
[19.255s][info ][safepoint    ] Total time for which application threads were stopped: 0.0045573 seconds, Stopping threads took: 0.0001166 seconds
[19.292s][info ][safepoint    ] Application time: 0.0364591 seconds
[19.292s][info ][safepoint    ] Entering safepoint region: GenCollectForAllocation
[19.292s][info ][gc,start     ] GC(164) Pause Young (Allocation Failure)
[19.292s][info ][gc,task      ] GC(164) Using 4 workers of 4 for evacuation
[19.296s][debug][gc,ref       ] GC(164) Skipped phase1 of Reference Processing due to unavailable references
[19.296s][debug][gc,ref       ] GC(164) Skipped phase2 of Reference Processing due to unavailable references
[19.296s][debug][gc,ref       ] GC(164) Skipped phase3 of Reference Processing due to unavailable references
[19.296s][debug][gc,ref       ] GC(164) Skipped phase4 of Reference Processing due to unavailable references
[19.296s][debug][gc,age       ] GC(164) Desired survivor size 15400960 bytes, new threshold 6 (max threshold 6)
[19.296s][info ][gc,heap      ] GC(164) ParNew: 243004K->2849K(270976K)
[19.296s][info ][gc,heap      ] GC(164) CMS: 245045K->245100K(602112K)
[19.296s][info ][gc,metaspace ] GC(164) Metaspace: 49224K->49224K(1093632K)
[19.297s][info ][gc           ] GC(164) Pause Young (Allocation Failure) 476M->242M(852M) 4.166ms
[19.297s][info ][gc,cpu       ] GC(164) User=0.01s Sys=0.00s Real=0.00s
[19.297s][info ][safepoint    ] Leaving safepoint region
[19.297s][info ][safepoint    ] Total time for which application threads were stopped: 0.0045901 seconds, Stopping threads took: 0.0001969 seconds
[19.348s][info ][safepoint    ] Application time: 0.0511943 seconds
[19.352s][info ][safepoint    ] Entering safepoint region: GenCollectForAllocation
[19.352s][info ][gc,start     ] GC(165) Pause Young (Allocation Failure)
[19.352s][info ][gc,task      ] GC(165) Using 4 workers of 4 for evacuation
[19.357s][debug][gc,ref       ] GC(165) Skipped phase1 of Reference Processing due to unavailable references
[19.357s][debug][gc,ref       ] GC(165) Skipped phase2 of Reference Processing due to unavailable references
[19.357s][debug][gc,ref       ] GC(165) Skipped phase3 of Reference Processing due to unavailable references
[19.357s][debug][gc,ref       ] GC(165) Skipped phase4 of Reference Processing due to unavailable references
[19.357s][debug][gc,age       ] GC(165) Desired survivor size 15400960 bytes, new threshold 6 (max threshold 6)
[19.357s][info ][gc,heap      ] GC(165) ParNew: 243745K->1723K(270976K)
[19.357s][info ][gc,heap      ] GC(165) CMS: 245100K->245401K(602112K)
[19.357s][info ][gc,metaspace ] GC(165) Metaspace: 49225K->49225K(1093632K)
[19.357s][info ][gc           ] GC(165) Pause Young (Allocation Failure) 477M->241M(852M) 5.127ms
[19.358s][info ][gc,cpu       ] GC(165) User=0.02s Sys=0.00s Real=0.00s
[19.358s][info ][safepoint    ] Leaving safepoint region
[19.358s][info ][safepoint    ] Total time for which application threads were stopped: 0.0097510 seconds, Stopping threads took: 0.0044189 seconds
[19.402s][info ][safepoint    ] Application time: 0.0440464 seconds
[19.402s][info ][safepoint    ] Entering safepoint region: GenCollectForAllocation
[19.402s][info ][gc,start     ] GC(166) Pause Young (Allocation Failure)
[19.402s][info ][gc,task      ] GC(166) Using 4 workers of 4 for evacuation
[19.405s][debug][gc,ref       ] GC(166) Skipped phase1 of Reference Processing due to unavailable references
[19.405s][debug][gc,ref       ] GC(166) Skipped phase2 of Reference Processing due to unavailable references
[19.405s][debug][gc,ref       ] GC(166) Skipped phase3 of Reference Processing due to unavailable references
[19.405s][debug][gc,ref       ] GC(166) Skipped phase4 of Reference Processing due to unavailable references
[19.405s][debug][gc,age       ] GC(166) Desired survivor size 15400960 bytes, new threshold 6 (max threshold 6)
[19.405s][info ][gc,heap      ] GC(166) ParNew: 242619K->2314K(270976K)
[19.405s][info ][gc,heap      ] GC(166) CMS: 245401K->245441K(602112K)
[19.405s][info ][gc,metaspace ] GC(166) Metaspace: 49225K->49225K(1093632K)
[19.405s][info ][gc           ] GC(166) Pause Young (Allocation Failure) 476M->241M(852M) 3.356ms
[19.405s][info ][gc,cpu       ] GC(166) User=0.02s Sys=0.00s Real=0.01s
[19.405s][info ][safepoint    ] Leaving safepoint region
[19.405s][info ][safepoint    ] Total time for which application threads were stopped: 0.0037143 seconds, Stopping threads took: 0.0001464 seconds
[19.462s][info ][safepoint    ] Application time: 0.0568151 seconds
[19.465s][info ][safepoint    ] Entering safepoint region: GenCollectForAllocation
[19.466s][info ][gc,start     ] GC(167) Pause Young (Allocation Failure)
[19.466s][info ][gc,task      ] GC(167) Using 4 workers of 4 for evacuation
[19.469s][debug][gc,ref       ] GC(167) Skipped phase1 of Reference Processing due to unavailable references
[19.469s][debug][gc,ref       ] GC(167) Skipped phase2 of Reference Processing due to unavailable references
[19.469s][debug][gc,ref       ] GC(167) Skipped phase3 of Reference Processing due to unavailable references
[19.469s][debug][gc,ref       ] GC(167) Skipped phase4 of Reference Processing due to unavailable references
[19.469s][debug][gc,age       ] GC(167) Desired survivor size 15400960 bytes, new threshold 6 (max threshold 6)
[19.469s][info ][gc,heap      ] GC(167) ParNew: 243210K->2430K(270976K)
[19.469s][info ][gc,heap      ] GC(167) CMS: 245441K->245468K(602112K)
[19.469s][info ][gc,metaspace ] GC(167) Metaspace: 49226K->49226K(1093632K)
[19.469s][info ][gc           ] GC(167) Pause Young (Allocation Failure) 477M->242M(852M) 3.492ms
[19.469s][info ][gc,cpu       ] GC(167) User=0.01s Sys=0.00s Real=0.00s
[19.469s][info ][safepoint    ] Leaving safepoint region
[19.469s][info ][safepoint    ] Total time for which application threads were stopped: 0.0069902 seconds, Stopping threads took: 0.0033223 seconds
[19.533s][info ][safepoint    ] Application time: 0.0635677 seconds
[19.533s][info ][safepoint    ] Entering safepoint region: GenCollectForAllocation
[19.533s][info ][gc,start     ] GC(168) Pause Young (Allocation Failure)
[19.533s][info ][gc,task      ] GC(168) Using 4 workers of 4 for evacuation
[19.536s][debug][gc,ref       ] GC(168) Skipped phase1 of Reference Processing due to unavailable references
[19.536s][debug][gc,ref       ] GC(168) Skipped phase2 of Reference Processing due to unavailable references
[19.536s][debug][gc,ref       ] GC(168) Skipped phase3 of Reference Processing due to unavailable references
[19.536s][debug][gc,ref       ] GC(168) Skipped phase4 of Reference Processing due to unavailable references
[19.536s][debug][gc,age       ] GC(168) Desired survivor size 15400960 bytes, new threshold 6 (max threshold 6)
[19.536s][info ][gc,heap      ] GC(168) ParNew: 243326K->1759K(270976K)
[19.536s][info ][gc,heap      ] GC(168) CMS: 245468K->245500K(602112K)
[19.536s][info ][gc,metaspace ] GC(168) Metaspace: 49228K->49228K(1093632K)
[19.536s][info ][gc           ] GC(168) Pause Young (Allocation Failure) 477M->241M(852M) 3.275ms
[19.536s][info ][gc,cpu       ] GC(168) User=0.01s Sys=0.00s Real=0.00s
[19.536s][info ][safepoint    ] Leaving safepoint region
[19.536s][info ][safepoint    ] Total time for which application threads were stopped: 0.0036506 seconds, Stopping threads took: 0.0001973 seconds
[19.584s][info ][safepoint    ] Application time: 0.0470501 seconds
[19.584s][info ][safepoint    ] Entering safepoint region: GenCollectForAllocation
[19.584s][info ][gc,start     ] GC(169) Pause Young (Allocation Failure)
[19.584s][info ][gc,task      ] GC(169) Using 4 workers of 4 for evacuation
[19.590s][debug][gc,ref       ] GC(169) Skipped phase1 of Reference Processing due to unavailable references
[19.590s][debug][gc,ref       ] GC(169) Skipped phase2 of Reference Processing due to unavailable references
[19.590s][debug][gc,ref       ] GC(169) Skipped phase3 of Reference Processing due to unavailable references
[19.590s][debug][gc,ref       ] GC(169) Skipped phase4 of Reference Processing due to unavailable references
[19.591s][debug][gc,age       ] GC(169) Desired survivor size 15400960 bytes, new threshold 6 (max threshold 6)
[19.591s][info ][gc,heap      ] GC(169) ParNew: 242655K->1300K(270976K)
[19.591s][info ][gc,heap      ] GC(169) CMS: 245500K->246741K(602112K)
[19.591s][info ][gc,metaspace ] GC(169) Metaspace: 49228K->49228K(1093632K)
[19.591s][info ][gc           ] GC(169) Pause Young (Allocation Failure) 476M->242M(852M) 6.718ms
[19.591s][info ][gc,cpu       ] GC(169) User=0.02s Sys=0.00s Real=0.00s
[19.591s][info ][safepoint    ] Leaving safepoint region
[19.591s][info ][safepoint    ] Total time for which application threads were stopped: 0.0071944 seconds, Stopping threads took: 0.0002391 seconds
[19.636s][info ][safepoint    ] Application time: 0.0453853 seconds
[19.636s][info ][safepoint    ] Entering safepoint region: GenCollectForAllocation
[19.637s][info ][gc,start     ] GC(170) Pause Young (Allocation Failure)
[19.637s][info ][gc,task      ] GC(170) Using 4 workers of 4 for evacuation
[19.638s][debug][gc,ref       ] GC(170) Skipped phase1 of Reference Processing due to unavailable references
[19.638s][debug][gc,ref       ] GC(170) Skipped phase2 of Reference Processing due to unavailable references
[19.638s][debug][gc,ref       ] GC(170) Skipped phase3 of Reference Processing due to unavailable references
[19.638s][debug][gc,ref       ] GC(170) Skipped phase4 of Reference Processing due to unavailable references
[19.638s][debug][gc,age       ] GC(170) Desired survivor size 15400960 bytes, new threshold 6 (max threshold 6)
[19.638s][info ][gc,heap      ] GC(170) ParNew: 242196K->403K(270976K)
[19.638s][info ][gc,heap      ] GC(170) CMS: 246741K->246754K(602112K)
[19.638s][info ][gc,metaspace ] GC(170) Metaspace: 49230K->49230K(1093632K)
[19.638s][info ][gc           ] GC(170) Pause Young (Allocation Failure) 477M->241M(852M) 1.736ms
[19.638s][info ][gc,cpu       ] GC(170) User=0.00s Sys=0.00s Real=0.00s
[19.638s][info ][safepoint    ] Leaving safepoint region
[19.638s][info ][safepoint    ] Total time for which application threads were stopped: 0.0021600 seconds, Stopping threads took: 0.0002028 seconds
[19.700s][info ][safepoint    ] Application time: 0.0617494 seconds
[19.700s][info ][safepoint    ] Entering safepoint region: GenCollectForAllocation
[19.700s][info ][gc,start     ] GC(171) Pause Young (Allocation Failure)
[19.700s][info ][gc,task      ] GC(171) Using 4 workers of 4 for evacuation
[19.702s][debug][gc,ref       ] GC(171) Skipped phase1 of Reference Processing due to unavailable references
[19.702s][debug][gc,ref       ] GC(171) Skipped phase2 of Reference Processing due to unavailable references
[19.702s][debug][gc,ref       ] GC(171) Skipped phase3 of Reference Processing due to unavailable references
[19.702s][debug][gc,ref       ] GC(171) Skipped phase4 of Reference Processing due to unavailable references
[19.702s][debug][gc,age       ] GC(171) Desired survivor size 15400960 bytes, new threshold 6 (max threshold 6)
[19.702s][info ][gc,heap      ] GC(171) ParNew: 241299K->489K(270976K)
[19.702s][info ][gc,heap      ] GC(171) CMS: 246754K->246794K(602112K)
[19.702s][info ][gc,metaspace ] GC(171) Metaspace: 49235K->49235K(1093632K)
[19.702s][info ][gc           ] GC(171) Pause Young (Allocation Failure) 476M->241M(852M) 1.842ms
[19.702s][info ][gc,cpu       ] GC(171) User=0.01s Sys=0.00s Real=0.00s
[19.702s][info ][safepoint    ] Leaving safepoint region
[19.702s][info ][safepoint    ] Total time for which application threads were stopped: 0.0021727 seconds, Stopping threads took: 0.0001587 seconds
[19.743s][info ][safepoint    ] Application time: 0.0406382 seconds
[19.744s][info ][safepoint    ] Entering safepoint region: GenCollectForAllocation
[19.744s][info ][gc,start     ] GC(172) Pause Young (Allocation Failure)
[19.744s][info ][gc,task      ] GC(172) Using 4 workers of 4 for evacuation
[19.748s][debug][gc,ref       ] GC(172) Skipped phase1 of Reference Processing due to unavailable references
[19.748s][debug][gc,ref       ] GC(172) Skipped phase2 of Reference Processing due to unavailable references
[19.748s][debug][gc,ref       ] GC(172) Skipped phase3 of Reference Processing due to unavailable references
[19.748s][debug][gc,ref       ] GC(172) Skipped phase4 of Reference Processing due to unavailable references
[19.748s][debug][gc,age       ] GC(172) Desired survivor size 15400960 bytes, new threshold 6 (max threshold 6)
[19.748s][info ][gc,heap      ] GC(172) ParNew: 241385K->418K(270976K)
[19.748s][info ][gc,heap      ] GC(172) CMS: 246794K->246828K(602112K)
[19.748s][info ][gc,metaspace ] GC(172) Metaspace: 49237K->49237K(1093632K)
[19.748s][info ][gc           ] GC(172) Pause Young (Allocation Failure) 476M->241M(852M) 4.345ms
[19.748s][info ][gc,cpu       ] GC(172) User=0.01s Sys=0.01s Real=0.00s
[19.748s][info ][safepoint    ] Leaving safepoint region
[19.748s][info ][safepoint    ] Total time for which application threads were stopped: 0.0054509 seconds, Stopping threads took: 0.0009435 seconds
[19.787s][info ][safepoint    ] Application time: 0.0380911 seconds
[19.787s][info ][safepoint    ] Entering safepoint region: GenCollectForAllocation
[19.787s][info ][gc,start     ] GC(173) Pause Young (Allocation Failure)
[19.787s][info ][gc,task      ] GC(173) Using 4 workers of 4 for evacuation
[19.789s][debug][gc,ref       ] GC(173) Skipped phase1 of Reference Processing due to unavailable references
[19.789s][debug][gc,ref       ] GC(173) Skipped phase2 of Reference Processing due to unavailable references
[19.789s][debug][gc,ref       ] GC(173) Skipped phase3 of Reference Processing due to unavailable references
[19.789s][debug][gc,ref       ] GC(173) Skipped phase4 of Reference Processing due to unavailable references
[19.789s][debug][gc,age       ] GC(173) Desired survivor size 15400960 bytes, new threshold 6 (max threshold 6)
[19.789s][info ][gc,heap      ] GC(173) ParNew: 241314K->597K(270976K)
[19.789s][info ][gc,heap      ] GC(173) CMS: 246828K->246877K(602112K)
[19.789s][info ][gc,metaspace ] GC(173) Metaspace: 49265K->49265K(1093632K)
[19.789s][info ][gc           ] GC(173) Pause Young (Allocation Failure) 476M->241M(852M) 2.005ms
[19.789s][info ][gc,cpu       ] GC(173) User=0.01s Sys=0.00s Real=0.00s
[19.789s][info ][safepoint    ] Leaving safepoint region
[19.789s][info ][safepoint    ] Total time for which application threads were stopped: 0.0023191 seconds, Stopping threads took: 0.0001254 seconds
[19.847s][info ][safepoint    ] Application time: 0.0580652 seconds
[19.848s][info ][safepoint    ] Entering safepoint region: GenCollectForAllocation
[19.848s][info ][gc,start     ] GC(174) Pause Young (Allocation Failure)
[19.848s][info ][gc,task      ] GC(174) Using 4 workers of 4 for evacuation
[19.850s][debug][gc,ref       ] GC(174) Skipped phase1 of Reference Processing due to unavailable references
[19.850s][debug][gc,ref       ] GC(174) Skipped phase2 of Reference Processing due to unavailable references
[19.850s][debug][gc,ref       ] GC(174) Skipped phase3 of Reference Processing due to unavailable references
[19.850s][debug][gc,ref       ] GC(174) Skipped phase4 of Reference Processing due to unavailable references
[19.850s][debug][gc,age       ] GC(174) Desired survivor size 15400960 bytes, new threshold 6 (max threshold 6)
[19.850s][info ][gc,heap      ] GC(174) ParNew: 241493K->379K(270976K)
[19.850s][info ][gc,heap      ] GC(174) CMS: 246877K->246922K(602112K)
[19.850s][info ][gc,metaspace ] GC(174) Metaspace: 49265K->49265K(1093632K)
[19.850s][info ][gc           ] GC(174) Pause Young (Allocation Failure) 476M->241M(852M) 2.321ms
[19.850s][info ][gc,cpu       ] GC(174) User=0.01s Sys=0.00s Real=0.00s
[19.850s][info ][safepoint    ] Leaving safepoint region
[19.850s][info ][safepoint    ] Total time for which application threads were stopped: 0.0033112 seconds, Stopping threads took: 0.0007938 seconds
[19.893s][info ][safepoint    ] Application time: 0.0424145 seconds
[19.896s][info ][safepoint    ] Entering safepoint region: GenCollectForAllocation
[19.896s][info ][gc,start     ] GC(175) Pause Young (Allocation Failure)
[19.896s][info ][gc,task      ] GC(175) Using 4 workers of 4 for evacuation
[19.898s][debug][gc,ref       ] GC(175) Skipped phase1 of Reference Processing due to unavailable references
[19.898s][debug][gc,ref       ] GC(175) Skipped phase2 of Reference Processing due to unavailable references
[19.898s][debug][gc,ref       ] GC(175) Skipped phase3 of Reference Processing due to unavailable references
[19.898s][debug][gc,ref       ] GC(175) Skipped phase4 of Reference Processing due to unavailable references
[19.898s][debug][gc,age       ] GC(175) Desired survivor size 15400960 bytes, new threshold 6 (max threshold 6)
[19.898s][info ][gc,heap      ] GC(175) ParNew: 241275K->553K(270976K)
[19.898s][info ][gc,heap      ] GC(175) CMS: 246922K->246952K(602112K)
[19.898s][info ][gc,metaspace ] GC(175) Metaspace: 49265K->49265K(1093632K)
[19.898s][info ][gc           ] GC(175) Pause Young (Allocation Failure) 476M->241M(852M) 1.957ms
[19.898s][info ][gc,cpu       ] GC(175) User=0.01s Sys=0.00s Real=0.00s
[19.898s][info ][safepoint    ] Leaving safepoint region
[19.898s][info ][safepoint    ] Total time for which application threads were stopped: 0.0057051 seconds, Stopping threads took: 0.0035740 seconds
[19.949s][info ][safepoint    ] Application time: 0.0506058 seconds
[19.949s][info ][safepoint    ] Entering safepoint region: GenCollectForAllocation
[19.949s][info ][gc,start     ] GC(176) Pause Young (Allocation Failure)
[19.949s][info ][gc,task      ] GC(176) Using 4 workers of 4 for evacuation
[19.951s][debug][gc,ref       ] GC(176) Skipped phase1 of Reference Processing due to unavailable references
[19.951s][debug][gc,ref       ] GC(176) Skipped phase2 of Reference Processing due to unavailable references
[19.951s][debug][gc,ref       ] GC(176) Skipped phase3 of Reference Processing due to unavailable references
[19.951s][debug][gc,ref       ] GC(176) Skipped phase4 of Reference Processing due to unavailable references
[19.951s][debug][gc,age       ] GC(176) Desired survivor size 15400960 bytes, new threshold 6 (max threshold 6)
[19.951s][info ][gc,heap      ] GC(176) ParNew: 241449K->502K(270976K)
[19.951s][info ][gc,heap      ] GC(176) CMS: 246952K->246974K(602112K)
[19.951s][info ][gc,metaspace ] GC(176) Metaspace: 49268K->49268K(1093632K)
[19.951s][info ][gc           ] GC(176) Pause Young (Allocation Failure) 476M->241M(852M) 1.765ms
[19.951s][info ][gc,cpu       ] GC(176) User=0.01s Sys=0.00s Real=0.00s
[19.951s][info ][safepoint    ] Leaving safepoint region
[19.951s][info ][safepoint    ] Total time for which application threads were stopped: 0.0021283 seconds, Stopping threads took: 0.0001668 seconds
[19.992s][info ][safepoint    ] Application time: 0.0403151 seconds
[19.992s][info ][safepoint    ] Entering safepoint region: GenCollectForAllocation
[19.992s][info ][gc,start     ] GC(177) Pause Young (Allocation Failure)
[19.992s][info ][gc,task      ] GC(177) Using 4 workers of 4 for evacuation
[19.999s][debug][gc,ref       ] GC(177) Skipped phase1 of Reference Processing due to unavailable references
[19.999s][debug][gc,ref       ] GC(177) Skipped phase2 of Reference Processing due to unavailable references
[19.999s][debug][gc,ref       ] GC(177) Skipped phase3 of Reference Processing due to unavailable references
[19.999s][debug][gc,ref       ] GC(177) Skipped phase4 of Reference Processing due to unavailable references
[19.999s][debug][gc,age       ] GC(177) Desired survivor size 15400960 bytes, new threshold 6 (max threshold 6)
[19.999s][info ][gc,heap      ] GC(177) ParNew: 241398K->659K(270976K)
[19.999s][info ][gc,heap      ] GC(177) CMS: 246974K->247056K(602112K)
[19.999s][info ][gc,metaspace ] GC(177) Metaspace: 49270K->49270K(1093632K)
[19.999s][info ][gc           ] GC(177) Pause Young (Allocation Failure) 476M->241M(852M) 6.895ms
[19.999s][info ][gc,cpu       ] GC(177) User=0.03s Sys=0.01s Real=0.00s
[19.999s][info ][safepoint    ] Leaving safepoint region
[19.999s][info ][safepoint    ] Total time for which application threads were stopped: 0.0072756 seconds, Stopping threads took: 0.0001898 seconds
[20.047s][info ][safepoint    ] Application time: 0.0481701 seconds
[20.048s][info ][safepoint    ] Entering safepoint region: GenCollectForAllocation
[20.048s][info ][gc,start     ] GC(178) Pause Young (Allocation Failure)
[20.048s][info ][gc,task      ] GC(178) Using 4 workers of 4 for evacuation
[20.050s][debug][gc,ref       ] GC(178) Skipped phase1 of Reference Processing due to unavailable references
[20.050s][debug][gc,ref       ] GC(178) Skipped phase2 of Reference Processing due to unavailable references
[20.050s][debug][gc,ref       ] GC(178) Skipped phase3 of Reference Processing due to unavailable references
[20.050s][debug][gc,ref       ] GC(178) Skipped phase4 of Reference Processing due to unavailable references
[20.050s][debug][gc,age       ] GC(178) Desired survivor size 15400960 bytes, new threshold 6 (max threshold 6)
[20.050s][info ][gc,heap      ] GC(178) ParNew: 241555K->501K(270976K)
[20.050s][info ][gc,heap      ] GC(178) CMS: 247056K->247084K(602112K)
[20.050s][info ][gc,metaspace ] GC(178) Metaspace: 49276K->49276K(1093632K)
[20.050s][info ][gc           ] GC(178) Pause Young (Allocation Failure) 477M->241M(852M) 2.068ms
[20.050s][info ][gc,cpu       ] GC(178) User=0.00s Sys=0.00s Real=0.00s
[20.050s][info ][safepoint    ] Leaving safepoint region
[20.050s][info ][safepoint    ] Total time for which application threads were stopped: 0.0028424 seconds, Stopping threads took: 0.0005936 seconds
[20.093s][info ][safepoint    ] Application time: 0.0426305 seconds
[20.098s][info ][safepoint    ] Entering safepoint region: GenCollectForAllocation
[20.098s][info ][gc,start     ] GC(179) Pause Young (Allocation Failure)
[20.098s][info ][gc,task      ] GC(179) Using 4 workers of 4 for evacuation
[20.101s][debug][gc,ref       ] GC(179) Skipped phase1 of Reference Processing due to unavailable references
[20.101s][debug][gc,ref       ] GC(179) Skipped phase2 of Reference Processing due to unavailable references
[20.101s][debug][gc,ref       ] GC(179) Skipped phase3 of Reference Processing due to unavailable references
[20.101s][debug][gc,ref       ] GC(179) Skipped phase4 of Reference Processing due to unavailable references
[20.101s][debug][gc,age       ] GC(179) Desired survivor size 15400960 bytes, new threshold 6 (max threshold 6)
[20.101s][info ][gc,heap      ] GC(179) ParNew: 241397K->540K(270976K)
[20.101s][info ][gc,heap      ] GC(179) CMS: 247084K->247115K(602112K)
[20.101s][info ][gc,metaspace ] GC(179) Metaspace: 49277K->49277K(1093632K)
[20.101s][info ][gc           ] GC(179) Pause Young (Allocation Failure) 477M->241M(852M) 3.180ms
[20.101s][info ][gc,cpu       ] GC(179) User=0.01s Sys=0.00s Real=0.00s
[20.101s][info ][safepoint    ] Leaving safepoint region
[20.101s][info ][safepoint    ] Total time for which application threads were stopped: 0.0086406 seconds, Stopping threads took: 0.0052229 seconds
[20.136s][info ][safepoint    ] Application time: 0.0348104 seconds
[20.136s][info ][safepoint    ] Entering safepoint region: GenCollectForAllocation
[20.136s][info ][gc,start     ] GC(180) Pause Young (Allocation Failure)
[20.137s][info ][gc,task      ] GC(180) Using 4 workers of 4 for evacuation
[20.138s][debug][gc,ref       ] GC(180) Skipped phase1 of Reference Processing due to unavailable references
[20.138s][debug][gc,ref       ] GC(180) Skipped phase2 of Reference Processing due to unavailable references
[20.138s][debug][gc,ref       ] GC(180) Skipped phase3 of Reference Processing due to unavailable references
[20.138s][debug][gc,ref       ] GC(180) Skipped phase4 of Reference Processing due to unavailable references
[20.138s][debug][gc,age       ] GC(180) Desired survivor size 15400960 bytes, new threshold 6 (max threshold 6)
[20.138s][info ][gc,heap      ] GC(180) ParNew: 241436K->524K(270976K)
[20.138s][info ][gc,heap      ] GC(180) CMS: 247115K->247179K(602112K)
[20.138s][info ][gc,metaspace ] GC(180) Metaspace: 49277K->49277K(1093632K)
[20.138s][info ][gc           ] GC(180) Pause Young (Allocation Failure) 477M->241M(852M) 1.963ms
[20.138s][info ][gc,cpu       ] GC(180) User=0.01s Sys=0.00s Real=0.00s
[20.138s][info ][safepoint    ] Leaving safepoint region
[20.138s][info ][safepoint    ] Total time for which application threads were stopped: 0.0023333 seconds, Stopping threads took: 0.0001728 seconds
[20.186s][info ][safepoint    ] Application time: 0.0476262 seconds
[20.186s][info ][safepoint    ] Entering safepoint region: GenCollectForAllocation
[20.186s][info ][gc,start     ] GC(181) Pause Young (Allocation Failure)
[20.186s][info ][gc,task      ] GC(181) Using 4 workers of 4 for evacuation
[20.188s][debug][gc,ref       ] GC(181) Skipped phase1 of Reference Processing due to unavailable references
[20.188s][debug][gc,ref       ] GC(181) Skipped phase2 of Reference Processing due to unavailable references
[20.188s][debug][gc,ref       ] GC(181) Skipped phase3 of Reference Processing due to unavailable references
[20.188s][debug][gc,ref       ] GC(181) Skipped phase4 of Reference Processing due to unavailable references
[20.188s][debug][gc,age       ] GC(181) Desired survivor size 15400960 bytes, new threshold 6 (max threshold 6)
[20.188s][info ][gc,heap      ] GC(181) ParNew: 241420K->583K(270976K)
[20.188s][info ][gc,heap      ] GC(181) CMS: 247179K->247204K(602112K)
[20.188s][info ][gc,metaspace ] GC(181) Metaspace: 49285K->49285K(1093632K)
[20.188s][info ][gc           ] GC(181) Pause Young (Allocation Failure) 477M->241M(852M) 1.771ms
[20.188s][info ][gc,cpu       ] GC(181) User=0.01s Sys=0.00s Real=0.00s
[20.188s][info ][safepoint    ] Leaving safepoint region
[20.188s][info ][safepoint    ] Total time for which application threads were stopped: 0.0021177 seconds, Stopping threads took: 0.0001669 seconds
[20.249s][info ][safepoint    ] Application time: 0.0606460 seconds
[20.249s][info ][safepoint    ] Entering safepoint region: GenCollectForAllocation
[20.249s][info ][gc,start     ] GC(182) Pause Young (Allocation Failure)
[20.249s][info ][gc,task      ] GC(182) Using 4 workers of 4 for evacuation
[20.253s][debug][gc,ref       ] GC(182) Skipped phase1 of Reference Processing due to unavailable references
[20.253s][debug][gc,ref       ] GC(182) Skipped phase2 of Reference Processing due to unavailable references
[20.253s][debug][gc,ref       ] GC(182) Skipped phase3 of Reference Processing due to unavailable references
[20.253s][debug][gc,ref       ] GC(182) Skipped phase4 of Reference Processing due to unavailable references
[20.253s][debug][gc,age       ] GC(182) Desired survivor size 15400960 bytes, new threshold 6 (max threshold 6)
[20.253s][info ][gc,heap      ] GC(182) ParNew: 241479K->513K(270976K)
[20.253s][info ][gc,heap      ] GC(182) CMS: 247204K->247271K(602112K)
[20.253s][info ][gc,metaspace ] GC(182) Metaspace: 49286K->49286K(1093632K)
[20.253s][info ][gc           ] GC(182) Pause Young (Allocation Failure) 477M->241M(852M) 3.665ms
[20.253s][info ][gc,cpu       ] GC(182) User=0.01s Sys=0.00s Real=0.01s
[20.253s][info ][safepoint    ] Leaving safepoint region
[20.253s][info ][safepoint    ] Total time for which application threads were stopped: 0.0041896 seconds, Stopping threads took: 0.0002536 seconds
[20.303s][info ][safepoint    ] Application time: 0.0498057 seconds
[20.303s][info ][safepoint    ] Entering safepoint region: GenCollectForAllocation
[20.303s][info ][gc,start     ] GC(183) Pause Young (Allocation Failure)
[20.303s][info ][gc,task      ] GC(183) Using 4 workers of 4 for evacuation
[20.305s][debug][gc,ref       ] GC(183) Skipped phase1 of Reference Processing due to unavailable references
[20.305s][debug][gc,ref       ] GC(183) Skipped phase2 of Reference Processing due to unavailable references
[20.305s][debug][gc,ref       ] GC(183) Skipped phase3 of Reference Processing due to unavailable references
[20.305s][debug][gc,ref       ] GC(183) Skipped phase4 of Reference Processing due to unavailable references
[20.306s][debug][gc,age       ] GC(183) Desired survivor size 15400960 bytes, new threshold 6 (max threshold 6)
[20.306s][info ][gc,heap      ] GC(183) ParNew: 241409K->631K(270976K)
[20.306s][info ][gc,heap      ] GC(183) CMS: 247271K->247299K(602112K)
[20.306s][info ][gc,metaspace ] GC(183) Metaspace: 49290K->49290K(1093632K)
[20.306s][info ][gc           ] GC(183) Pause Young (Allocation Failure) 477M->242M(852M) 2.311ms
[20.306s][info ][gc,cpu       ] GC(183) User=0.00s Sys=0.00s Real=0.01s
[20.306s][info ][safepoint    ] Leaving safepoint region
[20.306s][info ][safepoint    ] Total time for which application threads were stopped: 0.0026670 seconds, Stopping threads took: 0.0001457 seconds
[20.367s][info ][safepoint    ] Application time: 0.0612000 seconds
[20.367s][info ][safepoint    ] Entering safepoint region: GenCollectForAllocation
[20.367s][info ][gc,start     ] GC(184) Pause Young (Allocation Failure)
[20.367s][info ][gc,task      ] GC(184) Using 4 workers of 4 for evacuation
[20.369s][debug][gc,ref       ] GC(184) Skipped phase1 of Reference Processing due to unavailable references
[20.369s][debug][gc,ref       ] GC(184) Skipped phase2 of Reference Processing due to unavailable references
[20.369s][debug][gc,ref       ] GC(184) Skipped phase3 of Reference Processing due to unavailable references
[20.369s][debug][gc,ref       ] GC(184) Skipped phase4 of Reference Processing due to unavailable references
[20.369s][debug][gc,age       ] GC(184) Desired survivor size 15400960 bytes, new threshold 6 (max threshold 6)
[20.369s][info ][gc,heap      ] GC(184) ParNew: 241527K->682K(270976K)
[20.369s][info ][gc,heap      ] GC(184) CMS: 247299K->247338K(602112K)
[20.369s][info ][gc,metaspace ] GC(184) Metaspace: 49290K->49290K(1093632K)
[20.369s][info ][gc           ] GC(184) Pause Young (Allocation Failure) 477M->242M(852M) 2.164ms
[20.369s][info ][gc,cpu       ] GC(184) User=0.01s Sys=0.00s Real=0.00s
[20.369s][info ][safepoint    ] Leaving safepoint region
[20.369s][info ][safepoint    ] Total time for which application threads were stopped: 0.0024750 seconds, Stopping threads took: 0.0001213 seconds
[20.416s][info ][safepoint    ] Application time: 0.0464571 seconds
[20.416s][info ][safepoint    ] Entering safepoint region: GenCollectForAllocation
[20.417s][info ][gc,start     ] GC(185) Pause Young (Allocation Failure)
[20.417s][info ][gc,task      ] GC(185) Using 4 workers of 4 for evacuation
[20.418s][debug][gc,ref       ] GC(185) Skipped phase1 of Reference Processing due to unavailable references
[20.418s][debug][gc,ref       ] GC(185) Skipped phase2 of Reference Processing due to unavailable references
[20.418s][debug][gc,ref       ] GC(185) Skipped phase3 of Reference Processing due to unavailable references
[20.418s][debug][gc,ref       ] GC(185) Skipped phase4 of Reference Processing due to unavailable references
[20.418s][debug][gc,age       ] GC(185) Desired survivor size 15400960 bytes, new threshold 6 (max threshold 6)
[20.418s][info ][gc,heap      ] GC(185) ParNew: 241578K->747K(270976K)
[20.418s][info ][gc,heap      ] GC(185) CMS: 247338K->247389K(602112K)
[20.418s][info ][gc,metaspace ] GC(185) Metaspace: 49290K->49290K(1093632K)
[20.418s][info ][gc           ] GC(185) Pause Young (Allocation Failure) 477M->242M(852M) 1.908ms
[20.418s][info ][gc,cpu       ] GC(185) User=0.01s Sys=0.00s Real=0.00s
[20.418s][info ][safepoint    ] Leaving safepoint region
[20.418s][info ][safepoint    ] Total time for which application threads were stopped: 0.0025851 seconds, Stopping threads took: 0.0004966 seconds
[20.492s][info ][safepoint    ] Application time: 0.0737193 seconds
[20.493s][info ][safepoint    ] Entering safepoint region: GenCollectForAllocation
[20.493s][info ][gc,start     ] GC(186) Pause Young (Allocation Failure)
[20.494s][info ][gc,task      ] GC(186) Using 4 workers of 4 for evacuation
[20.497s][debug][gc,ref       ] GC(186) Skipped phase1 of Reference Processing due to unavailable references
[20.497s][debug][gc,ref       ] GC(186) Skipped phase2 of Reference Processing due to unavailable references
[20.497s][debug][gc,ref       ] GC(186) Skipped phase3 of Reference Processing due to unavailable references
[20.497s][debug][gc,ref       ] GC(186) Skipped phase4 of Reference Processing due to unavailable references
[20.497s][debug][gc,age       ] GC(186) Desired survivor size 15400960 bytes, new threshold 6 (max threshold 6)
[20.497s][info ][gc,heap      ] GC(186) ParNew: 241643K->857K(270976K)
[20.497s][info ][gc,heap      ] GC(186) CMS: 247389K->247403K(602112K)
[20.497s][info ][gc,metaspace ] GC(186) Metaspace: 49290K->49290K(1093632K)
[20.497s][info ][gc           ] GC(186) Pause Young (Allocation Failure) 477M->242M(852M) 3.651ms
[20.497s][info ][gc,cpu       ] GC(186) User=0.01s Sys=0.00s Real=0.00s
[20.497s][info ][safepoint    ] Leaving safepoint region
[20.497s][info ][safepoint    ] Total time for which application threads were stopped: 0.0049605 seconds, Stopping threads took: 0.0011288 seconds
[20.514s][info ][safepoint    ] Application time: 0.0172370 seconds
[20.516s][info ][safepoint    ] Entering safepoint region: ICBufferFull
[20.516s][info ][safepoint    ] Leaving safepoint region
[20.516s][info ][safepoint    ] Total time for which application threads were stopped: 0.0015836 seconds, Stopping threads took: 0.0013173 seconds
[20.519s][info ][safepoint    ] Application time: 0.0027331 seconds
[20.521s][info ][safepoint    ] Entering safepoint region: ICBufferFull
[20.521s][info ][safepoint    ] Leaving safepoint region
[20.521s][info ][safepoint    ] Total time for which application threads were stopped: 0.0021325 seconds, Stopping threads took: 0.0018826 seconds
[20.542s][info ][safepoint    ] Application time: 0.0208473 seconds
[20.545s][info ][safepoint    ] Entering safepoint region: GenCollectForAllocation
[20.545s][info ][gc,start     ] GC(187) Pause Young (Allocation Failure)
[20.545s][info ][gc,task      ] GC(187) Using 4 workers of 4 for evacuation
[20.548s][debug][gc,ref       ] GC(187) Skipped phase1 of Reference Processing due to unavailable references
[20.548s][debug][gc,ref       ] GC(187) Skipped phase2 of Reference Processing due to unavailable references
[20.548s][debug][gc,ref       ] GC(187) Skipped phase3 of Reference Processing due to unavailable references
[20.548s][debug][gc,ref       ] GC(187) Skipped phase4 of Reference Processing due to unavailable references
[20.548s][debug][gc,age       ] GC(187) Desired survivor size 15400960 bytes, new threshold 6 (max threshold 6)
[20.548s][info ][gc,heap      ] GC(187) ParNew: 241753K->955K(270976K)
[20.548s][info ][gc,heap      ] GC(187) CMS: 247403K->247450K(602112K)
[20.548s][info ][gc,metaspace ] GC(187) Metaspace: 49290K->49290K(1093632K)
[20.548s][info ][gc           ] GC(187) Pause Young (Allocation Failure) 477M->242M(852M) 2.914ms
[20.548s][info ][gc,cpu       ] GC(187) User=0.02s Sys=0.00s Real=0.00s
[20.548s][info ][safepoint    ] Leaving safepoint region
[20.548s][info ][safepoint    ] Total time for which application threads were stopped: 0.0064825 seconds, Stopping threads took: 0.0033920 seconds
[20.583s][info ][safepoint    ] Application time: 0.0344067 seconds
[20.583s][info ][safepoint    ] Entering safepoint region: GenCollectForAllocation
[20.583s][info ][gc,start     ] GC(188) Pause Young (Allocation Failure)
[20.583s][info ][gc,task      ] GC(188) Using 4 workers of 4 for evacuation
[20.586s][debug][gc,ref       ] GC(188) Skipped phase1 of Reference Processing due to unavailable references
[20.586s][debug][gc,ref       ] GC(188) Skipped phase2 of Reference Processing due to unavailable references
[20.586s][debug][gc,ref       ] GC(188) Skipped phase3 of Reference Processing due to unavailable references
[20.586s][debug][gc,ref       ] GC(188) Skipped phase4 of Reference Processing due to unavailable references
[20.586s][debug][gc,age       ] GC(188) Desired survivor size 15400960 bytes, new threshold 6 (max threshold 6)
[20.586s][info ][gc,heap      ] GC(188) ParNew: 241851K->705K(270976K)
[20.586s][info ][gc,heap      ] GC(188) CMS: 247450K->247609K(602112K)
[20.586s][info ][gc,metaspace ] GC(188) Metaspace: 49290K->49290K(1093632K)
[20.586s][info ][gc           ] GC(188) Pause Young (Allocation Failure) 477M->242M(852M) 3.152ms
[20.586s][info ][gc,cpu       ] GC(188) User=0.01s Sys=0.00s Real=0.01s
[20.586s][info ][safepoint    ] Leaving safepoint region
[20.586s][info ][safepoint    ] Total time for which application threads were stopped: 0.0034345 seconds, Stopping threads took: 0.0000906 seconds
[20.647s][info ][safepoint    ] Application time: 0.0611122 seconds
[20.648s][info ][safepoint    ] Entering safepoint region: GenCollectForAllocation
[20.648s][info ][gc,start     ] GC(189) Pause Young (Allocation Failure)
[20.648s][info ][gc,task      ] GC(189) Using 4 workers of 4 for evacuation
[20.651s][debug][gc,ref       ] GC(189) Skipped phase1 of Reference Processing due to unavailable references
[20.651s][debug][gc,ref       ] GC(189) Skipped phase2 of Reference Processing due to unavailable references
[20.651s][debug][gc,ref       ] GC(189) Skipped phase3 of Reference Processing due to unavailable references
[20.651s][debug][gc,ref       ] GC(189) Skipped phase4 of Reference Processing due to unavailable references
[20.651s][debug][gc,age       ] GC(189) Desired survivor size 15400960 bytes, new threshold 6 (max threshold 6)
[20.651s][info ][gc,heap      ] GC(189) ParNew: 241601K->1260K(270976K)
[20.651s][info ][gc,heap      ] GC(189) CMS: 247609K->247632K(602112K)
[20.651s][info ][gc,metaspace ] GC(189) Metaspace: 49290K->49290K(1093632K)
[20.651s][info ][gc           ] GC(189) Pause Young (Allocation Failure) 477M->243M(852M) 3.580ms
[20.651s][info ][gc,cpu       ] GC(189) User=0.01s Sys=0.00s Real=0.00s
[20.651s][info ][safepoint    ] Leaving safepoint region
[20.651s][info ][safepoint    ] Total time for which application threads were stopped: 0.0041012 seconds, Stopping threads took: 0.0002906 seconds
[20.689s][info ][safepoint    ] Application time: 0.0371690 seconds
[20.689s][info ][safepoint    ] Entering safepoint region: GenCollectForAllocation
[20.689s][info ][gc,start     ] GC(190) Pause Young (Allocation Failure)
[20.689s][info ][gc,task      ] GC(190) Using 4 workers of 4 for evacuation
[20.692s][debug][gc,ref       ] GC(190) Skipped phase1 of Reference Processing due to unavailable references
[20.692s][debug][gc,ref       ] GC(190) Skipped phase2 of Reference Processing due to unavailable references
[20.692s][debug][gc,ref       ] GC(190) Skipped phase3 of Reference Processing due to unavailable references
[20.692s][debug][gc,ref       ] GC(190) Skipped phase4 of Reference Processing due to unavailable references
[20.692s][debug][gc,age       ] GC(190) Desired survivor size 15400960 bytes, new threshold 6 (max threshold 6)
[20.692s][info ][gc,heap      ] GC(190) ParNew: 242156K->2068K(270976K)
[20.692s][info ][gc,heap      ] GC(190) CMS: 247632K->247701K(602112K)
[20.692s][info ][gc,metaspace ] GC(190) Metaspace: 49290K->49290K(1093632K)
[20.692s][info ][gc           ] GC(190) Pause Young (Allocation Failure) 478M->243M(852M) 3.194ms
[20.692s][info ][gc,cpu       ] GC(190) User=0.01s Sys=0.00s Real=0.01s
[20.692s][info ][safepoint    ] Leaving safepoint region
[20.692s][info ][safepoint    ] Total time for which application threads were stopped: 0.0035336 seconds, Stopping threads took: 0.0001417 seconds
[20.737s][info ][safepoint    ] Application time: 0.0446070 seconds
[20.737s][info ][safepoint    ] Entering safepoint region: GenCollectForAllocation
[20.737s][info ][gc,start     ] GC(191) Pause Young (Allocation Failure)
[20.737s][info ][gc,task      ] GC(191) Using 4 workers of 4 for evacuation
[20.740s][debug][gc,ref       ] GC(191) Skipped phase1 of Reference Processing due to unavailable references
[20.740s][debug][gc,ref       ] GC(191) Skipped phase2 of Reference Processing due to unavailable references
[20.740s][debug][gc,ref       ] GC(191) Skipped phase3 of Reference Processing due to unavailable references
[20.740s][debug][gc,ref       ] GC(191) Skipped phase4 of Reference Processing due to unavailable references
[20.741s][debug][gc,age       ] GC(191) Desired survivor size 15400960 bytes, new threshold 6 (max threshold 6)
[20.741s][info ][gc,heap      ] GC(191) ParNew: 242964K->1419K(270976K)
[20.741s][info ][gc,heap      ] GC(191) CMS: 247701K->247724K(602112K)
[20.741s][info ][gc,metaspace ] GC(191) Metaspace: 49290K->49290K(1093632K)
[20.741s][info ][gc           ] GC(191) Pause Young (Allocation Failure) 479M->243M(852M) 3.435ms
[20.741s][info ][gc,cpu       ] GC(191) User=0.01s Sys=0.00s Real=0.00s
[20.741s][info ][safepoint    ] Leaving safepoint region
[20.741s][info ][safepoint    ] Total time for which application threads were stopped: 0.0038463 seconds, Stopping threads took: 0.0001501 seconds
[20.801s][info ][safepoint    ] Application time: 0.0599653 seconds
[20.809s][info ][safepoint    ] Entering safepoint region: GenCollectForAllocation
[20.809s][info ][gc,start     ] GC(192) Pause Young (Allocation Failure)
[20.810s][info ][gc,task      ] GC(192) Using 4 workers of 4 for evacuation
[20.823s][debug][gc,ref       ] GC(192) Skipped phase1 of Reference Processing due to unavailable references
[20.823s][debug][gc,ref       ] GC(192) Skipped phase2 of Reference Processing due to unavailable references
[20.823s][debug][gc,ref       ] GC(192) Skipped phase3 of Reference Processing due to unavailable references
[20.823s][debug][gc,ref       ] GC(192) Skipped phase4 of Reference Processing due to unavailable references
[20.823s][debug][gc,age       ] GC(192) Desired survivor size 15400960 bytes, new threshold 6 (max threshold 6)
[20.824s][info ][gc,heap      ] GC(192) ParNew: 242315K->1896K(270976K)
[20.824s][info ][gc,heap      ] GC(192) CMS: 247724K->248092K(602112K)
[20.824s][info ][gc,metaspace ] GC(192) Metaspace: 49291K->49291K(1093632K)
[20.824s][info ][gc           ] GC(192) Pause Young (Allocation Failure) 478M->244M(852M) 14.160ms
[20.824s][info ][gc,cpu       ] GC(192) User=0.03s Sys=0.00s Real=0.02s
[20.824s][info ][safepoint    ] Leaving safepoint region
[20.824s][info ][safepoint    ] Total time for which application threads were stopped: 0.0226532 seconds, Stopping threads took: 0.0081273 seconds
[20.883s][info ][safepoint    ] Application time: 0.0596309 seconds
[20.884s][info ][safepoint    ] Entering safepoint region: GenCollectForAllocation
[20.884s][info ][gc,start     ] GC(193) Pause Young (Allocation Failure)
[20.884s][info ][gc,task      ] GC(193) Using 4 workers of 4 for evacuation
[20.888s][debug][gc,ref       ] GC(193) Skipped phase1 of Reference Processing due to unavailable references
[20.888s][debug][gc,ref       ] GC(193) Skipped phase2 of Reference Processing due to unavailable references
[20.888s][debug][gc,ref       ] GC(193) Skipped phase3 of Reference Processing due to unavailable references
[20.888s][debug][gc,ref       ] GC(193) Skipped phase4 of Reference Processing due to unavailable references
[20.888s][debug][gc,age       ] GC(193) Desired survivor size 15400960 bytes, new threshold 6 (max threshold 6)
[20.888s][info ][gc,heap      ] GC(193) ParNew: 242792K->2134K(270976K)
[20.888s][info ][gc,heap      ] GC(193) CMS: 248092K->248098K(602112K)
[20.888s][info ][gc,metaspace ] GC(193) Metaspace: 49291K->49291K(1093632K)
[20.888s][info ][gc           ] GC(193) Pause Young (Allocation Failure) 479M->244M(852M) 4.224ms
[20.888s][info ][gc,cpu       ] GC(193) User=0.02s Sys=0.00s Real=0.00s
[20.888s][info ][safepoint    ] Leaving safepoint region
[20.888s][info ][safepoint    ] Total time for which application threads were stopped: 0.0047477 seconds, Stopping threads took: 0.0003399 seconds
[20.936s][info ][safepoint    ] Application time: 0.0483565 seconds
[20.937s][info ][safepoint    ] Entering safepoint region: GenCollectForAllocation
[20.937s][info ][gc,start     ] GC(194) Pause Young (Allocation Failure)
[20.937s][info ][gc,task      ] GC(194) Using 4 workers of 4 for evacuation
[20.948s][debug][gc,ref       ] GC(194) Skipped phase1 of Reference Processing due to unavailable references
[20.948s][debug][gc,ref       ] GC(194) Skipped phase2 of Reference Processing due to unavailable references
[20.948s][debug][gc,ref       ] GC(194) Skipped phase3 of Reference Processing due to unavailable references
[20.948s][debug][gc,ref       ] GC(194) Skipped phase4 of Reference Processing due to unavailable references
[20.948s][debug][gc,age       ] GC(194) Desired survivor size 15400960 bytes, new threshold 6 (max threshold 6)
[20.948s][info ][gc,heap      ] GC(194) ParNew: 243030K->2317K(270976K)
[20.948s][info ][gc,heap      ] GC(194) CMS: 248098K->248137K(602112K)
[20.948s][info ][gc,metaspace ] GC(194) Metaspace: 49291K->49291K(1093632K)
[20.948s][info ][gc           ] GC(194) Pause Young (Allocation Failure) 479M->244M(852M) 11.085ms
[20.948s][info ][gc,cpu       ] GC(194) User=0.03s Sys=0.00s Real=0.01s
[20.948s][info ][safepoint    ] Leaving safepoint region
[20.948s][info ][safepoint    ] Total time for which application threads were stopped: 0.0115896 seconds, Stopping threads took: 0.0003023 seconds
[21.059s][info ][safepoint    ] Application time: 0.1107376 seconds
[21.059s][info ][safepoint    ] Entering safepoint region: GenCollectForAllocation
[21.059s][info ][gc,start     ] GC(195) Pause Young (Allocation Failure)
[21.059s][info ][gc,task      ] GC(195) Using 4 workers of 4 for evacuation
[21.064s][debug][gc,ref       ] GC(195) Skipped phase1 of Reference Processing due to unavailable references
[21.064s][debug][gc,ref       ] GC(195) Skipped phase2 of Reference Processing due to unavailable references
[21.064s][debug][gc,ref       ] GC(195) Skipped phase3 of Reference Processing due to unavailable references
[21.064s][debug][gc,ref       ] GC(195) Skipped phase4 of Reference Processing due to unavailable references
[21.064s][debug][gc,age       ] GC(195) Desired survivor size 15400960 bytes, new threshold 6 (max threshold 6)
[21.064s][info ][gc,heap      ] GC(195) ParNew: 243213K->1663K(270976K)
[21.064s][info ][gc,heap      ] GC(195) CMS: 248137K->248754K(602112K)
[21.064s][info ][gc,metaspace ] GC(195) Metaspace: 49292K->49292K(1093632K)
[21.064s][info ][gc           ] GC(195) Pause Young (Allocation Failure) 479M->244M(852M) 5.100ms
[21.064s][info ][gc,cpu       ] GC(195) User=0.02s Sys=0.00s Real=0.01s
[21.064s][info ][safepoint    ] Leaving safepoint region
[21.064s][info ][safepoint    ] Total time for which application threads were stopped: 0.0053628 seconds, Stopping threads took: 0.0000884 seconds
[21.109s][info ][safepoint    ] Application time: 0.0451922 seconds
[21.113s][info ][safepoint    ] Entering safepoint region: GenCollectForAllocation
[21.113s][info ][gc,start     ] GC(196) Pause Young (Allocation Failure)
[21.113s][info ][gc,task      ] GC(196) Using 4 workers of 4 for evacuation
[21.116s][debug][gc,ref       ] GC(196) Skipped phase1 of Reference Processing due to unavailable references
[21.116s][debug][gc,ref       ] GC(196) Skipped phase2 of Reference Processing due to unavailable references
[21.116s][debug][gc,ref       ] GC(196) Skipped phase3 of Reference Processing due to unavailable references
[21.116s][debug][gc,ref       ] GC(196) Skipped phase4 of Reference Processing due to unavailable references
[21.116s][debug][gc,age       ] GC(196) Desired survivor size 15400960 bytes, new threshold 6 (max threshold 6)
[21.116s][info ][gc,heap      ] GC(196) ParNew: 242559K->1848K(270976K)
[21.116s][info ][gc,heap      ] GC(196) CMS: 248754K->248835K(602112K)
[21.116s][info ][gc,metaspace ] GC(196) Metaspace: 49292K->49292K(1093632K)
[21.116s][info ][gc           ] GC(196) Pause Young (Allocation Failure) 479M->244M(852M) 3.237ms
[21.116s][info ][gc,cpu       ] GC(196) User=0.01s Sys=0.00s Real=0.00s
[21.116s][info ][safepoint    ] Leaving safepoint region
[21.116s][info ][safepoint    ] Total time for which application threads were stopped: 0.0067079 seconds, Stopping threads took: 0.0032937 seconds
[21.175s][info ][safepoint    ] Application time: 0.0590736 seconds
[21.175s][info ][safepoint    ] Entering safepoint region: GenCollectForAllocation
[21.175s][info ][gc,start     ] GC(197) Pause Young (Allocation Failure)
[21.175s][info ][gc,task      ] GC(197) Using 4 workers of 4 for evacuation
[21.179s][debug][gc,ref       ] GC(197) Skipped phase1 of Reference Processing due to unavailable references
[21.179s][debug][gc,ref       ] GC(197) Skipped phase2 of Reference Processing due to unavailable references
[21.179s][debug][gc,ref       ] GC(197) Skipped phase3 of Reference Processing due to unavailable references
[21.179s][debug][gc,ref       ] GC(197) Skipped phase4 of Reference Processing due to unavailable references
[21.180s][debug][gc,age       ] GC(197) Desired survivor size 15400960 bytes, new threshold 6 (max threshold 6)
[21.180s][info ][gc,heap      ] GC(197) ParNew: 242744K->2822K(270976K)
[21.180s][info ][gc,heap      ] GC(197) CMS: 248835K->248901K(602112K)
[21.180s][info ][gc,metaspace ] GC(197) Metaspace: 49296K->49296K(1093632K)
[21.180s][info ][gc           ] GC(197) Pause Young (Allocation Failure) 480M->245M(852M) 4.176ms
[21.180s][info ][gc,cpu       ] GC(197) User=0.01s Sys=0.01s Real=0.00s
[21.180s][info ][safepoint    ] Leaving safepoint region
[21.180s][info ][safepoint    ] Total time for which application threads were stopped: 0.0044419 seconds, Stopping threads took: 0.0000928 seconds
[21.240s][info ][safepoint    ] Application time: 0.0606868 seconds
[21.241s][info ][safepoint    ] Entering safepoint region: GenCollectForAllocation
[21.241s][info ][gc,start     ] GC(198) Pause Young (Allocation Failure)
[21.241s][info ][gc,task      ] GC(198) Using 4 workers of 4 for evacuation
[21.245s][debug][gc,ref       ] GC(198) Skipped phase1 of Reference Processing due to unavailable references
[21.245s][debug][gc,ref       ] GC(198) Skipped phase2 of Reference Processing due to unavailable references
[21.245s][debug][gc,ref       ] GC(198) Skipped phase3 of Reference Processing due to unavailable references
[21.245s][debug][gc,ref       ] GC(198) Skipped phase4 of Reference Processing due to unavailable references
[21.245s][debug][gc,age       ] GC(198) Desired survivor size 15400960 bytes, new threshold 6 (max threshold 6)
[21.245s][info ][gc,heap      ] GC(198) ParNew: 243718K->1700K(270976K)
[21.245s][info ][gc,heap      ] GC(198) CMS: 248901K->249603K(602112K)
[21.245s][info ][gc,metaspace ] GC(198) Metaspace: 49296K->49296K(1093632K)
[21.245s][info ][gc           ] GC(198) Pause Young (Allocation Failure) 481M->245M(852M) 4.383ms
[21.245s][info ][gc,cpu       ] GC(198) User=0.02s Sys=0.00s Real=0.01s
[21.245s][info ][safepoint    ] Leaving safepoint region
[21.245s][info ][safepoint    ] Total time for which application threads were stopped: 0.0047958 seconds, Stopping threads took: 0.0002159 seconds
[21.291s][info ][safepoint    ] Application time: 0.0460140 seconds
[21.295s][info ][safepoint    ] Entering safepoint region: GenCollectForAllocation
[21.295s][info ][gc,start     ] GC(199) Pause Young (Allocation Failure)
[21.295s][info ][gc,task      ] GC(199) Using 4 workers of 4 for evacuation
[21.298s][debug][gc,ref       ] GC(199) Skipped phase1 of Reference Processing due to unavailable references
[21.298s][debug][gc,ref       ] GC(199) Skipped phase2 of Reference Processing due to unavailable references
[21.298s][debug][gc,ref       ] GC(199) Skipped phase3 of Reference Processing due to unavailable references
[21.298s][debug][gc,ref       ] GC(199) Skipped phase4 of Reference Processing due to unavailable references
[21.298s][debug][gc,age       ] GC(199) Desired survivor size 15400960 bytes, new threshold 6 (max threshold 6)
[21.298s][info ][gc,heap      ] GC(199) ParNew: 242596K->1673K(270976K)
[21.298s][info ][gc,heap      ] GC(199) CMS: 249603K->249674K(602112K)
[21.298s][info ][gc,metaspace ] GC(199) Metaspace: 49297K->49297K(1093632K)
[21.298s][info ][gc           ] GC(199) Pause Young (Allocation Failure) 480M->245M(852M) 2.945ms
[21.298s][info ][gc,cpu       ] GC(199) User=0.01s Sys=0.00s Real=0.00s
[21.298s][info ][safepoint    ] Leaving safepoint region
[21.298s][info ][safepoint    ] Total time for which application threads were stopped: 0.0067464 seconds, Stopping threads took: 0.0036016 seconds
[21.354s][info ][safepoint    ] Application time: 0.0557766 seconds
[21.354s][info ][safepoint    ] Entering safepoint region: GenCollectForAllocation
[21.355s][info ][gc,start     ] GC(200) Pause Young (Allocation Failure)
[21.355s][info ][gc,task      ] GC(200) Using 4 workers of 4 for evacuation
[21.359s][debug][gc,ref       ] GC(200) Skipped phase1 of Reference Processing due to unavailable references
[21.359s][debug][gc,ref       ] GC(200) Skipped phase2 of Reference Processing due to unavailable references
[21.359s][debug][gc,ref       ] GC(200) Skipped phase3 of Reference Processing due to unavailable references
[21.359s][debug][gc,ref       ] GC(200) Skipped phase4 of Reference Processing due to unavailable references
[21.359s][debug][gc,age       ] GC(200) Desired survivor size 15400960 bytes, new threshold 6 (max threshold 6)
[21.359s][info ][gc,heap      ] GC(200) ParNew: 242569K->1221K(270976K)
[21.359s][info ][gc,heap      ] GC(200) CMS: 249674K->249811K(602112K)
[21.359s][info ][gc,metaspace ] GC(200) Metaspace: 49297K->49297K(1093632K)
[21.359s][info ][gc           ] GC(200) Pause Young (Allocation Failure) 480M->245M(852M) 4.361ms
[21.359s][info ][gc,cpu       ] GC(200) User=0.01s Sys=0.00s Real=0.00s
[21.359s][info ][safepoint    ] Leaving safepoint region
[21.359s][info ][safepoint    ] Total time for which application threads were stopped: 0.0051079 seconds, Stopping threads took: 0.0004039 seconds
[21.405s][info ][safepoint    ] Application time: 0.0461773 seconds
[21.411s][info ][safepoint    ] Entering safepoint region: GenCollectForAllocation
[21.411s][info ][gc,start     ] GC(201) Pause Young (Allocation Failure)
[21.411s][info ][gc,task      ] GC(201) Using 4 workers of 4 for evacuation
[21.414s][debug][gc,ref       ] GC(201) Skipped phase1 of Reference Processing due to unavailable references
[21.414s][debug][gc,ref       ] GC(201) Skipped phase2 of Reference Processing due to unavailable references
[21.414s][debug][gc,ref       ] GC(201) Skipped phase3 of Reference Processing due to unavailable references
[21.414s][debug][gc,age       ] GC(201) Desired survivor size 15400960 bytes, new threshold 6 (max threshold 6)
[21.414s][info ][gc,heap      ] GC(201) ParNew: 242117K->1132K(270976K)
[21.414s][info ][gc,heap      ] GC(201) CMS: 249811K->250184K(602112K)
[21.414s][info ][gc,metaspace ] GC(201) Metaspace: 49302K->49302K(1093632K)
[21.414s][info ][gc           ] GC(201) Pause Young (Allocation Failure) 480M->245M(852M) 3.480ms
[21.414s][info ][gc,cpu       ] GC(201) User=0.01s Sys=0.00s Real=0.01s
[21.414s][info ][safepoint    ] Leaving safepoint region
[21.414s][info ][safepoint    ] Total time for which application threads were stopped: 0.0093374 seconds, Stopping threads took: 0.0056544 seconds
[21.416s][info ][safepoint    ] Application time: 0.0011435 seconds
[21.416s][info ][safepoint    ] Entering safepoint region: Deoptimize
[21.417s][info ][safepoint    ] Leaving safepoint region
[21.417s][info ][safepoint    ] Total time for which application threads were stopped: 0.0014523 seconds, Stopping threads took: 0.0002630 seconds
[21.417s][info ][safepoint    ] Application time: 0.0002765 seconds
[21.418s][info ][safepoint    ] Entering safepoint region: Deoptimize
[21.418s][info ][safepoint    ] Leaving safepoint region
[21.418s][info ][safepoint    ] Total time for which application threads were stopped: 0.0007441 seconds, Stopping threads took: 0.0001455 seconds
[21.420s][info ][safepoint    ] Application time: 0.0020258 seconds
[21.420s][info ][safepoint    ] Entering safepoint region: Deoptimize
[21.421s][info ][safepoint    ] Leaving safepoint region
[21.421s][info ][safepoint    ] Total time for which application threads were stopped: 0.0004308 seconds, Stopping threads took: 0.0000101 seconds
[21.421s][info ][safepoint    ] Application time: 0.0007145 seconds
[21.421s][info ][safepoint    ] Entering safepoint region: Deoptimize
[21.422s][info ][safepoint    ] Leaving safepoint region
[21.422s][info ][safepoint    ] Total time for which application threads were stopped: 0.0004328 seconds, Stopping threads took: 0.0000111 seconds
[21.481s][info ][safepoint    ] Application time: 0.0595987 seconds
[21.482s][info ][safepoint    ] Entering safepoint region: GenCollectForAllocation
[21.482s][info ][gc,start     ] GC(202) Pause Young (Allocation Failure)
[21.482s][info ][gc,task      ] GC(202) Using 4 workers of 4 for evacuation
[21.486s][debug][gc,ref       ] GC(202) Skipped phase1 of Reference Processing due to unavailable references
[21.486s][debug][gc,ref       ] GC(202) Skipped phase3 of Reference Processing due to unavailable references
[21.486s][debug][gc,age       ] GC(202) Desired survivor size 15400960 bytes, new threshold 6 (max threshold 6)
[21.486s][info ][gc,heap      ] GC(202) ParNew: 242028K->2662K(270976K)
[21.486s][info ][gc,heap      ] GC(202) CMS: 250184K->250194K(602112K)
[21.486s][info ][gc,metaspace ] GC(202) Metaspace: 49395K->49395K(1093632K)
[21.486s][info ][gc           ] GC(202) Pause Young (Allocation Failure) 480M->246M(852M) 4.122ms
[21.486s][info ][gc,cpu       ] GC(202) User=0.02s Sys=0.00s Real=0.01s
[21.486s][info ][safepoint    ] Leaving safepoint region
[21.486s][info ][safepoint    ] Total time for which application threads were stopped: 0.0044682 seconds, Stopping threads took: 0.0001552 seconds
[21.556s][info ][safepoint    ] Application time: 0.0699342 seconds
[21.556s][info ][safepoint    ] Entering safepoint region: GenCollectForAllocation
[21.556s][info ][gc,start     ] GC(203) Pause Young (Allocation Failure)
[21.556s][info ][gc,task      ] GC(203) Using 4 workers of 4 for evacuation
[21.565s][debug][gc,ref       ] GC(203) Skipped phase1 of Reference Processing due to unavailable references
[21.565s][debug][gc,ref       ] GC(203) Skipped phase2 of Reference Processing due to unavailable references
[21.565s][debug][gc,ref       ] GC(203) Skipped phase3 of Reference Processing due to unavailable references
[21.565s][debug][gc,ref       ] GC(203) Skipped phase4 of Reference Processing due to unavailable references
[21.565s][debug][gc,age       ] GC(203) Desired survivor size 15400960 bytes, new threshold 6 (max threshold 6)
[21.565s][info ][gc,heap      ] GC(203) ParNew: 243558K->6771K(270976K)
[21.565s][info ][gc,heap      ] GC(203) CMS: 250194K->250712K(602112K)
[21.565s][info ][gc,metaspace ] GC(203) Metaspace: 49401K->49401K(1093632K)
[21.565s][info ][gc           ] GC(203) Pause Young (Allocation Failure) 482M->251M(852M) 9.081ms
[21.565s][info ][gc,cpu       ] GC(203) User=0.03s Sys=0.00s Real=0.01s
[21.565s][info ][safepoint    ] Leaving safepoint region
[21.565s][info ][safepoint    ] Total time for which application threads were stopped: 0.0094939 seconds, Stopping threads took: 0.0001756 seconds
[21.616s][info ][safepoint    ] Application time: 0.0507948 seconds
[21.617s][info ][safepoint    ] Entering safepoint region: GenCollectForAllocation
[21.617s][info ][gc,start     ] GC(204) Pause Young (Allocation Failure)
[21.617s][info ][gc,task      ] GC(204) Using 4 workers of 4 for evacuation
[21.625s][debug][gc,ref       ] GC(204) Skipped phase1 of Reference Processing due to unavailable references
[21.625s][debug][gc,ref       ] GC(204) Skipped phase2 of Reference Processing due to unavailable references
[21.625s][debug][gc,ref       ] GC(204) Skipped phase3 of Reference Processing due to unavailable references
[21.625s][debug][gc,ref       ] GC(204) Skipped phase4 of Reference Processing due to unavailable references
[21.626s][debug][gc,age       ] GC(204) Desired survivor size 15400960 bytes, new threshold 6 (max threshold 6)
[21.626s][info ][gc,heap      ] GC(204) ParNew: 247667K->9013K(270976K)
[21.626s][info ][gc,heap      ] GC(204) CMS: 250712K->250774K(602112K)
[21.626s][info ][gc,metaspace ] GC(204) Metaspace: 49402K->49402K(1093632K)
[21.626s][info ][gc           ] GC(204) Pause Young (Allocation Failure) 486M->253M(852M) 8.630ms
[21.626s][info ][gc,cpu       ] GC(204) User=0.03s Sys=0.00s Real=0.01s
[21.626s][info ][safepoint    ] Leaving safepoint region
[21.626s][info ][safepoint    ] Total time for which application threads were stopped: 0.0094000 seconds, Stopping threads took: 0.0004444 seconds
[21.703s][info ][safepoint    ] Application time: 0.0773421 seconds
[21.703s][info ][safepoint    ] Entering safepoint region: GenCollectForAllocation
[21.703s][info ][gc,start     ] GC(205) Pause Young (Allocation Failure)
[21.704s][info ][gc,task      ] GC(205) Using 4 workers of 4 for evacuation
[21.714s][debug][gc,ref       ] GC(205) Skipped phase1 of Reference Processing due to unavailable references
[21.714s][debug][gc,ref       ] GC(205) Skipped phase3 of Reference Processing due to unavailable references
[21.714s][debug][gc,age       ] GC(205) Desired survivor size 15400960 bytes, new threshold 6 (max threshold 6)
[21.714s][info ][gc,heap      ] GC(205) ParNew: 249909K->11632K(270976K)
[21.714s][info ][gc,heap      ] GC(205) CMS: 250774K->250811K(602112K)
[21.714s][info ][gc,metaspace ] GC(205) Metaspace: 49413K->49413K(1093632K)
[21.714s][info ][gc           ] GC(205) Pause Young (Allocation Failure) 488M->256M(852M) 10.819ms
[21.714s][info ][gc,cpu       ] GC(205) User=0.04s Sys=0.00s Real=0.02s
[21.714s][info ][safepoint    ] Leaving safepoint region
[21.714s][info ][safepoint    ] Total time for which application threads were stopped: 0.0113297 seconds, Stopping threads took: 0.0002098 seconds
[21.776s][info ][safepoint    ] Application time: 0.0616732 seconds
[21.776s][info ][safepoint    ] Entering safepoint region: GenCollectForAllocation
[21.776s][info ][gc,start     ] GC(206) Pause Young (Allocation Failure)
[21.776s][info ][gc,task      ] GC(206) Using 4 workers of 4 for evacuation
[21.785s][debug][gc,ref       ] GC(206) Skipped phase1 of Reference Processing due to unavailable references
[21.785s][debug][gc,ref       ] GC(206) Skipped phase2 of Reference Processing due to unavailable references
[21.785s][debug][gc,ref       ] GC(206) Skipped phase3 of Reference Processing due to unavailable references
[21.785s][debug][gc,ref       ] GC(206) Skipped phase4 of Reference Processing due to unavailable references
[21.785s][debug][gc,age       ] GC(206) Desired survivor size 15400960 bytes, new threshold 6 (max threshold 6)
[21.785s][info ][gc,heap      ] GC(206) ParNew: 252528K->13350K(270976K)
[21.785s][info ][gc,heap      ] GC(206) CMS: 250811K->250868K(602112K)
[21.785s][info ][gc,metaspace ] GC(206) Metaspace: 49413K->49413K(1093632K)
[21.785s][info ][gc           ] GC(206) Pause Young (Allocation Failure) 491M->258M(852M) 8.445ms
[21.785s][info ][gc,cpu       ] GC(206) User=0.03s Sys=0.00s Real=0.01s
[21.785s][info ][safepoint    ] Leaving safepoint region
[21.785s][info ][safepoint    ] Total time for which application threads were stopped: 0.0089037 seconds, Stopping threads took: 0.0002322 seconds
[21.832s][info ][safepoint    ] Application time: 0.0469447 seconds
[21.832s][info ][safepoint    ] Entering safepoint region: GenCollectForAllocation
[21.832s][info ][gc,start     ] GC(207) Pause Young (Allocation Failure)
[21.832s][info ][gc,task      ] GC(207) Using 4 workers of 4 for evacuation
[21.841s][debug][gc,ref       ] GC(207) Skipped phase1 of Reference Processing due to unavailable references
[21.841s][debug][gc,ref       ] GC(207) Skipped phase2 of Reference Processing due to unavailable references
[21.841s][debug][gc,ref       ] GC(207) Skipped phase3 of Reference Processing due to unavailable references
[21.841s][debug][gc,ref       ] GC(207) Skipped phase4 of Reference Processing due to unavailable references
[21.841s][debug][gc,age       ] GC(207) Desired survivor size 15400960 bytes, new threshold 6 (max threshold 6)
[21.841s][info ][gc,heap      ] GC(207) ParNew: 254246K->12169K(270976K)
[21.841s][info ][gc,heap      ] GC(207) CMS: 250868K->250932K(602112K)
[21.841s][info ][gc,metaspace ] GC(207) Metaspace: 49415K->49415K(1093632K)
[21.841s][info ][gc           ] GC(207) Pause Young (Allocation Failure) 493M->256M(852M) 8.954ms
[21.841s][info ][gc,cpu       ] GC(207) User=0.02s Sys=0.01s Real=0.00s
[21.841s][info ][safepoint    ] Leaving safepoint region
[21.841s][info ][safepoint    ] Total time for which application threads were stopped: 0.0093626 seconds, Stopping threads took: 0.0002298 seconds
[21.894s][info ][safepoint    ] Application time: 0.0530649 seconds
[21.900s][info ][safepoint    ] Entering safepoint region: GenCollectForAllocation
[21.900s][info ][gc,start     ] GC(208) Pause Young (Allocation Failure)
[21.900s][info ][gc,task      ] GC(208) Using 4 workers of 4 for evacuation
[21.911s][debug][gc,ref       ] GC(208) Skipped phase1 of Reference Processing due to unavailable references
[21.911s][debug][gc,ref       ] GC(208) Skipped phase2 of Reference Processing due to unavailable references
[21.911s][debug][gc,ref       ] GC(208) Skipped phase3 of Reference Processing due to unavailable references
[21.911s][debug][gc,ref       ] GC(208) Skipped phase4 of Reference Processing due to unavailable references
[21.911s][debug][gc,age       ] GC(208) Desired survivor size 15400960 bytes, new threshold 6 (max threshold 6)
[21.911s][info ][gc,heap      ] GC(208) ParNew: 253065K->10277K(270976K)
[21.911s][info ][gc,heap      ] GC(208) CMS: 250932K->252487K(602112K)
[21.911s][info ][gc,metaspace ] GC(208) Metaspace: 49419K->49419K(1093632K)
[21.911s][info ][gc           ] GC(208) Pause Young (Allocation Failure) 492M->256M(852M) 10.975ms
[21.911s][info ][gc,cpu       ] GC(208) User=0.04s Sys=0.00s Real=0.01s
[21.911s][info ][safepoint    ] Leaving safepoint region
[21.911s][info ][safepoint    ] Total time for which application threads were stopped: 0.0168149 seconds, Stopping threads took: 0.0056023 seconds
[21.968s][info ][safepoint    ] Application time: 0.0567224 seconds
[21.968s][info ][safepoint    ] Entering safepoint region: GenCollectForAllocation
[21.969s][info ][gc,start     ] GC(209) Pause Young (Allocation Failure)
[21.969s][info ][gc,task      ] GC(209) Using 4 workers of 4 for evacuation
[21.980s][debug][gc,ref       ] GC(209) Skipped phase1 of Reference Processing due to unavailable references
[21.980s][debug][gc,ref       ] GC(209) Skipped phase2 of Reference Processing due to unavailable references
[21.980s][debug][gc,ref       ] GC(209) Skipped phase3 of Reference Processing due to unavailable references
[21.980s][debug][gc,ref       ] GC(209) Skipped phase4 of Reference Processing due to unavailable references
[21.980s][debug][gc,age       ] GC(209) Desired survivor size 15400960 bytes, new threshold 6 (max threshold 6)
[21.980s][info ][gc,heap      ] GC(209) ParNew: 251173K->7167K(270976K)
[21.980s][info ][gc,heap      ] GC(209) CMS: 252487K->256173K(602112K)
[21.980s][info ][gc,metaspace ] GC(209) Metaspace: 49434K->49434K(1093632K)
[21.980s][info ][gc           ] GC(209) Pause Young (Allocation Failure) 491M->257M(852M) 11.122ms
[21.980s][info ][gc,cpu       ] GC(209) User=0.04s Sys=0.00s Real=0.01s
[21.980s][info ][safepoint    ] Leaving safepoint region
[21.980s][info ][safepoint    ] Total time for which application threads were stopped: 0.0118146 seconds, Stopping threads took: 0.0004883 seconds
[22.024s][info ][safepoint    ] Application time: 0.0443374 seconds
[22.024s][info ][safepoint    ] Entering safepoint region: GenCollectForAllocation
[22.025s][info ][gc,start     ] GC(210) Pause Young (Allocation Failure)
[22.025s][info ][gc,task      ] GC(210) Using 4 workers of 4 for evacuation
[22.031s][debug][gc,ref       ] GC(210) Skipped phase1 of Reference Processing due to unavailable references
[22.031s][debug][gc,ref       ] GC(210) Skipped phase2 of Reference Processing due to unavailable references
[22.031s][debug][gc,ref       ] GC(210) Skipped phase3 of Reference Processing due to unavailable references
[22.031s][debug][gc,ref       ] GC(210) Skipped phase4 of Reference Processing due to unavailable references
[22.031s][debug][gc,age       ] GC(210) Desired survivor size 15400960 bytes, new threshold 6 (max threshold 6)
[22.031s][info ][gc,heap      ] GC(210) ParNew: 248063K->3035K(270976K)
[22.031s][info ][gc,heap      ] GC(210) CMS: 256173K->258288K(602112K)
[22.031s][info ][gc,metaspace ] GC(210) Metaspace: 49436K->49436K(1093632K)
[22.031s][info ][gc           ] GC(210) Pause Young (Allocation Failure) 492M->255M(852M) 6.658ms
[22.031s][info ][gc,cpu       ] GC(210) User=0.02s Sys=0.00s Real=0.00s
[22.031s][info ][safepoint    ] Leaving safepoint region
[22.031s][info ][safepoint    ] Total time for which application threads were stopped: 0.0071074 seconds, Stopping threads took: 0.0002678 seconds
[22.095s][info ][safepoint    ] Application time: 0.0634510 seconds
[22.097s][info ][safepoint    ] Entering safepoint region: GenCollectForAllocation
[22.097s][info ][gc,start     ] GC(211) Pause Young (Allocation Failure)
[22.097s][info ][gc,task      ] GC(211) Using 4 workers of 4 for evacuation
[22.101s][debug][gc,ref       ] GC(211) Skipped phase1 of Reference Processing due to unavailable references
[22.101s][debug][gc,ref       ] GC(211) Skipped phase2 of Reference Processing due to unavailable references
[22.101s][debug][gc,ref       ] GC(211) Skipped phase3 of Reference Processing due to unavailable references
[22.101s][debug][gc,ref       ] GC(211) Skipped phase4 of Reference Processing due to unavailable references
[22.101s][debug][gc,age       ] GC(211) Desired survivor size 15400960 bytes, new threshold 6 (max threshold 6)
[22.101s][info ][gc,heap      ] GC(211) ParNew: 243931K->1241K(270976K)
[22.101s][info ][gc,heap      ] GC(211) CMS: 258288K->258937K(602112K)
[22.101s][info ][gc,metaspace ] GC(211) Metaspace: 49436K->49436K(1093632K)
[22.101s][info ][gc           ] GC(211) Pause Young (Allocation Failure) 490M->254M(852M) 3.838ms
[22.101s][info ][gc,cpu       ] GC(211) User=0.01s Sys=0.00s Real=0.00s
[22.101s][info ][safepoint    ] Leaving safepoint region
[22.101s][info ][safepoint    ] Total time for which application threads were stopped: 0.0063494 seconds, Stopping threads took: 0.0019463 seconds
[22.146s][info ][safepoint    ] Application time: 0.0445964 seconds
[22.149s][info ][safepoint    ] Entering safepoint region: GenCollectForAllocation
[22.150s][info ][gc,start     ] GC(212) Pause Young (Allocation Failure)
[22.150s][info ][gc,task      ] GC(212) Using 4 workers of 4 for evacuation
[22.152s][debug][gc,ref       ] GC(212) Skipped phase1 of Reference Processing due to unavailable references
[22.152s][debug][gc,ref       ] GC(212) Skipped phase2 of Reference Processing due to unavailable references
[22.152s][debug][gc,ref       ] GC(212) Skipped phase3 of Reference Processing due to unavailable references
[22.152s][debug][gc,ref       ] GC(212) Skipped phase4 of Reference Processing due to unavailable references
[22.152s][debug][gc,age       ] GC(212) Desired survivor size 15400960 bytes, new threshold 6 (max threshold 6)
[22.152s][info ][gc,heap      ] GC(212) ParNew: 242137K->728K(270976K)
[22.152s][info ][gc,heap      ] GC(212) CMS: 258937K->259324K(602112K)
[22.152s][info ][gc,metaspace ] GC(212) Metaspace: 49436K->49436K(1093632K)
[22.152s][info ][gc           ] GC(212) Pause Young (Allocation Failure) 489M->253M(852M) 2.361ms
[22.152s][info ][gc,cpu       ] GC(212) User=0.01s Sys=0.00s Real=0.01s
[22.152s][info ][safepoint    ] Leaving safepoint region
[22.152s][info ][safepoint    ] Total time for which application threads were stopped: 0.0060896 seconds, Stopping threads took: 0.0035325 seconds
[22.215s][info ][safepoint    ] Application time: 0.0630361 seconds
[22.216s][info ][safepoint    ] Entering safepoint region: GenCollectForAllocation
[22.216s][info ][gc,start     ] GC(213) Pause Young (Allocation Failure)
[22.216s][info ][gc,task      ] GC(213) Using 4 workers of 4 for evacuation
[22.218s][debug][gc,ref       ] GC(213) Skipped phase1 of Reference Processing due to unavailable references
[22.218s][debug][gc,ref       ] GC(213) Skipped phase2 of Reference Processing due to unavailable references
[22.218s][debug][gc,ref       ] GC(213) Skipped phase3 of Reference Processing due to unavailable references
[22.218s][debug][gc,ref       ] GC(213) Skipped phase4 of Reference Processing due to unavailable references
[22.218s][debug][gc,age       ] GC(213) Desired survivor size 15400960 bytes, new threshold 6 (max threshold 6)
[22.218s][info ][gc,heap      ] GC(213) ParNew: 241624K->526K(270976K)
[22.218s][info ][gc,heap      ] GC(213) CMS: 259324K->259384K(602112K)
[22.218s][info ][gc,metaspace ] GC(213) Metaspace: 49436K->49436K(1093632K)
[22.218s][info ][gc           ] GC(213) Pause Young (Allocation Failure) 489M->253M(852M) 1.809ms
[22.218s][info ][gc,cpu       ] GC(213) User=0.01s Sys=0.00s Real=0.00s
[22.218s][info ][safepoint    ] Leaving safepoint region
[22.218s][info ][safepoint    ] Total time for which application threads were stopped: 0.0027478 seconds, Stopping threads took: 0.0007689 seconds
[22.257s][info ][safepoint    ] Application time: 0.0390907 seconds
[22.260s][info ][safepoint    ] Entering safepoint region: GenCollectForAllocation
[22.261s][info ][gc,start     ] GC(214) Pause Young (Allocation Failure)
[22.261s][info ][gc,task      ] GC(214) Using 4 workers of 4 for evacuation
[22.263s][debug][gc,ref       ] GC(214) Skipped phase1 of Reference Processing due to unavailable references
[22.263s][debug][gc,ref       ] GC(214) Skipped phase2 of Reference Processing due to unavailable references
[22.263s][debug][gc,ref       ] GC(214) Skipped phase3 of Reference Processing due to unavailable references
[22.263s][debug][gc,ref       ] GC(214) Skipped phase4 of Reference Processing due to unavailable references
[22.263s][debug][gc,age       ] GC(214) Desired survivor size 15400960 bytes, new threshold 6 (max threshold 6)
[22.263s][info ][gc,heap      ] GC(214) ParNew: 241422K->664K(270976K)
[22.263s][info ][gc,heap      ] GC(214) CMS: 259384K->259434K(602112K)
[22.263s][info ][gc,metaspace ] GC(214) Metaspace: 49436K->49436K(1093632K)
[22.263s][info ][gc           ] GC(214) Pause Young (Allocation Failure) 489M->254M(852M) 1.807ms
[22.263s][info ][gc,cpu       ] GC(214) User=0.01s Sys=0.00s Real=0.00s
[22.263s][info ][safepoint    ] Leaving safepoint region
[22.263s][info ][safepoint    ] Total time for which application threads were stopped: 0.0060776 seconds, Stopping threads took: 0.0034335 seconds
[22.330s][info ][safepoint    ] Application time: 0.0667063 seconds
[22.330s][info ][safepoint    ] Entering safepoint region: GenCollectForAllocation
[22.330s][info ][gc,start     ] GC(215) Pause Young (Allocation Failure)
[22.330s][info ][gc,task      ] GC(215) Using 4 workers of 4 for evacuation
[22.332s][debug][gc,ref       ] GC(215) Skipped phase1 of Reference Processing due to unavailable references
[22.332s][debug][gc,ref       ] GC(215) Skipped phase2 of Reference Processing due to unavailable references
[22.332s][debug][gc,ref       ] GC(215) Skipped phase3 of Reference Processing due to unavailable references
[22.332s][debug][gc,ref       ] GC(215) Skipped phase4 of Reference Processing due to unavailable references
[22.332s][debug][gc,age       ] GC(215) Desired survivor size 15400960 bytes, new threshold 6 (max threshold 6)
[22.332s][info ][gc,heap      ] GC(215) ParNew: 241560K->545K(270976K)
[22.332s][info ][gc,heap      ] GC(215) CMS: 259434K->259485K(602112K)
[22.332s][info ][gc,metaspace ] GC(215) Metaspace: 49436K->49436K(1093632K)
[22.332s][info ][gc           ] GC(215) Pause Young (Allocation Failure) 489M->253M(852M) 1.823ms
[22.332s][info ][gc,cpu       ] GC(215) User=0.00s Sys=0.00s Real=0.01s
[22.332s][info ][safepoint    ] Leaving safepoint region
[22.332s][info ][safepoint    ] Total time for which application threads were stopped: 0.0021509 seconds, Stopping threads took: 0.0001697 seconds
[22.370s][info ][safepoint    ] Application time: 0.0384579 seconds
[22.371s][info ][safepoint    ] Entering safepoint region: GenCollectForAllocation
[22.371s][info ][gc,start     ] GC(216) Pause Young (Allocation Failure)
[22.371s][info ][gc,task      ] GC(216) Using 4 workers of 4 for evacuation
[22.373s][debug][gc,ref       ] GC(216) Skipped phase1 of Reference Processing due to unavailable references
[22.373s][debug][gc,ref       ] GC(216) Skipped phase2 of Reference Processing due to unavailable references
[22.373s][debug][gc,ref       ] GC(216) Skipped phase3 of Reference Processing due to unavailable references
[22.373s][debug][gc,ref       ] GC(216) Skipped phase4 of Reference Processing due to unavailable references
[22.373s][debug][gc,age       ] GC(216) Desired survivor size 15400960 bytes, new threshold 6 (max threshold 6)
[22.373s][info ][gc,heap      ] GC(216) ParNew: 241441K->547K(270976K)
[22.373s][info ][gc,heap      ] GC(216) CMS: 259485K->259527K(602112K)
[22.373s][info ][gc,metaspace ] GC(216) Metaspace: 49436K->49436K(1093632K)
[22.373s][info ][gc           ] GC(216) Pause Young (Allocation Failure) 489M->253M(852M) 2.478ms
[22.373s][info ][gc,cpu       ] GC(216) User=0.01s Sys=0.00s Real=0.01s
[22.373s][info ][safepoint    ] Leaving safepoint region
[22.373s][info ][safepoint    ] Total time for which application threads were stopped: 0.0029331 seconds, Stopping threads took: 0.0002202 seconds
[22.439s][info ][safepoint    ] Application time: 0.0654809 seconds
[22.439s][info ][safepoint    ] Entering safepoint region: GenCollectForAllocation
[22.439s][info ][gc,start     ] GC(217) Pause Young (Allocation Failure)
[22.439s][info ][gc,task      ] GC(217) Using 4 workers of 4 for evacuation
[22.442s][debug][gc,ref       ] GC(217) Skipped phase1 of Reference Processing due to unavailable references
[22.442s][debug][gc,ref       ] GC(217) Skipped phase2 of Reference Processing due to unavailable references
[22.442s][debug][gc,ref       ] GC(217) Skipped phase3 of Reference Processing due to unavailable references
[22.442s][debug][gc,ref       ] GC(217) Skipped phase4 of Reference Processing due to unavailable references
[22.442s][debug][gc,age       ] GC(217) Desired survivor size 15400960 bytes, new threshold 6 (max threshold 6)
[22.442s][info ][gc,heap      ] GC(217) ParNew: 241443K->598K(270976K)
[22.442s][info ][gc,heap      ] GC(217) CMS: 259527K->259599K(602112K)
[22.442s][info ][gc,metaspace ] GC(217) Metaspace: 49436K->49436K(1093632K)
[22.442s][info ][gc           ] GC(217) Pause Young (Allocation Failure) 489M->254M(852M) 2.930ms
[22.442s][info ][gc,cpu       ] GC(217) User=0.01s Sys=0.00s Real=0.00s
[22.442s][info ][safepoint    ] Leaving safepoint region
[22.442s][info ][safepoint    ] Total time for which application threads were stopped: 0.0033825 seconds, Stopping threads took: 0.0002734 seconds
[22.493s][info ][safepoint    ] Application time: 0.0512880 seconds
[22.494s][info ][safepoint    ] Entering safepoint region: GenCollectForAllocation
[22.494s][info ][gc,start     ] GC(218) Pause Young (Allocation Failure)
[22.494s][info ][gc,task      ] GC(218) Using 4 workers of 4 for evacuation
[22.496s][debug][gc,ref       ] GC(218) Skipped phase1 of Reference Processing due to unavailable references
[22.496s][debug][gc,ref       ] GC(218) Skipped phase2 of Reference Processing due to unavailable references
[22.496s][debug][gc,ref       ] GC(218) Skipped phase3 of Reference Processing due to unavailable references
[22.496s][debug][gc,ref       ] GC(218) Skipped phase4 of Reference Processing due to unavailable references
[22.496s][debug][gc,age       ] GC(218) Desired survivor size 15400960 bytes, new threshold 6 (max threshold 6)
[22.496s][info ][gc,heap      ] GC(218) ParNew: 241494K->596K(270976K)
[22.496s][info ][gc,heap      ] GC(218) CMS: 259599K->259635K(602112K)
[22.496s][info ][gc,metaspace ] GC(218) Metaspace: 49436K->49436K(1093632K)
[22.496s][info ][gc           ] GC(218) Pause Young (Allocation Failure) 489M->254M(852M) 2.502ms
[22.496s][info ][gc,cpu       ] GC(218) User=0.01s Sys=0.00s Real=0.00s
[22.496s][info ][safepoint    ] Leaving safepoint region
[22.496s][info ][safepoint    ] Total time for which application threads were stopped: 0.0029191 seconds, Stopping threads took: 0.0002281 seconds
[22.561s][info ][safepoint    ] Application time: 0.0646122 seconds
[22.561s][info ][safepoint    ] Entering safepoint region: GenCollectForAllocation
[22.562s][info ][gc,start     ] GC(219) Pause Young (Allocation Failure)
[22.562s][info ][gc,task      ] GC(219) Using 4 workers of 4 for evacuation
[22.563s][debug][gc,ref       ] GC(219) Skipped phase1 of Reference Processing due to unavailable references
[22.563s][debug][gc,ref       ] GC(219) Skipped phase2 of Reference Processing due to unavailable references
[22.563s][debug][gc,ref       ] GC(219) Skipped phase3 of Reference Processing due to unavailable references
[22.563s][debug][gc,ref       ] GC(219) Skipped phase4 of Reference Processing due to unavailable references
[22.564s][debug][gc,age       ] GC(219) Desired survivor size 15400960 bytes, new threshold 6 (max threshold 6)
[22.564s][info ][gc,heap      ] GC(219) ParNew: 241492K->596K(270976K)
[22.564s][info ][gc,heap      ] GC(219) CMS: 259635K->259708K(602112K)
[22.564s][info ][gc,metaspace ] GC(219) Metaspace: 49436K->49436K(1093632K)
[22.564s][info ][gc           ] GC(219) Pause Young (Allocation Failure) 489M->254M(852M) 1.913ms
[22.564s][info ][gc,cpu       ] GC(219) User=0.01s Sys=0.00s Real=0.01s
[22.564s][info ][safepoint    ] Leaving safepoint region
[22.564s][info ][safepoint    ] Total time for which application threads were stopped: 0.0025282 seconds, Stopping threads took: 0.0001981 seconds
[22.603s][info ][safepoint    ] Application time: 0.0398684 seconds
[22.604s][info ][safepoint    ] Entering safepoint region: GenCollectForAllocation
[22.604s][info ][gc,start     ] GC(220) Pause Young (Allocation Failure)
[22.604s][info ][gc,task      ] GC(220) Using 4 workers of 4 for evacuation
[22.605s][debug][gc,ref       ] GC(220) Skipped phase1 of Reference Processing due to unavailable references
[22.605s][debug][gc,ref       ] GC(220) Skipped phase2 of Reference Processing due to unavailable references
[22.605s][debug][gc,ref       ] GC(220) Skipped phase3 of Reference Processing due to unavailable references
[22.605s][debug][gc,ref       ] GC(220) Skipped phase4 of Reference Processing due to unavailable references
[22.606s][debug][gc,age       ] GC(220) Desired survivor size 15400960 bytes, new threshold 6 (max threshold 6)
[22.606s][info ][gc,heap      ] GC(220) ParNew: 241492K->685K(270976K)
[22.606s][info ][gc,heap      ] GC(220) CMS: 259708K->259741K(602112K)
[22.606s][info ][gc,metaspace ] GC(220) Metaspace: 49436K->49436K(1093632K)
[22.606s][info ][gc           ] GC(220) Pause Young (Allocation Failure) 489M->254M(852M) 1.808ms
[22.606s][info ][gc,cpu       ] GC(220) User=0.01s Sys=0.00s Real=0.00s
[22.606s][info ][safepoint    ] Leaving safepoint region
[22.606s][info ][safepoint    ] Total time for which application threads were stopped: 0.0021876 seconds, Stopping threads took: 0.0001717 seconds
[22.669s][info ][safepoint    ] Application time: 0.0633566 seconds
[22.669s][info ][safepoint    ] Entering safepoint region: GenCollectForAllocation
[22.669s][info ][gc,start     ] GC(221) Pause Young (Allocation Failure)
[22.670s][info ][gc,task      ] GC(221) Using 4 workers of 4 for evacuation
[22.671s][debug][gc,ref       ] GC(221) Skipped phase1 of Reference Processing due to unavailable references
[22.671s][debug][gc,ref       ] GC(221) Skipped phase2 of Reference Processing due to unavailable references
[22.671s][debug][gc,ref       ] GC(221) Skipped phase3 of Reference Processing due to unavailable references
[22.671s][debug][gc,ref       ] GC(221) Skipped phase4 of Reference Processing due to unavailable references
[22.671s][debug][gc,age       ] GC(221) Desired survivor size 15400960 bytes, new threshold 6 (max threshold 6)
[22.671s][info ][gc,heap      ] GC(221) ParNew: 241581K->565K(270976K)
[22.671s][info ][gc,heap      ] GC(221) CMS: 259741K->259816K(602112K)
[22.671s][info ][gc,metaspace ] GC(221) Metaspace: 49436K->49436K(1093632K)
[22.671s][info ][gc           ] GC(221) Pause Young (Allocation Failure) 489M->254M(852M) 1.968ms
[22.671s][info ][gc,cpu       ] GC(221) User=0.01s Sys=0.00s Real=0.00s
[22.671s][info ][safepoint    ] Leaving safepoint region
[22.671s][info ][safepoint    ] Total time for which application threads were stopped: 0.0023475 seconds, Stopping threads took: 0.0001693 seconds
[22.734s][info ][safepoint    ] Application time: 0.0620021 seconds
[22.736s][info ][safepoint    ] Entering safepoint region: GenCollectForAllocation
[22.736s][info ][gc,start     ] GC(222) Pause Young (Allocation Failure)
[22.736s][info ][gc,task      ] GC(222) Using 4 workers of 4 for evacuation
[22.738s][debug][gc,ref       ] GC(222) Skipped phase1 of Reference Processing due to unavailable references
[22.738s][debug][gc,ref       ] GC(222) Skipped phase2 of Reference Processing due to unavailable references
[22.738s][debug][gc,ref       ] GC(222) Skipped phase3 of Reference Processing due to unavailable references
[22.738s][debug][gc,ref       ] GC(222) Skipped phase4 of Reference Processing due to unavailable references
[22.738s][debug][gc,age       ] GC(222) Desired survivor size 15400960 bytes, new threshold 6 (max threshold 6)
[22.738s][info ][gc,heap      ] GC(222) ParNew: 241461K->625K(270976K)
[22.738s][info ][gc,heap      ] GC(222) CMS: 259816K->259834K(602112K)
[22.738s][info ][gc,metaspace ] GC(222) Metaspace: 49436K->49436K(1093632K)
[22.738s][info ][gc           ] GC(222) Pause Young (Allocation Failure) 489M->254M(852M) 2.159ms
[22.738s][info ][gc,cpu       ] GC(222) User=0.01s Sys=0.00s Real=0.00s
[22.738s][info ][safepoint    ] Leaving safepoint region
[22.738s][info ][safepoint    ] Total time for which application threads were stopped: 0.0045429 seconds, Stopping threads took: 0.0022112 seconds
[22.783s][info ][safepoint    ] Application time: 0.0451935 seconds
[22.784s][info ][safepoint    ] Entering safepoint region: GenCollectForAllocation
[22.784s][info ][gc,start     ] GC(223) Pause Young (Allocation Failure)
[22.784s][info ][gc,task      ] GC(223) Using 4 workers of 4 for evacuation
[22.786s][debug][gc,ref       ] GC(223) Skipped phase1 of Reference Processing due to unavailable references
[22.786s][debug][gc,ref       ] GC(223) Skipped phase2 of Reference Processing due to unavailable references
[22.786s][debug][gc,ref       ] GC(223) Skipped phase3 of Reference Processing due to unavailable references
[22.786s][debug][gc,ref       ] GC(223) Skipped phase4 of Reference Processing due to unavailable references
[22.786s][debug][gc,age       ] GC(223) Desired survivor size 15400960 bytes, new threshold 6 (max threshold 6)
[22.786s][info ][gc,heap      ] GC(223) ParNew: 241521K->628K(270976K)
[22.786s][info ][gc,heap      ] GC(223) CMS: 259834K->259916K(602112K)
[22.786s][info ][gc,metaspace ] GC(223) Metaspace: 49437K->49437K(1093632K)
[22.786s][info ][gc           ] GC(223) Pause Young (Allocation Failure) 489M->254M(852M) 2.263ms
[22.786s][info ][gc,cpu       ] GC(223) User=0.00s Sys=0.00s Real=0.00s
[22.786s][info ][safepoint    ] Leaving safepoint region
[22.786s][info ][safepoint    ] Total time for which application threads were stopped: 0.0027479 seconds, Stopping threads took: 0.0002479 seconds
[22.864s][info ][safepoint    ] Application time: 0.0775131 seconds
[22.864s][info ][safepoint    ] Entering safepoint region: GenCollectForAllocation
[22.864s][info ][gc,start     ] GC(224) Pause Young (Allocation Failure)
[22.864s][info ][gc,task      ] GC(224) Using 4 workers of 4 for evacuation
[22.867s][debug][gc,ref       ] GC(224) Skipped phase1 of Reference Processing due to unavailable references
[22.867s][debug][gc,ref       ] GC(224) Skipped phase2 of Reference Processing due to unavailable references
[22.867s][debug][gc,ref       ] GC(224) Skipped phase3 of Reference Processing due to unavailable references
[22.867s][debug][gc,ref       ] GC(224) Skipped phase4 of Reference Processing due to unavailable references
[22.867s][debug][gc,age       ] GC(224) Desired survivor size 15400960 bytes, new threshold 6 (max threshold 6)
[22.867s][info ][gc,heap      ] GC(224) ParNew: 241524K->722K(270976K)
[22.867s][info ][gc,heap      ] GC(224) CMS: 259916K->259953K(602112K)
[22.867s][info ][gc,metaspace ] GC(224) Metaspace: 49437K->49437K(1093632K)
[22.867s][info ][gc           ] GC(224) Pause Young (Allocation Failure) 489M->254M(852M) 2.584ms
[22.867s][info ][gc,cpu       ] GC(224) User=0.01s Sys=0.00s Real=0.00s
[22.867s][info ][safepoint    ] Leaving safepoint region
[22.867s][info ][safepoint    ] Total time for which application threads were stopped: 0.0031974 seconds, Stopping threads took: 0.0004116 seconds
[22.917s][info ][safepoint    ] Application time: 0.0505315 seconds
[22.919s][info ][safepoint    ] Entering safepoint region: GenCollectForAllocation
[22.919s][info ][gc,start     ] GC(225) Pause Young (Allocation Failure)
[22.919s][info ][gc,task      ] GC(225) Using 4 workers of 4 for evacuation
[22.921s][debug][gc,ref       ] GC(225) Skipped phase1 of Reference Processing due to unavailable references
[22.921s][debug][gc,ref       ] GC(225) Skipped phase2 of Reference Processing due to unavailable references
[22.921s][debug][gc,ref       ] GC(225) Skipped phase3 of Reference Processing due to unavailable references
[22.921s][debug][gc,ref       ] GC(225) Skipped phase4 of Reference Processing due to unavailable references
[22.921s][debug][gc,age       ] GC(225) Desired survivor size 15400960 bytes, new threshold 6 (max threshold 6)
[22.922s][info ][gc,heap      ] GC(225) ParNew: 241618K->679K(270976K)
[22.922s][info ][gc,heap      ] GC(225) CMS: 259953K->260027K(602112K)
[22.922s][info ][gc,metaspace ] GC(225) Metaspace: 49438K->49438K(1093632K)
[22.922s][info ][gc           ] GC(225) Pause Young (Allocation Failure) 489M->254M(852M) 2.150ms
[22.922s][info ][gc,cpu       ] GC(225) User=0.01s Sys=0.00s Real=0.00s
[22.922s][info ][safepoint    ] Leaving safepoint region
[22.922s][info ][safepoint    ] Total time for which application threads were stopped: 0.0041746 seconds, Stopping threads took: 0.0018514 seconds
[22.980s][info ][safepoint    ] Application time: 0.0587914 seconds
[22.985s][info ][safepoint    ] Entering safepoint region: GenCollectForAllocation
[22.986s][info ][gc,start     ] GC(226) Pause Young (Allocation Failure)
[22.986s][info ][gc,task      ] GC(226) Using 4 workers of 4 for evacuation
[22.988s][debug][gc,ref       ] GC(226) Skipped phase1 of Reference Processing due to unavailable references
[22.988s][debug][gc,ref       ] GC(226) Skipped phase2 of Reference Processing due to unavailable references
[22.988s][debug][gc,ref       ] GC(226) Skipped phase3 of Reference Processing due to unavailable references
[22.988s][debug][gc,ref       ] GC(226) Skipped phase4 of Reference Processing due to unavailable references
[22.988s][debug][gc,age       ] GC(226) Desired survivor size 15400960 bytes, new threshold 6 (max threshold 6)
[22.988s][info ][gc,heap      ] GC(226) ParNew: 241575K->655K(270976K)
[22.988s][info ][gc,heap      ] GC(226) CMS: 260027K->260068K(602112K)
[22.988s][info ][gc,metaspace ] GC(226) Metaspace: 49438K->49438K(1093632K)
[22.988s][info ][gc           ] GC(226) Pause Young (Allocation Failure) 489M->254M(852M) 2.464ms
[22.988s][info ][gc,cpu       ] GC(226) User=0.00s Sys=0.00s Real=0.00s
[22.988s][info ][safepoint    ] Leaving safepoint region
[22.988s][info ][safepoint    ] Total time for which application threads were stopped: 0.0077714 seconds, Stopping threads took: 0.0050484 seconds
[23.051s][info ][safepoint    ] Application time: 0.0630072 seconds
[23.060s][info ][safepoint    ] Entering safepoint region: GenCollectForAllocation
[23.060s][info ][gc,start     ] GC(227) Pause Young (Allocation Failure)
[23.060s][info ][gc,task      ] GC(227) Using 4 workers of 4 for evacuation
[23.068s][debug][gc,ref       ] GC(227) Skipped phase1 of Reference Processing due to unavailable references
[23.068s][debug][gc,ref       ] GC(227) Skipped phase2 of Reference Processing due to unavailable references
[23.068s][debug][gc,ref       ] GC(227) Skipped phase3 of Reference Processing due to unavailable references
[23.068s][debug][gc,ref       ] GC(227) Skipped phase4 of Reference Processing due to unavailable references
[23.068s][debug][gc,age       ] GC(227) Desired survivor size 15400960 bytes, new threshold 6 (max threshold 6)
[23.068s][info ][gc,heap      ] GC(227) ParNew: 241551K->581K(270976K)
[23.068s][info ][gc,heap      ] GC(227) CMS: 260068K->260142K(602112K)
[23.068s][info ][gc,metaspace ] GC(227) Metaspace: 49438K->49438K(1093632K)
[23.068s][info ][gc           ] GC(227) Pause Young (Allocation Failure) 489M->254M(852M) 8.117ms
[23.068s][info ][gc,cpu       ] GC(227) User=0.03s Sys=0.00s Real=0.01s
[23.068s][info ][safepoint    ] Leaving safepoint region
[23.068s][info ][safepoint    ] Total time for which application threads were stopped: 0.0166714 seconds, Stopping threads took: 0.0083589 seconds
[23.123s][info ][safepoint    ] Application time: 0.0553233 seconds
[23.123s][info ][safepoint    ] Entering safepoint region: GenCollectForAllocation
[23.124s][info ][gc,start     ] GC(228) Pause Young (Allocation Failure)
[23.124s][info ][gc,task      ] GC(228) Using 4 workers of 4 for evacuation
[23.127s][debug][gc,ref       ] GC(228) Skipped phase1 of Reference Processing due to unavailable references
[23.127s][debug][gc,ref       ] GC(228) Skipped phase2 of Reference Processing due to unavailable references
[23.127s][debug][gc,ref       ] GC(228) Skipped phase3 of Reference Processing due to unavailable references
[23.127s][debug][gc,ref       ] GC(228) Skipped phase4 of Reference Processing due to unavailable references
[23.127s][debug][gc,age       ] GC(228) Desired survivor size 15400960 bytes, new threshold 6 (max threshold 6)
[23.127s][info ][gc,heap      ] GC(228) ParNew: 241477K->857K(270976K)
[23.127s][info ][gc,heap      ] GC(228) CMS: 260142K->260211K(602112K)
[23.127s][info ][gc,metaspace ] GC(228) Metaspace: 49438K->49438K(1093632K)
[23.127s][info ][gc           ] GC(228) Pause Young (Allocation Failure) 489M->254M(852M) 3.332ms
[23.127s][info ][gc,cpu       ] GC(228) User=0.01s Sys=0.00s Real=0.00s
[23.127s][info ][safepoint    ] Leaving safepoint region
[23.127s][info ][safepoint    ] Total time for which application threads were stopped: 0.0036735 seconds, Stopping threads took: 0.0001606 seconds
[23.189s][info ][safepoint    ] Application time: 0.0617979 seconds
[23.192s][info ][safepoint    ] Entering safepoint region: GenCollectForAllocation
[23.192s][info ][gc,start     ] GC(229) Pause Young (Allocation Failure)
[23.192s][info ][gc,task      ] GC(229) Using 4 workers of 4 for evacuation
[23.194s][debug][gc,ref       ] GC(229) Skipped phase1 of Reference Processing due to unavailable references
[23.194s][debug][gc,ref       ] GC(229) Skipped phase2 of Reference Processing due to unavailable references
[23.194s][debug][gc,ref       ] GC(229) Skipped phase3 of Reference Processing due to unavailable references
[23.194s][debug][gc,ref       ] GC(229) Skipped phase4 of Reference Processing due to unavailable references
[23.194s][debug][gc,age       ] GC(229) Desired survivor size 15400960 bytes, new threshold 6 (max threshold 6)
[23.194s][info ][gc,heap      ] GC(229) ParNew: 241753K->765K(270976K)
[23.194s][info ][gc,heap      ] GC(229) CMS: 260211K->260247K(602112K)
[23.194s][info ][gc,metaspace ] GC(229) Metaspace: 49438K->49438K(1093632K)
[23.194s][info ][gc           ] GC(229) Pause Young (Allocation Failure) 490M->254M(852M) 2.103ms
[23.194s][info ][gc,cpu       ] GC(229) User=0.01s Sys=0.00s Real=0.00s
[23.194s][info ][safepoint    ] Leaving safepoint region
[23.194s][info ][safepoint    ] Total time for which application threads were stopped: 0.0056370 seconds, Stopping threads took: 0.0033412 seconds
[23.264s][info ][safepoint    ] Application time: 0.0698810 seconds
[23.265s][info ][safepoint    ] Entering safepoint region: GenCollectForAllocation
[23.265s][info ][gc,start     ] GC(230) Pause Young (Allocation Failure)
[23.265s][info ][gc,task      ] GC(230) Using 4 workers of 4 for evacuation
[23.267s][debug][gc,ref       ] GC(230) Skipped phase1 of Reference Processing due to unavailable references
[23.267s][debug][gc,ref       ] GC(230) Skipped phase2 of Reference Processing due to unavailable references
[23.267s][debug][gc,ref       ] GC(230) Skipped phase3 of Reference Processing due to unavailable references
[23.267s][debug][gc,ref       ] GC(230) Skipped phase4 of Reference Processing due to unavailable references
[23.267s][debug][gc,age       ] GC(230) Desired survivor size 15400960 bytes, new threshold 6 (max threshold 6)
[23.267s][info ][gc,heap      ] GC(230) ParNew: 241661K->819K(270976K)
[23.267s][info ][gc,heap      ] GC(230) CMS: 260247K->260342K(602112K)
[23.267s][info ][gc,metaspace ] GC(230) Metaspace: 49438K->49438K(1093632K)
[23.267s][info ][gc           ] GC(230) Pause Young (Allocation Failure) 490M->255M(852M) 2.010ms
[23.267s][info ][gc,cpu       ] GC(230) User=0.00s Sys=0.00s Real=0.00s
[23.267s][info ][safepoint    ] Leaving safepoint region
[23.267s][info ][safepoint    ] Total time for which application threads were stopped: 0.0024312 seconds, Stopping threads took: 0.0002509 seconds
[23.327s][info ][safepoint    ] Application time: 0.0603325 seconds
[23.327s][info ][safepoint    ] Entering safepoint region: GenCollectForAllocation
[23.328s][info ][gc,start     ] GC(231) Pause Young (Allocation Failure)
[23.328s][info ][gc,task      ] GC(231) Using 4 workers of 4 for evacuation
[23.330s][debug][gc,ref       ] GC(231) Skipped phase1 of Reference Processing due to unavailable references
[23.330s][debug][gc,ref       ] GC(231) Skipped phase2 of Reference Processing due to unavailable references
[23.330s][debug][gc,ref       ] GC(231) Skipped phase3 of Reference Processing due to unavailable references
[23.330s][debug][gc,ref       ] GC(231) Skipped phase4 of Reference Processing due to unavailable references
[23.330s][debug][gc,age       ] GC(231) Desired survivor size 15400960 bytes, new threshold 6 (max threshold 6)
[23.330s][info ][gc,heap      ] GC(231) ParNew: 241715K->667K(270976K)
[23.330s][info ][gc,heap      ] GC(231) CMS: 260342K->260408K(602112K)
[23.330s][info ][gc,metaspace ] GC(231) Metaspace: 49438K->49438K(1093632K)
[23.330s][info ][gc           ] GC(231) Pause Young (Allocation Failure) 490M->254M(852M) 2.743ms
[23.330s][info ][gc,cpu       ] GC(231) User=0.00s Sys=0.00s Real=0.00s
[23.330s][info ][safepoint    ] Leaving safepoint region
[23.330s][info ][safepoint    ] Total time for which application threads were stopped: 0.0032097 seconds, Stopping threads took: 0.0002748 seconds
[23.400s][info ][safepoint    ] Application time: 0.0693350 seconds
[23.400s][info ][safepoint    ] Entering safepoint region: GenCollectForAllocation
[23.400s][info ][gc,start     ] GC(232) Pause Young (Allocation Failure)
[23.400s][info ][gc,task      ] GC(232) Using 4 workers of 4 for evacuation
[23.402s][debug][gc,ref       ] GC(232) Skipped phase1 of Reference Processing due to unavailable references
[23.402s][debug][gc,ref       ] GC(232) Skipped phase2 of Reference Processing due to unavailable references
[23.402s][debug][gc,ref       ] GC(232) Skipped phase3 of Reference Processing due to unavailable references
[23.402s][debug][gc,ref       ] GC(232) Skipped phase4 of Reference Processing due to unavailable references
[23.402s][debug][gc,age       ] GC(232) Desired survivor size 15400960 bytes, new threshold 6 (max threshold 6)
[23.402s][info ][gc,heap      ] GC(232) ParNew: 241563K->976K(270976K)
[23.402s][info ][gc,heap      ] GC(232) CMS: 260408K->260480K(602112K)
[23.402s][info ][gc,metaspace ] GC(232) Metaspace: 49446K->49446K(1093632K)
[23.402s][info ][gc           ] GC(232) Pause Young (Allocation Failure) 490M->255M(852M) 2.140ms
[23.402s][info ][gc,cpu       ] GC(232) User=0.01s Sys=0.00s Real=0.00s
[23.402s][info ][safepoint    ] Leaving safepoint region
[23.402s][info ][safepoint    ] Total time for which application threads were stopped: 0.0024148 seconds, Stopping threads took: 0.0001058 seconds
[23.462s][info ][safepoint    ] Application time: 0.0594105 seconds
[23.463s][info ][safepoint    ] Entering safepoint region: GenCollectForAllocation
[23.464s][info ][gc,start     ] GC(233) Pause Young (Allocation Failure)
[23.464s][info ][gc,task      ] GC(233) Using 4 workers of 4 for evacuation
[23.466s][debug][gc,ref       ] GC(233) Skipped phase1 of Reference Processing due to unavailable references
[23.466s][debug][gc,ref       ] GC(233) Skipped phase2 of Reference Processing due to unavailable references
[23.466s][debug][gc,ref       ] GC(233) Skipped phase3 of Reference Processing due to unavailable references
[23.466s][debug][gc,ref       ] GC(233) Skipped phase4 of Reference Processing due to unavailable references
[23.466s][debug][gc,age       ] GC(233) Desired survivor size 15400960 bytes, new threshold 6 (max threshold 6)
[23.466s][info ][gc,heap      ] GC(233) ParNew: 241872K->881K(270976K)
[23.466s][info ][gc,heap      ] GC(233) CMS: 260480K->260576K(602112K)
[23.466s][info ][gc,metaspace ] GC(233) Metaspace: 49446K->49446K(1093632K)
[23.466s][info ][gc           ] GC(233) Pause Young (Allocation Failure) 490M->255M(852M) 2.179ms
[23.466s][info ][gc,cpu       ] GC(233) User=0.01s Sys=0.00s Real=0.00s
[23.466s][info ][safepoint    ] Leaving safepoint region
[23.466s][info ][safepoint    ] Total time for which application threads were stopped: 0.0041308 seconds, Stopping threads took: 0.0017559 seconds
[23.533s][info ][safepoint    ] Application time: 0.0669390 seconds
[23.533s][info ][safepoint    ] Entering safepoint region: GenCollectForAllocation
[23.533s][info ][gc,start     ] GC(234) Pause Young (Allocation Failure)
[23.533s][info ][gc,task      ] GC(234) Using 4 workers of 4 for evacuation
[23.535s][debug][gc,ref       ] GC(234) Skipped phase1 of Reference Processing due to unavailable references
[23.535s][debug][gc,ref       ] GC(234) Skipped phase2 of Reference Processing due to unavailable references
[23.535s][debug][gc,ref       ] GC(234) Skipped phase3 of Reference Processing due to unavailable references
[23.535s][debug][gc,ref       ] GC(234) Skipped phase4 of Reference Processing due to unavailable references
[23.535s][debug][gc,age       ] GC(234) Desired survivor size 15400960 bytes, new threshold 6 (max threshold 6)
[23.535s][info ][gc,heap      ] GC(234) ParNew: 241777K->850K(270976K)
[23.535s][info ][gc,heap      ] GC(234) CMS: 260576K->260656K(602112K)
[23.535s][info ][gc,metaspace ] GC(234) Metaspace: 49447K->49447K(1093632K)
[23.535s][info ][gc           ] GC(234) Pause Young (Allocation Failure) 490M->255M(852M) 2.311ms
[23.535s][info ][gc,cpu       ] GC(234) User=0.00s Sys=0.00s Real=0.00s
[23.535s][info ][safepoint    ] Leaving safepoint region
[23.535s][info ][safepoint    ] Total time for which application threads were stopped: 0.0026015 seconds, Stopping threads took: 0.0001200 seconds
[23.593s][info ][safepoint    ] Application time: 0.0577535 seconds
[23.597s][info ][safepoint    ] Entering safepoint region: GenCollectForAllocation
[23.597s][info ][gc,start     ] GC(235) Pause Young (Allocation Failure)
[23.597s][info ][gc,task      ] GC(235) Using 4 workers of 4 for evacuation
[23.600s][debug][gc,ref       ] GC(235) Skipped phase1 of Reference Processing due to unavailable references
[23.600s][debug][gc,ref       ] GC(235) Skipped phase2 of Reference Processing due to unavailable references
[23.600s][debug][gc,ref       ] GC(235) Skipped phase3 of Reference Processing due to unavailable references
[23.600s][debug][gc,ref       ] GC(235) Skipped phase4 of Reference Processing due to unavailable references
[23.600s][debug][gc,age       ] GC(235) Desired survivor size 15400960 bytes, new threshold 6 (max threshold 6)
[23.600s][info ][gc,heap      ] GC(235) ParNew: 241746K->847K(270976K)
[23.600s][info ][gc,heap      ] GC(235) CMS: 260656K->260734K(602112K)
[23.600s][info ][gc,metaspace ] GC(235) Metaspace: 49449K->49449K(1093632K)
[23.600s][info ][gc           ] GC(235) Pause Young (Allocation Failure) 490M->255M(852M) 3.370ms
[23.600s][info ][gc,cpu       ] GC(235) User=0.01s Sys=0.00s Real=0.00s
[23.600s][info ][safepoint    ] Leaving safepoint region
[23.600s][info ][safepoint    ] Total time for which application threads were stopped: 0.0069911 seconds, Stopping threads took: 0.0034377 seconds
[23.659s][info ][safepoint    ] Application time: 0.0584242 seconds
[23.659s][info ][safepoint    ] Entering safepoint region: GenCollectForAllocation
[23.659s][info ][gc,start     ] GC(236) Pause Young (Allocation Failure)
[23.659s][info ][gc,task      ] GC(236) Using 4 workers of 4 for evacuation
[23.661s][debug][gc,ref       ] GC(236) Skipped phase1 of Reference Processing due to unavailable references
[23.661s][debug][gc,ref       ] GC(236) Skipped phase2 of Reference Processing due to unavailable references
[23.661s][debug][gc,ref       ] GC(236) Skipped phase3 of Reference Processing due to unavailable references
[23.661s][debug][gc,ref       ] GC(236) Skipped phase4 of Reference Processing due to unavailable references
[23.661s][debug][gc,age       ] GC(236) Desired survivor size 15400960 bytes, new threshold 6 (max threshold 6)
[23.661s][info ][gc,heap      ] GC(236) ParNew: 241743K->992K(270976K)
[23.661s][info ][gc,heap      ] GC(236) CMS: 260734K->260819K(602112K)
[23.661s][info ][gc,metaspace ] GC(236) Metaspace: 49449K->49449K(1093632K)
[23.661s][info ][gc           ] GC(236) Pause Young (Allocation Failure) 490M->255M(852M) 2.257ms
[23.661s][info ][gc,cpu       ] GC(236) User=0.01s Sys=0.00s Real=0.00s
[23.661s][info ][safepoint    ] Leaving safepoint region
[23.661s][info ][safepoint    ] Total time for which application threads were stopped: 0.0026581 seconds, Stopping threads took: 0.0001791 seconds
[23.722s][info ][safepoint    ] Application time: 0.0608769 seconds
[23.722s][info ][safepoint    ] Entering safepoint region: GenCollectForAllocation
[23.723s][info ][gc,start     ] GC(237) Pause Young (Allocation Failure)
[23.723s][info ][gc,task      ] GC(237) Using 4 workers of 4 for evacuation
[23.725s][debug][gc,ref       ] GC(237) Skipped phase1 of Reference Processing due to unavailable references
[23.725s][debug][gc,ref       ] GC(237) Skipped phase2 of Reference Processing due to unavailable references
[23.725s][debug][gc,ref       ] GC(237) Skipped phase3 of Reference Processing due to unavailable references
[23.725s][debug][gc,ref       ] GC(237) Skipped phase4 of Reference Processing due to unavailable references
[23.725s][debug][gc,age       ] GC(237) Desired survivor size 15400960 bytes, new threshold 6 (max threshold 6)
[23.725s][info ][gc,heap      ] GC(237) ParNew: 241888K->708K(270976K)
[23.725s][info ][gc,heap      ] GC(237) CMS: 260819K->260911K(602112K)
[23.725s][info ][gc,metaspace ] GC(237) Metaspace: 49449K->49449K(1093632K)
[23.725s][info ][gc           ] GC(237) Pause Young (Allocation Failure) 490M->255M(852M) 2.331ms
[23.725s][info ][gc,cpu       ] GC(237) User=0.01s Sys=0.00s Real=0.01s
[23.725s][info ][safepoint    ] Leaving safepoint region
[23.725s][info ][safepoint    ] Total time for which application threads were stopped: 0.0027168 seconds, Stopping threads took: 0.0001787 seconds
[23.792s][info ][safepoint    ] Application time: 0.0667390 seconds
[23.792s][info ][safepoint    ] Entering safepoint region: GenCollectForAllocation
[23.792s][info ][gc,start     ] GC(238) Pause Young (Allocation Failure)
[23.792s][info ][gc,task      ] GC(238) Using 4 workers of 4 for evacuation
[23.795s][debug][gc,ref       ] GC(238) Skipped phase1 of Reference Processing due to unavailable references
[23.795s][debug][gc,ref       ] GC(238) Skipped phase2 of Reference Processing due to unavailable references
[23.795s][debug][gc,ref       ] GC(238) Skipped phase3 of Reference Processing due to unavailable references
[23.795s][debug][gc,ref       ] GC(238) Skipped phase4 of Reference Processing due to unavailable references
[23.795s][debug][gc,age       ] GC(238) Desired survivor size 15400960 bytes, new threshold 6 (max threshold 6)
[23.795s][info ][gc,heap      ] GC(238) ParNew: 241604K->762K(270976K)
[23.795s][info ][gc,heap      ] GC(238) CMS: 260911K->260997K(602112K)
[23.795s][info ][gc,metaspace ] GC(238) Metaspace: 49449K->49449K(1093632K)
[23.795s][info ][gc           ] GC(238) Pause Young (Allocation Failure) 490M->255M(852M) 3.050ms
[23.795s][info ][gc,cpu       ] GC(238) User=0.01s Sys=0.00s Real=0.00s
[23.795s][info ][safepoint    ] Leaving safepoint region
[23.795s][info ][safepoint    ] Total time for which application threads were stopped: 0.0034147 seconds, Stopping threads took: 0.0001612 seconds
[23.853s][info ][safepoint    ] Application time: 0.0574807 seconds
[23.853s][info ][safepoint    ] Entering safepoint region: GenCollectForAllocation
[23.853s][info ][gc,start     ] GC(239) Pause Young (Allocation Failure)
[23.853s][info ][gc,task      ] GC(239) Using 4 workers of 4 for evacuation
[23.855s][debug][gc,ref       ] GC(239) Skipped phase1 of Reference Processing due to unavailable references
[23.855s][debug][gc,ref       ] GC(239) Skipped phase2 of Reference Processing due to unavailable references
[23.855s][debug][gc,ref       ] GC(239) Skipped phase3 of Reference Processing due to unavailable references
[23.855s][debug][gc,ref       ] GC(239) Skipped phase4 of Reference Processing due to unavailable references
[23.855s][debug][gc,age       ] GC(239) Desired survivor size 15400960 bytes, new threshold 6 (max threshold 6)
[23.855s][info ][gc,heap      ] GC(239) ParNew: 241658K->967K(270976K)
[23.855s][info ][gc,heap      ] GC(239) CMS: 260997K->261079K(602112K)
[23.855s][info ][gc,metaspace ] GC(239) Metaspace: 49449K->49449K(1093632K)
[23.855s][info ][gc           ] GC(239) Pause Young (Allocation Failure) 490M->255M(852M) 2.064ms
[23.855s][info ][gc,cpu       ] GC(239) User=0.01s Sys=0.00s Real=0.00s
[23.855s][info ][safepoint    ] Leaving safepoint region
[23.855s][info ][safepoint    ] Total time for which application threads were stopped: 0.0026168 seconds, Stopping threads took: 0.0003195 seconds
[23.932s][info ][safepoint    ] Application time: 0.0764237 seconds
[23.932s][info ][safepoint    ] Entering safepoint region: GenCollectForAllocation
[23.932s][info ][gc,start     ] GC(240) Pause Young (Allocation Failure)
[23.932s][info ][gc,task      ] GC(240) Using 4 workers of 4 for evacuation
[23.934s][debug][gc,ref       ] GC(240) Skipped phase1 of Reference Processing due to unavailable references
[23.934s][debug][gc,ref       ] GC(240) Skipped phase2 of Reference Processing due to unavailable references
[23.934s][debug][gc,ref       ] GC(240) Skipped phase3 of Reference Processing due to unavailable references
[23.934s][debug][gc,ref       ] GC(240) Skipped phase4 of Reference Processing due to unavailable references
[23.934s][debug][gc,age       ] GC(240) Desired survivor size 15400960 bytes, new threshold 6 (max threshold 6)
[23.934s][info ][gc,heap      ] GC(240) ParNew: 241863K->796K(270976K)
[23.934s][info ][gc,heap      ] GC(240) CMS: 261079K->261162K(602112K)
[23.934s][info ][gc,metaspace ] GC(240) Metaspace: 49449K->49449K(1093632K)
[23.934s][info ][gc           ] GC(240) Pause Young (Allocation Failure) 491M->255M(852M) 2.076ms
[23.934s][info ][gc,cpu       ] GC(240) User=0.01s Sys=0.00s Real=0.00s
[23.934s][info ][safepoint    ] Leaving safepoint region
[23.934s][info ][safepoint    ] Total time for which application threads were stopped: 0.0023755 seconds, Stopping threads took: 0.0001274 seconds
[24.011s][info ][safepoint    ] Application time: 0.0763690 seconds
[24.013s][info ][safepoint    ] Entering safepoint region: GenCollectForAllocation
[24.013s][info ][gc,start     ] GC(241) Pause Young (Allocation Failure)
[24.013s][info ][gc,task      ] GC(241) Using 4 workers of 4 for evacuation
[24.015s][debug][gc,ref       ] GC(241) Skipped phase1 of Reference Processing due to unavailable references
[24.015s][debug][gc,ref       ] GC(241) Skipped phase2 of Reference Processing due to unavailable references
[24.015s][debug][gc,ref       ] GC(241) Skipped phase3 of Reference Processing due to unavailable references
[24.015s][debug][gc,ref       ] GC(241) Skipped phase4 of Reference Processing due to unavailable references
[24.015s][debug][gc,age       ] GC(241) Desired survivor size 15400960 bytes, new threshold 6 (max threshold 6)
[24.015s][info ][gc,heap      ] GC(241) ParNew: 241692K->808K(270976K)
[24.015s][info ][gc,heap      ] GC(241) CMS: 261162K->261248K(602112K)
[24.015s][info ][gc,metaspace ] GC(241) Metaspace: 49478K->49478K(1093632K)
[24.015s][info ][gc           ] GC(241) Pause Young (Allocation Failure) 491M->255M(852M) 2.277ms
[24.015s][info ][gc,cpu       ] GC(241) User=0.01s Sys=0.00s Real=0.00s
[24.015s][info ][safepoint    ] Leaving safepoint region
[24.015s][info ][safepoint    ] Total time for which application threads were stopped: 0.0048000 seconds, Stopping threads took: 0.0022266 seconds
[24.092s][info ][safepoint    ] Application time: 0.0763176 seconds
[24.092s][info ][safepoint    ] Entering safepoint region: GenCollectForAllocation
[24.092s][info ][gc,start     ] GC(242) Pause Young (Allocation Failure)
[24.092s][info ][gc,task      ] GC(242) Using 4 workers of 4 for evacuation
[24.095s][debug][gc,ref       ] GC(242) Skipped phase1 of Reference Processing due to unavailable references
[24.095s][debug][gc,ref       ] GC(242) Skipped phase2 of Reference Processing due to unavailable references
[24.095s][debug][gc,ref       ] GC(242) Skipped phase3 of Reference Processing due to unavailable references
[24.095s][debug][gc,ref       ] GC(242) Skipped phase4 of Reference Processing due to unavailable references
[24.095s][debug][gc,age       ] GC(242) Desired survivor size 15400960 bytes, new threshold 6 (max threshold 6)
[24.095s][info ][gc,heap      ] GC(242) ParNew: 241704K->893K(270976K)
[24.095s][info ][gc,heap      ] GC(242) CMS: 261248K->261332K(602112K)
[24.095s][info ][gc,metaspace ] GC(242) Metaspace: 49478K->49478K(1093632K)
[24.095s][info ][gc           ] GC(242) Pause Young (Allocation Failure) 491M->256M(852M) 2.846ms
[24.095s][info ][gc,cpu       ] GC(242) User=0.01s Sys=0.00s Real=0.00s
[24.095s][info ][safepoint    ] Leaving safepoint region
[24.095s][info ][safepoint    ] Total time for which application threads were stopped: 0.0033416 seconds, Stopping threads took: 0.0003336 seconds
[24.163s][info ][safepoint    ] Application time: 0.0679301 seconds
[24.164s][info ][safepoint    ] Entering safepoint region: GenCollectForAllocation
[24.164s][info ][gc,start     ] GC(243) Pause Young (Allocation Failure)
[24.164s][info ][gc,task      ] GC(243) Using 4 workers of 4 for evacuation
[24.166s][debug][gc,ref       ] GC(243) Skipped phase1 of Reference Processing due to unavailable references
[24.166s][debug][gc,ref       ] GC(243) Skipped phase2 of Reference Processing due to unavailable references
[24.166s][debug][gc,ref       ] GC(243) Skipped phase3 of Reference Processing due to unavailable references
[24.166s][debug][gc,ref       ] GC(243) Skipped phase4 of Reference Processing due to unavailable references
[24.166s][debug][gc,age       ] GC(243) Desired survivor size 15400960 bytes, new threshold 6 (max threshold 6)
[24.166s][info ][gc,heap      ] GC(243) ParNew: 241789K->1098K(270976K)
[24.166s][info ][gc,heap      ] GC(243) CMS: 261332K->261414K(602112K)
[24.166s][info ][gc,metaspace ] GC(243) Metaspace: 49478K->49478K(1093632K)
[24.166s][info ][gc           ] GC(243) Pause Young (Allocation Failure) 491M->256M(852M) 2.332ms
[24.166s][info ][gc,cpu       ] GC(243) User=0.00s Sys=0.00s Real=0.00s
[24.166s][info ][safepoint    ] Leaving safepoint region
[24.166s][info ][safepoint    ] Total time for which application threads were stopped: 0.0029026 seconds, Stopping threads took: 0.0004044 seconds
[24.233s][info ][safepoint    ] Application time: 0.0667943 seconds
[24.233s][info ][safepoint    ] Entering safepoint region: GenCollectForAllocation
[24.233s][info ][gc,start     ] GC(244) Pause Young (Allocation Failure)
[24.233s][info ][gc,task      ] GC(244) Using 4 workers of 4 for evacuation
[24.235s][debug][gc,ref       ] GC(244) Skipped phase1 of Reference Processing due to unavailable references
[24.235s][debug][gc,ref       ] GC(244) Skipped phase2 of Reference Processing due to unavailable references
[24.235s][debug][gc,ref       ] GC(244) Skipped phase3 of Reference Processing due to unavailable references
[24.235s][debug][gc,ref       ] GC(244) Skipped phase4 of Reference Processing due to unavailable references
[24.236s][debug][gc,age       ] GC(244) Desired survivor size 15400960 bytes, new threshold 6 (max threshold 6)
[24.236s][info ][gc,heap      ] GC(244) ParNew: 241994K->1160K(270976K)
[24.236s][info ][gc,heap      ] GC(244) CMS: 261414K->261517K(602112K)
[24.236s][info ][gc,metaspace ] GC(244) Metaspace: 49479K->49479K(1093632K)
[24.236s][info ][gc           ] GC(244) Pause Young (Allocation Failure) 491M->256M(852M) 2.252ms
[24.236s][info ][gc,cpu       ] GC(244) User=0.01s Sys=0.00s Real=0.00s
[24.236s][info ][safepoint    ] Leaving safepoint region
[24.236s][info ][safepoint    ] Total time for which application threads were stopped: 0.0025302 seconds, Stopping threads took: 0.0001089 seconds
[24.302s][info ][safepoint    ] Application time: 0.0665152 seconds
[24.305s][info ][safepoint    ] Entering safepoint region: GenCollectForAllocation
[24.305s][info ][gc,start     ] GC(245) Pause Young (Allocation Failure)
[24.305s][info ][gc,task      ] GC(245) Using 4 workers of 4 for evacuation
[24.308s][debug][gc,ref       ] GC(245) Skipped phase1 of Reference Processing due to unavailable references
[24.308s][debug][gc,ref       ] GC(245) Skipped phase2 of Reference Processing due to unavailable references
[24.308s][debug][gc,ref       ] GC(245) Skipped phase3 of Reference Processing due to unavailable references
[24.308s][debug][gc,ref       ] GC(245) Skipped phase4 of Reference Processing due to unavailable references
[24.308s][debug][gc,age       ] GC(245) Desired survivor size 15400960 bytes, new threshold 6 (max threshold 6)
[24.308s][info ][gc,heap      ] GC(245) ParNew: 242056K->1215K(270976K)
[24.308s][info ][gc,heap      ] GC(245) CMS: 261517K->261600K(602112K)
[24.308s][info ][gc,metaspace ] GC(245) Metaspace: 49479K->49479K(1093632K)
[24.308s][info ][gc           ] GC(245) Pause Young (Allocation Failure) 491M->256M(852M) 2.870ms
[24.308s][info ][gc,cpu       ] GC(245) User=0.01s Sys=0.00s Real=0.00s
[24.308s][info ][safepoint    ] Leaving safepoint region
[24.308s][info ][safepoint    ] Total time for which application threads were stopped: 0.0059818 seconds, Stopping threads took: 0.0029122 seconds
[24.328s][info ][safepoint    ] Application time: 0.0196053 seconds
[24.331s][info ][safepoint    ] Entering safepoint region: RevokeBias
[24.331s][info ][safepoint    ] Leaving safepoint region
[24.331s][info ][safepoint    ] Total time for which application threads were stopped: 0.0034746 seconds, Stopping threads took: 0.0033309 seconds
[24.339s][info ][safepoint    ] Application time: 0.0077066 seconds
[24.339s][info ][safepoint    ] Entering safepoint region: RevokeBias
[24.339s][info ][safepoint    ] Leaving safepoint region
[24.339s][info ][safepoint    ] Total time for which application threads were stopped: 0.0002708 seconds, Stopping threads took: 0.0001060 seconds
[24.351s][info ][safepoint    ] Application time: 0.0119075 seconds
[24.355s][info ][safepoint    ] Entering safepoint region: RevokeBias
[24.355s][info ][safepoint    ] Leaving safepoint region
[24.355s][info ][safepoint    ] Total time for which application threads were stopped: 0.0035697 seconds, Stopping threads took: 0.0034454 seconds
[24.394s][info ][safepoint    ] Application time: 0.0391112 seconds
[24.399s][info ][safepoint    ] Entering safepoint region: GenCollectForAllocation
[24.399s][info ][gc,start     ] GC(246) Pause Young (Allocation Failure)
[24.399s][info ][gc,task      ] GC(246) Using 4 workers of 4 for evacuation
[24.402s][debug][gc,ref       ] GC(246) Skipped phase1 of Reference Processing due to unavailable references
[24.402s][debug][gc,ref       ] GC(246) Skipped phase3 of Reference Processing due to unavailable references
[24.402s][debug][gc,age       ] GC(246) Desired survivor size 15400960 bytes, new threshold 6 (max threshold 6)
[24.402s][info ][gc,heap      ] GC(246) ParNew: 242111K->1521K(270976K)
[24.402s][info ][gc,heap      ] GC(246) CMS: 261600K->261715K(602112K)
[24.402s][info ][gc,metaspace ] GC(246) Metaspace: 50366K->50366K(1095680K)
[24.402s][info ][gc           ] GC(246) Pause Young (Allocation Failure) 491M->257M(852M) 3.097ms
[24.402s][info ][gc,cpu       ] GC(246) User=0.01s Sys=0.00s Real=0.00s
[24.402s][info ][safepoint    ] Leaving safepoint region
[24.402s][info ][safepoint    ] Total time for which application threads were stopped: 0.0079141 seconds, Stopping threads took: 0.0046352 seconds
[24.413s][info ][safepoint    ] Application time: 0.0108533 seconds
[24.415s][info ][safepoint    ] Entering safepoint region: RevokeBias
[24.416s][info ][safepoint    ] Leaving safepoint region
[24.416s][info ][safepoint    ] Total time for which application threads were stopped: 0.0027906 seconds, Stopping threads took: 0.0025170 seconds
[24.471s][info ][safepoint    ] Application time: 0.0552041 seconds
[24.471s][info ][safepoint    ] Entering safepoint region: RevokeBias
[24.472s][info ][safepoint    ] Leaving safepoint region
[24.472s][info ][safepoint    ] Total time for which application threads were stopped: 0.0006787 seconds, Stopping threads took: 0.0004909 seconds
[24.479s][info ][safepoint    ] Application time: 0.0075827 seconds
[24.480s][info ][safepoint    ] Entering safepoint region: RevokeBias
[24.480s][info ][safepoint    ] Leaving safepoint region
[24.480s][info ][safepoint    ] Total time for which application threads were stopped: 0.0004419 seconds, Stopping threads took: 0.0002982 seconds
[24.490s][info ][safepoint    ] Application time: 0.0101116 seconds
[24.490s][info ][safepoint    ] Entering safepoint region: GenCollectForAllocation
[24.490s][info ][gc,start     ] GC(247) Pause Young (Allocation Failure)
[24.490s][info ][gc,task      ] GC(247) Using 4 workers of 4 for evacuation
[24.493s][debug][gc,ref       ] GC(247) Skipped phase1 of Reference Processing due to unavailable references
[24.493s][debug][gc,ref       ] GC(247) Skipped phase3 of Reference Processing due to unavailable references
[24.494s][debug][gc,age       ] GC(247) Desired survivor size 15400960 bytes, new threshold 6 (max threshold 6)
[24.494s][info ][gc,heap      ] GC(247) ParNew: 242417K->1975K(270976K)
[24.494s][info ][gc,heap      ] GC(247) CMS: 261715K->261826K(602112K)
[24.494s][info ][gc,metaspace ] GC(247) Metaspace: 51016K->51016K(1095680K)
[24.494s][info ][gc           ] GC(247) Pause Young (Allocation Failure) 492M->257M(852M) 3.506ms
[24.494s][info ][gc,cpu       ] GC(247) User=0.02s Sys=0.00s Real=0.01s
[24.494s][info ][safepoint    ] Leaving safepoint region
[24.494s][info ][safepoint    ] Total time for which application threads were stopped: 0.0038276 seconds, Stopping threads took: 0.0001116 seconds
[24.567s][info ][safepoint    ] Application time: 0.0728888 seconds
[24.567s][info ][safepoint    ] Entering safepoint region: GenCollectForAllocation
[24.567s][info ][gc,start     ] GC(248) Pause Young (Allocation Failure)
[24.567s][info ][gc,task      ] GC(248) Using 4 workers of 4 for evacuation
[24.570s][debug][gc,ref       ] GC(248) Skipped phase1 of Reference Processing due to unavailable references
[24.570s][debug][gc,ref       ] GC(248) Skipped phase3 of Reference Processing due to unavailable references
[24.570s][debug][gc,ref       ] GC(248) Skipped phase4 of Reference Processing due to unavailable references
[24.570s][debug][gc,age       ] GC(248) Desired survivor size 15400960 bytes, new threshold 6 (max threshold 6)
[24.570s][info ][gc,heap      ] GC(248) ParNew: 242871K->1952K(270976K)
[24.570s][info ][gc,heap      ] GC(248) CMS: 261826K->261933K(602112K)
[24.570s][info ][gc,metaspace ] GC(248) Metaspace: 51016K->51016K(1095680K)
[24.570s][info ][gc           ] GC(248) Pause Young (Allocation Failure) 492M->257M(852M) 3.481ms
[24.571s][info ][gc,cpu       ] GC(248) User=0.01s Sys=0.00s Real=0.00s
[24.571s][info ][safepoint    ] Leaving safepoint region
[24.571s][info ][safepoint    ] Total time for which application threads were stopped: 0.0038991 seconds, Stopping threads took: 0.0002367 seconds
[24.641s][info ][safepoint    ] Application time: 0.0700690 seconds
[24.641s][info ][safepoint    ] Entering safepoint region: GenCollectForAllocation
[24.641s][info ][gc,start     ] GC(249) Pause Young (Allocation Failure)
[24.641s][info ][gc,task      ] GC(249) Using 4 workers of 4 for evacuation
[24.645s][debug][gc,ref       ] GC(249) Skipped phase1 of Reference Processing due to unavailable references
[24.645s][debug][gc,ref       ] GC(249) Skipped phase3 of Reference Processing due to unavailable references
[24.645s][debug][gc,ref       ] GC(249) Skipped phase4 of Reference Processing due to unavailable references
[24.645s][debug][gc,age       ] GC(249) Desired survivor size 15400960 bytes, new threshold 6 (max threshold 6)
[24.645s][info ][gc,heap      ] GC(249) ParNew: 242848K->2525K(270976K)
[24.645s][info ][gc,heap      ] GC(249) CMS: 261933K->262051K(602112K)
[24.645s][info ][gc,metaspace ] GC(249) Metaspace: 51017K->51017K(1095680K)
[24.645s][info ][gc           ] GC(249) Pause Young (Allocation Failure) 492M->258M(852M) 3.635ms
[24.645s][info ][gc,cpu       ] GC(249) User=0.02s Sys=0.00s Real=0.01s
[24.645s][info ][safepoint    ] Leaving safepoint region
[24.645s][info ][safepoint    ] Total time for which application threads were stopped: 0.0043280 seconds, Stopping threads took: 0.0005202 seconds
[25.524s][info ][safepoint    ] Application time: 0.8793284 seconds
[25.524s][info ][safepoint    ] Entering safepoint region: RevokeBias
[25.524s][info ][safepoint    ] Leaving safepoint region
[25.524s][info ][safepoint    ] Total time for which application threads were stopped: 0.0001298 seconds, Stopping threads took: 0.0000186 seconds
[25.587s][info ][safepoint    ] Application time: 0.0621075 seconds
[25.587s][info ][safepoint    ] Entering safepoint region: RevokeBias
[25.587s][info ][safepoint    ] Leaving safepoint region
[25.587s][info ][safepoint    ] Total time for which application threads were stopped: 0.0000855 seconds, Stopping threads took: 0.0000177 seconds
[25.603s][info ][safepoint    ] Application time: 0.0159945 seconds
[25.603s][info ][safepoint    ] Entering safepoint region: RevokeBias
[25.603s][info ][safepoint    ] Leaving safepoint region
[25.603s][info ][safepoint    ] Total time for which application threads were stopped: 0.0001649 seconds, Stopping threads took: 0.0000203 seconds
[25.604s][info ][safepoint    ] Application time: 0.0010163 seconds
[25.604s][info ][safepoint    ] Entering safepoint region: RevokeBias
[25.604s][info ][safepoint    ] Leaving safepoint region
[25.604s][info ][safepoint    ] Total time for which application threads were stopped: 0.0000859 seconds, Stopping threads took: 0.0000101 seconds
[25.622s][info ][safepoint    ] Application time: 0.0175875 seconds
[25.622s][info ][safepoint    ] Entering safepoint region: Deoptimize
[25.623s][info ][safepoint    ] Leaving safepoint region
[25.623s][info ][safepoint    ] Total time for which application threads were stopped: 0.0013850 seconds, Stopping threads took: 0.0000194 seconds
[25.624s][info ][safepoint    ] Application time: 0.0009068 seconds
[25.624s][info ][safepoint    ] Entering safepoint region: RevokeBias
[25.624s][info ][safepoint    ] Leaving safepoint region
[25.624s][info ][safepoint    ] Total time for which application threads were stopped: 0.0000735 seconds, Stopping threads took: 0.0000241 seconds
[25.624s][info ][safepoint    ] Application time: 0.0000587 seconds
[25.624s][info ][safepoint    ] Entering safepoint region: RevokeBias
[25.624s][info ][safepoint    ] Leaving safepoint region
[25.624s][info ][safepoint    ] Total time for which application threads were stopped: 0.0000339 seconds, Stopping threads took: 0.0000075 seconds
[25.624s][info ][safepoint    ] Application time: 0.0000444 seconds
[25.624s][info ][safepoint    ] Entering safepoint region: RevokeBias
[25.624s][info ][safepoint    ] Leaving safepoint region
[25.624s][info ][safepoint    ] Total time for which application threads were stopped: 0.0000318 seconds, Stopping threads took: 0.0000070 seconds
[25.630s][info ][safepoint    ] Application time: 0.0055521 seconds
[25.630s][info ][safepoint    ] Entering safepoint region: RevokeBias
[25.630s][info ][safepoint    ] Leaving safepoint region
[25.630s][info ][safepoint    ] Total time for which application threads were stopped: 0.0000500 seconds, Stopping threads took: 0.0000115 seconds
[25.630s][info ][safepoint    ] Application time: 0.0000604 seconds
[25.630s][info ][safepoint    ] Entering safepoint region: RevokeBias
[25.630s][info ][safepoint    ] Leaving safepoint region
[25.630s][info ][safepoint    ] Total time for which application threads were stopped: 0.0000350 seconds, Stopping threads took: 0.0000073 seconds
[25.636s][info ][safepoint    ] Application time: 0.0057866 seconds
[25.636s][info ][safepoint    ] Entering safepoint region: RevokeBias
[25.636s][info ][safepoint    ] Leaving safepoint region
[25.636s][info ][safepoint    ] Total time for which application threads were stopped: 0.0000573 seconds, Stopping threads took: 0.0000126 seconds
[25.658s][info ][safepoint    ] Application time: 0.0223300 seconds
[25.658s][info ][safepoint    ] Entering safepoint region: RevokeBias
[25.658s][info ][safepoint    ] Leaving safepoint region
[25.658s][info ][safepoint    ] Total time for which application threads were stopped: 0.0001119 seconds, Stopping threads took: 0.0000219 seconds
[25.658s][info ][safepoint    ] Application time: 0.0001072 seconds
[25.658s][info ][safepoint    ] Entering safepoint region: RevokeBias
[25.658s][info ][safepoint    ] Leaving safepoint region
[25.658s][info ][safepoint    ] Total time for which application threads were stopped: 0.0000389 seconds, Stopping threads took: 0.0000092 seconds
[25.705s][info ][safepoint    ] Application time: 0.0467953 seconds
[25.705s][info ][safepoint    ] Entering safepoint region: Deoptimize
[25.707s][info ][safepoint    ] Leaving safepoint region
[25.707s][info ][safepoint    ] Total time for which application threads were stopped: 0.0012956 seconds, Stopping threads took: 0.0000202 seconds
[25.742s][info ][safepoint    ] Application time: 0.0354703 seconds
[25.742s][info ][safepoint    ] Entering safepoint region: Deoptimize
[25.744s][info ][safepoint    ] Leaving safepoint region
[25.744s][info ][safepoint    ] Total time for which application threads were stopped: 0.0015167 seconds, Stopping threads took: 0.0000205 seconds
[25.744s][info ][safepoint    ] Application time: 0.0004880 seconds
[25.744s][info ][safepoint    ] Entering safepoint region: GenCollectForAllocation
[25.744s][info ][gc,start     ] GC(250) Pause Young (Allocation Failure)
[25.744s][info ][gc,task      ] GC(250) Using 4 workers of 4 for evacuation
[25.749s][debug][gc,ref       ] GC(250) Skipped phase1 of Reference Processing due to unavailable references
[25.749s][debug][gc,ref       ] GC(250) Skipped phase3 of Reference Processing due to unavailable references
[25.749s][debug][gc,age       ] GC(250) Desired survivor size 15400960 bytes, new threshold 6 (max threshold 6)
[25.749s][info ][gc,heap      ] GC(250) ParNew: 243421K->4708K(270976K)
[25.749s][info ][gc,heap      ] GC(250) CMS: 262051K->262190K(602112K)
[25.749s][info ][gc,metaspace ] GC(250) Metaspace: 53924K->53924K(1097728K)
[25.749s][info ][gc           ] GC(250) Pause Young (Allocation Failure) 493M->260M(852M) 4.858ms
[25.749s][info ][gc,cpu       ] GC(250) User=0.02s Sys=0.00s Real=0.00s
[25.749s][info ][safepoint    ] Leaving safepoint region
[25.749s][info ][safepoint    ] Total time for which application threads were stopped: 0.0050950 seconds, Stopping threads took: 0.0001346 seconds
[25.770s][info ][safepoint    ] Application time: 0.0208368 seconds
[25.772s][info ][safepoint    ] Entering safepoint region: RevokeBias
[25.772s][info ][safepoint    ] Leaving safepoint region
[25.772s][info ][safepoint    ] Total time for which application threads were stopped: 0.0016826 seconds, Stopping threads took: 0.0015704 seconds
[25.854s][info ][safepoint    ] Application time: 0.0821093 seconds
[25.854s][info ][safepoint    ] Entering safepoint region: RevokeBias
[25.854s][info ][safepoint    ] Leaving safepoint region
[25.854s][info ][safepoint    ] Total time for which application threads were stopped: 0.0002013 seconds, Stopping threads took: 0.0000854 seconds
[25.888s][info ][safepoint    ] Application time: 0.0343107 seconds
[25.889s][info ][safepoint    ] Entering safepoint region: Deoptimize
[25.890s][info ][safepoint    ] Leaving safepoint region
[25.890s][info ][safepoint    ] Total time for which application threads were stopped: 0.0014982 seconds, Stopping threads took: 0.0000756 seconds
[25.890s][info ][safepoint    ] Application time: 0.0002944 seconds
[25.890s][info ][safepoint    ] Entering safepoint region: Deoptimize
[25.891s][info ][safepoint    ] Leaving safepoint region
[25.891s][info ][safepoint    ] Total time for which application threads were stopped: 0.0003779 seconds, Stopping threads took: 0.0000090 seconds
[25.892s][info ][safepoint    ] Application time: 0.0011289 seconds
[25.892s][info ][safepoint    ] Entering safepoint region: RevokeBias
[25.892s][info ][safepoint    ] Leaving safepoint region
[25.892s][info ][safepoint    ] Total time for which application threads were stopped: 0.0000461 seconds, Stopping threads took: 0.0000106 seconds
[25.892s][info ][safepoint    ] Application time: 0.0004135 seconds
[25.892s][info ][safepoint    ] Entering safepoint region: Deoptimize
[25.893s][info ][safepoint    ] Leaving safepoint region
[25.893s][info ][safepoint    ] Total time for which application threads were stopped: 0.0003902 seconds, Stopping threads took: 0.0000307 seconds
[25.898s][info ][safepoint    ] Application time: 0.0057889 seconds
[25.899s][info ][safepoint    ] Entering safepoint region: RevokeBias
[25.899s][info ][safepoint    ] Leaving safepoint region
[25.899s][info ][safepoint    ] Total time for which application threads were stopped: 0.0001529 seconds, Stopping threads took: 0.0000548 seconds
[25.946s][info ][safepoint    ] Application time: 0.0474504 seconds
[25.946s][info ][safepoint    ] Entering safepoint region: RevokeBias
[25.946s][info ][safepoint    ] Leaving safepoint region
[25.946s][info ][safepoint    ] Total time for which application threads were stopped: 0.0001365 seconds, Stopping threads took: 0.0000308 seconds
[25.970s][info ][safepoint    ] Application time: 0.0241786 seconds
[25.971s][info ][safepoint    ] Entering safepoint region: Deoptimize
[25.972s][info ][safepoint    ] Leaving safepoint region
[25.972s][info ][safepoint    ] Total time for which application threads were stopped: 0.0015350 seconds, Stopping threads took: 0.0000244 seconds
[26.106s][info ][safepoint    ] Application time: 0.1336303 seconds
[26.106s][info ][safepoint    ] Entering safepoint region: Deoptimize
[26.107s][info ][safepoint    ] Leaving safepoint region
[26.107s][info ][safepoint    ] Total time for which application threads were stopped: 0.0016980 seconds, Stopping threads took: 0.0000616 seconds
[26.164s][info ][safepoint    ] Application time: 0.0566511 seconds
[26.166s][info ][safepoint    ] Entering safepoint region: RevokeBias
[26.166s][info ][safepoint    ] Leaving safepoint region
[26.166s][info ][safepoint    ] Total time for which application threads were stopped: 0.0021112 seconds, Stopping threads took: 0.0017403 seconds
[26.204s][info ][safepoint    ] Application time: 0.0380172 seconds
[26.204s][info ][safepoint    ] Entering safepoint region: RevokeBias
[26.204s][info ][safepoint    ] Leaving safepoint region
[26.204s][info ][safepoint    ] Total time for which application threads were stopped: 0.0001605 seconds, Stopping threads took: 0.0000204 seconds
[26.205s][info ][safepoint    ] Application time: 0.0005595 seconds
[26.205s][info ][safepoint    ] Entering safepoint region: RevokeBias
[26.205s][info ][safepoint    ] Leaving safepoint region
[26.205s][info ][safepoint    ] Total time for which application threads were stopped: 0.0000698 seconds, Stopping threads took: 0.0000099 seconds
[26.205s][info ][safepoint    ] Application time: 0.0000558 seconds
[26.205s][info ][safepoint    ] Entering safepoint region: RevokeBias
[26.205s][info ][safepoint    ] Leaving safepoint region
[26.205s][info ][safepoint    ] Total time for which application threads were stopped: 0.0000427 seconds, Stopping threads took: 0.0000080 seconds
[26.209s][info ][safepoint    ] Application time: 0.0034012 seconds
[26.209s][info ][safepoint    ] Entering safepoint region: RevokeBias
[26.209s][info ][safepoint    ] Leaving safepoint region
[26.209s][info ][safepoint    ] Total time for which application threads were stopped: 0.0001237 seconds, Stopping threads took: 0.0000607 seconds
[26.209s][info ][safepoint    ] Application time: 0.0000643 seconds
[26.209s][info ][safepoint    ] Entering safepoint region: RevokeBias
[26.209s][info ][safepoint    ] Leaving safepoint region
[26.209s][info ][safepoint    ] Total time for which application threads were stopped: 0.0000472 seconds, Stopping threads took: 0.0000085 seconds
[26.209s][info ][safepoint    ] Application time: 0.0004317 seconds
[26.209s][info ][safepoint    ] Entering safepoint region: RevokeBias
[26.209s][info ][safepoint    ] Leaving safepoint region
[26.209s][info ][safepoint    ] Total time for which application threads were stopped: 0.0000552 seconds, Stopping threads took: 0.0000111 seconds
[26.600s][info ][safepoint    ] Application time: 0.3902266 seconds
[26.600s][info ][safepoint    ] Entering safepoint region: ICBufferFull
[26.600s][info ][safepoint    ] Leaving safepoint region
[26.600s][info ][safepoint    ] Total time for which application threads were stopped: 0.0002692 seconds, Stopping threads took: 0.0000257 seconds
[27.385s][info ][safepoint    ] Application time: 0.7846668 seconds
[27.385s][info ][safepoint    ] Entering safepoint region: Deoptimize
[27.386s][info ][safepoint    ] Leaving safepoint region
[27.386s][info ][safepoint    ] Total time for which application threads were stopped: 0.0016371 seconds, Stopping threads took: 0.0001300 seconds
[27.386s][info ][safepoint    ] Application time: 0.0002437 seconds
[27.387s][info ][safepoint    ] Entering safepoint region: Deoptimize
[27.387s][info ][safepoint    ] Leaving safepoint region
[27.387s][info ][safepoint    ] Total time for which application threads were stopped: 0.0004952 seconds, Stopping threads took: 0.0000323 seconds
[27.881s][info ][safepoint    ] Application time: 0.4938105 seconds
[27.881s][info ][safepoint    ] Entering safepoint region: Deoptimize
[27.882s][info ][safepoint    ] Leaving safepoint region
[27.882s][info ][safepoint    ] Total time for which application threads were stopped: 0.0015019 seconds, Stopping threads took: 0.0000659 seconds
[27.883s][info ][safepoint    ] Application time: 0.0003149 seconds
[27.883s][info ][safepoint    ] Entering safepoint region: Deoptimize
[27.883s][info ][safepoint    ] Leaving safepoint region
[27.883s][info ][safepoint    ] Total time for which application threads were stopped: 0.0005745 seconds, Stopping threads took: 0.0000883 seconds
[27.933s][info ][safepoint    ] Application time: 0.0494282 seconds
[27.933s][info ][safepoint    ] Entering safepoint region: RevokeBias
[27.933s][info ][safepoint    ] Leaving safepoint region
[27.933s][info ][safepoint    ] Total time for which application threads were stopped: 0.0001101 seconds, Stopping threads took: 0.0000151 seconds
[28.022s][info ][safepoint    ] Application time: 0.0890609 seconds
[28.022s][info ][safepoint    ] Entering safepoint region: CollectForMetadataAllocation
[28.022s][info ][safepoint    ] Leaving safepoint region
[28.022s][info ][safepoint    ] Total time for which application threads were stopped: 0.0004564 seconds, Stopping threads took: 0.0000529 seconds
[28.037s][info ][safepoint    ] Application time: 0.0147367 seconds
[28.037s][info ][safepoint    ] Entering safepoint region: CollectForMetadataAllocation
[28.037s][info ][safepoint    ] Leaving safepoint region
[28.037s][info ][safepoint    ] Total time for which application threads were stopped: 0.0002250 seconds, Stopping threads took: 0.0000855 seconds
[28.038s][info ][safepoint    ] Application time: 0.0003182 seconds
[28.038s][info ][safepoint    ] Entering safepoint region: Deoptimize
[28.040s][info ][safepoint    ] Leaving safepoint region
[28.040s][info ][safepoint    ] Total time for which application threads were stopped: 0.0018557 seconds, Stopping threads took: 0.0000524 seconds
[28.050s][info ][safepoint    ] Application time: 0.0107937 seconds
[28.051s][info ][safepoint    ] Entering safepoint region: GenCollectForAllocation
[28.051s][info ][gc,start     ] GC(251) Pause Young (Allocation Failure)
[28.051s][info ][gc,task      ] GC(251) Using 4 workers of 4 for evacuation
[28.077s][debug][gc,ref       ] GC(251) Skipped phase1 of Reference Processing due to unavailable references
[28.078s][debug][gc,age       ] GC(251) Desired survivor size 15400960 bytes, new threshold 1 (max threshold 6)
[28.078s][info ][gc,heap      ] GC(251) ParNew: 245604K->30080K(270976K)
[28.078s][info ][gc,heap      ] GC(251) CMS: 262190K->272633K(602112K)
[28.078s][info ][gc,metaspace ] GC(251) Metaspace: 58607K->58607K(1101824K)
[28.078s][info ][gc           ] GC(251) Pause Young (Allocation Failure) 495M->295M(852M) 27.209ms
[28.078s][info ][gc,cpu       ] GC(251) User=0.09s Sys=0.01s Real=0.03s
[28.078s][info ][safepoint    ] Leaving safepoint region
[28.078s][info ][safepoint    ] Total time for which application threads were stopped: 0.0274152 seconds, Stopping threads took: 0.0000575 seconds
[28.078s][info ][safepoint    ] Application time: 0.0001586 seconds
[28.078s][info ][safepoint    ] Entering safepoint region: CMS_Initial_Mark
[28.078s][info ][gc,start     ] GC(252) Pause Initial Mark
[28.081s][info ][gc           ] GC(252) Pause Initial Mark 295M->295M(852M) 3.155ms
[28.081s][info ][gc,cpu       ] GC(252) User=0.01s Sys=0.00s Real=0.00s
[28.081s][info ][safepoint    ] Leaving safepoint region
[28.081s][info ][safepoint    ] Total time for which application threads were stopped: 0.0033645 seconds, Stopping threads took: 0.0000973 seconds
[28.081s][info ][gc           ] GC(252) Concurrent Mark
[28.424s][info ][gc           ] GC(252) Concurrent Mark 342.308ms
[28.424s][info ][gc,cpu       ] GC(252) User=1.29s Sys=0.07s Real=0.35s
[28.424s][info ][gc           ] GC(252) Concurrent Preclean
[28.424s][debug][gc,ref       ] GC(252) Preclean SoftReferences 0.001ms
[28.424s][debug][gc,ref       ] GC(252) Preclean WeakReferences 0.045ms
[28.424s][debug][gc,ref       ] GC(252) Preclean FinalReferences 0.002ms
[28.424s][debug][gc,ref       ] GC(252) Preclean PhantomReferences 0.004ms
[28.426s][info ][gc           ] GC(252) Concurrent Preclean 2.223ms
[28.426s][info ][gc,cpu       ] GC(252) User=0.00s Sys=0.00s Real=0.00s
[28.426s][info ][gc           ] GC(252) Concurrent Abortable Preclean
[28.506s][info ][safepoint    ] Application time: 0.4241278 seconds
[28.506s][info ][safepoint    ] Entering safepoint region: CollectForMetadataAllocation
[28.506s][info ][safepoint    ] Leaving safepoint region
[28.506s][info ][safepoint    ] Total time for which application threads were stopped: 0.0002613 seconds, Stopping threads took: 0.0000468 seconds
[29.359s][info ][safepoint    ] Application time: 0.8531561 seconds
[29.359s][info ][safepoint    ] Entering safepoint region: Deoptimize
[29.360s][info ][safepoint    ] Leaving safepoint region
[29.362s][info ][safepoint    ] Total time for which application threads were stopped: 0.0027921 seconds, Stopping threads took: 0.0000165 seconds
[29.395s][info ][safepoint    ] Application time: 0.0328979 seconds
[29.395s][info ][safepoint    ] Entering safepoint region: Deoptimize
[29.397s][info ][safepoint    ] Leaving safepoint region
[29.397s][info ][safepoint    ] Total time for which application threads were stopped: 0.0022970 seconds, Stopping threads took: 0.0000428 seconds
[29.403s][info ][safepoint    ] Application time: 0.0054997 seconds
[29.403s][info ][safepoint    ] Entering safepoint region: CollectForMetadataAllocation
[29.403s][info ][safepoint    ] Leaving safepoint region
[29.403s][info ][safepoint    ] Total time for which application threads were stopped: 0.0001594 seconds, Stopping threads took: 0.0000496 seconds
[29.497s][info ][safepoint    ] Application time: 0.0945819 seconds
[29.497s][info ][safepoint    ] Entering safepoint region: Deoptimize
[29.499s][info ][safepoint    ] Leaving safepoint region
[29.499s][info ][safepoint    ] Total time for which application threads were stopped: 0.0013886 seconds, Stopping threads took: 0.0000157 seconds
[29.525s][info ][safepoint    ] Application time: 0.0261392 seconds
[29.525s][info ][safepoint    ] Entering safepoint region: ICBufferFull
[29.525s][info ][safepoint    ] Leaving safepoint region
[29.525s][info ][safepoint    ] Total time for which application threads were stopped: 0.0002781 seconds, Stopping threads took: 0.0000621 seconds
[29.569s][info ][safepoint    ] Application time: 0.0433612 seconds
[29.569s][info ][safepoint    ] Entering safepoint region: GenCollectForAllocation
[29.569s][info ][gc,start     ] GC(253) Pause Young (Allocation Failure)
[29.569s][info ][gc,task      ] GC(253) Using 4 workers of 4 for evacuation
[29.597s][debug][gc,ref       ] GC(253) Skipped phase1 of Reference Processing due to unavailable references
[29.597s][debug][gc,ref       ] GC(253) Skipped phase3 of Reference Processing due to unavailable references
[29.597s][debug][gc,age       ] GC(253) Desired survivor size 15400960 bytes, new threshold 1 (max threshold 6)
[29.597s][info ][gc,heap      ] GC(253) ParNew: 270976K->26939K(270976K)
[29.597s][info ][gc,heap      ] GC(253) CMS: 272633K->300332K(602112K)
[29.597s][info ][gc,metaspace ] GC(253) Metaspace: 59252K->59252K(1103872K)
[29.597s][info ][gc           ] GC(253) Pause Young (Allocation Failure) 530M->319M(852M) 28.163ms
[29.597s][info ][gc,cpu       ] GC(253) User=0.11s Sys=0.01s Real=0.03s
[29.597s][info ][safepoint    ] Leaving safepoint region
[29.597s][info ][safepoint    ] Total time for which application threads were stopped: 0.0283768 seconds, Stopping threads took: 0.0000205 seconds
[30.404s][info ][safepoint    ] Application time: 0.8065638 seconds
[30.404s][info ][safepoint    ] Entering safepoint region: ICBufferFull
[30.404s][info ][safepoint    ] Leaving safepoint region
[30.404s][info ][safepoint    ] Total time for which application threads were stopped: 0.0004000 seconds, Stopping threads took: 0.0000571 seconds
[30.698s][info ][safepoint    ] Application time: 0.2938380 seconds
[30.698s][info ][safepoint    ] Entering safepoint region: CollectForMetadataAllocation
[30.698s][info ][safepoint    ] Leaving safepoint region
[30.698s][info ][safepoint    ] Total time for which application threads were stopped: 0.0002647 seconds, Stopping threads took: 0.0001027 seconds
[30.892s][info ][safepoint    ] Application time: 0.1940838 seconds
[30.892s][info ][safepoint    ] Entering safepoint region: RevokeBias
[30.893s][info ][safepoint    ] Leaving safepoint region
[30.893s][info ][safepoint    ] Total time for which application threads were stopped: 0.0001961 seconds, Stopping threads took: 0.0000552 seconds
[30.893s][info ][safepoint    ] Application time: 0.0001954 seconds
[30.893s][info ][safepoint    ] Entering safepoint region: RevokeBias
[30.893s][info ][safepoint    ] Leaving safepoint region
[30.893s][info ][safepoint    ] Total time for which application threads were stopped: 0.0001824 seconds, Stopping threads took: 0.0000313 seconds
[30.928s][info ][gc           ] GC(252) Concurrent Abortable Preclean 2501.718ms
[30.928s][info ][gc,cpu       ] GC(252) User=8.39s Sys=0.30s Real=2.50s
[30.928s][info ][safepoint    ] Application time: 0.0349316 seconds
[30.928s][info ][safepoint    ] Entering safepoint region: CMS_Final_Remark
[30.928s][info ][gc,start     ] GC(252) Pause Remark
[30.953s][debug][gc,phases    ] GC(252) Rescan (parallel) 24.586ms
[30.953s][debug][gc,ref       ] GC(252) Skipped phase1 of Reference Processing due to unavailable references
[30.953s][debug][gc,ref       ] GC(252) Skipped phase3 of Reference Processing due to unavailable references
[30.953s][debug][gc,ref       ] GC(252) Skipped phase4 of Reference Processing due to unavailable references
[30.953s][debug][gc,phases    ] GC(252) Reference Processing 0.035ms
[30.953s][debug][gc,phases    ] GC(252) Weak Processing 0.159ms
[30.955s][debug][gc,phases    ] GC(252) ClassLoaderData 2.020ms
[30.955s][debug][gc,phases    ] GC(252) Dictionary 0.027ms
[30.955s][debug][gc,phases    ] GC(252) ProtectionDomainCacheTable 0.005ms
[30.955s][debug][gc,phases    ] GC(252) ResolvedMethodTable 0.213ms
[31.011s][debug][gc,phases    ] GC(252) Class Unloading 58.043ms
[31.017s][debug][gc,phases    ] GC(252) Scrub Symbol Table 6.079ms
[31.018s][debug][gc,phases    ] GC(252) Scrub String Table 0.572ms
[31.018s][info ][gc           ] GC(252) Pause Remark 437M->437M(852M) 89.701ms
[31.018s][info ][gc,cpu       ] GC(252) User=0.21s Sys=0.02s Real=0.09s
[31.018s][info ][safepoint    ] Leaving safepoint region
[31.018s][info ][safepoint    ] Total time for which application threads were stopped: 0.0898489 seconds, Stopping threads took: 0.0000201 seconds
[31.018s][info ][gc           ] GC(252) Concurrent Sweep
[31.024s][info ][safepoint    ] Application time: 0.0065748 seconds
[31.024s][info ][safepoint    ] Entering safepoint region: ICBufferFull
[31.025s][info ][safepoint    ] Leaving safepoint region
[31.025s][info ][safepoint    ] Total time for which application threads were stopped: 0.0002303 seconds, Stopping threads took: 0.0000162 seconds
[31.168s][info ][gc           ] GC(252) Concurrent Sweep 149.845ms
[31.168s][info ][gc,cpu       ] GC(252) User=0.42s Sys=0.00s Real=0.15s
[31.168s][info ][gc           ] GC(252) Concurrent Reset
[31.178s][info ][gc           ] GC(252) Concurrent Reset 9.785ms
[31.178s][info ][gc,cpu       ] GC(252) User=0.01s Sys=0.00s Real=0.01s
[31.178s][info ][gc,heap      ] GC(252) Old: 272633K->252707K(602112K)
[31.213s][info ][safepoint    ] Application time: 0.1885441 seconds
[31.213s][info ][safepoint    ] Entering safepoint region: ICBufferFull
[31.213s][info ][safepoint    ] Leaving safepoint region
[31.213s][info ][safepoint    ] Total time for which application threads were stopped: 0.0003020 seconds, Stopping threads took: 0.0000180 seconds
[31.892s][info ][safepoint    ] Application time: 0.6789430 seconds
[31.892s][info ][safepoint    ] Entering safepoint region: ICBufferFull
[31.893s][info ][safepoint    ] Leaving safepoint region
[31.893s][info ][safepoint    ] Total time for which application threads were stopped: 0.0002144 seconds, Stopping threads took: 0.0000204 seconds
[32.893s][info ][safepoint    ] Application time: 1.0000999 seconds
[32.893s][info ][safepoint    ] Entering safepoint region: Cleanup
[32.893s][info ][safepoint    ] Leaving safepoint region
[32.893s][info ][safepoint    ] Total time for which application threads were stopped: 0.0002165 seconds, Stopping threads took: 0.0000389 seconds
[33.300s][info ][safepoint    ] Application time: 0.4069778 seconds
[33.300s][info ][safepoint    ] Entering safepoint region: GenCollectForAllocation
[33.300s][info ][gc,start     ] GC(254) Pause Young (Allocation Failure)
[33.300s][info ][gc,task      ] GC(254) Using 4 workers of 4 for evacuation
[33.321s][debug][gc,ref       ] GC(254) Skipped phase1 of Reference Processing due to unavailable references
[33.321s][debug][gc,ref       ] GC(254) Skipped phase3 of Reference Processing due to unavailable references
[33.321s][debug][gc,age       ] GC(254) Desired survivor size 15400960 bytes, new threshold 6 (max threshold 6)
[33.321s][info ][gc,heap      ] GC(254) ParNew: 267835K->15968K(270976K)
[33.321s][info ][gc,heap      ] GC(254) CMS: 252707K->266119K(602112K)
[33.321s][info ][gc,metaspace ] GC(254) Metaspace: 59487K->59487K(1103872K)
[33.321s][info ][gc           ] GC(254) Pause Young (Allocation Failure) 508M->275M(852M) 20.625ms
[33.321s][info ][gc,cpu       ] GC(254) User=0.07s Sys=0.00s Real=0.02s
[33.321s][info ][safepoint    ] Leaving safepoint region
[33.321s][info ][safepoint    ] Total time for which application threads were stopped: 0.0208810 seconds, Stopping threads took: 0.0000367 seconds
[34.001s][info ][safepoint    ] Application time: 0.6800647 seconds
[34.001s][info ][safepoint    ] Entering safepoint region: ICBufferFull
[34.001s][info ][safepoint    ] Leaving safepoint region
[34.001s][info ][safepoint    ] Total time for which application threads were stopped: 0.0002830 seconds, Stopping threads took: 0.0000206 seconds
[34.949s][info ][safepoint    ] Application time: 0.9481329 seconds
[34.950s][info ][safepoint    ] Entering safepoint region: ICBufferFull
[34.950s][info ][safepoint    ] Leaving safepoint region
[34.950s][info ][safepoint    ] Total time for which application threads were stopped: 0.0002507 seconds, Stopping threads took: 0.0000409 seconds
[35.708s][info ][safepoint    ] Application time: 0.7578583 seconds
[35.708s][info ][safepoint    ] Entering safepoint region: ICBufferFull
[35.708s][info ][safepoint    ] Leaving safepoint region
[35.708s][info ][safepoint    ] Total time for which application threads were stopped: 0.0002063 seconds, Stopping threads took: 0.0000198 seconds
[35.893s][info ][safepoint    ] Application time: 0.1853861 seconds
[35.893s][info ][safepoint    ] Entering safepoint region: RevokeBias
[35.893s][info ][safepoint    ] Leaving safepoint region
[35.893s][info ][safepoint    ] Total time for which application threads were stopped: 0.0001445 seconds, Stopping threads took: 0.0000527 seconds
[35.894s][info ][safepoint    ] Application time: 0.0010617 seconds
[35.895s][info ][safepoint    ] Entering safepoint region: RevokeBias
[35.895s][info ][safepoint    ] Leaving safepoint region
[35.895s][info ][safepoint    ] Total time for which application threads were stopped: 0.0001758 seconds, Stopping threads took: 0.0000895 seconds
[35.895s][info ][safepoint    ] Application time: 0.0002375 seconds
[35.895s][info ][safepoint    ] Entering safepoint region: RevokeBias
[35.895s][info ][safepoint    ] Leaving safepoint region
[35.895s][info ][safepoint    ] Total time for which application threads were stopped: 0.0000961 seconds, Stopping threads took: 0.0000517 seconds
[35.895s][info ][safepoint    ] Application time: 0.0000562 seconds
[35.895s][info ][safepoint    ] Entering safepoint region: RevokeBias
[35.895s][info ][safepoint    ] Leaving safepoint region
[35.895s][info ][safepoint    ] Total time for which application threads were stopped: 0.0000821 seconds, Stopping threads took: 0.0000440 seconds
[35.895s][info ][safepoint    ] Application time: 0.0001142 seconds
[35.895s][info ][safepoint    ] Entering safepoint region: RevokeBias
[35.895s][info ][safepoint    ] Leaving safepoint region
[35.895s][info ][safepoint    ] Total time for which application threads were stopped: 0.0000489 seconds, Stopping threads took: 0.0000093 seconds
[35.896s][info ][safepoint    ] Application time: 0.0001647 seconds
[35.896s][info ][safepoint    ] Entering safepoint region: RevokeBias
[35.896s][info ][safepoint    ] Leaving safepoint region
[35.896s][info ][safepoint    ] Total time for which application threads were stopped: 0.0001019 seconds, Stopping threads took: 0.0000614 seconds
[36.442s][info ][safepoint    ] Application time: 0.5468672 seconds
[36.443s][info ][safepoint    ] Entering safepoint region: ICBufferFull
[36.443s][info ][safepoint    ] Leaving safepoint region
[36.443s][info ][safepoint    ] Total time for which application threads were stopped: 0.0002876 seconds, Stopping threads took: 0.0000441 seconds
[36.746s][info ][safepoint    ] Application time: 0.3031484 seconds
[36.746s][info ][safepoint    ] Entering safepoint region: ICBufferFull
[36.746s][info ][safepoint    ] Leaving safepoint region
[36.746s][info ][safepoint    ] Total time for which application threads were stopped: 0.0002401 seconds, Stopping threads took: 0.0000316 seconds
[36.790s][info ][safepoint    ] Application time: 0.0441804 seconds
[36.790s][info ][safepoint    ] Entering safepoint region: RevokeBias
[36.791s][info ][safepoint    ] Leaving safepoint region
[36.791s][info ][safepoint    ] Total time for which application threads were stopped: 0.0002052 seconds, Stopping threads took: 0.0000170 seconds
[37.791s][info ][safepoint    ] Application time: 1.0000957 seconds
[37.791s][info ][safepoint    ] Entering safepoint region: Cleanup
[37.791s][info ][safepoint    ] Leaving safepoint region
[37.791s][info ][safepoint    ] Total time for which application threads were stopped: 0.0001858 seconds, Stopping threads took: 0.0000210 seconds
[38.051s][info ][safepoint    ] Application time: 0.2598493 seconds
[38.051s][info ][safepoint    ] Entering safepoint region: GenCollectForAllocation
[38.051s][info ][gc,start     ] GC(255) Pause Young (Allocation Failure)
[38.051s][info ][gc,task      ] GC(255) Using 4 workers of 4 for evacuation
[38.057s][debug][gc,ref       ] GC(255) Skipped phase1 of Reference Processing due to unavailable references
[38.057s][debug][gc,ref       ] GC(255) Skipped phase3 of Reference Processing due to unavailable references
[38.058s][debug][gc,age       ] GC(255) Desired survivor size 15400960 bytes, new threshold 6 (max threshold 6)
[38.058s][info ][gc,heap      ] GC(255) ParNew: 256864K->11163K(270976K)
[38.058s][info ][gc,heap      ] GC(255) CMS: 266119K->266119K(602112K)
[38.058s][info ][gc,metaspace ] GC(255) Metaspace: 59853K->59853K(1103872K)
[38.058s][info ][gc           ] GC(255) Pause Young (Allocation Failure) 510M->270M(852M) 6.524ms
[38.058s][info ][gc,cpu       ] GC(255) User=0.03s Sys=0.00s Real=0.01s
[38.058s][info ][safepoint    ] Leaving safepoint region
[38.058s][info ][safepoint    ] Total time for which application threads were stopped: 0.0067166 seconds, Stopping threads took: 0.0000185 seconds
[38.950s][info ][safepoint    ] Application time: 0.8921938 seconds
[38.950s][info ][safepoint    ] Entering safepoint region: ICBufferFull
[38.950s][info ][safepoint    ] Leaving safepoint region
[38.950s][info ][safepoint    ] Total time for which application threads were stopped: 0.0002256 seconds, Stopping threads took: 0.0000359 seconds
[39.950s][info ][safepoint    ] Application time: 1.0000954 seconds
[39.950s][info ][safepoint    ] Entering safepoint region: Cleanup
[39.950s][info ][safepoint    ] Leaving safepoint region
[39.950s][info ][safepoint    ] Total time for which application threads were stopped: 0.0001862 seconds, Stopping threads took: 0.0000545 seconds
[40.951s][info ][safepoint    ] Application time: 1.0000902 seconds
[40.951s][info ][safepoint    ] Entering safepoint region: Cleanup
[40.951s][info ][safepoint    ] Leaving safepoint region
[40.951s][info ][safepoint    ] Total time for which application threads were stopped: 0.0006363 seconds, Stopping threads took: 0.0005258 seconds
[41.951s][info ][safepoint    ] Application time: 1.0000899 seconds
[41.951s][info ][safepoint    ] Entering safepoint region: Cleanup
[41.952s][info ][safepoint    ] Leaving safepoint region
[41.952s][info ][safepoint    ] Total time for which application threads were stopped: 0.0002181 seconds, Stopping threads took: 0.0000744 seconds
[42.952s][info ][safepoint    ] Application time: 1.0001231 seconds
[42.952s][info ][safepoint    ] Entering safepoint region: Cleanup
[42.952s][info ][safepoint    ] Leaving safepoint region
[42.952s][info ][safepoint    ] Total time for which application threads were stopped: 0.0001567 seconds, Stopping threads took: 0.0000390 seconds
[43.396s][info ][safepoint    ] Application time: 0.4438822 seconds
[43.396s][info ][safepoint    ] Entering safepoint region: GenCollectForAllocation
[43.396s][info ][gc,start     ] GC(256) Pause Young (Allocation Failure)
[43.396s][info ][gc,task      ] GC(256) Using 4 workers of 4 for evacuation
[43.402s][debug][gc,ref       ] GC(256) Skipped phase1 of Reference Processing due to unavailable references
[43.402s][debug][gc,ref       ] GC(256) Skipped phase3 of Reference Processing due to unavailable references
[43.402s][debug][gc,age       ] GC(256) Desired survivor size 15400960 bytes, new threshold 6 (max threshold 6)
[43.402s][info ][gc,heap      ] GC(256) ParNew: 252059K->12954K(270976K)
[43.402s][info ][gc,heap      ] GC(256) CMS: 266119K->266119K(602112K)
[43.402s][info ][gc,metaspace ] GC(256) Metaspace: 60022K->60022K(1103872K)
[43.402s][info ][gc           ] GC(256) Pause Young (Allocation Failure) 506M->272M(852M) 6.474ms
[43.402s][info ][gc,cpu       ] GC(256) User=0.02s Sys=0.00s Real=0.00s
[43.402s][info ][safepoint    ] Leaving safepoint region
[43.402s][info ][safepoint    ] Total time for which application threads were stopped: 0.0066735 seconds, Stopping threads took: 0.0000201 seconds
[43.883s][info ][safepoint    ] Application time: 0.4808162 seconds
[43.883s][info ][safepoint    ] Entering safepoint region: RevokeBias
[43.883s][info ][safepoint    ] Leaving safepoint region
[43.883s][info ][safepoint    ] Total time for which application threads were stopped: 0.0001662 seconds, Stopping threads took: 0.0000196 seconds
[43.884s][info ][safepoint    ] Application time: 0.0001092 seconds
[43.884s][info ][safepoint    ] Entering safepoint region: RevokeBias
[43.884s][info ][safepoint    ] Leaving safepoint region
[43.884s][info ][safepoint    ] Total time for which application threads were stopped: 0.0000455 seconds, Stopping threads took: 0.0000082 seconds
[43.921s][info ][safepoint    ] Application time: 0.0370161 seconds
[43.921s][info ][safepoint    ] Entering safepoint region: RevokeBias
[43.921s][info ][safepoint    ] Leaving safepoint region
[43.921s][info ][safepoint    ] Total time for which application threads were stopped: 0.0002214 seconds, Stopping threads took: 0.0000868 seconds
[43.921s][info ][safepoint    ] Application time: 0.0000700 seconds
[43.921s][info ][safepoint    ] Entering safepoint region: RevokeBias
[43.921s][info ][safepoint    ] Leaving safepoint region
[43.921s][info ][safepoint    ] Total time for which application threads were stopped: 0.0001110 seconds, Stopping threads took: 0.0000596 seconds
[43.921s][info ][safepoint    ] Application time: 0.0000568 seconds
[43.921s][info ][safepoint    ] Entering safepoint region: RevokeBias
[43.921s][info ][safepoint    ] Leaving safepoint region
[43.921s][info ][safepoint    ] Total time for which application threads were stopped: 0.0001056 seconds, Stopping threads took: 0.0000541 seconds
[43.921s][info ][safepoint    ] Application time: 0.0000492 seconds
[43.921s][info ][safepoint    ] Entering safepoint region: RevokeBias
[43.921s][info ][safepoint    ] Leaving safepoint region
[43.922s][info ][safepoint    ] Total time for which application threads were stopped: 0.0001584 seconds, Stopping threads took: 0.0001024 seconds
[43.922s][info ][safepoint    ] Application time: 0.0000461 seconds
[43.922s][info ][safepoint    ] Entering safepoint region: RevokeBias
[43.922s][info ][safepoint    ] Leaving safepoint region
[43.922s][info ][safepoint    ] Total time for which application threads were stopped: 0.0000887 seconds, Stopping threads took: 0.0000416 seconds
[43.922s][info ][safepoint    ] Application time: 0.0002087 seconds
[43.922s][info ][safepoint    ] Entering safepoint region: RevokeBias
[43.922s][info ][safepoint    ] Leaving safepoint region
[43.922s][info ][safepoint    ] Total time for which application threads were stopped: 0.0001004 seconds, Stopping threads took: 0.0000318 seconds
[43.922s][info ][safepoint    ] Application time: 0.0000558 seconds
[43.922s][info ][safepoint    ] Entering safepoint region: RevokeBias
[43.922s][info ][safepoint    ] Leaving safepoint region
[43.922s][info ][safepoint    ] Total time for which application threads were stopped: 0.0001008 seconds, Stopping threads took: 0.0000385 seconds
[43.922s][info ][safepoint    ] Application time: 0.0000548 seconds
[43.922s][info ][safepoint    ] Entering safepoint region: RevokeBias
[43.922s][info ][safepoint    ] Leaving safepoint region
[43.922s][info ][safepoint    ] Total time for which application threads were stopped: 0.0000963 seconds, Stopping threads took: 0.0000419 seconds
[43.922s][info ][safepoint    ] Application time: 0.0000589 seconds
[43.922s][info ][safepoint    ] Entering safepoint region: RevokeBias
[43.922s][info ][safepoint    ] Leaving safepoint region
[43.922s][info ][safepoint    ] Total time for which application threads were stopped: 0.0000828 seconds, Stopping threads took: 0.0000399 seconds
[43.923s][info ][safepoint    ] Application time: 0.0000724 seconds
[43.923s][info ][safepoint    ] Entering safepoint region: RevokeBias
[43.923s][info ][safepoint    ] Leaving safepoint region
[43.923s][info ][safepoint    ] Total time for which application threads were stopped: 0.0001391 seconds, Stopping threads took: 0.0000728 seconds
[43.923s][info ][safepoint    ] Application time: 0.0000433 seconds
[43.923s][info ][safepoint    ] Entering safepoint region: RevokeBias
[43.923s][info ][safepoint    ] Leaving safepoint region
[43.923s][info ][safepoint    ] Total time for which application threads were stopped: 0.0000668 seconds, Stopping threads took: 0.0000072 seconds
[43.923s][info ][safepoint    ] Application time: 0.0000824 seconds
[43.923s][info ][safepoint    ] Entering safepoint region: RevokeBias
[43.923s][info ][safepoint    ] Leaving safepoint region
[43.923s][info ][safepoint    ] Total time for which application threads were stopped: 0.0002246 seconds, Stopping threads took: 0.0001043 seconds
[43.923s][info ][safepoint    ] Application time: 0.0000606 seconds
[43.923s][info ][safepoint    ] Entering safepoint region: RevokeBias
[43.923s][info ][safepoint    ] Leaving safepoint region
[43.923s][info ][safepoint    ] Total time for which application threads were stopped: 0.0000991 seconds, Stopping threads took: 0.0000483 seconds
[43.923s][info ][safepoint    ] Application time: 0.0000455 seconds
[43.923s][info ][safepoint    ] Entering safepoint region: RevokeBias
[43.923s][info ][safepoint    ] Leaving safepoint region
[43.923s][info ][safepoint    ] Total time for which application threads were stopped: 0.0001106 seconds, Stopping threads took: 0.0000583 seconds
[43.924s][info ][safepoint    ] Application time: 0.0000464 seconds
[43.924s][info ][safepoint    ] Entering safepoint region: RevokeBias
[43.924s][info ][safepoint    ] Leaving safepoint region
[43.924s][info ][safepoint    ] Total time for which application threads were stopped: 0.0001259 seconds, Stopping threads took: 0.0000590 seconds
[43.924s][info ][safepoint    ] Application time: 0.0004556 seconds
[43.924s][info ][safepoint    ] Entering safepoint region: RevokeBias
[43.924s][info ][safepoint    ] Leaving safepoint region
[43.924s][info ][safepoint    ] Total time for which application threads were stopped: 0.0000886 seconds, Stopping threads took: 0.0000320 seconds
[43.924s][info ][safepoint    ] Application time: 0.0000550 seconds
[43.924s][info ][safepoint    ] Entering safepoint region: RevokeBias
[43.924s][info ][safepoint    ] Leaving safepoint region
[43.924s][info ][safepoint    ] Total time for which application threads were stopped: 0.0000839 seconds, Stopping threads took: 0.0000400 seconds
[43.924s][info ][safepoint    ] Application time: 0.0000594 seconds
[43.924s][info ][safepoint    ] Entering safepoint region: RevokeBias
[43.924s][info ][safepoint    ] Leaving safepoint region
[43.925s][info ][safepoint    ] Total time for which application threads were stopped: 0.0000768 seconds, Stopping threads took: 0.0000301 seconds
[43.925s][info ][safepoint    ] Application time: 0.0000439 seconds
[43.925s][info ][safepoint    ] Entering safepoint region: RevokeBias
[43.925s][info ][safepoint    ] Leaving safepoint region
[43.925s][info ][safepoint    ] Total time for which application threads were stopped: 0.0001416 seconds, Stopping threads took: 0.0000409 seconds
[43.925s][info ][safepoint    ] Application time: 0.0000748 seconds
[43.925s][info ][safepoint    ] Entering safepoint region: BulkRevokeBias
[43.925s][info ][safepoint    ] Leaving safepoint region
[43.925s][info ][safepoint    ] Total time for which application threads were stopped: 0.0003069 seconds, Stopping threads took: 0.0000396 seconds
[44.696s][info ][safepoint    ] Application time: 0.7705955 seconds
[44.696s][info ][safepoint    ] Entering safepoint region: ICBufferFull
[44.696s][info ][safepoint    ] Leaving safepoint region
[44.696s][info ][safepoint    ] Total time for which application threads were stopped: 0.0002382 seconds, Stopping threads took: 0.0000688 seconds
[45.701s][info ][safepoint    ] Application time: 1.0052538 seconds
[45.702s][info ][safepoint    ] Entering safepoint region: Cleanup
[45.702s][info ][safepoint    ] Leaving safepoint region
[45.702s][info ][safepoint    ] Total time for which application threads were stopped: 0.0009616 seconds, Stopping threads took: 0.0006146 seconds
[46.702s][info ][safepoint    ] Application time: 1.0001847 seconds
[46.703s][info ][safepoint    ] Entering safepoint region: Cleanup
[46.703s][info ][safepoint    ] Leaving safepoint region
[46.703s][info ][safepoint    ] Total time for which application threads were stopped: 0.0001388 seconds, Stopping threads took: 0.0000481 seconds
[46.878s][info ][safepoint    ] Application time: 0.1757135 seconds
[46.879s][info ][safepoint    ] Entering safepoint region: RevokeBias
[46.879s][info ][safepoint    ] Leaving safepoint region
[46.879s][info ][safepoint    ] Total time for which application threads were stopped: 0.0001702 seconds, Stopping threads took: 0.0000335 seconds
[46.879s][info ][safepoint    ] Application time: 0.0000927 seconds
[46.879s][info ][safepoint    ] Entering safepoint region: RevokeBias
[46.879s][info ][safepoint    ] Leaving safepoint region
[46.879s][info ][safepoint    ] Total time for which application threads were stopped: 0.0000836 seconds, Stopping threads took: 0.0000375 seconds
[46.879s][info ][safepoint    ] Application time: 0.0000620 seconds
[46.879s][info ][safepoint    ] Entering safepoint region: RevokeBias
[46.879s][info ][safepoint    ] Leaving safepoint region
[46.879s][info ][safepoint    ] Total time for which application threads were stopped: 0.0001515 seconds, Stopping threads took: 0.0001130 seconds
[46.879s][info ][safepoint    ] Application time: 0.0000483 seconds
[46.879s][info ][safepoint    ] Entering safepoint region: RevokeBias
[46.879s][info ][safepoint    ] Leaving safepoint region
[46.879s][info ][safepoint    ] Total time for which application threads were stopped: 0.0000708 seconds, Stopping threads took: 0.0000338 seconds
[46.879s][info ][safepoint    ] Application time: 0.0000521 seconds
[46.879s][info ][safepoint    ] Entering safepoint region: RevokeBias
[46.879s][info ][safepoint    ] Leaving safepoint region
[46.879s][info ][safepoint    ] Total time for which application threads were stopped: 0.0000664 seconds, Stopping threads took: 0.0000303 seconds
[46.879s][info ][safepoint    ] Application time: 0.0000473 seconds
[46.879s][info ][safepoint    ] Entering safepoint region: RevokeBias
[46.879s][info ][safepoint    ] Leaving safepoint region
[46.879s][info ][safepoint    ] Total time for which application threads were stopped: 0.0000972 seconds, Stopping threads took: 0.0000617 seconds
[46.880s][info ][safepoint    ] Application time: 0.0000704 seconds
[46.880s][info ][safepoint    ] Entering safepoint region: RevokeBias
[46.880s][info ][safepoint    ] Leaving safepoint region
[46.880s][info ][safepoint    ] Total time for which application threads were stopped: 0.0000892 seconds, Stopping threads took: 0.0000508 seconds
[46.880s][info ][safepoint    ] Application time: 0.0000843 seconds
[46.880s][info ][safepoint    ] Entering safepoint region: RevokeBias
[46.880s][info ][safepoint    ] Leaving safepoint region
[46.880s][info ][safepoint    ] Total time for which application threads were stopped: 0.0001198 seconds, Stopping threads took: 0.0000470 seconds
[46.880s][info ][safepoint    ] Application time: 0.0000495 seconds
[46.880s][info ][safepoint    ] Entering safepoint region: RevokeBias
[46.880s][info ][safepoint    ] Leaving safepoint region
[46.880s][info ][safepoint    ] Total time for which application threads were stopped: 0.0001478 seconds, Stopping threads took: 0.0000989 seconds
[46.880s][info ][safepoint    ] Application time: 0.0000594 seconds
[46.880s][info ][safepoint    ] Entering safepoint region: RevokeBias
[46.880s][info ][safepoint    ] Leaving safepoint region
[46.880s][info ][safepoint    ] Total time for which application threads were stopped: 0.0000437 seconds, Stopping threads took: 0.0000075 seconds
[46.880s][info ][safepoint    ] Application time: 0.0000485 seconds
[46.880s][info ][safepoint    ] Entering safepoint region: RevokeBias
[46.880s][info ][safepoint    ] Leaving safepoint region
[46.880s][info ][safepoint    ] Total time for which application threads were stopped: 0.0000875 seconds, Stopping threads took: 0.0000496 seconds
[46.880s][info ][safepoint    ] Application time: 0.0000479 seconds
[46.880s][info ][safepoint    ] Entering safepoint region: RevokeBias
[46.880s][info ][safepoint    ] Leaving safepoint region
[46.880s][info ][safepoint    ] Total time for which application threads were stopped: 0.0000809 seconds, Stopping threads took: 0.0000426 seconds
[46.881s][info ][safepoint    ] Application time: 0.0000609 seconds
[46.881s][info ][safepoint    ] Entering safepoint region: RevokeBias
[46.881s][info ][safepoint    ] Leaving safepoint region
[46.881s][info ][safepoint    ] Total time for which application threads were stopped: 0.0000834 seconds, Stopping threads took: 0.0000254 seconds
[46.881s][info ][safepoint    ] Application time: 0.0000478 seconds
[46.881s][info ][safepoint    ] Entering safepoint region: RevokeBias
[46.881s][info ][safepoint    ] Leaving safepoint region
[46.881s][info ][safepoint    ] Total time for which application threads were stopped: 0.0001066 seconds, Stopping threads took: 0.0000565 seconds
[46.881s][info ][safepoint    ] Application time: 0.0000553 seconds
[46.881s][info ][safepoint    ] Entering safepoint region: RevokeBias
[46.881s][info ][safepoint    ] Leaving safepoint region
[46.881s][info ][safepoint    ] Total time for which application threads were stopped: 0.0000940 seconds, Stopping threads took: 0.0000546 seconds
[46.881s][info ][safepoint    ] Application time: 0.0000677 seconds
[46.881s][info ][safepoint    ] Entering safepoint region: RevokeBias
[46.881s][info ][safepoint    ] Leaving safepoint region
[46.881s][info ][safepoint    ] Total time for which application threads were stopped: 0.0000782 seconds, Stopping threads took: 0.0000310 seconds
[46.881s][info ][safepoint    ] Application time: 0.0000543 seconds
[46.881s][info ][safepoint    ] Entering safepoint region: RevokeBias
[46.881s][info ][safepoint    ] Leaving safepoint region
[46.881s][info ][safepoint    ] Total time for which application threads were stopped: 0.0000964 seconds, Stopping threads took: 0.0000571 seconds
[46.881s][info ][safepoint    ] Application time: 0.0000469 seconds
[46.881s][info ][safepoint    ] Entering safepoint region: RevokeBias
[46.881s][info ][safepoint    ] Leaving safepoint region
[46.881s][info ][safepoint    ] Total time for which application threads were stopped: 0.0000450 seconds, Stopping threads took: 0.0000070 seconds
[46.882s][info ][safepoint    ] Application time: 0.0000954 seconds
[46.882s][info ][safepoint    ] Entering safepoint region: RevokeBias
[46.882s][info ][safepoint    ] Leaving safepoint region
[46.882s][info ][safepoint    ] Total time for which application threads were stopped: 0.0001009 seconds, Stopping threads took: 0.0000528 seconds
[46.882s][info ][safepoint    ] Application time: 0.0000573 seconds
[46.882s][info ][safepoint    ] Entering safepoint region: BulkRevokeBias
[46.882s][info ][safepoint    ] Leaving safepoint region
[46.882s][info ][safepoint    ] Total time for which application threads were stopped: 0.0005770 seconds, Stopping threads took: 0.0000426 seconds
[47.245s][info ][safepoint    ] Application time: 0.3622280 seconds
[47.245s][info ][safepoint    ] Entering safepoint region: ICBufferFull
[47.245s][info ][safepoint    ] Leaving safepoint region
[47.245s][info ][safepoint    ] Total time for which application threads were stopped: 0.0002524 seconds, Stopping threads took: 0.0000462 seconds
[47.593s][info ][safepoint    ] Application time: 0.3480692 seconds
[47.593s][info ][safepoint    ] Entering safepoint region: GenCollectForAllocation
[47.593s][info ][gc,start     ] GC(257) Pause Young (Allocation Failure)
[47.593s][info ][gc,task      ] GC(257) Using 4 workers of 4 for evacuation
[47.603s][debug][gc,ref       ] GC(257) Skipped phase1 of Reference Processing due to unavailable references
[47.603s][debug][gc,ref       ] GC(257) Skipped phase3 of Reference Processing due to unavailable references
[47.603s][debug][gc,age       ] GC(257) Desired survivor size 15400960 bytes, new threshold 4 (max threshold 6)
[47.603s][info ][gc,heap      ] GC(257) ParNew: 253850K->21850K(270976K)
[47.603s][info ][gc,heap      ] GC(257) CMS: 266119K->266119K(602112K)
[47.603s][info ][gc,metaspace ] GC(257) Metaspace: 60391K->60391K(1103872K)
[47.603s][info ][gc           ] GC(257) Pause Young (Allocation Failure) 507M->281M(852M) 9.948ms
[47.603s][info ][gc,cpu       ] GC(257) User=0.03s Sys=0.00s Real=0.00s
[47.603s][info ][safepoint    ] Leaving safepoint region
[47.603s][info ][safepoint    ] Total time for which application threads were stopped: 0.0101542 seconds, Stopping threads took: 0.0000189 seconds
[48.603s][info ][safepoint    ] Application time: 1.0001343 seconds
[48.603s][info ][safepoint    ] Entering safepoint region: Cleanup
[48.603s][info ][safepoint    ] Leaving safepoint region
[48.603s][info ][safepoint    ] Total time for which application threads were stopped: 0.0001855 seconds, Stopping threads took: 0.0000415 seconds
[49.604s][info ][safepoint    ] Application time: 1.0001011 seconds
[49.604s][info ][safepoint    ] Entering safepoint region: Cleanup
[49.604s][info ][safepoint    ] Leaving safepoint region
[49.604s][info ][safepoint    ] Total time for which application threads were stopped: 0.0001124 seconds, Stopping threads took: 0.0000206 seconds
[50.604s][info ][safepoint    ] Application time: 1.0000905 seconds
[50.604s][info ][safepoint    ] Entering safepoint region: Cleanup
[50.604s][info ][safepoint    ] Leaving safepoint region
[50.604s][info ][safepoint    ] Total time for which application threads were stopped: 0.0001128 seconds, Stopping threads took: 0.0000210 seconds
[51.604s][info ][safepoint    ] Application time: 1.0001263 seconds
[51.604s][info ][safepoint    ] Entering safepoint region: Cleanup
[51.604s][info ][safepoint    ] Leaving safepoint region
[51.604s][info ][safepoint    ] Total time for which application threads were stopped: 0.0001081 seconds, Stopping threads took: 0.0000175 seconds
[52.073s][info ][safepoint    ] Application time: 0.4690847 seconds
[52.073s][info ][safepoint    ] Entering safepoint region: ICBufferFull
[52.074s][info ][safepoint    ] Leaving safepoint region
[52.074s][info ][safepoint    ] Total time for which application threads were stopped: 0.0002360 seconds, Stopping threads took: 0.0000235 seconds
[52.916s][info ][safepoint    ] Application time: 0.8423985 seconds
[52.916s][info ][safepoint    ] Entering safepoint region: RevokeBias
[52.916s][info ][safepoint    ] Leaving safepoint region
[52.916s][info ][safepoint    ] Total time for which application threads were stopped: 0.0002846 seconds, Stopping threads took: 0.0000376 seconds
[52.935s][info ][safepoint    ] Application time: 0.0188179 seconds
[52.935s][info ][safepoint    ] Entering safepoint region: GenCollectForAllocation
[52.935s][info ][gc,start     ] GC(258) Pause Young (Allocation Failure)
[52.935s][info ][gc,task      ] GC(258) Using 4 workers of 4 for evacuation
[52.945s][debug][gc,ref       ] GC(258) Skipped phase1 of Reference Processing due to unavailable references
[52.945s][debug][gc,ref       ] GC(258) Skipped phase3 of Reference Processing due to unavailable references
[52.946s][debug][gc,age       ] GC(258) Desired survivor size 15400960 bytes, new threshold 2 (max threshold 6)
[52.946s][info ][gc,heap      ] GC(258) ParNew: 262746K->25836K(270976K)
[52.946s][info ][gc,heap      ] GC(258) CMS: 266119K->269251K(602112K)
[52.946s][info ][gc,metaspace ] GC(258) Metaspace: 60456K->60456K(1103872K)
[52.946s][info ][gc           ] GC(258) Pause Young (Allocation Failure) 516M->288M(852M) 10.333ms
[52.946s][info ][gc,cpu       ] GC(258) User=0.06s Sys=0.00s Real=0.01s
[52.946s][info ][safepoint    ] Leaving safepoint region
[52.946s][info ][safepoint    ] Total time for which application threads were stopped: 0.0105637 seconds, Stopping threads took: 0.0000397 seconds
[53.650s][info ][safepoint    ] Application time: 0.7038420 seconds
[53.650s][info ][safepoint    ] Entering safepoint region: Deoptimize
[53.651s][info ][safepoint    ] Leaving safepoint region
[53.651s][info ][safepoint    ] Total time for which application threads were stopped: 0.0015525 seconds, Stopping threads took: 0.0000166 seconds
[54.651s][info ][safepoint    ] Application time: 1.0001468 seconds
[54.651s][info ][safepoint    ] Entering safepoint region: Cleanup
[54.651s][info ][safepoint    ] Leaving safepoint region
[54.651s][info ][safepoint    ] Total time for which application threads were stopped: 0.0001728 seconds, Stopping threads took: 0.0000404 seconds
[55.652s][info ][safepoint    ] Application time: 1.0000980 seconds
[55.652s][info ][safepoint    ] Entering safepoint region: Cleanup
[55.652s][info ][safepoint    ] Leaving safepoint region
[55.652s][info ][safepoint    ] Total time for which application threads were stopped: 0.0000913 seconds, Stopping threads took: 0.0000176 seconds
[56.462s][info ][safepoint    ] Application time: 0.8099692 seconds
[56.462s][info ][safepoint    ] Entering safepoint region: GenCollectForAllocation
[56.462s][info ][gc,start     ] GC(259) Pause Young (Allocation Failure)
[56.462s][info ][gc,task      ] GC(259) Using 4 workers of 4 for evacuation
[56.482s][debug][gc,ref       ] GC(259) Skipped phase1 of Reference Processing due to unavailable references
[56.482s][debug][gc,ref       ] GC(259) Skipped phase3 of Reference Processing due to unavailable references
[56.482s][debug][gc,age       ] GC(259) Desired survivor size 15400960 bytes, new threshold 6 (max threshold 6)
[56.482s][info ][gc,heap      ] GC(259) ParNew: 266732K->18003K(270976K)
[56.482s][info ][gc,heap      ] GC(259) CMS: 269251K->282026K(602112K)
[56.482s][info ][gc,metaspace ] GC(259) Metaspace: 60704K->60704K(1103872K)
[56.482s][info ][gc           ] GC(259) Pause Young (Allocation Failure) 523M->292M(852M) 20.337ms
[56.482s][info ][gc,cpu       ] GC(259) User=0.04s Sys=0.00s Real=0.02s
[56.482s][info ][safepoint    ] Leaving safepoint region
[56.482s][info ][safepoint    ] Total time for which application threads were stopped: 0.0206267 seconds, Stopping threads took: 0.0000320 seconds
[57.482s][info ][safepoint    ] Application time: 1.0000974 seconds
[57.483s][info ][safepoint    ] Entering safepoint region: Cleanup
[57.483s][info ][safepoint    ] Leaving safepoint region
[57.483s][info ][safepoint    ] Total time for which application threads were stopped: 0.0003042 seconds, Stopping threads took: 0.0002029 seconds
[58.483s][info ][safepoint    ] Application time: 1.0000927 seconds
[58.483s][info ][safepoint    ] Entering safepoint region: Cleanup
[58.483s][info ][safepoint    ] Leaving safepoint region
[58.483s][info ][safepoint    ] Total time for which application threads were stopped: 0.0002524 seconds, Stopping threads took: 0.0001553 seconds
[59.483s][info ][safepoint    ] Application time: 1.0000994 seconds
[59.483s][info ][safepoint    ] Entering safepoint region: Cleanup
[59.483s][info ][safepoint    ] Leaving safepoint region
[59.483s][info ][safepoint    ] Total time for which application threads were stopped: 0.0000875 seconds, Stopping threads took: 0.0000241 seconds
[60.484s][info ][safepoint    ] Application time: 1.0001796 seconds
[60.484s][info ][safepoint    ] Entering safepoint region: Cleanup
[60.484s][info ][safepoint    ] Leaving safepoint region
[60.484s][info ][safepoint    ] Total time for which application threads were stopped: 0.0001033 seconds, Stopping threads took: 0.0000172 seconds
[61.484s][info ][safepoint    ] Application time: 1.0000994 seconds
[61.484s][info ][safepoint    ] Entering safepoint region: Cleanup
[61.484s][info ][safepoint    ] Leaving safepoint region
[61.484s][info ][safepoint    ] Total time for which application threads were stopped: 0.0001322 seconds, Stopping threads took: 0.0000198 seconds
[61.857s][info ][safepoint    ] Application time: 0.3735194 seconds
[61.858s][info ][safepoint    ] Entering safepoint region: RevokeBias
[61.858s][info ][safepoint    ] Leaving safepoint region
[61.858s][info ][safepoint    ] Total time for which application threads were stopped: 0.0001663 seconds, Stopping threads took: 0.0000197 seconds
[62.094s][info ][safepoint    ] Application time: 0.2358580 seconds
[62.094s][info ][safepoint    ] Entering safepoint region: GenCollectForAllocation
[62.094s][info ][gc,start     ] GC(260) Pause Young (Allocation Failure)
[62.094s][info ][gc,task      ] GC(260) Using 4 workers of 4 for evacuation
[62.106s][debug][gc,ref       ] GC(260) Skipped phase1 of Reference Processing due to unavailable references
[62.106s][debug][gc,ref       ] GC(260) Skipped phase3 of Reference Processing due to unavailable references
[62.107s][debug][gc,age       ] GC(260) Desired survivor size 15400960 bytes, new threshold 6 (max threshold 6)
[62.107s][info ][gc,heap      ] GC(260) ParNew: 258899K->14069K(270976K)
[62.107s][info ][gc,heap      ] GC(260) CMS: 282026K->282026K(602112K)
[62.107s][info ][gc,metaspace ] GC(260) Metaspace: 60777K->60777K(1103872K)
[62.107s][info ][gc           ] GC(260) Pause Young (Allocation Failure) 528M->289M(852M) 12.902ms
[62.107s][info ][gc,cpu       ] GC(260) User=0.02s Sys=0.00s Real=0.01s
[62.107s][info ][safepoint    ] Leaving safepoint region
[62.107s][info ][safepoint    ] Total time for which application threads were stopped: 0.0130948 seconds, Stopping threads took: 0.0000198 seconds
[63.107s][info ][safepoint    ] Application time: 1.0000984 seconds
[63.112s][info ][safepoint    ] Entering safepoint region: Cleanup
[63.112s][info ][safepoint    ] Leaving safepoint region
[63.112s][info ][safepoint    ] Total time for which application threads were stopped: 0.0051070 seconds, Stopping threads took: 0.0049072 seconds
[64.112s][info ][safepoint    ] Application time: 1.0000946 seconds
[64.119s][info ][safepoint    ] Entering safepoint region: Cleanup
[64.119s][info ][safepoint    ] Leaving safepoint region
[64.119s][info ][safepoint    ] Total time for which application threads were stopped: 0.0069483 seconds, Stopping threads took: 0.0067796 seconds
[65.119s][info ][safepoint    ] Application time: 1.0000923 seconds
[65.119s][info ][safepoint    ] Entering safepoint region: Cleanup
[65.119s][info ][safepoint    ] Leaving safepoint region
[65.119s][info ][safepoint    ] Total time for which application threads were stopped: 0.0001388 seconds, Stopping threads took: 0.0000225 seconds
[66.119s][info ][safepoint    ] Application time: 1.0000947 seconds
[66.124s][info ][safepoint    ] Entering safepoint region: Cleanup
[66.124s][info ][safepoint    ] Leaving safepoint region
[66.124s][info ][safepoint    ] Total time for which application threads were stopped: 0.0044828 seconds, Stopping threads took: 0.0043567 seconds
[67.124s][info ][safepoint    ] Application time: 1.0000866 seconds
[67.124s][info ][safepoint    ] Entering safepoint region: Cleanup
[67.124s][info ][safepoint    ] Leaving safepoint region
[67.124s][info ][safepoint    ] Total time for which application threads were stopped: 0.0001473 seconds, Stopping threads took: 0.0000259 seconds
[67.548s][info ][safepoint    ] Application time: 0.4236631 seconds
[67.548s][info ][safepoint    ] Entering safepoint region: GenCollectForAllocation
[67.548s][info ][gc,start     ] GC(261) Pause Young (Allocation Failure)
[67.548s][info ][gc,task      ] GC(261) Using 4 workers of 4 for evacuation
[67.556s][debug][gc,ref       ] GC(261) Skipped phase1 of Reference Processing due to unavailable references
[67.556s][debug][gc,ref       ] GC(261) Skipped phase3 of Reference Processing due to unavailable references
[67.556s][debug][gc,age       ] GC(261) Desired survivor size 15400960 bytes, new threshold 6 (max threshold 6)
[67.556s][info ][gc,heap      ] GC(261) ParNew: 254965K->16091K(270976K)
[67.556s][info ][gc,heap      ] GC(261) CMS: 282026K->282026K(602112K)
[67.556s][info ][gc,metaspace ] GC(261) Metaspace: 60789K->60789K(1103872K)
[67.556s][info ][gc           ] GC(261) Pause Young (Allocation Failure) 524M->291M(852M) 7.895ms
[67.556s][info ][gc,cpu       ] GC(261) User=0.03s Sys=0.00s Real=0.01s
[67.556s][info ][safepoint    ] Leaving safepoint region
[67.556s][info ][safepoint    ] Total time for which application threads were stopped: 0.0081344 seconds, Stopping threads took: 0.0000490 seconds
[68.556s][info ][safepoint    ] Application time: 1.0001559 seconds
[68.556s][info ][safepoint    ] Entering safepoint region: Cleanup
[68.556s][info ][safepoint    ] Leaving safepoint region
[68.556s][info ][safepoint    ] Total time for which application threads were stopped: 0.0001518 seconds, Stopping threads took: 0.0000417 seconds
[69.556s][info ][safepoint    ] Application time: 1.0000851 seconds
[69.557s][info ][safepoint    ] Entering safepoint region: Cleanup
[69.557s][info ][safepoint    ] Leaving safepoint region
[69.557s][info ][safepoint    ] Total time for which application threads were stopped: 0.0002039 seconds, Stopping threads took: 0.0000480 seconds
[70.557s][info ][safepoint    ] Application time: 1.0000907 seconds
[70.557s][info ][safepoint    ] Entering safepoint region: Cleanup
[70.557s][info ][safepoint    ] Leaving safepoint region
[70.557s][info ][safepoint    ] Total time for which application threads were stopped: 0.0001628 seconds, Stopping threads took: 0.0000230 seconds
[71.557s][info ][safepoint    ] Application time: 1.0000861 seconds
[71.557s][info ][safepoint    ] Entering safepoint region: Cleanup
[71.557s][info ][safepoint    ] Leaving safepoint region
[71.557s][info ][safepoint    ] Total time for which application threads were stopped: 0.0001364 seconds, Stopping threads took: 0.0000397 seconds
[72.557s][info ][safepoint    ] Application time: 1.0000867 seconds
[72.558s][info ][safepoint    ] Entering safepoint region: Cleanup
[72.558s][info ][safepoint    ] Leaving safepoint region
[72.558s][info ][safepoint    ] Total time for which application threads were stopped: 0.0003385 seconds, Stopping threads took: 0.0002087 seconds
[73.148s][info ][safepoint    ] Application time: 0.5905386 seconds
[73.148s][info ][safepoint    ] Entering safepoint region: GenCollectForAllocation
[73.149s][info ][gc,start     ] GC(262) Pause Young (Allocation Failure)
[73.149s][info ][gc,task      ] GC(262) Using 4 workers of 4 for evacuation
[73.168s][debug][gc,ref       ] GC(262) Skipped phase1 of Reference Processing due to unavailable references
[73.168s][debug][gc,ref       ] GC(262) Skipped phase3 of Reference Processing due to unavailable references
[73.168s][debug][gc,age       ] GC(262) Desired survivor size 15400960 bytes, new threshold 6 (max threshold 6)
[73.168s][info ][gc,heap      ] GC(262) ParNew: 256987K->14543K(270976K)
[73.168s][info ][gc,heap      ] GC(262) CMS: 282026K->282026K(602112K)
[73.168s][info ][gc,metaspace ] GC(262) Metaspace: 60821K->60821K(1103872K)
[73.168s][info ][gc           ] GC(262) Pause Young (Allocation Failure) 526M->289M(852M) 19.738ms
[73.168s][info ][gc,cpu       ] GC(262) User=0.03s Sys=0.00s Real=0.02s
[73.168s][info ][safepoint    ] Leaving safepoint region
[73.168s][info ][safepoint    ] Total time for which application threads were stopped: 0.0200000 seconds, Stopping threads took: 0.0000358 seconds
[74.170s][info ][safepoint    ] Application time: 1.0013918 seconds
[74.170s][info ][safepoint    ] Entering safepoint region: Cleanup
[74.170s][info ][safepoint    ] Leaving safepoint region
[74.170s][info ][safepoint    ] Total time for which application threads were stopped: 0.0001001 seconds, Stopping threads took: 0.0000230 seconds
[75.170s][info ][safepoint    ] Application time: 1.0000912 seconds
[75.170s][info ][safepoint    ] Entering safepoint region: Cleanup
[75.170s][info ][safepoint    ] Leaving safepoint region
[75.170s][info ][safepoint    ] Total time for which application threads were stopped: 0.0001262 seconds, Stopping threads took: 0.0000239 seconds
[75.687s][info ][safepoint    ] Application time: 0.5167673 seconds
[75.687s][info ][safepoint    ] Entering safepoint region: RevokeBias
[75.687s][info ][safepoint    ] Leaving safepoint region
[75.687s][info ][safepoint    ] Total time for which application threads were stopped: 0.0002048 seconds, Stopping threads took: 0.0000381 seconds
[76.272s][info ][safepoint    ] Application time: 0.5852905 seconds
[76.273s][info ][safepoint    ] Entering safepoint region: ICBufferFull
[76.273s][info ][safepoint    ] Leaving safepoint region
[76.273s][info ][safepoint    ] Total time for which application threads were stopped: 0.0005135 seconds, Stopping threads took: 0.0002006 seconds
[76.373s][info ][safepoint    ] Application time: 0.0999503 seconds
[76.373s][info ][safepoint    ] Entering safepoint region: GenCollectForAllocation
[76.373s][info ][gc,start     ] GC(263) Pause Young (Allocation Failure)
[76.373s][info ][gc,task      ] GC(263) Using 4 workers of 4 for evacuation
[76.435s][debug][gc,ref       ] GC(263) Skipped phase1 of Reference Processing due to unavailable references
[76.435s][debug][gc,ref       ] GC(263) Skipped phase3 of Reference Processing due to unavailable references
[76.435s][debug][gc,age       ] GC(263) Desired survivor size 15400960 bytes, new threshold 1 (max threshold 6)
[76.435s][info ][gc,heap      ] GC(263) ParNew: 255439K->30080K(270976K)
[76.435s][info ][gc,heap      ] GC(263) CMS: 282026K->298571K(602112K)
[76.435s][info ][gc,metaspace ] GC(263) Metaspace: 61180K->61180K(1105920K)
[76.435s][info ][gc           ] GC(263) Pause Young (Allocation Failure) 524M->320M(852M) 61.797ms
[76.435s][info ][gc,cpu       ] GC(263) User=0.12s Sys=0.00s Real=0.06s
[76.435s][info ][safepoint    ] Leaving safepoint region
[76.435s][info ][safepoint    ] Total time for which application threads were stopped: 0.0621278 seconds, Stopping threads took: 0.0000217 seconds
[76.460s][info ][safepoint    ] Application time: 0.0244490 seconds
[76.460s][info ][safepoint    ] Entering safepoint region: RevokeBias
[76.460s][info ][safepoint    ] Leaving safepoint region
[76.460s][info ][safepoint    ] Total time for which application threads were stopped: 0.0003345 seconds, Stopping threads took: 0.0001754 seconds
[77.460s][info ][safepoint    ] Application time: 1.0001191 seconds
[77.460s][info ][safepoint    ] Entering safepoint region: Cleanup
[77.460s][info ][safepoint    ] Leaving safepoint region
[77.460s][info ][safepoint    ] Total time for which application threads were stopped: 0.0003242 seconds, Stopping threads took: 0.0000524 seconds
[78.461s][info ][safepoint    ] Application time: 1.0001264 seconds
[78.461s][info ][safepoint    ] Entering safepoint region: Cleanup
[78.461s][info ][safepoint    ] Leaving safepoint region
[78.461s][info ][safepoint    ] Total time for which application threads were stopped: 0.0001138 seconds, Stopping threads took: 0.0000212 seconds
[79.461s][info ][safepoint    ] Application time: 1.0002900 seconds
[79.461s][info ][safepoint    ] Entering safepoint region: Cleanup
[79.461s][info ][safepoint    ] Leaving safepoint region
[79.461s][info ][safepoint    ] Total time for which application threads were stopped: 0.0001864 seconds, Stopping threads took: 0.0000514 seconds
[80.461s][info ][safepoint    ] Application time: 1.0000964 seconds
[80.461s][info ][safepoint    ] Entering safepoint region: Cleanup
[80.462s][info ][safepoint    ] Leaving safepoint region
[80.462s][info ][safepoint    ] Total time for which application threads were stopped: 0.0002061 seconds, Stopping threads took: 0.0000409 seconds
[81.462s][info ][safepoint    ] Application time: 1.0004650 seconds
[81.462s][info ][safepoint    ] Entering safepoint region: Cleanup
[81.462s][info ][safepoint    ] Leaving safepoint region
[81.462s][info ][safepoint    ] Total time for which application threads were stopped: 0.0002266 seconds, Stopping threads took: 0.0000721 seconds
[81.999s][info ][safepoint    ] Application time: 0.5369740 seconds
[81.999s][info ][safepoint    ] Entering safepoint region: ICBufferFull
[82.000s][info ][safepoint    ] Leaving safepoint region
[82.000s][info ][safepoint    ] Total time for which application threads were stopped: 0.0007715 seconds, Stopping threads took: 0.0000181 seconds
[82.205s][info ][safepoint    ] Application time: 0.2053968 seconds
[82.206s][info ][safepoint    ] Entering safepoint region: RevokeBias
[82.206s][info ][safepoint    ] Leaving safepoint region
[82.206s][info ][safepoint    ] Total time for which application threads were stopped: 0.0003629 seconds, Stopping threads took: 0.0001608 seconds
[82.912s][info ][safepoint    ] Application time: 0.7057328 seconds
[82.912s][info ][safepoint    ] Entering safepoint region: GenCollectForAllocation
[82.912s][info ][gc,start     ] GC(264) Pause Young (Allocation Failure)
[82.912s][info ][gc,task      ] GC(264) Using 4 workers of 4 for evacuation
[82.943s][debug][gc,ref       ] GC(264) Skipped phase1 of Reference Processing due to unavailable references
[82.943s][debug][gc,ref       ] GC(264) Skipped phase3 of Reference Processing due to unavailable references
[82.943s][debug][gc,age       ] GC(264) Desired survivor size 15400960 bytes, new threshold 1 (max threshold 6)
[82.944s][info ][gc,heap      ] GC(264) ParNew: 270976K->30080K(270976K)
[82.944s][info ][gc,heap      ] GC(264) CMS: 298571K->308184K(602112K)
[82.944s][info ][gc,metaspace ] GC(264) Metaspace: 61393K->61393K(1105920K)
[82.944s][info ][gc           ] GC(264) Pause Young (Allocation Failure) 556M->330M(852M) 31.748ms
[82.944s][info ][gc,cpu       ] GC(264) User=0.09s Sys=0.00s Real=0.03s
[82.944s][info ][safepoint    ] Leaving safepoint region
[82.944s][info ][safepoint    ] Total time for which application threads were stopped: 0.0319923 seconds, Stopping threads took: 0.0000200 seconds
[83.944s][info ][safepoint    ] Application time: 1.0002876 seconds
[83.945s][info ][safepoint    ] Entering safepoint region: Cleanup
[83.945s][info ][safepoint    ] Leaving safepoint region
[83.945s][info ][safepoint    ] Total time for which application threads were stopped: 0.0010708 seconds, Stopping threads took: 0.0009770 seconds
[84.756s][info ][safepoint    ] Application time: 0.8109611 seconds
[84.756s][info ][safepoint    ] Entering safepoint region: RevokeBias
[84.756s][info ][safepoint    ] Leaving safepoint region
[84.756s][info ][safepoint    ] Total time for which application threads were stopped: 0.0001027 seconds, Stopping threads took: 0.0000202 seconds
[85.756s][info ][safepoint    ] Application time: 1.0001162 seconds
[85.756s][info ][safepoint    ] Entering safepoint region: Cleanup
[85.756s][info ][safepoint    ] Leaving safepoint region
[85.756s][info ][safepoint    ] Total time for which application threads were stopped: 0.0001046 seconds, Stopping threads took: 0.0000240 seconds
[86.756s][info ][safepoint    ] Application time: 1.0001090 seconds
[86.757s][info ][safepoint    ] Entering safepoint region: Cleanup
[86.757s][info ][safepoint    ] Leaving safepoint region
[86.757s][info ][safepoint    ] Total time for which application threads were stopped: 0.0000899 seconds, Stopping threads took: 0.0000236 seconds
[87.757s][info ][safepoint    ] Application time: 1.0000948 seconds
[87.757s][info ][safepoint    ] Entering safepoint region: Cleanup
[87.757s][info ][safepoint    ] Leaving safepoint region
[87.757s][info ][safepoint    ] Total time for which application threads were stopped: 0.0000993 seconds, Stopping threads took: 0.0000216 seconds
[88.757s][info ][safepoint    ] Application time: 1.0001431 seconds
[88.757s][info ][safepoint    ] Entering safepoint region: Cleanup
[88.757s][info ][safepoint    ] Leaving safepoint region
[88.757s][info ][safepoint    ] Total time for which application threads were stopped: 0.0001010 seconds, Stopping threads took: 0.0000237 seconds
[89.758s][info ][safepoint    ] Application time: 1.0003792 seconds
[89.758s][info ][safepoint    ] Entering safepoint region: Cleanup
[89.758s][info ][safepoint    ] Leaving safepoint region
[89.758s][info ][safepoint    ] Total time for which application threads were stopped: 0.0000951 seconds, Stopping threads took: 0.0000227 seconds
[90.758s][info ][safepoint    ] Application time: 1.0000947 seconds
[90.758s][info ][safepoint    ] Entering safepoint region: Cleanup
[90.758s][info ][safepoint    ] Leaving safepoint region
[90.758s][info ][safepoint    ] Total time for which application threads were stopped: 0.0000941 seconds, Stopping threads took: 0.0000237 seconds
[91.758s][info ][safepoint    ] Application time: 1.0000869 seconds
[91.758s][info ][safepoint    ] Entering safepoint region: Cleanup
[91.758s][info ][safepoint    ] Leaving safepoint region
[91.758s][info ][safepoint    ] Total time for which application threads were stopped: 0.0001046 seconds, Stopping threads took: 0.0000231 seconds
[92.758s][info ][safepoint    ] Application time: 1.0000962 seconds
[92.758s][info ][safepoint    ] Entering safepoint region: Cleanup
[92.758s][info ][safepoint    ] Leaving safepoint region
[92.758s][info ][safepoint    ] Total time for which application threads were stopped: 0.0001108 seconds, Stopping threads took: 0.0000327 seconds
[93.759s][info ][safepoint    ] Application time: 1.0001117 seconds
[93.759s][info ][safepoint    ] Entering safepoint region: Cleanup
[93.759s][info ][safepoint    ] Leaving safepoint region
[93.759s][info ][safepoint    ] Total time for which application threads were stopped: 0.0000917 seconds, Stopping threads took: 0.0000240 seconds
[94.759s][info ][safepoint    ] Application time: 1.0000941 seconds
[94.759s][info ][safepoint    ] Entering safepoint region: Cleanup
[94.759s][info ][safepoint    ] Leaving safepoint region
[94.759s][info ][safepoint    ] Total time for which application threads were stopped: 0.0000957 seconds, Stopping threads took: 0.0000244 seconds
[95.759s][info ][safepoint    ] Application time: 1.0001322 seconds
[95.759s][info ][safepoint    ] Entering safepoint region: Cleanup
[95.759s][info ][safepoint    ] Leaving safepoint region
[95.759s][info ][safepoint    ] Total time for which application threads were stopped: 0.0000986 seconds, Stopping threads took: 0.0000214 seconds
[96.759s][info ][safepoint    ] Application time: 1.0000678 seconds
[96.759s][info ][safepoint    ] Entering safepoint region: Cleanup
[96.759s][info ][safepoint    ] Leaving safepoint region
[96.759s][info ][safepoint    ] Total time for which application threads were stopped: 0.0000956 seconds, Stopping threads took: 0.0000219 seconds
[97.760s][info ][safepoint    ] Application time: 1.0000875 seconds
[97.760s][info ][safepoint    ] Entering safepoint region: Cleanup
[97.760s][info ][safepoint    ] Leaving safepoint region
[97.760s][info ][safepoint    ] Total time for which application threads were stopped: 0.0000897 seconds, Stopping threads took: 0.0000222 seconds
[98.760s][info ][safepoint    ] Application time: 1.0001143 seconds
[98.760s][info ][safepoint    ] Entering safepoint region: Cleanup
[98.760s][info ][safepoint    ] Leaving safepoint region
[98.760s][info ][safepoint    ] Total time for which application threads were stopped: 0.0000942 seconds, Stopping threads took: 0.0000236 seconds
[99.760s][info ][safepoint    ] Application time: 1.0001056 seconds
[99.760s][info ][safepoint    ] Entering safepoint region: Cleanup
[99.760s][info ][safepoint    ] Leaving safepoint region
[99.760s][info ][safepoint    ] Total time for which application threads were stopped: 0.0000942 seconds, Stopping threads took: 0.0000229 seconds
[100.760s][info ][safepoint    ] Application time: 1.0001569 seconds
[100.760s][info ][safepoint    ] Entering safepoint region: Cleanup
[100.761s][info ][safepoint    ] Leaving safepoint region
[100.761s][info ][safepoint    ] Total time for which application threads were stopped: 0.0000904 seconds, Stopping threads took: 0.0000251 seconds
[101.761s][info ][safepoint    ] Application time: 1.0001099 seconds
[101.761s][info ][safepoint    ] Entering safepoint region: Cleanup
[101.761s][info ][safepoint    ] Leaving safepoint region
[101.761s][info ][safepoint    ] Total time for which application threads were stopped: 0.0001100 seconds, Stopping threads took: 0.0000405 seconds
[102.761s][info ][safepoint    ] Application time: 1.0000847 seconds
[102.761s][info ][safepoint    ] Entering safepoint region: Cleanup
[102.761s][info ][safepoint    ] Leaving safepoint region
[102.761s][info ][safepoint    ] Total time for which application threads were stopped: 0.0001119 seconds, Stopping threads took: 0.0000228 seconds
[103.761s][info ][safepoint    ] Application time: 1.0000986 seconds
[103.761s][info ][safepoint    ] Entering safepoint region: Cleanup
[103.761s][info ][safepoint    ] Leaving safepoint region
[103.761s][info ][safepoint    ] Total time for which application threads were stopped: 0.0000916 seconds, Stopping threads took: 0.0000222 seconds
[104.761s][info ][safepoint    ] Application time: 1.0000956 seconds
[104.761s][info ][safepoint    ] Entering safepoint region: Cleanup
[104.762s][info ][safepoint    ] Leaving safepoint region
[104.762s][info ][safepoint    ] Total time for which application threads were stopped: 0.0000929 seconds, Stopping threads took: 0.0000229 seconds
[105.762s][info ][safepoint    ] Application time: 1.0001229 seconds
[105.762s][info ][safepoint    ] Entering safepoint region: Cleanup
[105.762s][info ][safepoint    ] Leaving safepoint region
[105.762s][info ][safepoint    ] Total time for which application threads were stopped: 0.0001058 seconds, Stopping threads took: 0.0000225 seconds
[106.762s][info ][safepoint    ] Application time: 1.0000988 seconds
[106.762s][info ][safepoint    ] Entering safepoint region: Cleanup
[106.762s][info ][safepoint    ] Leaving safepoint region
[106.762s][info ][safepoint    ] Total time for which application threads were stopped: 0.0000922 seconds, Stopping threads took: 0.0000219 seconds
[107.762s][info ][safepoint    ] Application time: 1.0001041 seconds
[107.762s][info ][safepoint    ] Entering safepoint region: Cleanup
[107.762s][info ][safepoint    ] Leaving safepoint region
[107.762s][info ][safepoint    ] Total time for which application threads were stopped: 0.0000975 seconds, Stopping threads took: 0.0000225 seconds
[108.762s][info ][safepoint    ] Application time: 1.0000953 seconds
[108.762s][info ][safepoint    ] Entering safepoint region: Cleanup
[108.763s][info ][safepoint    ] Leaving safepoint region
[108.763s][info ][safepoint    ] Total time for which application threads were stopped: 0.0001081 seconds, Stopping threads took: 0.0000214 seconds
[109.763s][info ][safepoint    ] Application time: 1.0000644 seconds
[109.763s][info ][safepoint    ] Entering safepoint region: Cleanup
[109.763s][info ][safepoint    ] Leaving safepoint region
[109.763s][info ][safepoint    ] Total time for which application threads were stopped: 0.0000877 seconds, Stopping threads took: 0.0000226 seconds
[110.763s][info ][safepoint    ] Application time: 1.0002169 seconds
[110.763s][info ][safepoint    ] Entering safepoint region: Cleanup
[110.763s][info ][safepoint    ] Leaving safepoint region
[110.763s][info ][safepoint    ] Total time for which application threads were stopped: 0.0000920 seconds, Stopping threads took: 0.0000232 seconds
[111.763s][info ][safepoint    ] Application time: 1.0000942 seconds
[111.763s][info ][safepoint    ] Entering safepoint region: Cleanup
[111.763s][info ][safepoint    ] Leaving safepoint region
[111.763s][info ][safepoint    ] Total time for which application threads were stopped: 0.0000940 seconds, Stopping threads took: 0.0000235 seconds
[112.763s][info ][safepoint    ] Application time: 1.0000836 seconds
[112.763s][info ][safepoint    ] Entering safepoint region: Cleanup
[112.764s][info ][safepoint    ] Leaving safepoint region
[112.764s][info ][safepoint    ] Total time for which application threads were stopped: 0.0001214 seconds, Stopping threads took: 0.0000221 seconds
[113.764s][info ][safepoint    ] Application time: 1.0000864 seconds
[113.764s][info ][safepoint    ] Entering safepoint region: Cleanup
[113.764s][info ][safepoint    ] Leaving safepoint region
[113.764s][info ][safepoint    ] Total time for which application threads were stopped: 0.0001067 seconds, Stopping threads took: 0.0000230 seconds
[114.764s][info ][safepoint    ] Application time: 1.0000983 seconds
[114.764s][info ][safepoint    ] Entering safepoint region: Cleanup
[114.764s][info ][safepoint    ] Leaving safepoint region
[114.764s][info ][safepoint    ] Total time for which application threads were stopped: 0.0000914 seconds, Stopping threads took: 0.0000228 seconds
[115.764s][info ][safepoint    ] Application time: 1.0000963 seconds
[115.764s][info ][safepoint    ] Entering safepoint region: Cleanup
[115.764s][info ][safepoint    ] Leaving safepoint region
[115.764s][info ][safepoint    ] Total time for which application threads were stopped: 0.0000963 seconds, Stopping threads took: 0.0000247 seconds
[116.764s][info ][safepoint    ] Application time: 1.0000535 seconds
[116.764s][info ][safepoint    ] Entering safepoint region: Cleanup
[116.764s][info ][safepoint    ] Leaving safepoint region
[116.764s][info ][safepoint    ] Total time for which application threads were stopped: 0.0000889 seconds, Stopping threads took: 0.0000215 seconds
[117.765s][info ][safepoint    ] Application time: 1.0001015 seconds
[117.765s][info ][safepoint    ] Entering safepoint region: Cleanup
[117.765s][info ][safepoint    ] Leaving safepoint region
[117.765s][info ][safepoint    ] Total time for which application threads were stopped: 0.0000954 seconds, Stopping threads took: 0.0000265 seconds
[118.765s][info ][safepoint    ] Application time: 1.0000957 seconds
[118.765s][info ][safepoint    ] Entering safepoint region: Cleanup
[118.765s][info ][safepoint    ] Leaving safepoint region
[118.765s][info ][safepoint    ] Total time for which application threads were stopped: 0.0000923 seconds, Stopping threads took: 0.0000216 seconds
[119.765s][info ][safepoint    ] Application time: 1.0001257 seconds
[119.765s][info ][safepoint    ] Entering safepoint region: Cleanup
[119.765s][info ][safepoint    ] Leaving safepoint region
[119.765s][info ][safepoint    ] Total time for which application threads were stopped: 0.0000914 seconds, Stopping threads took: 0.0000224 seconds
[120.765s][info ][safepoint    ] Application time: 1.0000729 seconds
[120.765s][info ][safepoint    ] Entering safepoint region: Cleanup
[120.765s][info ][safepoint    ] Leaving safepoint region
[120.766s][info ][safepoint    ] Total time for which application threads were stopped: 0.0000911 seconds, Stopping threads took: 0.0000231 seconds
[121.766s][info ][safepoint    ] Application time: 1.0001294 seconds
[121.766s][info ][safepoint    ] Entering safepoint region: Cleanup
[121.766s][info ][safepoint    ] Leaving safepoint region
[121.766s][info ][safepoint    ] Total time for which application threads were stopped: 0.0000947 seconds, Stopping threads took: 0.0000215 seconds
[122.766s][info ][safepoint    ] Application time: 1.0001651 seconds
[122.766s][info ][safepoint    ] Entering safepoint region: Cleanup
[122.766s][info ][safepoint    ] Leaving safepoint region
[122.766s][info ][safepoint    ] Total time for which application threads were stopped: 0.0000999 seconds, Stopping threads took: 0.0000231 seconds
[123.766s][info ][safepoint    ] Application time: 1.0000913 seconds
[123.766s][info ][safepoint    ] Entering safepoint region: Cleanup
[123.766s][info ][safepoint    ] Leaving safepoint region
[123.766s][info ][safepoint    ] Total time for which application threads were stopped: 0.0000901 seconds, Stopping threads took: 0.0000217 seconds
[124.766s][info ][safepoint    ] Application time: 1.0001073 seconds
[124.767s][info ][safepoint    ] Entering safepoint region: Cleanup
[124.767s][info ][safepoint    ] Leaving safepoint region
[124.767s][info ][safepoint    ] Total time for which application threads were stopped: 0.0000892 seconds, Stopping threads took: 0.0000221 seconds
[125.767s][info ][safepoint    ] Application time: 1.0000962 seconds
[125.767s][info ][safepoint    ] Entering safepoint region: Cleanup
[125.767s][info ][safepoint    ] Leaving safepoint region
[125.767s][info ][safepoint    ] Total time for which application threads were stopped: 0.0001055 seconds, Stopping threads took: 0.0000213 seconds
[126.767s][info ][safepoint    ] Application time: 1.0000934 seconds
[126.767s][info ][safepoint    ] Entering safepoint region: Cleanup
[126.767s][info ][safepoint    ] Leaving safepoint region
[126.767s][info ][safepoint    ] Total time for which application threads were stopped: 0.0000856 seconds, Stopping threads took: 0.0000201 seconds
[127.767s][info ][safepoint    ] Application time: 1.0001033 seconds
[127.767s][info ][safepoint    ] Entering safepoint region: Cleanup
[127.767s][info ][safepoint    ] Leaving safepoint region
[127.767s][info ][safepoint    ] Total time for which application threads were stopped: 0.0000942 seconds, Stopping threads took: 0.0000219 seconds
[128.767s][info ][safepoint    ] Application time: 1.0001131 seconds
[128.767s][info ][safepoint    ] Entering safepoint region: Cleanup
[128.768s][info ][safepoint    ] Leaving safepoint region
[128.768s][info ][safepoint    ] Total time for which application threads were stopped: 0.0001345 seconds, Stopping threads took: 0.0000326 seconds
[129.768s][info ][safepoint    ] Application time: 1.0000965 seconds
[129.768s][info ][safepoint    ] Entering safepoint region: Cleanup
[129.768s][info ][safepoint    ] Leaving safepoint region
[129.768s][info ][safepoint    ] Total time for which application threads were stopped: 0.0000860 seconds, Stopping threads took: 0.0000206 seconds
[130.768s][info ][safepoint    ] Application time: 1.0000537 seconds
[130.768s][info ][safepoint    ] Entering safepoint region: Cleanup
[130.768s][info ][safepoint    ] Leaving safepoint region
[130.768s][info ][safepoint    ] Total time for which application threads were stopped: 0.0000907 seconds, Stopping threads took: 0.0000225 seconds
[131.768s][info ][safepoint    ] Application time: 1.0000521 seconds
[131.768s][info ][safepoint    ] Entering safepoint region: Cleanup
[131.768s][info ][safepoint    ] Leaving safepoint region
[131.768s][info ][safepoint    ] Total time for which application threads were stopped: 0.0000906 seconds, Stopping threads took: 0.0000220 seconds
[132.768s][info ][safepoint    ] Application time: 1.0000925 seconds
[132.768s][info ][safepoint    ] Entering safepoint region: Cleanup
[132.768s][info ][safepoint    ] Leaving safepoint region
[132.768s][info ][safepoint    ] Total time for which application threads were stopped: 0.0001185 seconds, Stopping threads took: 0.0000339 seconds
[133.769s][info ][safepoint    ] Application time: 1.0000856 seconds
[133.769s][info ][safepoint    ] Entering safepoint region: Cleanup
[133.769s][info ][safepoint    ] Leaving safepoint region
[133.769s][info ][safepoint    ] Total time for which application threads were stopped: 0.0001046 seconds, Stopping threads took: 0.0000374 seconds
[134.769s][info ][safepoint    ] Application time: 1.0001144 seconds
[134.769s][info ][safepoint    ] Entering safepoint region: Cleanup
[134.769s][info ][safepoint    ] Leaving safepoint region
[134.769s][info ][safepoint    ] Total time for which application threads were stopped: 0.0001414 seconds, Stopping threads took: 0.0000210 seconds
[135.769s][info ][safepoint    ] Application time: 1.0001053 seconds
[135.769s][info ][safepoint    ] Entering safepoint region: Cleanup
[135.769s][info ][safepoint    ] Leaving safepoint region
[135.769s][info ][safepoint    ] Total time for which application threads were stopped: 0.0000878 seconds, Stopping threads took: 0.0000216 seconds
[136.769s][info ][safepoint    ] Application time: 1.0001147 seconds
[136.769s][info ][safepoint    ] Entering safepoint region: Cleanup
[136.769s][info ][safepoint    ] Leaving safepoint region
[136.770s][info ][safepoint    ] Total time for which application threads were stopped: 0.0000896 seconds, Stopping threads took: 0.0000208 seconds
[137.770s][info ][safepoint    ] Application time: 1.0001244 seconds
[137.770s][info ][safepoint    ] Entering safepoint region: Cleanup
[137.770s][info ][safepoint    ] Leaving safepoint region
[137.770s][info ][safepoint    ] Total time for which application threads were stopped: 0.0000926 seconds, Stopping threads took: 0.0000222 seconds
[138.770s][info ][safepoint    ] Application time: 1.0000935 seconds
[138.770s][info ][safepoint    ] Entering safepoint region: Cleanup
[138.770s][info ][safepoint    ] Leaving safepoint region
[138.770s][info ][safepoint    ] Total time for which application threads were stopped: 0.0000951 seconds, Stopping threads took: 0.0000234 seconds
[139.770s][info ][safepoint    ] Application time: 1.0000799 seconds
[139.770s][info ][safepoint    ] Entering safepoint region: Cleanup
[139.770s][info ][safepoint    ] Leaving safepoint region
[139.770s][info ][safepoint    ] Total time for which application threads were stopped: 0.0001059 seconds, Stopping threads took: 0.0000223 seconds
[140.770s][info ][safepoint    ] Application time: 1.0000812 seconds
[140.770s][info ][safepoint    ] Entering safepoint region: Cleanup
[140.770s][info ][safepoint    ] Leaving safepoint region
[140.770s][info ][safepoint    ] Total time for which application threads were stopped: 0.0001093 seconds, Stopping threads took: 0.0000234 seconds
[141.771s][info ][safepoint    ] Application time: 1.0000949 seconds
[141.771s][info ][safepoint    ] Entering safepoint region: Cleanup
[141.771s][info ][safepoint    ] Leaving safepoint region
[141.771s][info ][safepoint    ] Total time for which application threads were stopped: 0.0001190 seconds, Stopping threads took: 0.0000355 seconds
[142.771s][info ][safepoint    ] Application time: 1.0000623 seconds
[142.771s][info ][safepoint    ] Entering safepoint region: Cleanup
[142.771s][info ][safepoint    ] Leaving safepoint region
[142.771s][info ][safepoint    ] Total time for which application threads were stopped: 0.0001031 seconds, Stopping threads took: 0.0000221 seconds
[143.088s][info ][safepoint    ] Application time: 0.3169186 seconds
[143.088s][info ][safepoint    ] Entering safepoint region: RevokeBias
[143.088s][info ][safepoint    ] Leaving safepoint region
[143.088s][info ][safepoint    ] Total time for which application threads were stopped: 0.0000955 seconds, Stopping threads took: 0.0000212 seconds
[144.756s][info ][safepoint    ] Application time: 1.6678497 seconds
[144.756s][info ][safepoint    ] Entering safepoint region: RevokeBias
[144.756s][info ][safepoint    ] Leaving safepoint region
[144.756s][info ][safepoint    ] Total time for which application threads were stopped: 0.0000912 seconds, Stopping threads took: 0.0000212 seconds
[145.450s][info ][safepoint    ] Application time: 0.6937075 seconds
[145.450s][info ][safepoint    ] Entering safepoint region: RevokeBias
[145.450s][info ][safepoint    ] Leaving safepoint region
[145.450s][info ][safepoint    ] Total time for which application threads were stopped: 0.0001219 seconds, Stopping threads took: 0.0000328 seconds
[145.458s][info ][safepoint    ] Application time: 0.0083109 seconds
[145.458s][info ][safepoint    ] Entering safepoint region: RevokeBias
[145.458s][info ][safepoint    ] Leaving safepoint region
[145.458s][info ][safepoint    ] Total time for which application threads were stopped: 0.0000924 seconds, Stopping threads took: 0.0000316 seconds
[145.459s][info ][safepoint    ] Application time: 0.0011437 seconds
[145.460s][info ][safepoint    ] Entering safepoint region: RevokeBias
[145.460s][info ][safepoint    ] Leaving safepoint region
[145.460s][info ][safepoint    ] Total time for which application threads were stopped: 0.0001078 seconds, Stopping threads took: 0.0000341 seconds
[145.460s][info ][safepoint    ] Application time: 0.0001094 seconds
[145.460s][info ][safepoint    ] Entering safepoint region: RevokeBias
[145.460s][info ][safepoint    ] Leaving safepoint region
[145.460s][info ][safepoint    ] Total time for which application threads were stopped: 0.0000506 seconds, Stopping threads took: 0.0000088 seconds
[173.463s][info ][safepoint    ] Application time: 28.0033041 seconds
[173.463s][info ][safepoint    ] Entering safepoint region: Cleanup
[173.463s][info ][safepoint    ] Leaving safepoint region
[173.463s][info ][safepoint    ] Total time for which application threads were stopped: 0.0001957 seconds, Stopping threads took: 0.0000374 seconds
[203.088s][info ][safepoint    ] Application time: 29.6245477 seconds
[203.088s][info ][safepoint    ] Entering safepoint region: RevokeBias
[203.088s][info ][safepoint    ] Leaving safepoint region
[203.088s][info ][safepoint    ] Total time for which application threads were stopped: 0.0001060 seconds, Stopping threads took: 0.0000342 seconds
[204.756s][info ][safepoint    ] Application time: 1.6678355 seconds
[204.756s][info ][safepoint    ] Entering safepoint region: RevokeBias
[204.756s][info ][safepoint    ] Leaving safepoint region
[204.756s][info ][safepoint    ] Total time for which application threads were stopped: 0.0001013 seconds, Stopping threads took: 0.0000181 seconds
[247.743s][info ][safepoint    ] Application time: 42.9865312 seconds
[247.743s][info ][safepoint    ] Entering safepoint region: GenCollectForAllocation
[247.743s][info ][gc,start     ] GC(265) Pause Young (Allocation Failure)
[247.743s][info ][gc,task      ] GC(265) Using 4 workers of 4 for evacuation
[247.749s][debug][gc,ref       ] GC(265) Skipped phase1 of Reference Processing due to unavailable references
[247.749s][debug][gc,ref       ] GC(265) Skipped phase3 of Reference Processing due to unavailable references
[247.749s][debug][gc,age       ] GC(265) Desired survivor size 15400960 bytes, new threshold 6 (max threshold 6)
[247.749s][info ][gc,heap      ] GC(265) ParNew: 270976K->24899K(270976K)
[247.749s][info ][gc,heap      ] GC(265) CMS: 308184K->309640K(602112K)
[247.749s][info ][gc,metaspace ] GC(265) Metaspace: 61408K->61408K(1105920K)
[247.749s][info ][gc           ] GC(265) Pause Young (Allocation Failure) 565M->326M(852M) 6.474ms
[247.749s][info ][gc,cpu       ] GC(265) User=0.00s Sys=0.02s Real=0.01s
[247.749s][info ][safepoint    ] Leaving safepoint region
[247.749s][info ][safepoint    ] Total time for which application threads were stopped: 0.0067354 seconds, Stopping threads took: 0.0000540 seconds
[263.088s][info ][safepoint    ] Application time: 15.3386198 seconds
[263.088s][info ][safepoint    ] Entering safepoint region: RevokeBias
[263.088s][info ][safepoint    ] Leaving safepoint region
[263.088s][info ][safepoint    ] Total time for which application threads were stopped: 0.0001589 seconds, Stopping threads took: 0.0000545 seconds
[264.756s][info ][safepoint    ] Application time: 1.6676520 seconds
[264.756s][info ][safepoint    ] Entering safepoint region: RevokeBias
[264.756s][info ][safepoint    ] Leaving safepoint region
[264.756s][info ][safepoint    ] Total time for which application threads were stopped: 0.0000857 seconds, Stopping threads took: 0.0000169 seconds
[319.763s][info ][safepoint    ] Application time: 55.0067587 seconds
[319.763s][info ][safepoint    ] Entering safepoint region: Cleanup
[319.763s][info ][safepoint    ] Leaving safepoint region
[319.763s][info ][safepoint    ] Total time for which application threads were stopped: 0.0002740 seconds, Stopping threads took: 0.0000735 seconds
[320.763s][info ][safepoint    ] Application time: 1.0001034 seconds
[320.763s][info ][safepoint    ] Entering safepoint region: Cleanup
[320.763s][info ][safepoint    ] Leaving safepoint region
[320.763s][info ][safepoint    ] Total time for which application threads were stopped: 0.0000879 seconds, Stopping threads took: 0.0000202 seconds
[323.088s][info ][safepoint    ] Application time: 2.3245789 seconds
[323.088s][info ][safepoint    ] Entering safepoint region: RevokeBias
[323.088s][info ][safepoint    ] Leaving safepoint region
[323.088s][info ][safepoint    ] Total time for which application threads were stopped: 0.0000834 seconds, Stopping threads took: 0.0000219 seconds
[324.756s][info ][safepoint    ] Application time: 1.6678643 seconds
[324.756s][info ][safepoint    ] Entering safepoint region: RevokeBias
[324.756s][info ][safepoint    ] Leaving safepoint region
[324.756s][info ][safepoint    ] Total time for which application threads were stopped: 0.0000791 seconds, Stopping threads took: 0.0000173 seconds
[332.764s][info ][safepoint    ] Application time: 8.0080978 seconds
[332.764s][info ][safepoint    ] Entering safepoint region: Cleanup
[332.764s][info ][safepoint    ] Leaving safepoint region
[332.764s][info ][safepoint    ] Total time for which application threads were stopped: 0.0000853 seconds, Stopping threads took: 0.0000185 seconds
[372.773s][info ][safepoint    ] Application time: 40.0084209 seconds
[372.773s][info ][safepoint    ] Entering safepoint region: Cleanup
[372.773s][info ][safepoint    ] Leaving safepoint region
[372.773s][info ][safepoint    ] Total time for which application threads were stopped: 0.0002417 seconds, Stopping threads took: 0.0001044 seconds
[379.864s][info ][safepoint    ] Application time: 7.0914556 seconds
[379.865s][info ][safepoint    ] Entering safepoint region: RevokeBias
[379.865s][info ][safepoint    ] Leaving safepoint region
[379.865s][info ][safepoint    ] Total time for which application threads were stopped: 0.0001254 seconds, Stopping threads took: 0.0000303 seconds
[379.866s][info ][safepoint    ] Application time: 0.0014365 seconds
[379.866s][info ][safepoint    ] Entering safepoint region: RevokeBias
[379.866s][info ][safepoint    ] Leaving safepoint region
[379.866s][info ][safepoint    ] Total time for which application threads were stopped: 0.0001964 seconds, Stopping threads took: 0.0001595 seconds
[379.866s][info ][safepoint    ] Application time: 0.0001053 seconds
[379.866s][info ][safepoint    ] Entering safepoint region: RevokeBias
[379.866s][info ][safepoint    ] Leaving safepoint region
[379.866s][info ][safepoint    ] Total time for which application threads were stopped: 0.0000274 seconds, Stopping threads took: 0.0000079 seconds
[383.088s][info ][safepoint    ] Application time: 3.2214971 seconds
[383.088s][info ][safepoint    ] Entering safepoint region: RevokeBias
[383.088s][info ][safepoint    ] Leaving safepoint region
[383.088s][info ][safepoint    ] Total time for which application threads were stopped: 0.0000682 seconds, Stopping threads took: 0.0000167 seconds
[384.756s][info ][safepoint    ] Application time: 1.6678924 seconds
[384.756s][info ][safepoint    ] Entering safepoint region: RevokeBias
[384.756s][info ][safepoint    ] Leaving safepoint region
[384.756s][info ][safepoint    ] Total time for which application threads were stopped: 0.0000927 seconds, Stopping threads took: 0.0000158 seconds
[412.759s][info ][safepoint    ] Application time: 28.0026961 seconds
[412.759s][info ][safepoint    ] Entering safepoint region: Cleanup
[412.759s][info ][safepoint    ] Leaving safepoint region
[412.759s][info ][safepoint    ] Total time for which application threads were stopped: 0.0001122 seconds, Stopping threads took: 0.0000480 seconds
[435.761s][info ][safepoint    ] Application time: 23.0025620 seconds
[435.762s][info ][safepoint    ] Entering safepoint region: Cleanup
[435.762s][info ][safepoint    ] Leaving safepoint region
[435.762s][info ][safepoint    ] Total time for which application threads were stopped: 0.0001924 seconds, Stopping threads took: 0.0000155 seconds
[435.961s][info ][safepoint    ] Application time: 0.1996847 seconds
[435.961s][info ][safepoint    ] Entering safepoint region: RevokeBias
[435.961s][info ][safepoint    ] Leaving safepoint region
[435.961s][info ][safepoint    ] Total time for which application threads were stopped: 0.0000737 seconds, Stopping threads took: 0.0000141 seconds
[435.962s][info ][safepoint    ] Application time: 0.0000642 seconds
[435.962s][info ][safepoint    ] Entering safepoint region: RevokeBias
[435.962s][info ][safepoint    ] Leaving safepoint region
[435.962s][info ][safepoint    ] Total time for which application threads were stopped: 0.0000818 seconds, Stopping threads took: 0.0000069 seconds
[435.962s][info ][safepoint    ] Application time: 0.0003961 seconds
[435.962s][info ][safepoint    ] Entering safepoint region: RevokeBias
[435.962s][info ][safepoint    ] Leaving safepoint region
[435.962s][info ][safepoint    ] Total time for which application threads were stopped: 0.0000358 seconds, Stopping threads took: 0.0000093 seconds
[435.962s][info ][safepoint    ] Application time: 0.0000626 seconds
[435.962s][info ][safepoint    ] Entering safepoint region: RevokeBias
[435.962s][info ][safepoint    ] Leaving safepoint region
[435.962s][info ][safepoint    ] Total time for which application threads were stopped: 0.0000263 seconds, Stopping threads took: 0.0000065 seconds
[435.963s][info ][safepoint    ] Application time: 0.0005007 seconds
[435.963s][info ][safepoint    ] Entering safepoint region: RevokeBias
[435.963s][info ][safepoint    ] Leaving safepoint region
[435.963s][info ][safepoint    ] Total time for which application threads were stopped: 0.0000362 seconds, Stopping threads took: 0.0000091 seconds
[435.963s][info ][safepoint    ] Application time: 0.0000617 seconds
[435.963s][info ][safepoint    ] Entering safepoint region: RevokeBias
[435.963s][info ][safepoint    ] Leaving safepoint region
[435.963s][info ][safepoint    ] Total time for which application threads were stopped: 0.0000261 seconds, Stopping threads took: 0.0000066 seconds
[435.963s][info ][safepoint    ] Application time: 0.0004849 seconds
[435.963s][info ][safepoint    ] Entering safepoint region: RevokeBias
[435.963s][info ][safepoint    ] Leaving safepoint region
[435.963s][info ][safepoint    ] Total time for which application threads were stopped: 0.0000365 seconds, Stopping threads took: 0.0000096 seconds
[435.964s][info ][safepoint    ] Application time: 0.0000640 seconds
[435.964s][info ][safepoint    ] Entering safepoint region: RevokeBias
[435.964s][info ][safepoint    ] Leaving safepoint region
[435.964s][info ][safepoint    ] Total time for which application threads were stopped: 0.0000563 seconds, Stopping threads took: 0.0000065 seconds
[435.964s][info ][safepoint    ] Application time: 0.0005172 seconds
[435.964s][info ][safepoint    ] Entering safepoint region: RevokeBias
[435.964s][info ][safepoint    ] Leaving safepoint region
[435.964s][info ][safepoint    ] Total time for which application threads were stopped: 0.0000370 seconds, Stopping threads took: 0.0000097 seconds
[435.964s][info ][safepoint    ] Application time: 0.0000543 seconds
[435.964s][info ][safepoint    ] Entering safepoint region: RevokeBias
[435.964s][info ][safepoint    ] Leaving safepoint region
[435.964s][info ][safepoint    ] Total time for which application threads were stopped: 0.0000266 seconds, Stopping threads took: 0.0000065 seconds
[435.965s][info ][safepoint    ] Application time: 0.0005200 seconds
[435.965s][info ][safepoint    ] Entering safepoint region: RevokeBias
[435.965s][info ][safepoint    ] Leaving safepoint region
[435.965s][info ][safepoint    ] Total time for which application threads were stopped: 0.0000365 seconds, Stopping threads took: 0.0000094 seconds
[435.965s][info ][safepoint    ] Application time: 0.0004957 seconds
[435.965s][info ][safepoint    ] Entering safepoint region: RevokeBias
[435.965s][info ][safepoint    ] Leaving safepoint region
[435.965s][info ][safepoint    ] Total time for which application threads were stopped: 0.0000367 seconds, Stopping threads took: 0.0000093 seconds
[435.966s][info ][safepoint    ] Application time: 0.0006101 seconds
[435.966s][info ][safepoint    ] Entering safepoint region: RevokeBias
[435.966s][info ][safepoint    ] Leaving safepoint region
[435.966s][info ][safepoint    ] Total time for which application threads were stopped: 0.0000343 seconds, Stopping threads took: 0.0000087 seconds
[435.967s][info ][safepoint    ] Application time: 0.0006729 seconds
[435.967s][info ][safepoint    ] Entering safepoint region: RevokeBias
[435.967s][info ][safepoint    ] Leaving safepoint region
[435.967s][info ][safepoint    ] Total time for which application threads were stopped: 0.0000323 seconds, Stopping threads took: 0.0000084 seconds
[435.969s][info ][safepoint    ] Application time: 0.0024983 seconds
[435.969s][info ][safepoint    ] Entering safepoint region: RevokeBias
[435.969s][info ][safepoint    ] Leaving safepoint region
[435.969s][info ][safepoint    ] Total time for which application threads were stopped: 0.0000397 seconds, Stopping threads took: 0.0000093 seconds
[435.970s][info ][safepoint    ] Application time: 0.0005281 seconds
[435.970s][info ][safepoint    ] Entering safepoint region: RevokeBias
[435.970s][info ][safepoint    ] Leaving safepoint region
[435.970s][info ][safepoint    ] Total time for which application threads were stopped: 0.0000337 seconds, Stopping threads took: 0.0000083 seconds
[435.972s][info ][safepoint    ] Application time: 0.0019055 seconds
[435.972s][info ][safepoint    ] Entering safepoint region: RevokeBias
[435.972s][info ][safepoint    ] Leaving safepoint region
[435.972s][info ][safepoint    ] Total time for which application threads were stopped: 0.0000407 seconds, Stopping threads took: 0.0000100 seconds
[435.972s][info ][safepoint    ] Application time: 0.0004298 seconds
[435.972s][info ][safepoint    ] Entering safepoint region: RevokeBias
[435.972s][info ][safepoint    ] Leaving safepoint region
[435.972s][info ][safepoint    ] Total time for which application threads were stopped: 0.0000332 seconds, Stopping threads took: 0.0000085 seconds
[435.973s][info ][safepoint    ] Application time: 0.0003955 seconds
[435.973s][info ][safepoint    ] Entering safepoint region: RevokeBias
[435.973s][info ][safepoint    ] Leaving safepoint region
[435.973s][info ][safepoint    ] Total time for which application threads were stopped: 0.0000304 seconds, Stopping threads took: 0.0000078 seconds
[435.974s][info ][safepoint    ] Application time: 0.0011037 seconds
[435.974s][info ][safepoint    ] Entering safepoint region: RevokeBias
[435.974s][info ][safepoint    ] Leaving safepoint region
[435.974s][info ][safepoint    ] Total time for which application threads were stopped: 0.0001951 seconds, Stopping threads took: 0.0001575 seconds
[435.974s][info ][safepoint    ] Application time: 0.0001545 seconds
[435.974s][info ][safepoint    ] Entering safepoint region: RevokeBias
[435.974s][info ][safepoint    ] Leaving safepoint region
[435.974s][info ][safepoint    ] Total time for which application threads were stopped: 0.0000876 seconds, Stopping threads took: 0.0000598 seconds
[435.975s][info ][safepoint    ] Application time: 0.0001944 seconds
[435.975s][info ][safepoint    ] Entering safepoint region: RevokeBias
[435.975s][info ][safepoint    ] Leaving safepoint region
[435.975s][info ][safepoint    ] Total time for which application threads were stopped: 0.0000820 seconds, Stopping threads took: 0.0000551 seconds
[435.975s][info ][safepoint    ] Application time: 0.0003523 seconds
[435.975s][info ][safepoint    ] Entering safepoint region: RevokeBias
[435.975s][info ][safepoint    ] Leaving safepoint region
[435.975s][info ][safepoint    ] Total time for which application threads were stopped: 0.0001259 seconds, Stopping threads took: 0.0000865 seconds
[435.975s][info ][safepoint    ] Application time: 0.0000730 seconds
[435.975s][info ][safepoint    ] Entering safepoint region: RevokeBias
[435.975s][info ][safepoint    ] Leaving safepoint region
[435.975s][info ][safepoint    ] Total time for which application threads were stopped: 0.0000758 seconds, Stopping threads took: 0.0000500 seconds
[435.976s][info ][safepoint    ] Application time: 0.0002514 seconds
[435.976s][info ][safepoint    ] Entering safepoint region: RevokeBias
[435.976s][info ][safepoint    ] Leaving safepoint region
[435.976s][info ][safepoint    ] Total time for which application threads were stopped: 0.0001137 seconds, Stopping threads took: 0.0000659 seconds
[435.976s][info ][safepoint    ] Application time: 0.0000861 seconds
[435.976s][info ][safepoint    ] Entering safepoint region: RevokeBias
[435.976s][info ][safepoint    ] Leaving safepoint region
[435.976s][info ][safepoint    ] Total time for which application threads were stopped: 0.0000864 seconds, Stopping threads took: 0.0000509 seconds
[435.976s][info ][safepoint    ] Application time: 0.0004678 seconds
[435.976s][info ][safepoint    ] Entering safepoint region: RevokeBias
[435.977s][info ][safepoint    ] Leaving safepoint region
[435.977s][info ][safepoint    ] Total time for which application threads were stopped: 0.0001939 seconds, Stopping threads took: 0.0000566 seconds
[435.977s][info ][safepoint    ] Application time: 0.0001039 seconds
[435.977s][info ][safepoint    ] Entering safepoint region: RevokeBias
[435.977s][info ][safepoint    ] Leaving safepoint region
[435.977s][info ][safepoint    ] Total time for which application threads were stopped: 0.0001500 seconds, Stopping threads took: 0.0001089 seconds
[435.977s][info ][safepoint    ] Application time: 0.0001110 seconds
[435.977s][info ][safepoint    ] Entering safepoint region: RevokeBias
[435.977s][info ][safepoint    ] Leaving safepoint region
[435.977s][info ][safepoint    ] Total time for which application threads were stopped: 0.0000685 seconds, Stopping threads took: 0.0000451 seconds
[435.979s][info ][safepoint    ] Application time: 0.0019614 seconds
[435.979s][info ][safepoint    ] Entering safepoint region: RevokeBias
[435.979s][info ][safepoint    ] Leaving safepoint region
[435.979s][info ][safepoint    ] Total time for which application threads were stopped: 0.0001886 seconds, Stopping threads took: 0.0001418 seconds
[435.981s][info ][safepoint    ] Application time: 0.0016833 seconds
[435.981s][info ][safepoint    ] Entering safepoint region: RevokeBias
[435.981s][info ][safepoint    ] Leaving safepoint region
[435.981s][info ][safepoint    ] Total time for which application threads were stopped: 0.0001054 seconds, Stopping threads took: 0.0000346 seconds
[435.982s][info ][gc,heap,exit ] Heap
[435.982s][info ][gc,heap,exit ]  par new generation   total 270976K, used 235987K [0x0000000700000000, 0x0000000712600000, 0x0000000714cc0000)
[435.982s][info ][gc,heap,exit ]   eden space 240896K,  87% used [0x0000000700000000, 0x000000070ce23d40, 0x000000070eb40000)
[435.982s][info ][gc,heap,exit ]   from space 30080K,  82% used [0x000000070eb40000, 0x0000000710390f60, 0x00000007108a0000)
[435.982s][info ][gc,heap,exit ]   to   space 30080K,   0% used [0x00000007108a0000, 0x00000007108a0000, 0x0000000712600000)
[435.982s][info ][gc,heap,exit ]  concurrent mark-sweep generation total 602112K, used 309640K [0x0000000714cc0000, 0x00000007398c0000, 0x0000000800000000)
[435.982s][info ][gc,heap,exit ]  Metaspace       used 61458K, capacity 65891K, committed 66112K, reserved 1105920K
[435.982s][info ][gc,heap,exit ]   class space    used 8528K, capacity 10569K, committed 10660K, reserved 1048576K
[435.982s][info ][safepoint    ] Application time: 0.0007185 seconds
[435.982s][info ][safepoint    ] Entering safepoint region: Halt
