[0.007s][info][gc] Using Concurrent Mark Sweep
[0.007s][info][gc,heap,coops] Heap address: 0x0000000700000000, size: 4096 MB, Compressed Oops mode: Zero based, Oop shift amount: 3
[0.055s][info][safepoint    ] Entering safepoint region: EnableBiasedLocking
[0.056s][info][safepoint    ] Leaving safepoint region
[0.056s][info][safepoint    ] Total time for which application threads were stopped: 0.0001014 seconds, Stopping threads took: 0.0000279 seconds
[0.058s][info][safepoint    ] Application time: 0.0019350 seconds
[0.058s][info][safepoint    ] Entering safepoint region: RevokeBias
[0.058s][info][safepoint    ] Leaving safepoint region
[0.058s][info][safepoint    ] Total time for which application threads were stopped: 0.0000775 seconds, Stopping threads took: 0.0000368 seconds
[0.141s][info][safepoint    ] Application time: 0.0829064 seconds
[0.141s][info][safepoint    ] Entering safepoint region: Deoptimize
[0.141s][info][safepoint    ] Leaving safepoint region
[0.141s][info][safepoint    ] Total time for which application threads were stopped: 0.0000775 seconds, Stopping threads took: 0.0000083 seconds
[1.141s][info][safepoint    ] Application time: 1.0001011 seconds
[1.141s][info][safepoint    ] Entering safepoint region: Cleanup
[1.141s][info][safepoint    ] Leaving safepoint region
[1.141s][info][safepoint    ] Total time for which application threads were stopped: 0.0001389 seconds, Stopping threads took: 0.0000124 seconds
[1.433s][info][safepoint    ] Application time: 0.2917617 seconds
[1.433s][info][safepoint    ] Entering safepoint region: Deoptimize
[1.433s][info][safepoint    ] Leaving safepoint region
[1.433s][info][safepoint    ] Total time for which application threads were stopped: 0.0001692 seconds, Stopping threads took: 0.0000082 seconds
[1.475s][info][safepoint    ] Application time: 0.0416125 seconds
[1.475s][info][safepoint    ] Entering safepoint region: Deoptimize
[1.475s][info][safepoint    ] Leaving safepoint region
[1.475s][info][safepoint    ] Total time for which application threads were stopped: 0.0001801 seconds, Stopping threads took: 0.0000103 seconds
[1.522s][info][safepoint    ] Application time: 0.0468274 seconds
[1.522s][info][safepoint    ] Entering safepoint region: Deoptimize
[1.522s][info][safepoint    ] Leaving safepoint region
[1.522s][info][safepoint    ] Total time for which application threads were stopped: 0.0001867 seconds, Stopping threads took: 0.0000093 seconds
[2.508s][info][safepoint    ] Application time: 0.9865272 seconds
[2.508s][info][safepoint    ] Entering safepoint region: Deoptimize
[2.509s][info][safepoint    ] Leaving safepoint region
[2.509s][info][safepoint    ] Total time for which application threads were stopped: 0.0002036 seconds, Stopping threads took: 0.0000083 seconds
[2.635s][info][safepoint    ] Application time: 0.1259107 seconds
[2.635s][info][safepoint    ] Entering safepoint region: Deoptimize
[2.635s][info][safepoint    ] Leaving safepoint region
[2.635s][info][safepoint    ] Total time for which application threads were stopped: 0.0002505 seconds, Stopping threads took: 0.0000086 seconds
[2.996s][info][safepoint    ] Application time: 0.3608182 seconds
[2.996s][info][safepoint    ] Entering safepoint region: ICBufferFull
[2.996s][info][safepoint    ] Leaving safepoint region
[2.996s][info][safepoint    ] Total time for which application threads were stopped: 0.0001743 seconds, Stopping threads took: 0.0000089 seconds
[3.141s][info][safepoint    ] Application time: 0.1454454 seconds
[3.141s][info][safepoint    ] Entering safepoint region: Deoptimize
[3.146s][info][safepoint    ] Leaving safepoint region
[3.146s][info][safepoint    ] Total time for which application threads were stopped: 0.0043650 seconds, Stopping threads took: 0.0000198 seconds
[3.325s][info][safepoint    ] Application time: 0.1788066 seconds
[3.325s][info][safepoint    ] Entering safepoint region: ICBufferFull
[3.325s][info][safepoint    ] Leaving safepoint region
[3.325s][info][safepoint    ] Total time for which application threads were stopped: 0.0001494 seconds, Stopping threads took: 0.0000212 seconds
[3.601s][info][safepoint    ] Application time: 0.2765438 seconds
[3.601s][info][safepoint    ] Entering safepoint region: ICBufferFull
[3.602s][info][safepoint    ] Leaving safepoint region
[3.602s][info][safepoint    ] Total time for which application threads were stopped: 0.0002193 seconds, Stopping threads took: 0.0000674 seconds
[3.756s][info][safepoint    ] Application time: 0.1544598 seconds
[3.756s][info][safepoint    ] Entering safepoint region: GenCollectForAllocation
[3.756s][info][gc,start     ] GC(0) Pause Young (Allocation Failure)
[3.766s][info][gc,task      ] GC(0) Using 4 workers of 4 for evacuation
[3.809s][debug][gc,ref       ] GC(0) Skipped phase1 of Reference Processing due to unavailable references
[3.810s][debug][gc,ref       ] GC(0) Skipped phase3 of Reference Processing due to unavailable references
[3.810s][debug][gc,age       ] GC(0) Desired survivor size 15400960 bytes, new threshold 1 (max threshold 6)
[3.810s][info ][gc,heap      ] GC(0) ParNew: 240896K->28260K(270976K)
[3.810s][info ][gc,heap      ] GC(0) CMS: 0K->0K(602112K)
[3.810s][info ][gc,metaspace ] GC(0) Metaspace: 17602K->17602K(1064960K)
[3.810s][info ][gc           ] GC(0) Pause Young (Allocation Failure) 235M->27M(852M) 53.563ms
[3.810s][info ][gc,cpu       ] GC(0) User=0.12s Sys=0.00s Real=0.05s
[3.810s][info ][safepoint    ] Leaving safepoint region
[3.810s][info ][safepoint    ] Total time for which application threads were stopped: 0.0537389 seconds, Stopping threads took: 0.0000117 seconds
[3.813s][info ][safepoint    ] Application time: 0.0026515 seconds
[3.813s][info ][safepoint    ] Entering safepoint region: RevokeBias
[3.813s][info ][safepoint    ] Leaving safepoint region
[3.813s][info ][safepoint    ] Total time for which application threads were stopped: 0.0001617 seconds, Stopping threads took: 0.0000663 seconds
[3.813s][info ][safepoint    ] Application time: 0.0000472 seconds
[3.813s][info ][safepoint    ] Entering safepoint region: RevokeBias
[3.813s][info ][safepoint    ] Leaving safepoint region
[3.813s][info ][safepoint    ] Total time for which application threads were stopped: 0.0000293 seconds, Stopping threads took: 0.0000041 seconds
[3.813s][info ][safepoint    ] Application time: 0.0000490 seconds
[3.813s][info ][safepoint    ] Entering safepoint region: RevokeBias
[3.813s][info ][safepoint    ] Leaving safepoint region
[3.813s][info ][safepoint    ] Total time for which application threads were stopped: 0.0000460 seconds, Stopping threads took: 0.0000061 seconds
[4.097s][info ][safepoint    ] Application time: 0.2836374 seconds
[4.097s][info ][safepoint    ] Entering safepoint region: Deoptimize
[4.097s][info ][safepoint    ] Leaving safepoint region
[4.097s][info ][safepoint    ] Total time for which application threads were stopped: 0.0003694 seconds, Stopping threads took: 0.0000085 seconds
[4.252s][info ][safepoint    ] Application time: 0.1551320 seconds
[4.252s][info ][safepoint    ] Entering safepoint region: CollectForMetadataAllocation
[4.252s][info ][safepoint    ] Leaving safepoint region
[4.252s][info ][safepoint    ] Total time for which application threads were stopped: 0.0001675 seconds, Stopping threads took: 0.0000086 seconds
[4.374s][info ][safepoint    ] Application time: 0.1211767 seconds
[4.374s][info ][safepoint    ] Entering safepoint region: CollectForMetadataAllocation
[4.374s][info ][safepoint    ] Leaving safepoint region
[4.374s][info ][safepoint    ] Total time for which application threads were stopped: 0.0001797 seconds, Stopping threads took: 0.0000088 seconds
[4.401s][info ][safepoint    ] Application time: 0.0275834 seconds
[4.401s][info ][safepoint    ] Entering safepoint region: CollectForMetadataAllocation
[4.401s][info ][safepoint    ] Leaving safepoint region
[4.401s][info ][safepoint    ] Total time for which application threads were stopped: 0.0001000 seconds, Stopping threads took: 0.0000088 seconds
[4.434s][info ][safepoint    ] Application time: 0.0323161 seconds
[4.434s][info ][safepoint    ] Entering safepoint region: CollectForMetadataAllocation
[4.434s][info ][safepoint    ] Leaving safepoint region
[4.434s][info ][safepoint    ] Total time for which application threads were stopped: 0.0001927 seconds, Stopping threads took: 0.0000402 seconds
[4.479s][info ][safepoint    ] Application time: 0.0453865 seconds
[4.479s][info ][safepoint    ] Entering safepoint region: CollectForMetadataAllocation
[4.480s][info ][safepoint    ] Leaving safepoint region
[4.480s][info ][safepoint    ] Total time for which application threads were stopped: 0.0001006 seconds, Stopping threads took: 0.0000112 seconds
[4.505s][info ][safepoint    ] Application time: 0.0250014 seconds
[4.505s][info ][safepoint    ] Entering safepoint region: CollectForMetadataAllocation
[4.505s][info ][safepoint    ] Leaving safepoint region
[4.505s][info ][safepoint    ] Total time for which application threads were stopped: 0.0000752 seconds, Stopping threads took: 0.0000102 seconds
[4.513s][info ][safepoint    ] Application time: 0.0079485 seconds
[4.517s][info ][safepoint    ] Entering safepoint region: RevokeBias
[4.517s][info ][safepoint    ] Leaving safepoint region
[4.517s][info ][safepoint    ] Total time for which application threads were stopped: 0.0048348 seconds, Stopping threads took: 0.0047622 seconds
[4.524s][info ][safepoint    ] Application time: 0.0066542 seconds
[4.524s][info ][safepoint    ] Entering safepoint region: RevokeBias
[4.524s][info ][safepoint    ] Leaving safepoint region
[4.524s][info ][safepoint    ] Total time for which application threads were stopped: 0.0000747 seconds, Stopping threads took: 0.0000135 seconds
[4.529s][info ][safepoint    ] Application time: 0.0048992 seconds
[4.529s][info ][safepoint    ] Entering safepoint region: RevokeBias
[4.529s][info ][safepoint    ] Leaving safepoint region
[4.529s][info ][safepoint    ] Total time for which application threads were stopped: 0.0002093 seconds, Stopping threads took: 0.0001422 seconds
[4.532s][info ][safepoint    ] Application time: 0.0029456 seconds
[4.532s][info ][safepoint    ] Entering safepoint region: RevokeBias
[4.532s][info ][safepoint    ] Leaving safepoint region
[4.532s][info ][safepoint    ] Total time for which application threads were stopped: 0.0000997 seconds, Stopping threads took: 0.0000087 seconds
[4.548s][info ][safepoint    ] Application time: 0.0153964 seconds
[4.550s][info ][safepoint    ] Entering safepoint region: RevokeBias
[4.550s][info ][safepoint    ] Leaving safepoint region
[4.550s][info ][safepoint    ] Total time for which application threads were stopped: 0.0020624 seconds, Stopping threads took: 0.0019524 seconds
[4.550s][info ][safepoint    ] Application time: 0.0002400 seconds
[4.550s][info ][safepoint    ] Entering safepoint region: RevokeBias
[4.550s][info ][safepoint    ] Leaving safepoint region
[4.550s][info ][safepoint    ] Total time for which application threads were stopped: 0.0001079 seconds, Stopping threads took: 0.0000503 seconds
[4.550s][info ][safepoint    ] Application time: 0.0000542 seconds
[4.550s][info ][safepoint    ] Entering safepoint region: RevokeBias
[4.550s][info ][safepoint    ] Leaving safepoint region
[4.550s][info ][safepoint    ] Total time for which application threads were stopped: 0.0000790 seconds, Stopping threads took: 0.0000340 seconds
[4.551s][info ][safepoint    ] Application time: 0.0000443 seconds
[4.551s][info ][safepoint    ] Entering safepoint region: RevokeBias
[4.551s][info ][safepoint    ] Leaving safepoint region
[4.551s][info ][safepoint    ] Total time for which application threads were stopped: 0.0000729 seconds, Stopping threads took: 0.0000215 seconds
[4.551s][info ][safepoint    ] Application time: 0.0001204 seconds
[4.552s][info ][safepoint    ] Entering safepoint region: RevokeBias
[4.552s][info ][safepoint    ] Leaving safepoint region
[4.552s][info ][safepoint    ] Total time for which application threads were stopped: 0.0016093 seconds, Stopping threads took: 0.0014993 seconds
[4.552s][info ][safepoint    ] Application time: 0.0000574 seconds
[4.553s][info ][safepoint    ] Entering safepoint region: RevokeBias
[4.553s][info ][safepoint    ] Leaving safepoint region
[4.553s][info ][safepoint    ] Total time for which application threads were stopped: 0.0003358 seconds, Stopping threads took: 0.0002518 seconds
[4.553s][info ][safepoint    ] Application time: 0.0004222 seconds
[4.560s][info ][safepoint    ] Entering safepoint region: RevokeBias
[4.560s][info ][safepoint    ] Leaving safepoint region
[4.560s][info ][safepoint    ] Total time for which application threads were stopped: 0.0072222 seconds, Stopping threads took: 0.0071195 seconds
[4.561s][info ][safepoint    ] Application time: 0.0002824 seconds
[4.561s][info ][safepoint    ] Entering safepoint region: RevokeBias
[4.561s][info ][safepoint    ] Leaving safepoint region
[4.561s][info ][safepoint    ] Total time for which application threads were stopped: 0.0000934 seconds, Stopping threads took: 0.0000440 seconds
[4.561s][info ][safepoint    ] Application time: 0.0004197 seconds
[4.562s][info ][safepoint    ] Entering safepoint region: RevokeBias
[4.562s][info ][safepoint    ] Leaving safepoint region
[4.562s][info ][safepoint    ] Total time for which application threads were stopped: 0.0009307 seconds, Stopping threads took: 0.0007822 seconds
[4.564s][info ][safepoint    ] Application time: 0.0014882 seconds
[4.564s][info ][safepoint    ] Entering safepoint region: RevokeBias
[4.564s][info ][safepoint    ] Leaving safepoint region
[4.564s][info ][safepoint    ] Total time for which application threads were stopped: 0.0002995 seconds, Stopping threads took: 0.0000198 seconds
[4.566s][info ][safepoint    ] Application time: 0.0021116 seconds
[4.566s][info ][safepoint    ] Entering safepoint region: RevokeBias
[4.566s][info ][safepoint    ] Leaving safepoint region
[4.566s][info ][safepoint    ] Total time for which application threads were stopped: 0.0002039 seconds, Stopping threads took: 0.0001258 seconds
[4.567s][info ][safepoint    ] Application time: 0.0005821 seconds
[4.567s][info ][safepoint    ] Entering safepoint region: RevokeBias
[4.567s][info ][safepoint    ] Leaving safepoint region
[4.567s][info ][safepoint    ] Total time for which application threads were stopped: 0.0001812 seconds, Stopping threads took: 0.0000779 seconds
[4.567s][info ][safepoint    ] Application time: 0.0003549 seconds
[4.568s][info ][safepoint    ] Entering safepoint region: RevokeBias
[4.568s][info ][safepoint    ] Leaving safepoint region
[4.568s][info ][safepoint    ] Total time for which application threads were stopped: 0.0002023 seconds, Stopping threads took: 0.0001136 seconds
[4.570s][info ][safepoint    ] Application time: 0.0022264 seconds
[4.571s][info ][safepoint    ] Entering safepoint region: RevokeBias
[4.571s][info ][safepoint    ] Leaving safepoint region
[4.571s][info ][safepoint    ] Total time for which application threads were stopped: 0.0007152 seconds, Stopping threads took: 0.0005966 seconds
[4.571s][info ][safepoint    ] Application time: 0.0003894 seconds
[4.571s][info ][safepoint    ] Entering safepoint region: BulkRevokeBias
[4.571s][info ][safepoint    ] Leaving safepoint region
[4.571s][info ][safepoint    ] Total time for which application threads were stopped: 0.0003738 seconds, Stopping threads took: 0.0001151 seconds
[4.572s][info ][safepoint    ] Application time: 0.0001156 seconds
[4.572s][info ][safepoint    ] Entering safepoint region: RevokeBias
[4.572s][info ][safepoint    ] Leaving safepoint region
[4.572s][info ][safepoint    ] Total time for which application threads were stopped: 0.0001031 seconds, Stopping threads took: 0.0000469 seconds
[4.576s][info ][safepoint    ] Application time: 0.0046786 seconds
[4.577s][info ][safepoint    ] Entering safepoint region: RevokeBias
[4.577s][info ][safepoint    ] Leaving safepoint region
[4.577s][info ][safepoint    ] Total time for which application threads were stopped: 0.0002270 seconds, Stopping threads took: 0.0001298 seconds
[4.578s][info ][safepoint    ] Application time: 0.0017972 seconds
[4.579s][info ][safepoint    ] Entering safepoint region: RevokeBias
[4.579s][info ][safepoint    ] Leaving safepoint region
[4.579s][info ][safepoint    ] Total time for which application threads were stopped: 0.0001616 seconds, Stopping threads took: 0.0000666 seconds
[4.579s][info ][safepoint    ] Application time: 0.0001330 seconds
[4.579s][info ][safepoint    ] Entering safepoint region: RevokeBias
[4.579s][info ][safepoint    ] Leaving safepoint region
[4.579s][info ][safepoint    ] Total time for which application threads were stopped: 0.0000549 seconds, Stopping threads took: 0.0000185 seconds
[4.579s][info ][safepoint    ] Application time: 0.0001632 seconds
[4.579s][info ][safepoint    ] Entering safepoint region: RevokeBias
[4.579s][info ][safepoint    ] Leaving safepoint region
[4.579s][info ][safepoint    ] Total time for which application threads were stopped: 0.0001561 seconds, Stopping threads took: 0.0000835 seconds
[4.587s][info ][safepoint    ] Application time: 0.0075065 seconds
[4.587s][info ][safepoint    ] Entering safepoint region: CollectForMetadataAllocation
[4.587s][info ][safepoint    ] Leaving safepoint region
[4.587s][info ][safepoint    ] Total time for which application threads were stopped: 0.0000771 seconds, Stopping threads took: 0.0000085 seconds
[4.587s][info ][safepoint    ] Application time: 0.0001332 seconds
[4.587s][info ][safepoint    ] Entering safepoint region: CollectForMetadataAllocation
[4.587s][info ][safepoint    ] Leaving safepoint region
[4.587s][info ][safepoint    ] Total time for which application threads were stopped: 0.0003777 seconds, Stopping threads took: 0.0003467 seconds
[4.587s][info ][safepoint    ] Application time: 0.0001150 seconds
[4.588s][info ][safepoint    ] Entering safepoint region: CollectForMetadataAllocation
[4.588s][info ][safepoint    ] Leaving safepoint region
[4.588s][info ][safepoint    ] Total time for which application threads were stopped: 0.0001446 seconds, Stopping threads took: 0.0001096 seconds
[4.590s][info ][safepoint    ] Application time: 0.0029217 seconds
[4.591s][info ][safepoint    ] Entering safepoint region: CollectForMetadataAllocation
[4.591s][info ][safepoint    ] Leaving safepoint region
[4.591s][info ][safepoint    ] Total time for which application threads were stopped: 0.0001511 seconds, Stopping threads took: 0.0000438 seconds
[4.593s][info ][safepoint    ] Application time: 0.0019201 seconds
[4.593s][info ][safepoint    ] Entering safepoint region: RevokeBias
[4.593s][info ][safepoint    ] Leaving safepoint region
[4.593s][info ][safepoint    ] Total time for which application threads were stopped: 0.0002810 seconds, Stopping threads took: 0.0002389 seconds
[4.598s][info ][safepoint    ] Application time: 0.0054322 seconds
[4.598s][info ][safepoint    ] Entering safepoint region: RevokeBias
[4.598s][info ][safepoint    ] Leaving safepoint region
[4.598s][info ][safepoint    ] Total time for which application threads were stopped: 0.0001557 seconds, Stopping threads took: 0.0000647 seconds
[4.600s][info ][safepoint    ] Application time: 0.0018402 seconds
[4.600s][info ][safepoint    ] Entering safepoint region: CollectForMetadataAllocation
[4.601s][info ][safepoint    ] Leaving safepoint region
[4.601s][info ][safepoint    ] Total time for which application threads were stopped: 0.0001598 seconds, Stopping threads took: 0.0000649 seconds
[4.603s][info ][safepoint    ] Application time: 0.0026038 seconds
[4.603s][info ][safepoint    ] Entering safepoint region: RevokeBias
[4.603s][info ][safepoint    ] Leaving safepoint region
[4.603s][info ][safepoint    ] Total time for which application threads were stopped: 0.0003025 seconds, Stopping threads took: 0.0002244 seconds
[4.604s][info ][safepoint    ] Application time: 0.0003960 seconds
[4.604s][info ][safepoint    ] Entering safepoint region: RevokeBias
[4.604s][info ][safepoint    ] Leaving safepoint region
[4.604s][info ][safepoint    ] Total time for which application threads were stopped: 0.0001299 seconds, Stopping threads took: 0.0000335 seconds
[4.606s][info ][safepoint    ] Application time: 0.0024038 seconds
[4.606s][info ][safepoint    ] Entering safepoint region: RevokeBias
[4.607s][info ][safepoint    ] Leaving safepoint region
[4.607s][info ][safepoint    ] Total time for which application threads were stopped: 0.0001274 seconds, Stopping threads took: 0.0000463 seconds
[4.609s][info ][safepoint    ] Application time: 0.0022978 seconds
[4.609s][info ][safepoint    ] Entering safepoint region: RevokeBias
[4.609s][info ][safepoint    ] Leaving safepoint region
[4.609s][info ][safepoint    ] Total time for which application threads were stopped: 0.0001038 seconds, Stopping threads took: 0.0000209 seconds
[4.612s][info ][safepoint    ] Application time: 0.0029331 seconds
[4.612s][info ][safepoint    ] Entering safepoint region: RevokeBias
[4.612s][info ][safepoint    ] Leaving safepoint region
[4.612s][info ][safepoint    ] Total time for which application threads were stopped: 0.0001065 seconds, Stopping threads took: 0.0000197 seconds
[4.614s][info ][safepoint    ] Application time: 0.0018568 seconds
[4.617s][info ][safepoint    ] Entering safepoint region: CollectForMetadataAllocation
[4.617s][info ][safepoint    ] Leaving safepoint region
[4.617s][info ][safepoint    ] Total time for which application threads were stopped: 0.0031247 seconds, Stopping threads took: 0.0029572 seconds
[4.623s][info ][safepoint    ] Application time: 0.0061057 seconds
[4.623s][info ][safepoint    ] Entering safepoint region: RevokeBias
[4.623s][info ][safepoint    ] Leaving safepoint region
[4.623s][info ][safepoint    ] Total time for which application threads were stopped: 0.0001659 seconds, Stopping threads took: 0.0000526 seconds
[4.628s][info ][safepoint    ] Application time: 0.0046942 seconds
[4.628s][info ][safepoint    ] Entering safepoint region: RevokeBias
[4.628s][info ][safepoint    ] Leaving safepoint region
[4.628s][info ][safepoint    ] Total time for which application threads were stopped: 0.0004072 seconds, Stopping threads took: 0.0003165 seconds
[4.636s][info ][safepoint    ] Application time: 0.0070494 seconds
[4.636s][info ][safepoint    ] Entering safepoint region: RevokeBias
[4.636s][info ][safepoint    ] Leaving safepoint region
[4.636s][info ][safepoint    ] Total time for which application threads were stopped: 0.0002080 seconds, Stopping threads took: 0.0001269 seconds
[4.640s][info ][safepoint    ] Application time: 0.0047519 seconds
[4.641s][info ][safepoint    ] Entering safepoint region: RevokeBias
[4.641s][info ][safepoint    ] Leaving safepoint region
[4.641s][info ][safepoint    ] Total time for which application threads were stopped: 0.0001162 seconds, Stopping threads took: 0.0000286 seconds
[4.643s][info ][safepoint    ] Application time: 0.0028284 seconds
[4.644s][info ][safepoint    ] Entering safepoint region: CollectForMetadataAllocation
[4.644s][info ][safepoint    ] Leaving safepoint region
[4.644s][info ][safepoint    ] Total time for which application threads were stopped: 0.0009017 seconds, Stopping threads took: 0.0007945 seconds
[4.646s][info ][safepoint    ] Application time: 0.0011554 seconds
[4.646s][info ][safepoint    ] Entering safepoint region: RevokeBias
[4.646s][info ][safepoint    ] Leaving safepoint region
[4.646s][info ][safepoint    ] Total time for which application threads were stopped: 0.0001202 seconds, Stopping threads took: 0.0000596 seconds
[4.649s][info ][safepoint    ] Application time: 0.0036719 seconds
[4.649s][info ][safepoint    ] Entering safepoint region: RevokeBias
[4.650s][info ][safepoint    ] Leaving safepoint region
[4.650s][info ][safepoint    ] Total time for which application threads were stopped: 0.0001490 seconds, Stopping threads took: 0.0000750 seconds
[4.656s][info ][safepoint    ] Application time: 0.0059716 seconds
[4.656s][info ][safepoint    ] Entering safepoint region: RevokeBias
[4.656s][info ][safepoint    ] Leaving safepoint region
[4.656s][info ][safepoint    ] Total time for which application threads were stopped: 0.0001020 seconds, Stopping threads took: 0.0000213 seconds
[4.657s][info ][safepoint    ] Application time: 0.0016989 seconds
[4.657s][info ][safepoint    ] Entering safepoint region: RevokeBias
[4.658s][info ][safepoint    ] Leaving safepoint region
[4.658s][info ][safepoint    ] Total time for which application threads were stopped: 0.0001735 seconds, Stopping threads took: 0.0000409 seconds
[4.658s][info ][safepoint    ] Application time: 0.0007638 seconds
[4.658s][info ][safepoint    ] Entering safepoint region: RevokeBias
[4.658s][info ][safepoint    ] Leaving safepoint region
[4.658s][info ][safepoint    ] Total time for which application threads were stopped: 0.0001639 seconds, Stopping threads took: 0.0001191 seconds
[4.661s][info ][safepoint    ] Application time: 0.0021290 seconds
[4.661s][info ][safepoint    ] Entering safepoint region: RevokeBias
[4.661s][info ][safepoint    ] Leaving safepoint region
[4.661s][info ][safepoint    ] Total time for which application threads were stopped: 0.0001612 seconds, Stopping threads took: 0.0001097 seconds
[4.662s][info ][safepoint    ] Application time: 0.0011190 seconds
[4.663s][info ][safepoint    ] Entering safepoint region: RevokeBias
[4.663s][info ][safepoint    ] Leaving safepoint region
[4.663s][info ][safepoint    ] Total time for which application threads were stopped: 0.0008495 seconds, Stopping threads took: 0.0007734 seconds
[4.663s][info ][safepoint    ] Application time: 0.0006478 seconds
[4.664s][info ][safepoint    ] Entering safepoint region: BulkRevokeBias
[4.664s][info ][safepoint    ] Leaving safepoint region
[4.664s][info ][safepoint    ] Total time for which application threads were stopped: 0.0003321 seconds, Stopping threads took: 0.0000955 seconds
[4.667s][info ][safepoint    ] Application time: 0.0035858 seconds
[4.668s][info ][safepoint    ] Entering safepoint region: CollectForMetadataAllocation
[4.668s][info ][safepoint    ] Leaving safepoint region
[4.668s][info ][safepoint    ] Total time for which application threads were stopped: 0.0006331 seconds, Stopping threads took: 0.0005354 seconds
[4.684s][info ][safepoint    ] Application time: 0.0163445 seconds
[4.686s][info ][safepoint    ] Entering safepoint region: CollectForMetadataAllocation
[4.686s][info ][safepoint    ] Leaving safepoint region
[4.686s][info ][safepoint    ] Total time for which application threads were stopped: 0.0015467 seconds, Stopping threads took: 0.0014447 seconds
[4.696s][info ][safepoint    ] Application time: 0.0104483 seconds
[4.697s][info ][safepoint    ] Entering safepoint region: CollectForMetadataAllocation
[4.697s][info ][safepoint    ] Leaving safepoint region
[4.697s][info ][safepoint    ] Total time for which application threads were stopped: 0.0001835 seconds, Stopping threads took: 0.0000890 seconds
[4.709s][info ][safepoint    ] Application time: 0.0121499 seconds
[4.709s][info ][safepoint    ] Entering safepoint region: CollectForMetadataAllocation
[4.709s][info ][safepoint    ] Leaving safepoint region
[4.709s][info ][safepoint    ] Total time for which application threads were stopped: 0.0001435 seconds, Stopping threads took: 0.0000495 seconds
[4.715s][info ][safepoint    ] Application time: 0.0065374 seconds
[4.716s][info ][safepoint    ] Entering safepoint region: RevokeBias
[4.716s][info ][safepoint    ] Leaving safepoint region
[4.716s][info ][safepoint    ] Total time for which application threads were stopped: 0.0001475 seconds, Stopping threads took: 0.0000527 seconds
[4.723s][info ][safepoint    ] Application time: 0.0077893 seconds
[4.724s][info ][safepoint    ] Entering safepoint region: CollectForMetadataAllocation
[4.724s][info ][safepoint    ] Leaving safepoint region
[4.724s][info ][safepoint    ] Total time for which application threads were stopped: 0.0002898 seconds, Stopping threads took: 0.0001310 seconds
[4.754s][info ][safepoint    ] Application time: 0.0299209 seconds
[4.757s][info ][safepoint    ] Entering safepoint region: CollectForMetadataAllocation
[4.757s][info ][safepoint    ] Leaving safepoint region
[4.757s][info ][safepoint    ] Total time for which application threads were stopped: 0.0030645 seconds, Stopping threads took: 0.0029254 seconds
[4.777s][info ][safepoint    ] Application time: 0.0199474 seconds
[4.777s][info ][safepoint    ] Entering safepoint region: CollectForMetadataAllocation
[4.777s][info ][safepoint    ] Leaving safepoint region
[4.777s][info ][safepoint    ] Total time for which application threads were stopped: 0.0001929 seconds, Stopping threads took: 0.0000369 seconds
[4.777s][info ][safepoint    ] Application time: 0.0002388 seconds
[4.777s][info ][safepoint    ] Entering safepoint region: Deoptimize
[4.778s][info ][safepoint    ] Leaving safepoint region
[4.778s][info ][safepoint    ] Total time for which application threads were stopped: 0.0004967 seconds, Stopping threads took: 0.0000308 seconds
[4.780s][info ][safepoint    ] Application time: 0.0025656 seconds
[4.780s][info ][safepoint    ] Entering safepoint region: Deoptimize
[4.781s][info ][safepoint    ] Leaving safepoint region
[4.781s][info ][safepoint    ] Total time for which application threads were stopped: 0.0005686 seconds, Stopping threads took: 0.0000277 seconds
[4.787s][info ][safepoint    ] Application time: 0.0057078 seconds
[4.787s][info ][safepoint    ] Entering safepoint region: RevokeBias
[4.787s][info ][safepoint    ] Leaving safepoint region
[4.787s][info ][safepoint    ] Total time for which application threads were stopped: 0.0001716 seconds, Stopping threads took: 0.0000838 seconds
[4.787s][info ][safepoint    ] Application time: 0.0003991 seconds
[4.787s][info ][safepoint    ] Entering safepoint region: RevokeBias
[4.787s][info ][safepoint    ] Leaving safepoint region
[4.787s][info ][safepoint    ] Total time for which application threads were stopped: 0.0000939 seconds, Stopping threads took: 0.0000361 seconds
[4.799s][info ][safepoint    ] Application time: 0.0116101 seconds
[4.799s][info ][safepoint    ] Entering safepoint region: CollectForMetadataAllocation
[4.799s][info ][safepoint    ] Leaving safepoint region
[4.799s][info ][safepoint    ] Total time for which application threads were stopped: 0.0001736 seconds, Stopping threads took: 0.0000507 seconds
[4.817s][info ][safepoint    ] Application time: 0.0181063 seconds
[4.817s][info ][safepoint    ] Entering safepoint region: RevokeBias
[4.818s][info ][safepoint    ] Leaving safepoint region
[4.818s][info ][safepoint    ] Total time for which application threads were stopped: 0.0003335 seconds, Stopping threads took: 0.0000909 seconds
[4.818s][info ][safepoint    ] Application time: 0.0001161 seconds
[4.818s][info ][safepoint    ] Entering safepoint region: RevokeBias
[4.818s][info ][safepoint    ] Leaving safepoint region
[4.818s][info ][safepoint    ] Total time for which application threads were stopped: 0.0001872 seconds, Stopping threads took: 0.0000515 seconds
[4.821s][info ][safepoint    ] Application time: 0.0033244 seconds
[4.821s][info ][safepoint    ] Entering safepoint region: CollectForMetadataAllocation
[4.821s][info ][safepoint    ] Leaving safepoint region
[4.821s][info ][safepoint    ] Total time for which application threads were stopped: 0.0001240 seconds, Stopping threads took: 0.0000299 seconds
[4.835s][info ][safepoint    ] Application time: 0.0133932 seconds
[4.835s][info ][safepoint    ] Entering safepoint region: RevokeBias
[4.835s][info ][safepoint    ] Leaving safepoint region
[4.835s][info ][safepoint    ] Total time for which application threads were stopped: 0.0002208 seconds, Stopping threads took: 0.0000373 seconds
[4.839s][info ][safepoint    ] Application time: 0.0036938 seconds
[4.839s][info ][safepoint    ] Entering safepoint region: RevokeBias
[4.839s][info ][safepoint    ] Leaving safepoint region
[4.839s][info ][safepoint    ] Total time for which application threads were stopped: 0.0000959 seconds, Stopping threads took: 0.0000141 seconds
[4.840s][info ][safepoint    ] Application time: 0.0013991 seconds
[4.840s][info ][safepoint    ] Entering safepoint region: RevokeBias
[4.841s][info ][safepoint    ] Leaving safepoint region
[4.841s][info ][safepoint    ] Total time for which application threads were stopped: 0.0002317 seconds, Stopping threads took: 0.0001427 seconds
[4.841s][info ][safepoint    ] Application time: 0.0001104 seconds
[4.841s][info ][safepoint    ] Entering safepoint region: RevokeBias
[4.841s][info ][safepoint    ] Leaving safepoint region
[4.841s][info ][safepoint    ] Total time for which application threads were stopped: 0.0000928 seconds, Stopping threads took: 0.0000453 seconds
[4.841s][info ][safepoint    ] Application time: 0.0001966 seconds
[4.841s][info ][safepoint    ] Entering safepoint region: RevokeBias
[4.841s][info ][safepoint    ] Leaving safepoint region
[4.841s][info ][safepoint    ] Total time for which application threads were stopped: 0.0002692 seconds, Stopping threads took: 0.0001898 seconds
[4.842s][info ][safepoint    ] Application time: 0.0005790 seconds
[4.853s][info ][safepoint    ] Entering safepoint region: CollectForMetadataAllocation
[4.853s][info ][safepoint    ] Leaving safepoint region
[4.853s][info ][safepoint    ] Total time for which application threads were stopped: 0.0109759 seconds, Stopping threads took: 0.0107674 seconds
[4.857s][info ][safepoint    ] Application time: 0.0038687 seconds
[4.857s][info ][safepoint    ] Entering safepoint region: RevokeBias
[4.858s][info ][safepoint    ] Leaving safepoint region
[4.858s][info ][safepoint    ] Total time for which application threads were stopped: 0.0006631 seconds, Stopping threads took: 0.0001847 seconds
[4.858s][info ][safepoint    ] Application time: 0.0000778 seconds
[4.858s][info ][safepoint    ] Entering safepoint region: RevokeBias
[4.858s][info ][safepoint    ] Leaving safepoint region
[4.858s][info ][safepoint    ] Total time for which application threads were stopped: 0.0001124 seconds, Stopping threads took: 0.0000502 seconds
[4.861s][info ][safepoint    ] Application time: 0.0029543 seconds
[4.861s][info ][safepoint    ] Entering safepoint region: CollectForMetadataAllocation
[4.862s][info ][safepoint    ] Leaving safepoint region
[4.862s][info ][safepoint    ] Total time for which application threads were stopped: 0.0005802 seconds, Stopping threads took: 0.0001002 seconds
[4.870s][info ][safepoint    ] Application time: 0.0081664 seconds
[4.870s][info ][safepoint    ] Entering safepoint region: RevokeBias
[4.870s][info ][safepoint    ] Leaving safepoint region
[4.870s][info ][safepoint    ] Total time for which application threads were stopped: 0.0005188 seconds, Stopping threads took: 0.0000234 seconds
[4.875s][info ][safepoint    ] Application time: 0.0044996 seconds
[4.875s][info ][safepoint    ] Entering safepoint region: CollectForMetadataAllocation
[4.875s][info ][safepoint    ] Leaving safepoint region
[4.875s][info ][safepoint    ] Total time for which application threads were stopped: 0.0002138 seconds, Stopping threads took: 0.0000430 seconds
[4.884s][info ][safepoint    ] Application time: 0.0090176 seconds
[4.884s][info ][safepoint    ] Entering safepoint region: CollectForMetadataAllocation
[4.884s][info ][safepoint    ] Leaving safepoint region
[4.884s][info ][safepoint    ] Total time for which application threads were stopped: 0.0002082 seconds, Stopping threads took: 0.0001179 seconds
[4.901s][info ][safepoint    ] Application time: 0.0166757 seconds
[4.901s][info ][safepoint    ] Entering safepoint region: RevokeBias
[4.902s][info ][safepoint    ] Leaving safepoint region
[4.902s][info ][safepoint    ] Total time for which application threads were stopped: 0.0004011 seconds, Stopping threads took: 0.0001657 seconds
[4.903s][info ][safepoint    ] Application time: 0.0016367 seconds
[4.924s][info ][safepoint    ] Entering safepoint region: RevokeBias
[4.924s][info ][safepoint    ] Leaving safepoint region
[4.924s][info ][safepoint    ] Total time for which application threads were stopped: 0.0208034 seconds, Stopping threads took: 0.0205481 seconds
[4.939s][info ][safepoint    ] Application time: 0.0149851 seconds
[4.939s][info ][safepoint    ] Entering safepoint region: CollectForMetadataAllocation
[4.939s][info ][safepoint    ] Leaving safepoint region
[4.939s][info ][safepoint    ] Total time for which application threads were stopped: 0.0002034 seconds, Stopping threads took: 0.0000831 seconds
[4.952s][info ][safepoint    ] Application time: 0.0127270 seconds
[4.957s][info ][safepoint    ] Entering safepoint region: RevokeBias
[4.958s][info ][safepoint    ] Leaving safepoint region
[4.958s][info ][safepoint    ] Total time for which application threads were stopped: 0.0054836 seconds, Stopping threads took: 0.0051440 seconds
[4.975s][info ][safepoint    ] Application time: 0.0174599 seconds
[4.978s][info ][safepoint    ] Entering safepoint region: RevokeBias
[4.978s][info ][safepoint    ] Leaving safepoint region
[4.978s][info ][safepoint    ] Total time for which application threads were stopped: 0.0034410 seconds, Stopping threads took: 0.0031252 seconds
[4.979s][info ][safepoint    ] Application time: 0.0005348 seconds
[4.982s][info ][safepoint    ] Entering safepoint region: RevokeBias
[4.982s][info ][safepoint    ] Leaving safepoint region
[4.982s][info ][safepoint    ] Total time for which application threads were stopped: 0.0032889 seconds, Stopping threads took: 0.0030941 seconds
[4.986s][info ][safepoint    ] Application time: 0.0038013 seconds
[4.986s][info ][safepoint    ] Entering safepoint region: RevokeBias
[4.987s][info ][safepoint    ] Leaving safepoint region
[4.987s][info ][safepoint    ] Total time for which application threads were stopped: 0.0004011 seconds, Stopping threads took: 0.0002340 seconds
[4.989s][info ][safepoint    ] Application time: 0.0024478 seconds
[4.989s][info ][safepoint    ] Entering safepoint region: RevokeBias
[4.989s][info ][safepoint    ] Leaving safepoint region
[4.989s][info ][safepoint    ] Total time for which application threads were stopped: 0.0003921 seconds, Stopping threads took: 0.0002196 seconds
[4.997s][info ][safepoint    ] Application time: 0.0073295 seconds
[4.997s][info ][safepoint    ] Entering safepoint region: RevokeBias
[4.998s][info ][safepoint    ] Leaving safepoint region
[4.998s][info ][safepoint    ] Total time for which application threads were stopped: 0.0013206 seconds, Stopping threads took: 0.0001626 seconds
[5.005s][info ][safepoint    ] Application time: 0.0068754 seconds
[5.018s][info ][safepoint    ] Entering safepoint region: RevokeBias
[5.019s][info ][safepoint    ] Leaving safepoint region
[5.019s][info ][safepoint    ] Total time for which application threads were stopped: 0.0140221 seconds, Stopping threads took: 0.0134597 seconds
[5.032s][info ][safepoint    ] Application time: 0.0130441 seconds
[5.036s][info ][safepoint    ] Entering safepoint region: RevokeBias
[5.037s][info ][safepoint    ] Leaving safepoint region
[5.037s][info ][safepoint    ] Total time for which application threads were stopped: 0.0048341 seconds, Stopping threads took: 0.0042750 seconds
[5.039s][info ][safepoint    ] Application time: 0.0021273 seconds
[5.042s][info ][safepoint    ] Entering safepoint region: RevokeBias
[5.043s][info ][safepoint    ] Leaving safepoint region
[5.043s][info ][safepoint    ] Total time for which application threads were stopped: 0.0036181 seconds, Stopping threads took: 0.0032565 seconds
[5.049s][info ][safepoint    ] Application time: 0.0060822 seconds
[5.058s][info ][safepoint    ] Entering safepoint region: RevokeBias
[5.058s][info ][safepoint    ] Leaving safepoint region
[5.058s][info ][safepoint    ] Total time for which application threads were stopped: 0.0090940 seconds, Stopping threads took: 0.0087138 seconds
[5.071s][info ][safepoint    ] Application time: 0.0131611 seconds
[5.071s][info ][safepoint    ] Entering safepoint region: RevokeBias
[5.072s][info ][safepoint    ] Leaving safepoint region
[5.072s][info ][safepoint    ] Total time for which application threads were stopped: 0.0005489 seconds, Stopping threads took: 0.0002178 seconds
[5.073s][info ][safepoint    ] Application time: 0.0010152 seconds
[5.076s][info ][safepoint    ] Entering safepoint region: RevokeBias
[5.076s][info ][safepoint    ] Leaving safepoint region
[5.076s][info ][safepoint    ] Total time for which application threads were stopped: 0.0032779 seconds, Stopping threads took: 0.0029229 seconds
[5.079s][info ][safepoint    ] Application time: 0.0025748 seconds
[5.082s][info ][safepoint    ] Entering safepoint region: RevokeBias
[5.082s][info ][safepoint    ] Leaving safepoint region
[5.082s][info ][safepoint    ] Total time for which application threads were stopped: 0.0033083 seconds, Stopping threads took: 0.0030649 seconds
[5.085s][info ][safepoint    ] Application time: 0.0031457 seconds
[5.085s][info ][safepoint    ] Entering safepoint region: RevokeBias
[5.086s][info ][safepoint    ] Leaving safepoint region
[5.086s][info ][safepoint    ] Total time for which application threads were stopped: 0.0004726 seconds, Stopping threads took: 0.0002295 seconds
[5.091s][info ][safepoint    ] Application time: 0.0050073 seconds
[5.091s][info ][safepoint    ] Entering safepoint region: RevokeBias
[5.091s][info ][safepoint    ] Leaving safepoint region
[5.091s][info ][safepoint    ] Total time for which application threads were stopped: 0.0004394 seconds, Stopping threads took: 0.0001253 seconds
[5.092s][info ][safepoint    ] Application time: 0.0005399 seconds
[5.092s][info ][safepoint    ] Entering safepoint region: RevokeBias
[5.092s][info ][safepoint    ] Leaving safepoint region
[5.092s][info ][safepoint    ] Total time for which application threads were stopped: 0.0002867 seconds, Stopping threads took: 0.0001303 seconds
[5.107s][info ][safepoint    ] Application time: 0.0154543 seconds
[5.108s][info ][safepoint    ] Entering safepoint region: RevokeBias
[5.108s][info ][safepoint    ] Leaving safepoint region
[5.108s][info ][safepoint    ] Total time for which application threads were stopped: 0.0004789 seconds, Stopping threads took: 0.0002186 seconds
[5.109s][info ][safepoint    ] Application time: 0.0006010 seconds
[5.113s][info ][safepoint    ] Entering safepoint region: RevokeBias
[5.115s][info ][safepoint    ] Leaving safepoint region
[5.115s][info ][safepoint    ] Total time for which application threads were stopped: 0.0058063 seconds, Stopping threads took: 0.0038025 seconds
[5.148s][info ][safepoint    ] Application time: 0.0336773 seconds
[5.152s][info ][safepoint    ] Entering safepoint region: CollectForMetadataAllocation
[5.153s][info ][safepoint    ] Leaving safepoint region
[5.153s][info ][safepoint    ] Total time for which application threads were stopped: 0.0044137 seconds, Stopping threads took: 0.0041714 seconds
[5.153s][info ][safepoint    ] Application time: 0.0002880 seconds
[5.153s][info ][safepoint    ] Entering safepoint region: CollectForMetadataAllocation
[5.153s][info ][safepoint    ] Leaving safepoint region
[5.153s][info ][safepoint    ] Total time for which application threads were stopped: 0.0002504 seconds, Stopping threads took: 0.0001745 seconds
[5.157s][info ][safepoint    ] Application time: 0.0038855 seconds
[5.158s][info ][safepoint    ] Entering safepoint region: RevokeBias
[5.158s][info ][safepoint    ] Leaving safepoint region
[5.158s][info ][safepoint    ] Total time for which application threads were stopped: 0.0009513 seconds, Stopping threads took: 0.0006465 seconds
[5.166s][info ][safepoint    ] Application time: 0.0079026 seconds
[5.173s][info ][safepoint    ] Entering safepoint region: RevokeBias
[5.174s][info ][safepoint    ] Leaving safepoint region
[5.174s][info ][safepoint    ] Total time for which application threads were stopped: 0.0077159 seconds, Stopping threads took: 0.0072718 seconds
[5.184s][info ][safepoint    ] Application time: 0.0106310 seconds
[5.185s][info ][safepoint    ] Entering safepoint region: RevokeBias
[5.185s][info ][safepoint    ] Leaving safepoint region
[5.185s][info ][safepoint    ] Total time for which application threads were stopped: 0.0006762 seconds, Stopping threads took: 0.0002600 seconds
[5.209s][info ][safepoint    ] Application time: 0.0238179 seconds
[5.210s][info ][safepoint    ] Entering safepoint region: RevokeBias
[5.210s][info ][safepoint    ] Leaving safepoint region
[5.210s][info ][safepoint    ] Total time for which application threads were stopped: 0.0010092 seconds, Stopping threads took: 0.0006072 seconds
[5.236s][info ][safepoint    ] Application time: 0.0261244 seconds
[5.240s][info ][safepoint    ] Entering safepoint region: CollectForMetadataAllocation
[5.240s][info ][safepoint    ] Leaving safepoint region
[5.240s][info ][safepoint    ] Total time for which application threads were stopped: 0.0035573 seconds, Stopping threads took: 0.0033888 seconds
[5.240s][info ][safepoint    ] Application time: 0.0001332 seconds
[5.240s][info ][safepoint    ] Entering safepoint region: CollectForMetadataAllocation
[5.240s][info ][safepoint    ] Leaving safepoint region
[5.240s][info ][safepoint    ] Total time for which application threads were stopped: 0.0002676 seconds, Stopping threads took: 0.0000956 seconds
[5.253s][info ][safepoint    ] Application time: 0.0126994 seconds
[5.253s][info ][safepoint    ] Entering safepoint region: GenCollectForAllocation
[5.253s][info ][gc,start     ] GC(1) Pause Young (Allocation Failure)
[5.253s][info ][gc,task      ] GC(1) Using 4 workers of 4 for evacuation
[5.673s][debug][gc,ref       ] GC(1) Skipped phase1 of Reference Processing due to unavailable references
[5.673s][debug][gc,ref       ] GC(1) Skipped phase3 of Reference Processing due to unavailable references
[5.673s][debug][gc,age       ] GC(1) Desired survivor size 15400960 bytes, new threshold 1 (max threshold 6)
[5.674s][info ][gc,heap      ] GC(1) ParNew: 269156K->30080K(270976K)
[5.674s][info ][gc,heap      ] GC(1) CMS: 0K->38778K(602112K)
[5.674s][info ][gc,metaspace ] GC(1) Metaspace: 27909K->27909K(1075200K)
[5.674s][info ][gc           ] GC(1) Pause Young (Allocation Failure) 262M->67M(852M) 420.452ms
[5.674s][info ][gc,cpu       ] GC(1) User=0.61s Sys=0.02s Real=0.42s
[5.674s][info ][safepoint    ] Leaving safepoint region
[5.674s][info ][safepoint    ] Total time for which application threads were stopped: 0.4206879 seconds, Stopping threads took: 0.0000597 seconds
[5.677s][info ][safepoint    ] Application time: 0.0038110 seconds
[5.678s][info ][safepoint    ] Entering safepoint region: RevokeBias
[5.678s][info ][safepoint    ] Leaving safepoint region
[5.678s][info ][safepoint    ] Total time for which application threads were stopped: 0.0003812 seconds, Stopping threads took: 0.0001249 seconds
[5.679s][info ][safepoint    ] Application time: 0.0014972 seconds
[5.679s][info ][safepoint    ] Entering safepoint region: CMS_Initial_Mark
[5.680s][info ][gc,start     ] GC(2) Pause Initial Mark
[5.690s][info ][gc           ] GC(2) Pause Initial Mark 80M->80M(852M) 10.614ms
[5.690s][info ][gc,cpu       ] GC(2) User=0.02s Sys=0.01s Real=0.01s
[5.690s][info ][safepoint    ] Leaving safepoint region
[5.690s][info ][safepoint    ] Total time for which application threads were stopped: 0.0109938 seconds, Stopping threads took: 0.0001341 seconds
[5.692s][info ][gc           ] GC(2) Concurrent Mark
[5.704s][info ][safepoint    ] Application time: 0.0136096 seconds
[5.716s][info ][safepoint    ] Entering safepoint region: RevokeBias
[5.717s][info ][safepoint    ] Leaving safepoint region
[5.717s][info ][safepoint    ] Total time for which application threads were stopped: 0.0126330 seconds, Stopping threads took: 0.0122052 seconds
[5.721s][info ][safepoint    ] Application time: 0.0039436 seconds
[5.721s][info ][safepoint    ] Entering safepoint region: RevokeBias
[5.721s][info ][safepoint    ] Leaving safepoint region
[5.721s][info ][safepoint    ] Total time for which application threads were stopped: 0.0003953 seconds, Stopping threads took: 0.0000196 seconds
[5.740s][info ][safepoint    ] Application time: 0.0189754 seconds
[5.740s][info ][safepoint    ] Entering safepoint region: CollectForMetadataAllocation
[5.740s][info ][safepoint    ] Leaving safepoint region
[5.740s][info ][safepoint    ] Total time for which application threads were stopped: 0.0002990 seconds, Stopping threads took: 0.0001403 seconds
[5.742s][info ][safepoint    ] Application time: 0.0015623 seconds
[5.742s][info ][safepoint    ] Entering safepoint region: RevokeBias
[5.742s][info ][safepoint    ] Leaving safepoint region
[5.742s][info ][safepoint    ] Total time for which application threads were stopped: 0.0002916 seconds, Stopping threads took: 0.0000686 seconds
[5.745s][info ][safepoint    ] Application time: 0.0029189 seconds
[5.745s][info ][safepoint    ] Entering safepoint region: RevokeBias
[5.746s][info ][safepoint    ] Leaving safepoint region
[5.746s][info ][safepoint    ] Total time for which application threads were stopped: 0.0003861 seconds, Stopping threads took: 0.0001385 seconds
[5.746s][info ][safepoint    ] Application time: 0.0003675 seconds
[5.746s][info ][safepoint    ] Entering safepoint region: RevokeBias
[5.746s][info ][safepoint    ] Leaving safepoint region
[5.746s][info ][safepoint    ] Total time for which application threads were stopped: 0.0003463 seconds, Stopping threads took: 0.0000953 seconds
[5.748s][info ][safepoint    ] Application time: 0.0019135 seconds
[5.751s][info ][safepoint    ] Entering safepoint region: RevokeBias
[5.752s][info ][safepoint    ] Leaving safepoint region
[5.752s][info ][safepoint    ] Total time for which application threads were stopped: 0.0033907 seconds, Stopping threads took: 0.0030578 seconds
[5.783s][info ][safepoint    ] Application time: 0.0309727 seconds
[5.783s][info ][safepoint    ] Entering safepoint region: RevokeBias
[5.783s][info ][safepoint    ] Leaving safepoint region
[5.783s][info ][safepoint    ] Total time for which application threads were stopped: 0.0005004 seconds, Stopping threads took: 0.0001138 seconds
[5.820s][info ][gc           ] GC(2) Concurrent Mark 128.310ms
[5.820s][info ][gc,cpu       ] GC(2) User=0.45s Sys=0.02s Real=0.13s
[5.820s][info ][safepoint    ] Application time: 0.0372334 seconds
[5.821s][info ][safepoint    ] Entering safepoint region: RevokeBias
[5.821s][info ][safepoint    ] Leaving safepoint region
[5.821s][info ][safepoint    ] Total time for which application threads were stopped: 0.0008978 seconds, Stopping threads took: 0.0001692 seconds
[5.821s][info ][gc           ] GC(2) Concurrent Preclean
[5.821s][debug][gc,ref       ] GC(2) Preclean SoftReferences 0.002ms
[5.821s][debug][gc,ref       ] GC(2) Preclean WeakReferences 0.053ms
[5.821s][debug][gc,ref       ] GC(2) Preclean FinalReferences 0.001ms
[5.821s][debug][gc,ref       ] GC(2) Preclean PhantomReferences 0.002ms
[5.822s][info ][safepoint    ] Application time: 0.0009164 seconds
[5.822s][info ][safepoint    ] Entering safepoint region: RevokeBias
[5.823s][info ][safepoint    ] Leaving safepoint region
[5.823s][info ][safepoint    ] Total time for which application threads were stopped: 0.0003299 seconds, Stopping threads took: 0.0001159 seconds
[5.824s][info ][gc           ] GC(2) Concurrent Preclean 3.059ms
[5.824s][info ][gc,cpu       ] GC(2) User=0.02s Sys=0.00s Real=0.01s
[5.824s][info ][gc           ] GC(2) Concurrent Abortable Preclean
[5.828s][info ][safepoint    ] Application time: 0.0056626 seconds
[5.828s][info ][safepoint    ] Entering safepoint region: RevokeBias
[5.829s][info ][safepoint    ] Leaving safepoint region
[5.829s][info ][safepoint    ] Total time for which application threads were stopped: 0.0004828 seconds, Stopping threads took: 0.0001311 seconds
[5.835s][info ][safepoint    ] Application time: 0.0059059 seconds
[5.835s][info ][safepoint    ] Entering safepoint region: RevokeBias
[5.836s][info ][safepoint    ] Leaving safepoint region
[5.836s][info ][safepoint    ] Total time for which application threads were stopped: 0.0009309 seconds, Stopping threads took: 0.0006324 seconds
[5.837s][info ][safepoint    ] Application time: 0.0013572 seconds
[5.838s][info ][safepoint    ] Entering safepoint region: RevokeBias
[5.838s][info ][safepoint    ] Leaving safepoint region
[5.838s][info ][safepoint    ] Total time for which application threads were stopped: 0.0010335 seconds, Stopping threads took: 0.0007984 seconds
[5.841s][info ][safepoint    ] Application time: 0.0031815 seconds
[5.841s][info ][safepoint    ] Entering safepoint region: BulkRevokeBias
[5.843s][info ][safepoint    ] Leaving safepoint region
[5.843s][info ][safepoint    ] Total time for which application threads were stopped: 0.0020852 seconds, Stopping threads took: 0.0001548 seconds
[5.845s][info ][safepoint    ] Application time: 0.0014810 seconds
[5.845s][info ][safepoint    ] Entering safepoint region: RevokeBias
[5.845s][info ][safepoint    ] Leaving safepoint region
[5.845s][info ][safepoint    ] Total time for which application threads were stopped: 0.0003440 seconds, Stopping threads took: 0.0000104 seconds
[5.852s][info ][safepoint    ] Application time: 0.0071460 seconds
[5.855s][info ][safepoint    ] Entering safepoint region: RevokeBias
[5.856s][info ][safepoint    ] Leaving safepoint region
[5.856s][info ][safepoint    ] Total time for which application threads were stopped: 0.0033413 seconds, Stopping threads took: 0.0030585 seconds
[5.865s][info ][safepoint    ] Application time: 0.0090450 seconds
[5.865s][info ][safepoint    ] Entering safepoint region: RevokeBias
[5.865s][info ][safepoint    ] Leaving safepoint region
[5.865s][info ][safepoint    ] Total time for which application threads were stopped: 0.0004159 seconds, Stopping threads took: 0.0001463 seconds
[5.872s][info ][safepoint    ] Application time: 0.0068142 seconds
[5.873s][info ][safepoint    ] Entering safepoint region: CollectForMetadataAllocation
[5.873s][info ][safepoint    ] Leaving safepoint region
[5.873s][info ][safepoint    ] Total time for which application threads were stopped: 0.0008675 seconds, Stopping threads took: 0.0006729 seconds
[5.877s][info ][safepoint    ] Application time: 0.0044177 seconds
[5.878s][info ][safepoint    ] Entering safepoint region: RevokeBias
[5.878s][info ][safepoint    ] Leaving safepoint region
[5.878s][info ][safepoint    ] Total time for which application threads were stopped: 0.0003032 seconds, Stopping threads took: 0.0000924 seconds
[5.898s][info ][safepoint    ] Application time: 0.0202528 seconds
[5.900s][info ][safepoint    ] Entering safepoint region: CollectForMetadataAllocation
[5.901s][info ][safepoint    ] Leaving safepoint region
[5.901s][info ][safepoint    ] Total time for which application threads were stopped: 0.0027335 seconds, Stopping threads took: 0.0023239 seconds
[5.906s][info ][safepoint    ] Application time: 0.0052693 seconds
[5.907s][info ][safepoint    ] Entering safepoint region: RevokeBias
[5.907s][info ][safepoint    ] Leaving safepoint region
[5.907s][info ][safepoint    ] Total time for which application threads were stopped: 0.0007004 seconds, Stopping threads took: 0.0005357 seconds
[5.918s][info ][safepoint    ] Application time: 0.0111813 seconds
[5.918s][info ][safepoint    ] Entering safepoint region: RevokeBias
[5.918s][info ][safepoint    ] Leaving safepoint region
[5.918s][info ][safepoint    ] Total time for which application threads were stopped: 0.0004922 seconds, Stopping threads took: 0.0001940 seconds
[5.933s][info ][safepoint    ] Application time: 0.0143079 seconds
[5.933s][info ][safepoint    ] Entering safepoint region: CollectForMetadataAllocation
[5.933s][info ][safepoint    ] Leaving safepoint region
[5.933s][info ][safepoint    ] Total time for which application threads were stopped: 0.0004294 seconds, Stopping threads took: 0.0002618 seconds
[5.933s][info ][safepoint    ] Application time: 0.0001948 seconds
[5.934s][info ][safepoint    ] Entering safepoint region: RevokeBias
[5.934s][info ][safepoint    ] Leaving safepoint region
[5.934s][info ][safepoint    ] Total time for which application threads were stopped: 0.0002912 seconds, Stopping threads took: 0.0001157 seconds
[5.980s][info ][safepoint    ] Application time: 0.0463303 seconds
[5.989s][info ][safepoint    ] Entering safepoint region: RevokeBias
[5.989s][info ][safepoint    ] Leaving safepoint region
[5.989s][info ][safepoint    ] Total time for which application threads were stopped: 0.0090122 seconds, Stopping threads took: 0.0084783 seconds
[6.029s][info ][safepoint    ] Application time: 0.0397069 seconds
[6.033s][info ][safepoint    ] Entering safepoint region: RevokeBias
[6.033s][info ][safepoint    ] Leaving safepoint region
[6.033s][info ][safepoint    ] Total time for which application threads were stopped: 0.0043490 seconds, Stopping threads took: 0.0041428 seconds
[6.039s][info ][safepoint    ] Application time: 0.0060210 seconds
[6.040s][info ][safepoint    ] Entering safepoint region: CollectForMetadataAllocation
[6.040s][info ][safepoint    ] Leaving safepoint region
[6.040s][info ][safepoint    ] Total time for which application threads were stopped: 0.0003974 seconds, Stopping threads took: 0.0002271 seconds
[6.050s][info ][safepoint    ] Application time: 0.0107179 seconds
[6.052s][info ][safepoint    ] Entering safepoint region: RevokeBias
[6.053s][info ][safepoint    ] Leaving safepoint region
[6.053s][info ][safepoint    ] Total time for which application threads were stopped: 0.0021393 seconds, Stopping threads took: 0.0017021 seconds
[6.056s][info ][safepoint    ] Application time: 0.0036298 seconds
[6.056s][info ][safepoint    ] Entering safepoint region: RevokeBias
[6.057s][info ][safepoint    ] Leaving safepoint region
[6.057s][info ][safepoint    ] Total time for which application threads were stopped: 0.0003807 seconds, Stopping threads took: 0.0001498 seconds
[6.089s][info ][safepoint    ] Application time: 0.0325970 seconds
[6.090s][info ][safepoint    ] Entering safepoint region: CollectForMetadataAllocation
[6.090s][info ][safepoint    ] Leaving safepoint region
[6.090s][info ][safepoint    ] Total time for which application threads were stopped: 0.0005292 seconds, Stopping threads took: 0.0002933 seconds
[6.116s][info ][safepoint    ] Application time: 0.0265800 seconds
[6.121s][info ][safepoint    ] Entering safepoint region: BulkRevokeBias
[6.122s][info ][safepoint    ] Leaving safepoint region
[6.122s][info ][safepoint    ] Total time for which application threads were stopped: 0.0054030 seconds, Stopping threads took: 0.0041421 seconds
[6.125s][info ][safepoint    ] Application time: 0.0027523 seconds
[6.125s][info ][safepoint    ] Entering safepoint region: CollectForMetadataAllocation
[6.125s][info ][safepoint    ] Leaving safepoint region
[6.125s][info ][safepoint    ] Total time for which application threads were stopped: 0.0004229 seconds, Stopping threads took: 0.0001604 seconds
[6.175s][info ][safepoint    ] Application time: 0.0495516 seconds
[6.175s][info ][safepoint    ] Entering safepoint region: CollectForMetadataAllocation
[6.175s][info ][safepoint    ] Leaving safepoint region
[6.175s][info ][safepoint    ] Total time for which application threads were stopped: 0.0005916 seconds, Stopping threads took: 0.0002191 seconds
[6.224s][info ][safepoint    ] Application time: 0.0489936 seconds
[6.225s][info ][safepoint    ] Entering safepoint region: CollectForMetadataAllocation
[6.225s][info ][safepoint    ] Leaving safepoint region
[6.225s][info ][safepoint    ] Total time for which application threads were stopped: 0.0004631 seconds, Stopping threads took: 0.0002521 seconds
[6.249s][info ][safepoint    ] Application time: 0.0240160 seconds
[6.253s][info ][safepoint    ] Entering safepoint region: CollectForMetadataAllocation
[6.253s][info ][safepoint    ] Leaving safepoint region
[6.253s][info ][safepoint    ] Total time for which application threads were stopped: 0.0045075 seconds, Stopping threads took: 0.0041984 seconds
[6.286s][info ][safepoint    ] Application time: 0.0328315 seconds
[6.286s][info ][safepoint    ] Entering safepoint region: CollectForMetadataAllocation
[6.287s][info ][safepoint    ] Leaving safepoint region
[6.287s][info ][safepoint    ] Total time for which application threads were stopped: 0.0003342 seconds, Stopping threads took: 0.0001517 seconds
[6.330s][info ][safepoint    ] Application time: 0.0436733 seconds
[6.335s][info ][safepoint    ] Entering safepoint region: CollectForMetadataAllocation
[6.335s][info ][safepoint    ] Leaving safepoint region
[6.335s][info ][safepoint    ] Total time for which application threads were stopped: 0.0048124 seconds, Stopping threads took: 0.0045689 seconds
[6.343s][info ][safepoint    ] Application time: 0.0075326 seconds
[6.343s][info ][safepoint    ] Entering safepoint region: Deoptimize
[6.343s][info ][safepoint    ] Leaving safepoint region
[6.343s][info ][safepoint    ] Total time for which application threads were stopped: 0.0007390 seconds, Stopping threads took: 0.0000918 seconds
[6.371s][info ][safepoint    ] Application time: 0.0278512 seconds
[6.371s][info ][safepoint    ] Entering safepoint region: CollectForMetadataAllocation
[6.372s][info ][safepoint    ] Leaving safepoint region
[6.372s][info ][safepoint    ] Total time for which application threads were stopped: 0.0004232 seconds, Stopping threads took: 0.0002301 seconds
[6.379s][info ][safepoint    ] Application time: 0.0072980 seconds
[6.379s][info ][safepoint    ] Entering safepoint region: CollectForMetadataAllocation
[6.379s][info ][safepoint    ] Leaving safepoint region
[6.379s][info ][safepoint    ] Total time for which application threads were stopped: 0.0003594 seconds, Stopping threads took: 0.0002098 seconds
[6.384s][info ][safepoint    ] Application time: 0.0042912 seconds
[6.384s][info ][safepoint    ] Entering safepoint region: GenCollectForAllocation
[6.384s][info ][gc,start     ] GC(3) Pause Young (Allocation Failure)
[6.384s][info ][gc,task      ] GC(3) Using 4 workers of 4 for evacuation
[6.534s][debug][gc,ref       ] GC(3) Skipped phase1 of Reference Processing due to unavailable references
[6.534s][debug][gc,ref       ] GC(3) Skipped phase3 of Reference Processing due to unavailable references
[6.534s][debug][gc,age       ] GC(3) Desired survivor size 15400960 bytes, new threshold 1 (max threshold 6)
[6.535s][info ][gc,heap      ] GC(3) ParNew: 270976K->30080K(270976K)
[6.535s][info ][gc,heap      ] GC(3) CMS: 38778K->72775K(602112K)
[6.535s][info ][gc,metaspace ] GC(3) Metaspace: 32479K->32479K(1079296K)
[6.535s][info ][gc           ] GC(3) Pause Young (Allocation Failure) 302M->100M(852M) 150.589ms
[6.535s][info ][gc,cpu       ] GC(3) User=0.36s Sys=0.00s Real=0.15s
[6.535s][info ][safepoint    ] Leaving safepoint region
[6.535s][info ][safepoint    ] Total time for which application threads were stopped: 0.1509242 seconds, Stopping threads took: 0.0001202 seconds
[6.558s][info ][safepoint    ] Application time: 0.0230782 seconds
[6.564s][info ][safepoint    ] Entering safepoint region: CollectForMetadataAllocation
[6.565s][info ][safepoint    ] Leaving safepoint region
[6.565s][info ][safepoint    ] Total time for which application threads were stopped: 0.0068359 seconds, Stopping threads took: 0.0066161 seconds
[6.594s][info ][safepoint    ] Application time: 0.0289181 seconds
[6.617s][info ][safepoint    ] Entering safepoint region: CollectForMetadataAllocation
[6.618s][info ][safepoint    ] Leaving safepoint region
[6.618s][info ][safepoint    ] Total time for which application threads were stopped: 0.0241376 seconds, Stopping threads took: 0.0238058 seconds
[6.667s][info ][safepoint    ] Application time: 0.0489144 seconds
[6.667s][info ][safepoint    ] Entering safepoint region: CollectForMetadataAllocation
[6.667s][info ][safepoint    ] Leaving safepoint region
[6.667s][info ][safepoint    ] Total time for which application threads were stopped: 0.0004462 seconds, Stopping threads took: 0.0002880 seconds
[6.696s][info ][safepoint    ] Application time: 0.0286577 seconds
[6.696s][info ][safepoint    ] Entering safepoint region: CollectForMetadataAllocation
[6.697s][info ][safepoint    ] Leaving safepoint region
[6.697s][info ][safepoint    ] Total time for which application threads were stopped: 0.0008173 seconds, Stopping threads took: 0.0006298 seconds
[6.703s][info ][gc           ] GC(2) Concurrent Abortable Preclean 878.708ms
[6.703s][info ][gc,cpu       ] GC(2) User=3.40s Sys=0.14s Real=0.87s
[6.703s][info ][safepoint    ] Application time: 0.0065853 seconds
[6.704s][info ][safepoint    ] Entering safepoint region: CMS_Final_Remark
[6.704s][info ][gc,start     ] GC(2) Pause Remark
[6.746s][debug][gc,phases    ] GC(2) Rescan (parallel) 41.088ms
[6.746s][debug][gc,ref       ] GC(2) Skipped phase1 of Reference Processing due to unavailable references
[6.746s][debug][gc,ref       ] GC(2) Skipped phase3 of Reference Processing due to unavailable references
[6.746s][debug][gc,ref       ] GC(2) Skipped phase4 of Reference Processing due to unavailable references
[6.746s][debug][gc,phases    ] GC(2) Reference Processing 0.065ms
[6.746s][debug][gc,phases    ] GC(2) Weak Processing 0.082ms
[6.746s][debug][gc,phases    ] GC(2) ClassLoaderData 0.638ms
[6.746s][debug][gc,phases    ] GC(2) ProtectionDomainCacheTable 0.004ms
[6.747s][debug][gc,phases    ] GC(2) ResolvedMethodTable 0.088ms
[6.750s][debug][gc,phases    ] GC(2) Class Unloading 3.839ms
[6.754s][debug][gc,phases    ] GC(2) Scrub Symbol Table 4.120ms
[6.754s][debug][gc,phases    ] GC(2) Scrub String Table 0.346ms
[6.754s][info ][gc           ] GC(2) Pause Remark 232M->232M(852M) 49.703ms
[6.754s][info ][gc,cpu       ] GC(2) User=0.19s Sys=0.00s Real=0.04s
[6.754s][info ][safepoint    ] Leaving safepoint region
[6.754s][info ][safepoint    ] Total time for which application threads were stopped: 0.0510050 seconds, Stopping threads took: 0.0010693 seconds
[6.754s][info ][gc           ] GC(2) Concurrent Sweep
[6.824s][info ][gc           ] GC(2) Concurrent Sweep 69.868ms
[6.824s][info ][gc,cpu       ] GC(2) User=0.27s Sys=0.00s Real=0.08s
[6.824s][info ][gc           ] GC(2) Concurrent Reset
[6.829s][info ][safepoint    ] Application time: 0.0745931 seconds
[6.829s][info ][safepoint    ] Entering safepoint region: Deoptimize
[6.830s][info ][safepoint    ] Leaving safepoint region
[6.830s][info ][safepoint    ] Total time for which application threads were stopped: 0.0009821 seconds, Stopping threads took: 0.0002086 seconds
[6.846s][info ][gc           ] GC(2) Concurrent Reset 21.479ms
[6.846s][info ][gc,cpu       ] GC(2) User=0.11s Sys=0.02s Real=0.02s
[6.846s][info ][gc,heap      ] GC(2) Old: 38778K->72745K(602112K)
[6.890s][info ][safepoint    ] Application time: 0.0603242 seconds
[6.890s][info ][safepoint    ] Entering safepoint region: Deoptimize
[6.891s][info ][safepoint    ] Leaving safepoint region
[6.891s][info ][safepoint    ] Total time for which application threads were stopped: 0.0009173 seconds, Stopping threads took: 0.0001610 seconds
[6.909s][info ][safepoint    ] Application time: 0.0175478 seconds
[6.916s][info ][safepoint    ] Entering safepoint region: GenCollectForAllocation
[6.917s][info ][gc,start     ] GC(4) Pause Young (Allocation Failure)
[6.917s][info ][gc,task      ] GC(4) Using 4 workers of 4 for evacuation
[7.033s][debug][gc,ref       ] GC(4) Skipped phase1 of Reference Processing due to unavailable references
[7.033s][debug][gc,ref       ] GC(4) Skipped phase3 of Reference Processing due to unavailable references
[7.033s][debug][gc,age       ] GC(4) Desired survivor size 15400960 bytes, new threshold 1 (max threshold 6)
[7.033s][info ][gc,heap      ] GC(4) ParNew: 270976K->30080K(270976K)
[7.033s][info ][gc,heap      ] GC(4) CMS: 72745K->100405K(602112K)
[7.033s][info ][gc,metaspace ] GC(4) Metaspace: 34261K->34261K(1079296K)
[7.033s][info ][gc           ] GC(4) Pause Young (Allocation Failure) 335M->127M(852M) 116.062ms
[7.033s][info ][gc,cpu       ] GC(4) User=0.30s Sys=0.02s Real=0.11s
[7.033s][info ][safepoint    ] Leaving safepoint region
[7.033s][info ][safepoint    ] Total time for which application threads were stopped: 0.1242485 seconds, Stopping threads took: 0.0075902 seconds
[7.034s][info ][safepoint    ] Application time: 0.0007563 seconds
[7.034s][info ][safepoint    ] Entering safepoint region: RevokeBias
[7.034s][info ][safepoint    ] Leaving safepoint region
[7.034s][info ][safepoint    ] Total time for which application threads were stopped: 0.0006003 seconds, Stopping threads took: 0.0004694 seconds
[7.034s][info ][safepoint    ] Application time: 0.0000544 seconds
[7.034s][info ][safepoint    ] Entering safepoint region: RevokeBias
[7.035s][info ][safepoint    ] Leaving safepoint region
[7.035s][info ][safepoint    ] Total time for which application threads were stopped: 0.0000837 seconds, Stopping threads took: 0.0000161 seconds
[7.141s][info ][safepoint    ] Application time: 0.1063212 seconds
[7.141s][info ][safepoint    ] Entering safepoint region: GenCollectForAllocation
[7.141s][info ][gc,start     ] GC(5) Pause Young (Allocation Failure)
[7.141s][info ][gc,task      ] GC(5) Using 4 workers of 4 for evacuation
[7.228s][debug][gc,ref       ] GC(5) Skipped phase1 of Reference Processing due to unavailable references
[7.228s][debug][gc,ref       ] GC(5) Skipped phase3 of Reference Processing due to unavailable references
[7.228s][debug][gc,age       ] GC(5) Desired survivor size 15400960 bytes, new threshold 6 (max threshold 6)
[7.228s][info ][gc,heap      ] GC(5) ParNew: 270976K->26584K(270976K)
[7.228s][info ][gc,heap      ] GC(5) CMS: 100405K->127880K(602112K)
[7.228s][info ][gc,metaspace ] GC(5) Metaspace: 35282K->35282K(1081344K)
[7.228s][info ][gc           ] GC(5) Pause Young (Allocation Failure) 362M->150M(852M) 86.814ms
[7.228s][info ][gc,cpu       ] GC(5) User=0.23s Sys=0.00s Real=0.09s
[7.228s][info ][safepoint    ] Leaving safepoint region
[7.228s][info ][safepoint    ] Total time for which application threads were stopped: 0.0873046 seconds, Stopping threads took: 0.0002179 seconds
[7.256s][info ][safepoint    ] Application time: 0.0280534 seconds
[7.260s][info ][safepoint    ] Entering safepoint region: Deoptimize
[7.261s][info ][safepoint    ] Leaving safepoint region
[7.261s][info ][safepoint    ] Total time for which application threads were stopped: 0.0050554 seconds, Stopping threads took: 0.0039837 seconds
[7.301s][info ][safepoint    ] Application time: 0.0392932 seconds
[7.301s][info ][safepoint    ] Entering safepoint region: GenCollectForAllocation
[7.301s][info ][gc,start     ] GC(6) Pause Young (Allocation Failure)
[7.301s][info ][gc,task      ] GC(6) Using 4 workers of 4 for evacuation
[7.316s][debug][gc,ref       ] GC(6) Skipped phase1 of Reference Processing due to unavailable references
[7.316s][debug][gc,ref       ] GC(6) Skipped phase3 of Reference Processing due to unavailable references
[7.316s][debug][gc,age       ] GC(6) Desired survivor size 15400960 bytes, new threshold 6 (max threshold 6)
[7.316s][info ][gc,heap      ] GC(6) ParNew: 267480K->20594K(270976K)
[7.316s][info ][gc,heap      ] GC(6) CMS: 127880K->127880K(602112K)
[7.316s][info ][gc,metaspace ] GC(6) Metaspace: 35516K->35516K(1081344K)
[7.316s][info ][gc           ] GC(6) Pause Young (Allocation Failure) 386M->144M(852M) 14.708ms
[7.316s][info ][gc,cpu       ] GC(6) User=0.05s Sys=0.00s Real=0.01s
[7.316s][info ][safepoint    ] Leaving safepoint region
[7.316s][info ][safepoint    ] Total time for which application threads were stopped: 0.0151169 seconds, Stopping threads took: 0.0001506 seconds
[7.374s][info ][safepoint    ] Application time: 0.0582689 seconds
[7.384s][info ][safepoint    ] Entering safepoint region: GenCollectForAllocation
[7.384s][info ][gc,start     ] GC(7) Pause Young (Allocation Failure)
[7.385s][info ][gc,task      ] GC(7) Using 4 workers of 4 for evacuation
[7.407s][debug][gc,ref       ] GC(7) Skipped phase1 of Reference Processing due to unavailable references
[7.407s][debug][gc,ref       ] GC(7) Skipped phase3 of Reference Processing due to unavailable references
[7.407s][debug][gc,age       ] GC(7) Desired survivor size 15400960 bytes, new threshold 3 (max threshold 6)
[7.408s][info ][gc,heap      ] GC(7) ParNew: 261490K->23002K(270976K)
[7.408s][info ][gc,heap      ] GC(7) CMS: 127880K->127880K(602112K)
[7.408s][info ][gc,metaspace ] GC(7) Metaspace: 35913K->35913K(1081344K)
[7.408s][info ][gc           ] GC(7) Pause Young (Allocation Failure) 380M->147M(852M) 23.041ms
[7.408s][info ][gc,cpu       ] GC(7) User=0.06s Sys=0.01s Real=0.02s
[7.408s][info ][safepoint    ] Leaving safepoint region
[7.408s][info ][safepoint    ] Total time for which application threads were stopped: 0.0334673 seconds, Stopping threads took: 0.0101294 seconds
[7.495s][info ][safepoint    ] Application time: 0.0876640 seconds
[7.499s][info ][safepoint    ] Entering safepoint region: GenCollectForAllocation
[7.499s][info ][gc,start     ] GC(8) Pause Young (Allocation Failure)
[7.499s][info ][gc,task      ] GC(8) Using 4 workers of 4 for evacuation
[7.532s][debug][gc,ref       ] GC(8) Skipped phase1 of Reference Processing due to unavailable references
[7.532s][debug][gc,ref       ] GC(8) Skipped phase3 of Reference Processing due to unavailable references
[7.532s][debug][gc,age       ] GC(8) Desired survivor size 15400960 bytes, new threshold 6 (max threshold 6)
[7.532s][info ][gc,heap      ] GC(8) ParNew: 263898K->18117K(270976K)
[7.532s][info ][gc,heap      ] GC(8) CMS: 127880K->137561K(602112K)
[7.532s][info ][gc,metaspace ] GC(8) Metaspace: 36293K->36293K(1081344K)
[7.532s][info ][gc           ] GC(8) Pause Young (Allocation Failure) 382M->152M(852M) 32.366ms
[7.532s][info ][gc,cpu       ] GC(8) User=0.07s Sys=0.03s Real=0.03s
[7.532s][info ][safepoint    ] Leaving safepoint region
[7.532s][info ][safepoint    ] Total time for which application threads were stopped: 0.0365521 seconds, Stopping threads took: 0.0038615 seconds
[7.628s][info ][safepoint    ] Application time: 0.0958406 seconds
[7.636s][info ][safepoint    ] Entering safepoint region: GenCollectForAllocation
[7.637s][info ][gc,start     ] GC(9) Pause Young (Allocation Failure)
[7.637s][info ][gc,task      ] GC(9) Using 4 workers of 4 for evacuation
[7.649s][debug][gc,ref       ] GC(9) Skipped phase1 of Reference Processing due to unavailable references
[7.649s][debug][gc,ref       ] GC(9) Skipped phase3 of Reference Processing due to unavailable references
[7.649s][debug][gc,age       ] GC(9) Desired survivor size 15400960 bytes, new threshold 6 (max threshold 6)
[7.649s][info ][gc,heap      ] GC(9) ParNew: 259013K->10691K(270976K)
[7.649s][info ][gc,heap      ] GC(9) CMS: 137561K->137561K(602112K)
[7.649s][info ][gc,metaspace ] GC(9) Metaspace: 37100K->37100K(1083392K)
[7.649s][info ][gc           ] GC(9) Pause Young (Allocation Failure) 387M->144M(852M) 12.392ms
[7.649s][info ][gc,cpu       ] GC(9) User=0.05s Sys=0.00s Real=0.01s
[7.649s][info ][safepoint    ] Leaving safepoint region
[7.649s][info ][safepoint    ] Total time for which application threads were stopped: 0.0213756 seconds, Stopping threads took: 0.0085378 seconds
[7.814s][info ][safepoint    ] Application time: 0.1645631 seconds
[7.817s][info ][safepoint    ] Entering safepoint region: GenCollectForAllocation
[7.817s][info ][gc,start     ] GC(10) Pause Young (Allocation Failure)
[7.817s][info ][gc,task      ] GC(10) Using 4 workers of 4 for evacuation
[7.828s][debug][gc,ref       ] GC(10) Skipped phase1 of Reference Processing due to unavailable references
[7.828s][debug][gc,ref       ] GC(10) Skipped phase3 of Reference Processing due to unavailable references
[7.829s][debug][gc,age       ] GC(10) Desired survivor size 15400960 bytes, new threshold 6 (max threshold 6)
[7.829s][info ][gc,heap      ] GC(10) ParNew: 251587K->13097K(270976K)
[7.829s][info ][gc,heap      ] GC(10) CMS: 137561K->137561K(602112K)
[7.829s][info ][gc,metaspace ] GC(10) Metaspace: 37547K->37547K(1083392K)
[7.829s][info ][gc           ] GC(10) Pause Young (Allocation Failure) 380M->147M(852M) 11.435ms
[7.829s][info ][gc,cpu       ] GC(10) User=0.04s Sys=0.00s Real=0.01s
[7.829s][info ][safepoint    ] Leaving safepoint region
[7.829s][info ][safepoint    ] Total time for which application threads were stopped: 0.0150504 seconds, Stopping threads took: 0.0031153 seconds
[7.942s][info ][safepoint    ] Application time: 0.1133422 seconds
[7.952s][info ][safepoint    ] Entering safepoint region: GenCollectForAllocation
[7.952s][info ][gc,start     ] GC(11) Pause Young (Allocation Failure)
[7.953s][info ][gc,task      ] GC(11) Using 4 workers of 4 for evacuation
[7.996s][debug][gc,ref       ] GC(11) Skipped phase1 of Reference Processing due to unavailable references
[7.996s][debug][gc,ref       ] GC(11) Skipped phase3 of Reference Processing due to unavailable references
[7.996s][debug][gc,age       ] GC(11) Desired survivor size 15400960 bytes, new threshold 6 (max threshold 6)
[7.996s][info ][gc,heap      ] GC(11) ParNew: 253993K->14524K(270976K)
[7.996s][info ][gc,heap      ] GC(11) CMS: 137561K->137561K(602112K)
[7.996s][info ][gc,metaspace ] GC(11) Metaspace: 37673K->37673K(1083392K)
[7.996s][info ][gc           ] GC(11) Pause Young (Allocation Failure) 382M->148M(852M) 43.992ms
[7.997s][info ][gc,cpu       ] GC(11) User=0.11s Sys=0.00s Real=0.05s
[7.997s][info ][safepoint    ] Leaving safepoint region
[7.997s][info ][safepoint    ] Total time for which application threads were stopped: 0.0543925 seconds, Stopping threads took: 0.0101331 seconds
[8.087s][info ][safepoint    ] Application time: 0.0901621 seconds
[8.087s][info ][safepoint    ] Entering safepoint region: GenCollectForAllocation
[8.087s][info ][gc,start     ] GC(12) Pause Young (Allocation Failure)
[8.087s][info ][gc,task      ] GC(12) Using 4 workers of 4 for evacuation
[8.113s][debug][gc,ref       ] GC(12) Skipped phase1 of Reference Processing due to unavailable references
[8.113s][debug][gc,ref       ] GC(12) Skipped phase3 of Reference Processing due to unavailable references
[8.114s][debug][gc,age       ] GC(12) Desired survivor size 15400960 bytes, new threshold 6 (max threshold 6)
[8.114s][info ][gc,heap      ] GC(12) ParNew: 255420K->10297K(270976K)
[8.114s][info ][gc,heap      ] GC(12) CMS: 137561K->142939K(602112K)
[8.114s][info ][gc,metaspace ] GC(12) Metaspace: 37715K->37715K(1083392K)
[8.114s][info ][gc           ] GC(12) Pause Young (Allocation Failure) 383M->149M(852M) 26.687ms
[8.114s][info ][gc,cpu       ] GC(12) User=0.06s Sys=0.00s Real=0.02s
[8.114s][info ][safepoint    ] Leaving safepoint region
[8.114s][info ][safepoint    ] Total time for which application threads were stopped: 0.0276961 seconds, Stopping threads took: 0.0002507 seconds
[8.165s][info ][safepoint    ] Application time: 0.0501028 seconds
[8.168s][info ][safepoint    ] Entering safepoint region: RevokeBias
[8.168s][info ][safepoint    ] Leaving safepoint region
[8.168s][info ][safepoint    ] Total time for which application threads were stopped: 0.0037324 seconds, Stopping threads took: 0.0035253 seconds
[8.178s][info ][safepoint    ] Application time: 0.0092429 seconds
[8.192s][info ][safepoint    ] Entering safepoint region: RevokeBias
[8.192s][info ][safepoint    ] Leaving safepoint region
[8.192s][info ][safepoint    ] Total time for which application threads were stopped: 0.0148539 seconds, Stopping threads took: 0.0145605 seconds
[8.204s][info ][safepoint    ] Application time: 0.0116458 seconds
[8.204s][info ][safepoint    ] Entering safepoint region: RevokeBias
[8.204s][info ][safepoint    ] Leaving safepoint region
[8.204s][info ][safepoint    ] Total time for which application threads were stopped: 0.0002489 seconds, Stopping threads took: 0.0000181 seconds
[8.208s][info ][safepoint    ] Application time: 0.0036922 seconds
[8.208s][info ][safepoint    ] Entering safepoint region: RevokeBias
[8.208s][info ][safepoint    ] Leaving safepoint region
[8.208s][info ][safepoint    ] Total time for which application threads were stopped: 0.0002082 seconds, Stopping threads took: 0.0000135 seconds
[8.212s][info ][safepoint    ] Application time: 0.0037909 seconds
[8.212s][info ][safepoint    ] Entering safepoint region: RevokeBias
[8.213s][info ][safepoint    ] Leaving safepoint region
[8.213s][info ][safepoint    ] Total time for which application threads were stopped: 0.0003586 seconds, Stopping threads took: 0.0001034 seconds
[8.215s][info ][safepoint    ] Application time: 0.0026642 seconds
[8.215s][info ][safepoint    ] Entering safepoint region: RevokeBias
[8.215s][info ][safepoint    ] Leaving safepoint region
[8.215s][info ][safepoint    ] Total time for which application threads were stopped: 0.0002358 seconds, Stopping threads took: 0.0000107 seconds
[8.258s][info ][safepoint    ] Application time: 0.0427886 seconds
[8.261s][info ][safepoint    ] Entering safepoint region: RevokeBias
[8.262s][info ][safepoint    ] Leaving safepoint region
[8.262s][info ][safepoint    ] Total time for which application threads were stopped: 0.0034489 seconds, Stopping threads took: 0.0032346 seconds
[8.271s][info ][safepoint    ] Application time: 0.0091256 seconds
[8.287s][info ][safepoint    ] Entering safepoint region: BulkRevokeBias
[8.296s][info ][safepoint    ] Leaving safepoint region
[8.296s][info ][safepoint    ] Total time for which application threads were stopped: 0.0247477 seconds, Stopping threads took: 0.0164474 seconds
[8.322s][info ][safepoint    ] Application time: 0.0261845 seconds
[8.329s][info ][safepoint    ] Entering safepoint region: RevokeBias
[8.329s][info ][safepoint    ] Leaving safepoint region
[8.329s][info ][safepoint    ] Total time for which application threads were stopped: 0.0070531 seconds, Stopping threads took: 0.0067575 seconds
[8.329s][info ][safepoint    ] Application time: 0.0003854 seconds
[8.330s][info ][safepoint    ] Entering safepoint region: RevokeBias
[8.330s][info ][safepoint    ] Leaving safepoint region
[8.330s][info ][safepoint    ] Total time for which application threads were stopped: 0.0004193 seconds, Stopping threads took: 0.0002668 seconds
[8.335s][info ][safepoint    ] Application time: 0.0051734 seconds
[8.337s][info ][safepoint    ] Entering safepoint region: RevokeBias
[8.337s][info ][safepoint    ] Leaving safepoint region
[8.337s][info ][safepoint    ] Total time for which application threads were stopped: 0.0019971 seconds, Stopping threads took: 0.0017744 seconds
[8.352s][info ][safepoint    ] Application time: 0.0145874 seconds
[8.364s][info ][safepoint    ] Entering safepoint region: GenCollectForAllocation
[8.364s][info ][gc,start     ] GC(13) Pause Young (Allocation Failure)
[8.364s][info ][gc,task      ] GC(13) Using 4 workers of 4 for evacuation
[8.389s][debug][gc,ref       ] GC(13) Skipped phase1 of Reference Processing due to unavailable references
[8.389s][debug][gc,ref       ] GC(13) Skipped phase3 of Reference Processing due to unavailable references
[8.389s][debug][gc,age       ] GC(13) Desired survivor size 15400960 bytes, new threshold 6 (max threshold 6)
[8.389s][info ][gc,heap      ] GC(13) ParNew: 251193K->8252K(270976K)
[8.389s][info ][gc,heap      ] GC(13) CMS: 142939K->143657K(602112K)
[8.389s][info ][gc,metaspace ] GC(13) Metaspace: 38060K->38060K(1083392K)
[8.389s][info ][gc           ] GC(13) Pause Young (Allocation Failure) 384M->148M(852M) 25.032ms
[8.389s][info ][gc,cpu       ] GC(13) User=0.04s Sys=0.00s Real=0.03s
[8.389s][info ][safepoint    ] Leaving safepoint region
[8.389s][info ][safepoint    ] Total time for which application threads were stopped: 0.0374906 seconds, Stopping threads took: 0.0120081 seconds
[8.517s][info ][safepoint    ] Application time: 0.1278586 seconds
[8.521s][info ][safepoint    ] Entering safepoint region: GenCollectForAllocation
[8.521s][info ][gc,start     ] GC(14) Pause Young (Allocation Failure)
[8.521s][info ][gc,task      ] GC(14) Using 4 workers of 4 for evacuation
[8.533s][debug][gc,ref       ] GC(14) Skipped phase1 of Reference Processing due to unavailable references
[8.533s][debug][gc,ref       ] GC(14) Skipped phase3 of Reference Processing due to unavailable references
[8.533s][debug][gc,age       ] GC(14) Desired survivor size 15400960 bytes, new threshold 6 (max threshold 6)
[8.533s][info ][gc,heap      ] GC(14) ParNew: 249148K->8664K(270976K)
[8.533s][info ][gc,heap      ] GC(14) CMS: 143657K->144463K(602112K)
[8.533s][info ][gc,metaspace ] GC(14) Metaspace: 38136K->38136K(1083392K)
[8.533s][info ][gc           ] GC(14) Pause Young (Allocation Failure) 383M->149M(852M) 12.082ms
[8.533s][info ][gc,cpu       ] GC(14) User=0.03s Sys=0.01s Real=0.01s
[8.533s][info ][safepoint    ] Leaving safepoint region
[8.534s][info ][safepoint    ] Total time for which application threads were stopped: 0.0165477 seconds, Stopping threads took: 0.0042297 seconds
[8.593s][info ][safepoint    ] Application time: 0.0597909 seconds
[8.600s][info ][safepoint    ] Entering safepoint region: RevokeBias
[8.601s][info ][safepoint    ] Leaving safepoint region
[8.601s][info ][safepoint    ] Total time for which application threads were stopped: 0.0073546 seconds, Stopping threads took: 0.0069769 seconds
[8.647s][info ][safepoint    ] Application time: 0.0467760 seconds
[8.656s][info ][safepoint    ] Entering safepoint region: GenCollectForAllocation
[8.657s][info ][gc,start     ] GC(15) Pause Young (Allocation Failure)
[8.657s][info ][gc,task      ] GC(15) Using 4 workers of 4 for evacuation
[8.679s][debug][gc,ref       ] GC(15) Skipped phase1 of Reference Processing due to unavailable references
[8.679s][debug][gc,ref       ] GC(15) Skipped phase3 of Reference Processing due to unavailable references
[8.679s][debug][gc,age       ] GC(15) Desired survivor size 15400960 bytes, new threshold 6 (max threshold 6)
[8.679s][info ][gc,heap      ] GC(15) ParNew: 249560K->7805K(270976K)
[8.679s][info ][gc,heap      ] GC(15) CMS: 144463K->145822K(602112K)
[8.679s][info ][gc,metaspace ] GC(15) Metaspace: 38174K->38174K(1083392K)
[8.679s][info ][gc           ] GC(15) Pause Young (Allocation Failure) 384M->150M(852M) 22.699ms
[8.679s][info ][gc,cpu       ] GC(15) User=0.04s Sys=0.00s Real=0.02s
[8.679s][info ][safepoint    ] Leaving safepoint region
[8.679s][info ][safepoint    ] Total time for which application threads were stopped: 0.0319259 seconds, Stopping threads took: 0.0089178 seconds
[8.746s][info ][safepoint    ] Application time: 0.0667994 seconds
[8.768s][info ][safepoint    ] Entering safepoint region: GenCollectForAllocation
[8.769s][info ][gc,start     ] GC(16) Pause Young (Allocation Failure)
[8.769s][info ][gc,task      ] GC(16) Using 4 workers of 4 for evacuation
[8.786s][debug][gc,ref       ] GC(16) Skipped phase1 of Reference Processing due to unavailable references
[8.786s][debug][gc,ref       ] GC(16) Skipped phase3 of Reference Processing due to unavailable references
[8.786s][debug][gc,age       ] GC(16) Desired survivor size 15400960 bytes, new threshold 6 (max threshold 6)
[8.786s][info ][gc,heap      ] GC(16) ParNew: 248701K->5491K(270976K)
[8.786s][info ][gc,heap      ] GC(16) CMS: 145822K->147564K(602112K)
[8.786s][info ][gc,metaspace ] GC(16) Metaspace: 38269K->38269K(1083392K)
[8.786s][info ][gc           ] GC(16) Pause Young (Allocation Failure) 385M->149M(852M) 17.532ms
[8.786s][info ][gc,cpu       ] GC(16) User=0.04s Sys=0.01s Real=0.02s
[8.786s][info ][safepoint    ] Leaving safepoint region
[8.786s][info ][safepoint    ] Total time for which application threads were stopped: 0.0398535 seconds, Stopping threads took: 0.0220191 seconds
[8.813s][info ][safepoint    ] Application time: 0.0270467 seconds
[8.824s][info ][safepoint    ] Entering safepoint region: RevokeBias
[8.824s][info ][safepoint    ] Leaving safepoint region
[8.824s][info ][safepoint    ] Total time for which application threads were stopped: 0.0106065 seconds, Stopping threads took: 0.0104431 seconds
[8.871s][info ][safepoint    ] Application time: 0.0473659 seconds
[8.879s][info ][safepoint    ] Entering safepoint region: GenCollectForAllocation
[8.879s][info ][gc,start     ] GC(17) Pause Young (Allocation Failure)
[8.879s][info ][gc,task      ] GC(17) Using 4 workers of 4 for evacuation
[8.900s][debug][gc,ref       ] GC(17) Skipped phase1 of Reference Processing due to unavailable references
[8.900s][debug][gc,ref       ] GC(17) Skipped phase3 of Reference Processing due to unavailable references
[8.900s][debug][gc,age       ] GC(17) Desired survivor size 15400960 bytes, new threshold 6 (max threshold 6)
[8.900s][info ][gc,heap      ] GC(17) ParNew: 246387K->5596K(270976K)
[8.900s][info ][gc,heap      ] GC(17) CMS: 147564K->148529K(602112K)
[8.900s][info ][gc,metaspace ] GC(17) Metaspace: 38306K->38306K(1083392K)
[8.900s][info ][gc           ] GC(17) Pause Young (Allocation Failure) 384M->150M(852M) 20.998ms
[8.900s][info ][gc,cpu       ] GC(17) User=0.03s Sys=0.00s Real=0.02s
[8.900s][info ][safepoint    ] Leaving safepoint region
[8.900s][info ][safepoint    ] Total time for which application threads were stopped: 0.0292107 seconds, Stopping threads took: 0.0079712 seconds
[9.008s][info ][safepoint    ] Application time: 0.1072952 seconds
[9.026s][info ][safepoint    ] Entering safepoint region: GenCollectForAllocation
[9.026s][info ][gc,start     ] GC(18) Pause Young (Allocation Failure)
[9.026s][info ][gc,task      ] GC(18) Using 4 workers of 4 for evacuation
[9.045s][debug][gc,ref       ] GC(18) Skipped phase1 of Reference Processing due to unavailable references
[9.045s][debug][gc,ref       ] GC(18) Skipped phase3 of Reference Processing due to unavailable references
[9.045s][debug][gc,age       ] GC(18) Desired survivor size 15400960 bytes, new threshold 6 (max threshold 6)
[9.045s][info ][gc,heap      ] GC(18) ParNew: 246492K->5464K(270976K)
[9.045s][info ][gc,heap      ] GC(18) CMS: 148529K->148739K(602112K)
[9.045s][info ][gc,metaspace ] GC(18) Metaspace: 38353K->38353K(1083392K)
[9.045s][info ][gc           ] GC(18) Pause Young (Allocation Failure) 385M->150M(852M) 18.591ms
[9.045s][info ][gc,cpu       ] GC(18) User=0.02s Sys=0.00s Real=0.02s
[9.045s][info ][safepoint    ] Leaving safepoint region
[9.045s][info ][safepoint    ] Total time for which application threads were stopped: 0.0371747 seconds, Stopping threads took: 0.0181390 seconds
[9.152s][info ][safepoint    ] Application time: 0.1074357 seconds
[9.156s][info ][safepoint    ] Entering safepoint region: GenCollectForAllocation
[9.156s][info ][gc,start     ] GC(19) Pause Young (Allocation Failure)
[9.156s][info ][gc,task      ] GC(19) Using 4 workers of 4 for evacuation
[9.169s][debug][gc,ref       ] GC(19) Skipped phase1 of Reference Processing due to unavailable references
[9.169s][debug][gc,ref       ] GC(19) Skipped phase3 of Reference Processing due to unavailable references
[9.169s][debug][gc,age       ] GC(19) Desired survivor size 15400960 bytes, new threshold 6 (max threshold 6)
[9.169s][info ][gc,heap      ] GC(19) ParNew: 246360K->6697K(270976K)
[9.169s][info ][gc,heap      ] GC(19) CMS: 148739K->149712K(602112K)
[9.169s][info ][gc,metaspace ] GC(19) Metaspace: 38394K->38394K(1083392K)
[9.169s][info ][gc           ] GC(19) Pause Young (Allocation Failure) 385M->152M(852M) 12.523ms
[9.169s][info ][gc,cpu       ] GC(19) User=0.02s Sys=0.00s Real=0.01s
[9.169s][info ][safepoint    ] Leaving safepoint region
[9.169s][info ][safepoint    ] Total time for which application threads were stopped: 0.0166057 seconds, Stopping threads took: 0.0038106 seconds
[9.226s][info ][safepoint    ] Application time: 0.0570492 seconds
[9.226s][info ][safepoint    ] Entering safepoint region: GenCollectForAllocation
[9.227s][info ][gc,start     ] GC(20) Pause Young (Allocation Failure)
[9.227s][info ][gc,task      ] GC(20) Using 4 workers of 4 for evacuation
[9.236s][debug][gc,ref       ] GC(20) Skipped phase1 of Reference Processing due to unavailable references
[9.236s][debug][gc,ref       ] GC(20) Skipped phase3 of Reference Processing due to unavailable references
[9.237s][debug][gc,age       ] GC(20) Desired survivor size 15400960 bytes, new threshold 6 (max threshold 6)
[9.237s][info ][gc,heap      ] GC(20) ParNew: 247593K->6603K(270976K)
[9.237s][info ][gc,heap      ] GC(20) CMS: 149712K->150629K(602112K)
[9.237s][info ][gc,metaspace ] GC(20) Metaspace: 38397K->38397K(1083392K)
[9.237s][info ][gc           ] GC(20) Pause Young (Allocation Failure) 387M->153M(852M) 10.081ms
[9.237s][info ][gc,cpu       ] GC(20) User=0.04s Sys=0.00s Real=0.01s
[9.237s][info ][safepoint    ] Leaving safepoint region
[9.237s][info ][safepoint    ] Total time for which application threads were stopped: 0.0105818 seconds, Stopping threads took: 0.0002312 seconds
[9.284s][info ][safepoint    ] Application time: 0.0472896 seconds
[9.300s][info ][safepoint    ] Entering safepoint region: GenCollectForAllocation
[9.300s][info ][gc,start     ] GC(21) Pause Young (Allocation Failure)
[9.301s][info ][gc,task      ] GC(21) Using 4 workers of 4 for evacuation
[9.322s][debug][gc,ref       ] GC(21) Skipped phase1 of Reference Processing due to unavailable references
[9.322s][debug][gc,ref       ] GC(21) Skipped phase2 of Reference Processing due to unavailable references
[9.322s][debug][gc,ref       ] GC(21) Skipped phase3 of Reference Processing due to unavailable references
[9.322s][debug][gc,age       ] GC(21) Desired survivor size 15400960 bytes, new threshold 6 (max threshold 6)
[9.322s][info ][gc,heap      ] GC(21) ParNew: 247499K->7604K(270976K)
[9.322s][info ][gc,heap      ] GC(21) CMS: 150629K->151042K(602112K)
[9.322s][info ][gc,metaspace ] GC(21) Metaspace: 38397K->38397K(1083392K)
[9.322s][info ][gc           ] GC(21) Pause Young (Allocation Failure) 388M->154M(852M) 21.498ms
[9.322s][info ][gc,cpu       ] GC(21) User=0.03s Sys=0.00s Real=0.02s
[9.322s][info ][safepoint    ] Leaving safepoint region
[9.322s][info ][safepoint    ] Total time for which application threads were stopped: 0.0379876 seconds, Stopping threads took: 0.0161473 seconds
[9.369s][info ][safepoint    ] Application time: 0.0465849 seconds
[9.380s][info ][safepoint    ] Entering safepoint region: GenCollectForAllocation
[9.381s][info ][gc,start     ] GC(22) Pause Young (Allocation Failure)
[9.381s][info ][gc,task      ] GC(22) Using 4 workers of 4 for evacuation
[9.392s][debug][gc,ref       ] GC(22) Skipped phase1 of Reference Processing due to unavailable references
[9.392s][debug][gc,ref       ] GC(22) Skipped phase2 of Reference Processing due to unavailable references
[9.392s][debug][gc,ref       ] GC(22) Skipped phase3 of Reference Processing due to unavailable references
[9.392s][debug][gc,ref       ] GC(22) Skipped phase4 of Reference Processing due to unavailable references
[9.393s][debug][gc,age       ] GC(22) Desired survivor size 15400960 bytes, new threshold 6 (max threshold 6)
[9.393s][info ][gc,heap      ] GC(22) ParNew: 248500K->7034K(270976K)
[9.393s][info ][gc,heap      ] GC(22) CMS: 151042K->151649K(602112K)
[9.393s][info ][gc,metaspace ] GC(22) Metaspace: 38397K->38397K(1083392K)
[9.393s][info ][gc           ] GC(22) Pause Young (Allocation Failure) 390M->154M(852M) 12.118ms
[9.393s][info ][gc,cpu       ] GC(22) User=0.02s Sys=0.00s Real=0.01s
[9.393s][info ][safepoint    ] Leaving safepoint region
[9.393s][info ][safepoint    ] Total time for which application threads were stopped: 0.0242185 seconds, Stopping threads took: 0.0118519 seconds
[9.462s][info ][safepoint    ] Application time: 0.0693334 seconds
[9.473s][info ][safepoint    ] Entering safepoint region: GenCollectForAllocation
[9.474s][info ][gc,start     ] GC(23) Pause Young (Allocation Failure)
[9.474s][info ][gc,task      ] GC(23) Using 4 workers of 4 for evacuation
[9.479s][debug][gc,ref       ] GC(23) Skipped phase1 of Reference Processing due to unavailable references
[9.479s][debug][gc,ref       ] GC(23) Skipped phase2 of Reference Processing due to unavailable references
[9.479s][debug][gc,ref       ] GC(23) Skipped phase3 of Reference Processing due to unavailable references
[9.479s][debug][gc,ref       ] GC(23) Skipped phase4 of Reference Processing due to unavailable references
[9.479s][debug][gc,age       ] GC(23) Desired survivor size 15400960 bytes, new threshold 6 (max threshold 6)
[9.479s][info ][gc,heap      ] GC(23) ParNew: 247930K->8392K(270976K)
[9.479s][info ][gc,heap      ] GC(23) CMS: 151649K->151837K(602112K)
[9.479s][info ][gc,metaspace ] GC(23) Metaspace: 38397K->38397K(1083392K)
[9.479s][info ][gc           ] GC(23) Pause Young (Allocation Failure) 390M->156M(852M) 5.782ms
[9.479s][info ][gc,cpu       ] GC(23) User=0.03s Sys=0.00s Real=0.01s
[9.479s][info ][safepoint    ] Leaving safepoint region
[9.479s][info ][safepoint    ] Total time for which application threads were stopped: 0.0171969 seconds, Stopping threads took: 0.0110684 seconds
[9.564s][info ][safepoint    ] Application time: 0.0847133 seconds
[9.570s][info ][safepoint    ] Entering safepoint region: GenCollectForAllocation
[9.571s][info ][gc,start     ] GC(24) Pause Young (Allocation Failure)
[9.571s][info ][gc,task      ] GC(24) Using 4 workers of 4 for evacuation
[9.580s][debug][gc,ref       ] GC(24) Skipped phase1 of Reference Processing due to unavailable references
[9.580s][debug][gc,ref       ] GC(24) Skipped phase2 of Reference Processing due to unavailable references
[9.580s][debug][gc,ref       ] GC(24) Skipped phase3 of Reference Processing due to unavailable references
[9.580s][debug][gc,ref       ] GC(24) Skipped phase4 of Reference Processing due to unavailable references
[9.581s][debug][gc,age       ] GC(24) Desired survivor size 15400960 bytes, new threshold 6 (max threshold 6)
[9.581s][info ][gc,heap      ] GC(24) ParNew: 249288K->7898K(270976K)
[9.581s][info ][gc,heap      ] GC(24) CMS: 151837K->152617K(602112K)
[9.581s][info ][gc,metaspace ] GC(24) Metaspace: 38397K->38397K(1083392K)
[9.581s][info ][gc           ] GC(24) Pause Young (Allocation Failure) 391M->156M(852M) 10.117ms
[9.581s][info ][gc,cpu       ] GC(24) User=0.03s Sys=0.00s Real=0.01s
[9.581s][info ][safepoint    ] Leaving safepoint region
[9.581s][info ][safepoint    ] Total time for which application threads were stopped: 0.0165103 seconds, Stopping threads took: 0.0060637 seconds
[9.659s][info ][safepoint    ] Application time: 0.0787327 seconds
[9.660s][info ][safepoint    ] Entering safepoint region: GenCollectForAllocation
[9.661s][info ][gc,start     ] GC(25) Pause Young (Allocation Failure)
[9.661s][info ][gc,task      ] GC(25) Using 4 workers of 4 for evacuation
[9.667s][debug][gc,ref       ] GC(25) Skipped phase1 of Reference Processing due to unavailable references
[9.668s][debug][gc,ref       ] GC(25) Skipped phase2 of Reference Processing due to unavailable references
[9.668s][debug][gc,ref       ] GC(25) Skipped phase3 of Reference Processing due to unavailable references
[9.668s][debug][gc,ref       ] GC(25) Skipped phase4 of Reference Processing due to unavailable references
[9.668s][debug][gc,age       ] GC(25) Desired survivor size 15400960 bytes, new threshold 6 (max threshold 6)
[9.668s][info ][gc,heap      ] GC(25) ParNew: 248794K->9441K(270976K)
[9.668s][info ][gc,heap      ] GC(25) CMS: 152617K->154286K(602112K)
[9.668s][info ][gc,metaspace ] GC(25) Metaspace: 38397K->38397K(1083392K)
[9.668s][info ][gc           ] GC(25) Pause Young (Allocation Failure) 392M->159M(852M) 7.036ms
[9.668s][info ][gc,cpu       ] GC(25) User=0.02s Sys=0.00s Real=0.01s
[9.668s][info ][safepoint    ] Leaving safepoint region
[9.668s][info ][safepoint    ] Total time for which application threads were stopped: 0.0082333 seconds, Stopping threads took: 0.0008034 seconds
[9.743s][info ][safepoint    ] Application time: 0.0752517 seconds
[9.743s][info ][safepoint    ] Entering safepoint region: GenCollectForAllocation
[9.744s][info ][gc,start     ] GC(26) Pause Young (Allocation Failure)
[9.744s][info ][gc,task      ] GC(26) Using 4 workers of 4 for evacuation
[9.762s][debug][gc,ref       ] GC(26) Skipped phase1 of Reference Processing due to unavailable references
[9.762s][debug][gc,ref       ] GC(26) Skipped phase2 of Reference Processing due to unavailable references
[9.762s][debug][gc,ref       ] GC(26) Skipped phase3 of Reference Processing due to unavailable references
[9.762s][debug][gc,ref       ] GC(26) Skipped phase4 of Reference Processing due to unavailable references
[9.762s][debug][gc,age       ] GC(26) Desired survivor size 15400960 bytes, new threshold 6 (max threshold 6)
[9.762s][info ][gc,heap      ] GC(26) ParNew: 250337K->7493K(270976K)
[9.762s][info ][gc,heap      ] GC(26) CMS: 154286K->154946K(602112K)
[9.762s][info ][gc,metaspace ] GC(26) Metaspace: 38397K->38397K(1083392K)
[9.762s][info ][gc           ] GC(26) Pause Young (Allocation Failure) 395M->158M(852M) 18.792ms
[9.762s][info ][gc,cpu       ] GC(26) User=0.03s Sys=0.00s Real=0.02s
[9.762s][info ][safepoint    ] Leaving safepoint region
[9.762s][info ][safepoint    ] Total time for which application threads were stopped: 0.0193052 seconds, Stopping threads took: 0.0003146 seconds
[9.827s][info ][safepoint    ] Application time: 0.0645263 seconds
[9.830s][info ][safepoint    ] Entering safepoint region: Deoptimize
[9.831s][info ][safepoint    ] Leaving safepoint region
[9.831s][info ][safepoint    ] Total time for which application threads were stopped: 0.0042675 seconds, Stopping threads took: 0.0031405 seconds
[9.837s][info ][safepoint    ] Application time: 0.0056305 seconds
[9.840s][info ][safepoint    ] Entering safepoint region: GenCollectForAllocation
[9.840s][info ][safepoint    ] Leaving safepoint region
[9.840s][info ][safepoint    ] Total time for which application threads were stopped: 0.0031545 seconds, Stopping threads took: 0.0030236 seconds
[9.842s][info ][safepoint    ] Application time: 0.0016617 seconds
[9.845s][info ][safepoint    ] Entering safepoint region: GenCollectForAllocation
[9.845s][info ][gc,start     ] GC(27) Pause Young (Allocation Failure)
[9.845s][info ][gc,task      ] GC(27) Using 4 workers of 4 for evacuation
[9.868s][debug][gc,ref       ] GC(27) Skipped phase1 of Reference Processing due to unavailable references
[9.869s][debug][gc,ref       ] GC(27) Skipped phase3 of Reference Processing due to unavailable references
[9.869s][debug][gc,age       ] GC(27) Desired survivor size 15400960 bytes, new threshold 6 (max threshold 6)
[9.869s][info ][gc,heap      ] GC(27) ParNew: 248452K->8065K(270976K)
[9.869s][info ][gc,heap      ] GC(27) CMS: 154946K->155785K(602112K)
[9.869s][info ][gc,metaspace ] GC(27) Metaspace: 38419K->38419K(1083392K)
[9.869s][info ][gc           ] GC(27) Pause Young (Allocation Failure) 393M->160M(852M) 23.924ms
[9.869s][info ][gc,cpu       ] GC(27) User=0.04s Sys=0.00s Real=0.02s
[9.869s][info ][safepoint    ] Leaving safepoint region
[9.869s][info ][safepoint    ] Total time for which application threads were stopped: 0.0272119 seconds, Stopping threads took: 0.0030087 seconds
[9.880s][info ][safepoint    ] Application time: 0.0110747 seconds
[9.889s][info ][safepoint    ] Entering safepoint region: Deoptimize
[9.890s][info ][safepoint    ] Leaving safepoint region
[9.890s][info ][safepoint    ] Total time for which application threads were stopped: 0.0098311 seconds, Stopping threads took: 0.0088758 seconds
[9.967s][info ][safepoint    ] Application time: 0.0773607 seconds
[9.977s][info ][safepoint    ] Entering safepoint region: GenCollectForAllocation
[9.977s][info ][gc,start     ] GC(28) Pause Young (Allocation Failure)
[9.977s][info ][gc,task      ] GC(28) Using 4 workers of 4 for evacuation
[9.987s][debug][gc,ref       ] GC(28) Skipped phase1 of Reference Processing due to unavailable references
[9.987s][debug][gc,ref       ] GC(28) Skipped phase3 of Reference Processing due to unavailable references
[9.987s][debug][gc,age       ] GC(28) Desired survivor size 15400960 bytes, new threshold 6 (max threshold 6)
[9.987s][info ][gc,heap      ] GC(28) ParNew: 248961K->6923K(270976K)
[9.987s][info ][gc,heap      ] GC(28) CMS: 155785K->156539K(602112K)
[9.987s][info ][gc,metaspace ] GC(28) Metaspace: 38642K->38642K(1083392K)
[9.987s][info ][gc           ] GC(28) Pause Young (Allocation Failure) 395M->159M(852M) 10.144ms
[9.987s][info ][gc,cpu       ] GC(28) User=0.02s Sys=0.00s Real=0.01s
[9.987s][info ][safepoint    ] Leaving safepoint region
[9.987s][info ][safepoint    ] Total time for which application threads were stopped: 0.0199695 seconds, Stopping threads took: 0.0094912 seconds
[10.027s][info ][safepoint    ] Application time: 0.0391950 seconds
[10.032s][info ][safepoint    ] Entering safepoint region: RevokeBias
[10.033s][info ][safepoint    ] Leaving safepoint region
[10.033s][info ][safepoint    ] Total time for which application threads were stopped: 0.0061810 seconds, Stopping threads took: 0.0059724 seconds
[10.052s][info ][safepoint    ] Application time: 0.0196221 seconds
[10.060s][info ][safepoint    ] Entering safepoint region: RevokeBias
[10.060s][info ][safepoint    ] Leaving safepoint region
[10.060s][info ][safepoint    ] Total time for which application threads were stopped: 0.0080327 seconds, Stopping threads took: 0.0078115 seconds
[10.090s][info ][safepoint    ] Application time: 0.0299873 seconds
[10.091s][info ][safepoint    ] Entering safepoint region: GenCollectForAllocation
[10.091s][info ][gc,start     ] GC(29) Pause Young (Allocation Failure)
[10.091s][info ][gc,task      ] GC(29) Using 4 workers of 4 for evacuation
[10.097s][debug][gc,ref       ] GC(29) Skipped phase1 of Reference Processing due to unavailable references
[10.097s][debug][gc,ref       ] GC(29) Skipped phase3 of Reference Processing due to unavailable references
[10.097s][debug][gc,age       ] GC(29) Desired survivor size 15400960 bytes, new threshold 6 (max threshold 6)
[10.097s][info ][gc,heap      ] GC(29) ParNew: 247819K->7793K(270976K)
[10.097s][info ][gc,heap      ] GC(29) CMS: 156539K->157339K(602112K)
[10.097s][info ][gc,metaspace ] GC(29) Metaspace: 38698K->38698K(1083392K)
[10.097s][info ][gc           ] GC(29) Pause Young (Allocation Failure) 394M->161M(852M) 6.366ms
[10.097s][info ][gc,cpu       ] GC(29) User=0.03s Sys=0.00s Real=0.01s
[10.097s][info ][safepoint    ] Leaving safepoint region
[10.097s][info ][safepoint    ] Total time for which application threads were stopped: 0.0067415 seconds, Stopping threads took: 0.0001836 seconds
[10.146s][info ][safepoint    ] Application time: 0.0488120 seconds
[10.156s][info ][safepoint    ] Entering safepoint region: RevokeBias
[10.156s][info ][safepoint    ] Leaving safepoint region
[10.156s][info ][safepoint    ] Total time for which application threads were stopped: 0.0104242 seconds, Stopping threads took: 0.0101314 seconds
[10.185s][info ][safepoint    ] Application time: 0.0283742 seconds
[10.186s][info ][safepoint    ] Entering safepoint region: GenCollectForAllocation
[10.186s][info ][gc,start     ] GC(30) Pause Young (Allocation Failure)
[10.186s][info ][gc,task      ] GC(30) Using 4 workers of 4 for evacuation
[10.208s][debug][gc,ref       ] GC(30) Skipped phase1 of Reference Processing due to unavailable references
[10.208s][debug][gc,ref       ] GC(30) Skipped phase3 of Reference Processing due to unavailable references
[10.208s][debug][gc,age       ] GC(30) Desired survivor size 15400960 bytes, new threshold 6 (max threshold 6)
[10.208s][info ][gc,heap      ] GC(30) ParNew: 248689K->5301K(270976K)
[10.208s][info ][gc,heap      ] GC(30) CMS: 157339K->158145K(602112K)
[10.208s][info ][gc,metaspace ] GC(30) Metaspace: 39000K->39000K(1085440K)
[10.208s][info ][gc           ] GC(30) Pause Young (Allocation Failure) 396M->159M(852M) 22.187ms
[10.208s][info ][gc,cpu       ] GC(30) User=0.07s Sys=0.00s Real=0.02s
[10.208s][info ][safepoint    ] Leaving safepoint region
[10.208s][info ][safepoint    ] Total time for which application threads were stopped: 0.0226765 seconds, Stopping threads took: 0.0002754 seconds
[10.319s][info ][safepoint    ] Application time: 0.1108973 seconds
[10.320s][info ][safepoint    ] Entering safepoint region: GenCollectForAllocation
[10.321s][info ][gc,start     ] GC(31) Pause Young (Allocation Failure)
[10.321s][info ][gc,task      ] GC(31) Using 4 workers of 4 for evacuation
[10.338s][debug][gc,ref       ] GC(31) Skipped phase1 of Reference Processing due to unavailable references
[10.338s][debug][gc,ref       ] GC(31) Skipped phase3 of Reference Processing due to unavailable references
[10.339s][debug][gc,age       ] GC(31) Desired survivor size 15400960 bytes, new threshold 6 (max threshold 6)
[10.339s][info ][gc,heap      ] GC(31) ParNew: 246197K->4650K(270976K)
[10.339s][info ][gc,heap      ] GC(31) CMS: 158145K->159648K(602112K)
[10.339s][info ][gc,metaspace ] GC(31) Metaspace: 39378K->39378K(1085440K)
[10.339s][info ][gc           ] GC(31) Pause Young (Allocation Failure) 394M->160M(852M) 18.063ms
[10.339s][info ][gc,cpu       ] GC(31) User=0.04s Sys=0.01s Real=0.02s
[10.339s][info ][safepoint    ] Leaving safepoint region
[10.339s][info ][safepoint    ] Total time for which application threads were stopped: 0.0195420 seconds, Stopping threads took: 0.0011630 seconds
[10.433s][info ][safepoint    ] Application time: 0.0945964 seconds
[10.442s][info ][safepoint    ] Entering safepoint region: GenCollectForAllocation
[10.443s][info ][gc,start     ] GC(32) Pause Young (Allocation Failure)
[10.443s][info ][gc,task      ] GC(32) Using 4 workers of 4 for evacuation
[10.449s][debug][gc,ref       ] GC(32) Skipped phase1 of Reference Processing due to unavailable references
[10.449s][debug][gc,ref       ] GC(32) Skipped phase3 of Reference Processing due to unavailable references
[10.449s][debug][gc,age       ] GC(32) Desired survivor size 15400960 bytes, new threshold 6 (max threshold 6)
[10.449s][info ][gc,heap      ] GC(32) ParNew: 245546K->3049K(270976K)
[10.449s][info ][gc,heap      ] GC(32) CMS: 159648K->161165K(602112K)
[10.449s][info ][gc,metaspace ] GC(32) Metaspace: 39422K->39422K(1085440K)
[10.449s][info ][gc           ] GC(32) Pause Young (Allocation Failure) 395M->160M(852M) 6.262ms
[10.449s][info ][gc,cpu       ] GC(32) User=0.03s Sys=0.01s Real=0.01s
[10.449s][info ][safepoint    ] Leaving safepoint region
[10.449s][info ][safepoint    ] Total time for which application threads were stopped: 0.0156380 seconds, Stopping threads took: 0.0091685 seconds
[10.550s][info ][safepoint    ] Application time: 0.1008640 seconds
[10.569s][info ][safepoint    ] Entering safepoint region: RevokeBias
[10.569s][info ][safepoint    ] Leaving safepoint region
[10.569s][info ][safepoint    ] Total time for which application threads were stopped: 0.0194937 seconds, Stopping threads took: 0.0192745 seconds
[10.571s][info ][safepoint    ] Application time: 0.0018695 seconds
[10.574s][info ][safepoint    ] Entering safepoint region: GenCollectForAllocation
[10.575s][info ][gc,start     ] GC(33) Pause Young (Allocation Failure)
[10.575s][info ][gc,task      ] GC(33) Using 4 workers of 4 for evacuation
[10.580s][debug][gc,ref       ] GC(33) Skipped phase1 of Reference Processing due to unavailable references
[10.580s][debug][gc,ref       ] GC(33) Skipped phase3 of Reference Processing due to unavailable references
[10.580s][debug][gc,age       ] GC(33) Desired survivor size 15400960 bytes, new threshold 6 (max threshold 6)
[10.580s][info ][gc,heap      ] GC(33) ParNew: 243945K->2499K(270976K)
[10.580s][info ][gc,heap      ] GC(33) CMS: 161165K->161485K(602112K)
[10.580s][info ][gc,metaspace ] GC(33) Metaspace: 39806K->39806K(1085440K)
[10.580s][info ][gc           ] GC(33) Pause Young (Allocation Failure) 395M->160M(852M) 5.932ms
[10.580s][info ][gc,cpu       ] GC(33) User=0.02s Sys=0.00s Real=0.01s
[10.580s][info ][safepoint    ] Leaving safepoint region
[10.580s][info ][safepoint    ] Total time for which application threads were stopped: 0.0092327 seconds, Stopping threads took: 0.0030848 seconds
[10.636s][info ][safepoint    ] Application time: 0.0551144 seconds
[10.676s][info ][safepoint    ] Entering safepoint region: GenCollectForAllocation
[10.676s][info ][gc,start     ] GC(34) Pause Young (Allocation Failure)
[10.676s][info ][gc,task      ] GC(34) Using 4 workers of 4 for evacuation
[10.685s][debug][gc,ref       ] GC(34) Skipped phase1 of Reference Processing due to unavailable references
[10.685s][debug][gc,ref       ] GC(34) Skipped phase3 of Reference Processing due to unavailable references
[10.686s][debug][gc,age       ] GC(34) Desired survivor size 15400960 bytes, new threshold 6 (max threshold 6)
[10.686s][info ][gc,heap      ] GC(34) ParNew: 243395K->2556K(270976K)
[10.686s][info ][gc,heap      ] GC(34) CMS: 161485K->161722K(602112K)
[10.686s][info ][gc,metaspace ] GC(34) Metaspace: 39901K->39901K(1085440K)
[10.686s][info ][gc           ] GC(34) Pause Young (Allocation Failure) 395M->160M(852M) 9.670ms
[10.686s][info ][gc,cpu       ] GC(34) User=0.02s Sys=0.00s Real=0.01s
[10.686s][info ][safepoint    ] Leaving safepoint region
[10.686s][info ][safepoint    ] Total time for which application threads were stopped: 0.0505006 seconds, Stopping threads took: 0.0405246 seconds
[10.743s][info ][safepoint    ] Application time: 0.0566702 seconds
[10.744s][info ][safepoint    ] Entering safepoint region: GenCollectForAllocation
[10.745s][info ][gc,start     ] GC(35) Pause Young (Allocation Failure)
[10.745s][info ][gc,task      ] GC(35) Using 4 workers of 4 for evacuation
[10.764s][debug][gc,ref       ] GC(35) Skipped phase1 of Reference Processing due to unavailable references
[10.764s][debug][gc,ref       ] GC(35) Skipped phase3 of Reference Processing due to unavailable references
[10.764s][debug][gc,age       ] GC(35) Desired survivor size 15400960 bytes, new threshold 6 (max threshold 6)
[10.764s][info ][gc,heap      ] GC(35) ParNew: 243452K->2844K(270976K)
[10.764s][info ][gc,heap      ] GC(35) CMS: 161722K->162024K(602112K)
[10.764s][info ][gc,metaspace ] GC(35) Metaspace: 40020K->40020K(1085440K)
[10.764s][info ][gc           ] GC(35) Pause Young (Allocation Failure) 395M->161M(852M) 19.910ms
[10.764s][info ][gc,cpu       ] GC(35) User=0.04s Sys=0.00s Real=0.02s
[10.764s][info ][safepoint    ] Leaving safepoint region
[10.765s][info ][safepoint    ] Total time for which application threads were stopped: 0.0216450 seconds, Stopping threads took: 0.0014809 seconds
[10.837s][info ][safepoint    ] Application time: 0.0720735 seconds
[10.851s][info ][safepoint    ] Entering safepoint region: GenCollectForAllocation
[10.851s][info ][gc,start     ] GC(36) Pause Young (Allocation Failure)
[10.851s][info ][gc,task      ] GC(36) Using 4 workers of 4 for evacuation
[10.867s][debug][gc,ref       ] GC(36) Skipped phase1 of Reference Processing due to unavailable references
[10.867s][debug][gc,ref       ] GC(36) Skipped phase3 of Reference Processing due to unavailable references
[10.867s][debug][gc,age       ] GC(36) Desired survivor size 15400960 bytes, new threshold 6 (max threshold 6)
[10.867s][info ][gc,heap      ] GC(36) ParNew: 243740K->3806K(270976K)
[10.867s][info ][gc,heap      ] GC(36) CMS: 162024K->162140K(602112K)
[10.867s][info ][gc,metaspace ] GC(36) Metaspace: 40218K->40218K(1085440K)
[10.867s][info ][gc           ] GC(36) Pause Young (Allocation Failure) 396M->162M(852M) 16.399ms
[10.867s][info ][gc,cpu       ] GC(36) User=0.03s Sys=0.01s Real=0.02s
[10.867s][info ][safepoint    ] Leaving safepoint region
[10.867s][info ][safepoint    ] Total time for which application threads were stopped: 0.0307556 seconds, Stopping threads took: 0.0141091 seconds
[10.932s][info ][safepoint    ] Application time: 0.0642725 seconds
[10.937s][info ][safepoint    ] Entering safepoint region: Deoptimize
[10.938s][info ][safepoint    ] Leaving safepoint region
[10.938s][info ][safepoint    ] Total time for which application threads were stopped: 0.0064212 seconds, Stopping threads took: 0.0051082 seconds
[10.977s][info ][safepoint    ] Application time: 0.0390530 seconds
[10.981s][info ][safepoint    ] Entering safepoint region: GenCollectForAllocation
[10.981s][info ][gc,start     ] GC(37) Pause Young (Allocation Failure)
[10.981s][info ][gc,task      ] GC(37) Using 4 workers of 4 for evacuation
[10.988s][debug][gc,ref       ] GC(37) Skipped phase1 of Reference Processing due to unavailable references
[10.988s][debug][gc,ref       ] GC(37) Skipped phase3 of Reference Processing due to unavailable references
[10.989s][debug][gc,age       ] GC(37) Desired survivor size 15400960 bytes, new threshold 6 (max threshold 6)
[10.989s][info ][gc,heap      ] GC(37) ParNew: 244702K->2747K(270976K)
[10.989s][info ][gc,heap      ] GC(37) CMS: 162140K->162510K(602112K)
[10.989s][info ][gc,metaspace ] GC(37) Metaspace: 40327K->40327K(1085440K)
[10.989s][info ][gc           ] GC(37) Pause Young (Allocation Failure) 397M->161M(852M) 7.686ms
[10.989s][info ][gc,cpu       ] GC(37) User=0.03s Sys=0.00s Real=0.01s
[10.989s][info ][safepoint    ] Leaving safepoint region
[10.989s][info ][safepoint    ] Total time for which application threads were stopped: 0.0114221 seconds, Stopping threads took: 0.0035471 seconds
[11.076s][info ][safepoint    ] Application time: 0.0870019 seconds
[11.076s][info ][safepoint    ] Entering safepoint region: GenCollectForAllocation
[11.076s][info ][gc,start     ] GC(38) Pause Young (Allocation Failure)
[11.076s][info ][gc,task      ] GC(38) Using 4 workers of 4 for evacuation
[11.087s][debug][gc,ref       ] GC(38) Skipped phase1 of Reference Processing due to unavailable references
[11.087s][debug][gc,ref       ] GC(38) Skipped phase3 of Reference Processing due to unavailable references
[11.087s][debug][gc,ref       ] GC(38) Skipped phase4 of Reference Processing due to unavailable references
[11.088s][debug][gc,age       ] GC(38) Desired survivor size 15400960 bytes, new threshold 6 (max threshold 6)
[11.088s][info ][gc,heap      ] GC(38) ParNew: 243643K->2789K(270976K)
[11.088s][info ][gc,heap      ] GC(38) CMS: 162510K->162953K(602112K)
[11.088s][info ][gc,metaspace ] GC(38) Metaspace: 40376K->40376K(1085440K)
[11.088s][info ][gc           ] GC(38) Pause Young (Allocation Failure) 396M->161M(852M) 11.551ms
[11.088s][info ][gc,cpu       ] GC(38) User=0.03s Sys=0.00s Real=0.01s
[11.088s][info ][safepoint    ] Leaving safepoint region
[11.088s][info ][safepoint    ] Total time for which application threads were stopped: 0.0120578 seconds, Stopping threads took: 0.0002575 seconds
[11.151s][info ][safepoint    ] Application time: 0.0636021 seconds
[11.180s][info ][safepoint    ] Entering safepoint region: GenCollectForAllocation
[11.180s][info ][gc,start     ] GC(39) Pause Young (Allocation Failure)
[11.181s][info ][gc,task      ] GC(39) Using 4 workers of 4 for evacuation
[11.192s][debug][gc,ref       ] GC(39) Skipped phase1 of Reference Processing due to unavailable references
[11.192s][debug][gc,ref       ] GC(39) Skipped phase3 of Reference Processing due to unavailable references
[11.192s][debug][gc,ref       ] GC(39) Skipped phase4 of Reference Processing due to unavailable references
[11.192s][debug][gc,age       ] GC(39) Desired survivor size 15400960 bytes, new threshold 6 (max threshold 6)
[11.192s][info ][gc,heap      ] GC(39) ParNew: 243685K->2217K(270976K)
[11.192s][info ][gc,heap      ] GC(39) CMS: 162953K->163231K(602112K)
[11.192s][info ][gc,metaspace ] GC(39) Metaspace: 40407K->40407K(1085440K)
[11.192s][info ][gc           ] GC(39) Pause Young (Allocation Failure) 397M->161M(852M) 11.994ms
[11.193s][info ][gc,cpu       ] GC(39) User=0.02s Sys=0.00s Real=0.01s
[11.193s][info ][safepoint    ] Leaving safepoint region
[11.193s][info ][safepoint    ] Total time for which application threads were stopped: 0.0411586 seconds, Stopping threads took: 0.0289166 seconds
[11.266s][info ][safepoint    ] Application time: 0.0734701 seconds
[11.283s][info ][safepoint    ] Entering safepoint region: GenCollectForAllocation
[11.284s][info ][gc,start     ] GC(40) Pause Young (Allocation Failure)
[11.284s][info ][gc,task      ] GC(40) Using 4 workers of 4 for evacuation
[11.296s][debug][gc,ref       ] GC(40) Skipped phase1 of Reference Processing due to unavailable references
[11.297s][debug][gc,ref       ] GC(40) Skipped phase3 of Reference Processing due to unavailable references
[11.297s][debug][gc,ref       ] GC(40) Skipped phase4 of Reference Processing due to unavailable references
[11.297s][debug][gc,age       ] GC(40) Desired survivor size 15400960 bytes, new threshold 6 (max threshold 6)
[11.297s][info ][gc,heap      ] GC(40) ParNew: 243113K->1978K(270976K)
[11.297s][info ][gc,heap      ] GC(40) CMS: 163231K->163476K(602112K)
[11.297s][info ][gc,metaspace ] GC(40) Metaspace: 40445K->40445K(1085440K)
[11.297s][info ][gc           ] GC(40) Pause Young (Allocation Failure) 396M->161M(852M) 13.191ms
[11.297s][info ][gc,cpu       ] GC(40) User=0.02s Sys=0.00s Real=0.02s
[11.297s][info ][safepoint    ] Leaving safepoint region
[11.297s][info ][safepoint    ] Total time for which application threads were stopped: 0.0307254 seconds, Stopping threads took: 0.0171488 seconds
[11.375s][info ][safepoint    ] Application time: 0.0783983 seconds
[11.379s][info ][safepoint    ] Entering safepoint region: GenCollectForAllocation
[11.380s][info ][gc,start     ] GC(41) Pause Young (Allocation Failure)
[11.380s][info ][gc,task      ] GC(41) Using 4 workers of 4 for evacuation
[11.384s][debug][gc,ref       ] GC(41) Skipped phase1 of Reference Processing due to unavailable references
[11.384s][debug][gc,ref       ] GC(41) Skipped phase3 of Reference Processing due to unavailable references
[11.384s][debug][gc,ref       ] GC(41) Skipped phase4 of Reference Processing due to unavailable references
[11.384s][debug][gc,age       ] GC(41) Desired survivor size 15400960 bytes, new threshold 6 (max threshold 6)
[11.384s][info ][gc,heap      ] GC(41) ParNew: 242874K->1398K(270976K)
[11.384s][info ][gc,heap      ] GC(41) CMS: 163476K->164257K(602112K)
[11.384s][info ][gc,metaspace ] GC(41) Metaspace: 40479K->40479K(1085440K)
[11.384s][info ][gc           ] GC(41) Pause Young (Allocation Failure) 396M->161M(852M) 4.366ms
[11.384s][info ][gc,cpu       ] GC(41) User=0.01s Sys=0.00s Real=0.00s
[11.384s][info ][safepoint    ] Leaving safepoint region
[11.384s][info ][safepoint    ] Total time for which application threads were stopped: 0.0089092 seconds, Stopping threads took: 0.0042563 seconds
[11.505s][info ][safepoint    ] Application time: 0.1207454 seconds
[11.525s][info ][safepoint    ] Entering safepoint region: GenCollectForAllocation
[11.525s][info ][gc,start     ] GC(42) Pause Young (Allocation Failure)
[11.525s][info ][gc,task      ] GC(42) Using 4 workers of 4 for evacuation
[11.528s][debug][gc,ref       ] GC(42) Skipped phase1 of Reference Processing due to unavailable references
[11.528s][debug][gc,ref       ] GC(42) Skipped phase3 of Reference Processing due to unavailable references
[11.528s][debug][gc,age       ] GC(42) Desired survivor size 15400960 bytes, new threshold 6 (max threshold 6)
[11.528s][info ][gc,heap      ] GC(42) ParNew: 242294K->1471K(270976K)
[11.528s][info ][gc,heap      ] GC(42) CMS: 164257K->164396K(602112K)
[11.528s][info ][gc,metaspace ] GC(42) Metaspace: 40669K->40669K(1085440K)
[11.528s][info ][gc           ] GC(42) Pause Young (Allocation Failure) 397M->161M(852M) 3.539ms
[11.528s][info ][gc,cpu       ] GC(42) User=0.01s Sys=0.00s Real=0.00s
[11.528s][info ][safepoint    ] Leaving safepoint region
[11.528s][info ][safepoint    ] Total time for which application threads were stopped: 0.0234090 seconds, Stopping threads took: 0.0196226 seconds
[11.633s][info ][safepoint    ] Application time: 0.1042301 seconds
[11.644s][info ][safepoint    ] Entering safepoint region: GenCollectForAllocation
[11.644s][info ][gc,start     ] GC(43) Pause Young (Allocation Failure)
[11.644s][info ][gc,task      ] GC(43) Using 4 workers of 4 for evacuation
[11.652s][debug][gc,ref       ] GC(43) Skipped phase1 of Reference Processing due to unavailable references
[11.652s][debug][gc,ref       ] GC(43) Skipped phase3 of Reference Processing due to unavailable references
[11.652s][debug][gc,ref       ] GC(43) Skipped phase4 of Reference Processing due to unavailable references
[11.652s][debug][gc,age       ] GC(43) Desired survivor size 15400960 bytes, new threshold 6 (max threshold 6)
[11.652s][info ][gc,heap      ] GC(43) ParNew: 242367K->2032K(270976K)
[11.652s][info ][gc,heap      ] GC(43) CMS: 164396K->164555K(602112K)
[11.652s][info ][gc,metaspace ] GC(43) Metaspace: 40677K->40677K(1085440K)
[11.652s][info ][gc           ] GC(43) Pause Young (Allocation Failure) 397M->162M(852M) 7.546ms
[11.652s][info ][gc,cpu       ] GC(43) User=0.01s Sys=0.00s Real=0.00s
[11.652s][info ][safepoint    ] Leaving safepoint region
[11.652s][info ][safepoint    ] Total time for which application threads were stopped: 0.0194183 seconds, Stopping threads took: 0.0116214 seconds
[11.745s][info ][safepoint    ] Application time: 0.0928714 seconds
[11.745s][info ][safepoint    ] Entering safepoint region: GenCollectForAllocation
[11.745s][info ][gc,start     ] GC(44) Pause Young (Allocation Failure)
[11.746s][info ][gc,task      ] GC(44) Using 4 workers of 4 for evacuation
[11.750s][debug][gc,ref       ] GC(44) Skipped phase1 of Reference Processing due to unavailable references
[11.750s][debug][gc,ref       ] GC(44) Skipped phase3 of Reference Processing due to unavailable references
[11.750s][debug][gc,ref       ] GC(44) Skipped phase4 of Reference Processing due to unavailable references
[11.751s][debug][gc,age       ] GC(44) Desired survivor size 15400960 bytes, new threshold 6 (max threshold 6)
[11.751s][info ][gc,heap      ] GC(44) ParNew: 242928K->2881K(270976K)
[11.751s][info ][gc,heap      ] GC(44) CMS: 164555K->164631K(602112K)
[11.751s][info ][gc,metaspace ] GC(44) Metaspace: 40685K->40685K(1085440K)
[11.751s][info ][gc           ] GC(44) Pause Young (Allocation Failure) 397M->163M(852M) 5.273ms
[11.751s][info ][gc,cpu       ] GC(44) User=0.01s Sys=0.00s Real=0.00s
[11.751s][info ][safepoint    ] Leaving safepoint region
[11.751s][info ][safepoint    ] Total time for which application threads were stopped: 0.0058863 seconds, Stopping threads took: 0.0003860 seconds
[11.824s][info ][safepoint    ] Application time: 0.0733986 seconds
[11.836s][info ][safepoint    ] Entering safepoint region: GenCollectForAllocation
[11.837s][info ][gc,start     ] GC(45) Pause Young (Allocation Failure)
[11.837s][info ][gc,task      ] GC(45) Using 4 workers of 4 for evacuation
[11.844s][debug][gc,ref       ] GC(45) Skipped phase1 of Reference Processing due to unavailable references
[11.844s][debug][gc,ref       ] GC(45) Skipped phase3 of Reference Processing due to unavailable references
[11.844s][debug][gc,ref       ] GC(45) Skipped phase4 of Reference Processing due to unavailable references
[11.844s][debug][gc,age       ] GC(45) Desired survivor size 15400960 bytes, new threshold 6 (max threshold 6)
[11.844s][info ][gc,heap      ] GC(45) ParNew: 243777K->3571K(270976K)
[11.844s][info ][gc,heap      ] GC(45) CMS: 164631K->164661K(602112K)
[11.844s][info ][gc,metaspace ] GC(45) Metaspace: 40696K->40696K(1085440K)
[11.844s][info ][gc           ] GC(45) Pause Young (Allocation Failure) 398M->164M(852M) 7.493ms
[11.844s][info ][gc,cpu       ] GC(45) User=0.01s Sys=0.00s Real=0.00s
[11.844s][info ][safepoint    ] Leaving safepoint region
[11.844s][info ][safepoint    ] Total time for which application threads were stopped: 0.0197867 seconds, Stopping threads took: 0.0118824 seconds
[11.917s][info ][safepoint    ] Application time: 0.0723533 seconds
[11.925s][info ][safepoint    ] Entering safepoint region: GenCollectForAllocation
[11.925s][info ][gc,start     ] GC(46) Pause Young (Allocation Failure)
[11.925s][info ][gc,task      ] GC(46) Using 4 workers of 4 for evacuation
[11.944s][debug][gc,ref       ] GC(46) Skipped phase1 of Reference Processing due to unavailable references
[11.944s][debug][gc,ref       ] GC(46) Skipped phase3 of Reference Processing due to unavailable references
[11.944s][debug][gc,ref       ] GC(46) Skipped phase4 of Reference Processing due to unavailable references
[11.945s][debug][gc,age       ] GC(46) Desired survivor size 15400960 bytes, new threshold 6 (max threshold 6)
[11.945s][info ][gc,heap      ] GC(46) ParNew: 244467K->5413K(270976K)
[11.945s][info ][gc,heap      ] GC(46) CMS: 164661K->164684K(602112K)
[11.945s][info ][gc,metaspace ] GC(46) Metaspace: 40697K->40697K(1085440K)
[11.945s][info ][gc           ] GC(46) Pause Young (Allocation Failure) 399M->166M(852M) 19.311ms
[11.945s][info ][gc,cpu       ] GC(46) User=0.06s Sys=0.00s Real=0.02s
[11.945s][info ][safepoint    ] Leaving safepoint region
[11.945s][info ][safepoint    ] Total time for which application threads were stopped: 0.0281025 seconds, Stopping threads took: 0.0083859 seconds
[12.015s][info ][safepoint    ] Application time: 0.0707104 seconds
[12.031s][info ][safepoint    ] Entering safepoint region: GenCollectForAllocation
[12.031s][info ][gc,start     ] GC(47) Pause Young (Allocation Failure)
[12.031s][info ][gc,task      ] GC(47) Using 4 workers of 4 for evacuation
[12.043s][debug][gc,ref       ] GC(47) Skipped phase1 of Reference Processing due to unavailable references
[12.043s][debug][gc,ref       ] GC(47) Skipped phase3 of Reference Processing due to unavailable references
[12.043s][debug][gc,ref       ] GC(47) Skipped phase4 of Reference Processing due to unavailable references
[12.043s][debug][gc,age       ] GC(47) Desired survivor size 15400960 bytes, new threshold 6 (max threshold 6)
[12.043s][info ][gc,heap      ] GC(47) ParNew: 246309K->5896K(270976K)
[12.043s][info ][gc,heap      ] GC(47) CMS: 164684K->164958K(602112K)
[12.043s][info ][gc,metaspace ] GC(47) Metaspace: 40697K->40697K(1085440K)
[12.043s][info ][gc           ] GC(47) Pause Young (Allocation Failure) 401M->166M(852M) 12.185ms
[12.043s][info ][gc,cpu       ] GC(47) User=0.03s Sys=0.00s Real=0.01s
[12.043s][info ][safepoint    ] Leaving safepoint region
[12.043s][info ][safepoint    ] Total time for which application threads were stopped: 0.0279865 seconds, Stopping threads took: 0.0155163 seconds
[12.100s][info ][safepoint    ] Application time: 0.0565135 seconds
[12.100s][info ][safepoint    ] Entering safepoint region: GenCollectForAllocation
[12.100s][info ][gc,start     ] GC(48) Pause Young (Allocation Failure)
[12.100s][info ][gc,task      ] GC(48) Using 4 workers of 4 for evacuation
[12.105s][debug][gc,ref       ] GC(48) Skipped phase1 of Reference Processing due to unavailable references
[12.105s][debug][gc,ref       ] GC(48) Skipped phase3 of Reference Processing due to unavailable references
[12.105s][debug][gc,ref       ] GC(48) Skipped phase4 of Reference Processing due to unavailable references
[12.105s][debug][gc,age       ] GC(48) Desired survivor size 15400960 bytes, new threshold 6 (max threshold 6)
[12.105s][info ][gc,heap      ] GC(48) ParNew: 246792K->7724K(270976K)
[12.105s][info ][gc,heap      ] GC(48) CMS: 164958K->165292K(602112K)
[12.105s][info ][gc,metaspace ] GC(48) Metaspace: 40697K->40697K(1085440K)
[12.106s][info ][gc           ] GC(48) Pause Young (Allocation Failure) 402M->168M(852M) 5.154ms
[12.106s][info ][gc,cpu       ] GC(48) User=0.01s Sys=0.00s Real=0.01s
[12.106s][info ][safepoint    ] Leaving safepoint region
[12.106s][info ][safepoint    ] Total time for which application threads were stopped: 0.0055741 seconds, Stopping threads took: 0.0002265 seconds
[12.173s][info ][safepoint    ] Application time: 0.0674845 seconds
[12.173s][info ][safepoint    ] Entering safepoint region: GenCollectForAllocation
[12.174s][info ][gc,start     ] GC(49) Pause Young (Allocation Failure)
[12.174s][info ][gc,task      ] GC(49) Using 4 workers of 4 for evacuation
[12.182s][debug][gc,ref       ] GC(49) Skipped phase1 of Reference Processing due to unavailable references
[12.182s][debug][gc,ref       ] GC(49) Skipped phase3 of Reference Processing due to unavailable references
[12.182s][debug][gc,ref       ] GC(49) Skipped phase4 of Reference Processing due to unavailable references
[12.182s][debug][gc,age       ] GC(49) Desired survivor size 15400960 bytes, new threshold 6 (max threshold 6)
[12.182s][info ][gc,heap      ] GC(49) ParNew: 248620K->6065K(270976K)
[12.182s][info ][gc,heap      ] GC(49) CMS: 165292K->166022K(602112K)
[12.182s][info ][gc,metaspace ] GC(49) Metaspace: 40703K->40703K(1085440K)
[12.182s][info ][gc           ] GC(49) Pause Young (Allocation Failure) 404M->168M(852M) 8.873ms
[12.182s][info ][gc,cpu       ] GC(49) User=0.02s Sys=0.00s Real=0.01s
[12.182s][info ][safepoint    ] Leaving safepoint region
[12.182s][info ][safepoint    ] Total time for which application threads were stopped: 0.0093717 seconds, Stopping threads took: 0.0002968 seconds
[12.248s][info ][safepoint    ] Application time: 0.0654481 seconds
[12.255s][info ][safepoint    ] Entering safepoint region: GenCollectForAllocation
[12.255s][info ][gc,start     ] GC(50) Pause Young (Allocation Failure)
[12.255s][info ][gc,task      ] GC(50) Using 4 workers of 4 for evacuation
[12.268s][debug][gc,ref       ] GC(50) Skipped phase1 of Reference Processing due to unavailable references
[12.268s][debug][gc,ref       ] GC(50) Skipped phase3 of Reference Processing due to unavailable references
[12.268s][debug][gc,ref       ] GC(50) Skipped phase4 of Reference Processing due to unavailable references
[12.269s][debug][gc,age       ] GC(50) Desired survivor size 15400960 bytes, new threshold 6 (max threshold 6)
[12.269s][info ][gc,heap      ] GC(50) ParNew: 246961K->6231K(270976K)
[12.269s][info ][gc,heap      ] GC(50) CMS: 166022K->166738K(602112K)
[12.269s][info ][gc,metaspace ] GC(50) Metaspace: 40705K->40705K(1085440K)
[12.269s][info ][gc           ] GC(50) Pause Young (Allocation Failure) 403M->168M(852M) 13.165ms
[12.269s][info ][gc,cpu       ] GC(50) User=0.02s Sys=0.01s Real=0.02s
[12.269s][info ][safepoint    ] Leaving safepoint region
[12.269s][info ][safepoint    ] Total time for which application threads were stopped: 0.0206845 seconds, Stopping threads took: 0.0072221 seconds
[12.333s][info ][safepoint    ] Application time: 0.0640254 seconds
[12.345s][info ][safepoint    ] Entering safepoint region: GenCollectForAllocation
[12.345s][info ][gc,start     ] GC(51) Pause Young (Allocation Failure)
[12.345s][info ][gc,task      ] GC(51) Using 4 workers of 4 for evacuation
[12.364s][debug][gc,ref       ] GC(51) Skipped phase1 of Reference Processing due to unavailable references
[12.364s][debug][gc,ref       ] GC(51) Skipped phase3 of Reference Processing due to unavailable references
[12.364s][debug][gc,age       ] GC(51) Desired survivor size 15400960 bytes, new threshold 6 (max threshold 6)
[12.364s][info ][gc,heap      ] GC(51) ParNew: 247127K->7107K(270976K)
[12.364s][info ][gc,heap      ] GC(51) CMS: 166738K->167490K(602112K)
[12.364s][info ][gc,metaspace ] GC(51) Metaspace: 40755K->40755K(1085440K)
[12.364s][info ][gc           ] GC(51) Pause Young (Allocation Failure) 404M->170M(852M) 19.394ms
[12.364s][info ][gc,cpu       ] GC(51) User=0.04s Sys=0.00s Real=0.02s
[12.364s][info ][safepoint    ] Leaving safepoint region
[12.364s][info ][safepoint    ] Total time for which application threads were stopped: 0.0316422 seconds, Stopping threads took: 0.0118464 seconds
[12.413s][info ][safepoint    ] Application time: 0.0487183 seconds
[12.419s][info ][safepoint    ] Entering safepoint region: Deoptimize
[12.420s][info ][safepoint    ] Leaving safepoint region
[12.420s][info ][safepoint    ] Total time for which application threads were stopped: 0.0066251 seconds, Stopping threads took: 0.0054763 seconds
[12.472s][info ][safepoint    ] Application time: 0.0525407 seconds
[12.477s][info ][safepoint    ] Entering safepoint region: GenCollectForAllocation
[12.477s][info ][gc,start     ] GC(52) Pause Young (Allocation Failure)
[12.477s][info ][gc,task      ] GC(52) Using 4 workers of 4 for evacuation
[12.485s][debug][gc,ref       ] GC(52) Skipped phase1 of Reference Processing due to unavailable references
[12.485s][debug][gc,ref       ] GC(52) Skipped phase3 of Reference Processing due to unavailable references
[12.485s][debug][gc,age       ] GC(52) Desired survivor size 15400960 bytes, new threshold 6 (max threshold 6)
[12.485s][info ][gc,heap      ] GC(52) ParNew: 248003K->7087K(270976K)
[12.485s][info ][gc,heap      ] GC(52) CMS: 167490K->168869K(602112K)
[12.485s][info ][gc,metaspace ] GC(52) Metaspace: 41148K->41148K(1085440K)
[12.485s][info ][gc           ] GC(52) Pause Young (Allocation Failure) 405M->171M(852M) 8.290ms
[12.485s][info ][gc,cpu       ] GC(52) User=0.02s Sys=0.00s Real=0.01s
[12.485s][info ][safepoint    ] Leaving safepoint region
[12.485s][info ][safepoint    ] Total time for which application threads were stopped: 0.0129761 seconds, Stopping threads took: 0.0043757 seconds
[12.532s][info ][safepoint    ] Application time: 0.0465326 seconds
[12.536s][info ][safepoint    ] Entering safepoint region: GenCollectForAllocation
[12.537s][info ][gc,start     ] GC(53) Pause Young (Allocation Failure)
[12.537s][info ][gc,task      ] GC(53) Using 4 workers of 4 for evacuation
[12.541s][debug][gc,ref       ] GC(53) Skipped phase1 of Reference Processing due to unavailable references
[12.541s][debug][gc,ref       ] GC(53) Skipped phase3 of Reference Processing due to unavailable references
[12.541s][debug][gc,age       ] GC(53) Desired survivor size 15400960 bytes, new threshold 6 (max threshold 6)
[12.541s][info ][gc,heap      ] GC(53) ParNew: 247983K->5098K(270976K)
[12.541s][info ][gc,heap      ] GC(53) CMS: 168869K->169377K(602112K)
[12.541s][info ][gc,metaspace ] GC(53) Metaspace: 41455K->41455K(1087488K)
[12.541s][info ][gc           ] GC(53) Pause Young (Allocation Failure) 407M->170M(852M) 4.876ms
[12.541s][info ][gc,cpu       ] GC(53) User=0.02s Sys=0.00s Real=0.00s
[12.541s][info ][safepoint    ] Leaving safepoint region
[12.541s][info ][safepoint    ] Total time for which application threads were stopped: 0.0095071 seconds, Stopping threads took: 0.0044283 seconds
[12.568s][info ][safepoint    ] Application time: 0.0267666 seconds
[12.577s][info ][safepoint    ] Entering safepoint region: RevokeBias
[12.577s][info ][safepoint    ] Leaving safepoint region
[12.577s][info ][safepoint    ] Total time for which application threads were stopped: 0.0086611 seconds, Stopping threads took: 0.0085077 seconds
[12.577s][info ][safepoint    ] Application time: 0.0001071 seconds
[12.577s][info ][safepoint    ] Entering safepoint region: RevokeBias
[12.577s][info ][safepoint    ] Leaving safepoint region
[12.577s][info ][safepoint    ] Total time for which application threads were stopped: 0.0001909 seconds, Stopping threads took: 0.0001113 seconds
[12.577s][info ][safepoint    ] Application time: 0.0000438 seconds
[12.577s][info ][safepoint    ] Entering safepoint region: RevokeBias
[12.577s][info ][safepoint    ] Leaving safepoint region
[12.577s][info ][safepoint    ] Total time for which application threads were stopped: 0.0001346 seconds, Stopping threads took: 0.0000419 seconds
[12.589s][info ][safepoint    ] Application time: 0.0112038 seconds
[12.592s][info ][safepoint    ] Entering safepoint region: RevokeBias
[12.592s][info ][safepoint    ] Leaving safepoint region
[12.592s][info ][safepoint    ] Total time for which application threads were stopped: 0.0035990 seconds, Stopping threads took: 0.0034675 seconds
[12.596s][info ][safepoint    ] Application time: 0.0039775 seconds
[12.597s][info ][safepoint    ] Entering safepoint region: RevokeBias
[12.597s][info ][safepoint    ] Leaving safepoint region
[12.597s][info ][safepoint    ] Total time for which application threads were stopped: 0.0003080 seconds, Stopping threads took: 0.0002062 seconds
[12.660s][info ][safepoint    ] Application time: 0.0634971 seconds
[12.661s][info ][safepoint    ] Entering safepoint region: GenCollectForAllocation
[12.661s][info ][gc,start     ] GC(54) Pause Young (Allocation Failure)
[12.661s][info ][gc,task      ] GC(54) Using 4 workers of 4 for evacuation
[12.667s][debug][gc,ref       ] GC(54) Skipped phase1 of Reference Processing due to unavailable references
[12.667s][debug][gc,ref       ] GC(54) Skipped phase3 of Reference Processing due to unavailable references
[12.667s][debug][gc,age       ] GC(54) Desired survivor size 15400960 bytes, new threshold 6 (max threshold 6)
[12.667s][info ][gc,heap      ] GC(54) ParNew: 245994K->4575K(270976K)
[12.667s][info ][gc,heap      ] GC(54) CMS: 169377K->170141K(602112K)
[12.667s][info ][gc,metaspace ] GC(54) Metaspace: 41603K->41603K(1087488K)
[12.667s][info ][gc           ] GC(54) Pause Young (Allocation Failure) 405M->170M(852M) 6.556ms
[12.668s][info ][gc,cpu       ] GC(54) User=0.02s Sys=0.00s Real=0.01s
[12.668s][info ][safepoint    ] Leaving safepoint region
[12.668s][info ][safepoint    ] Total time for which application threads were stopped: 0.0073465 seconds, Stopping threads took: 0.0005381 seconds
[12.754s][info ][safepoint    ] Application time: 0.0866034 seconds
[12.754s][info ][safepoint    ] Entering safepoint region: GenCollectForAllocation
[12.755s][info ][gc,start     ] GC(55) Pause Young (Allocation Failure)
[12.755s][info ][gc,task      ] GC(55) Using 4 workers of 4 for evacuation
[12.758s][debug][gc,ref       ] GC(55) Skipped phase1 of Reference Processing due to unavailable references
[12.758s][debug][gc,ref       ] GC(55) Skipped phase3 of Reference Processing due to unavailable references
[12.758s][debug][gc,ref       ] GC(55) Skipped phase4 of Reference Processing due to unavailable references
[12.758s][debug][gc,age       ] GC(55) Desired survivor size 15400960 bytes, new threshold 6 (max threshold 6)
[12.759s][info ][gc,heap      ] GC(55) ParNew: 245471K->2568K(270976K)
[12.759s][info ][gc,heap      ] GC(55) CMS: 170141K->170896K(602112K)
[12.759s][info ][gc,metaspace ] GC(55) Metaspace: 41672K->41672K(1087488K)
[12.759s][info ][gc           ] GC(55) Pause Young (Allocation Failure) 405M->169M(852M) 3.953ms
[12.759s][info ][gc,cpu       ] GC(55) User=0.02s Sys=0.00s Real=0.01s
[12.759s][info ][safepoint    ] Leaving safepoint region
[12.759s][info ][safepoint    ] Total time for which application threads were stopped: 0.0043983 seconds, Stopping threads took: 0.0002464 seconds
[12.850s][info ][safepoint    ] Application time: 0.0916116 seconds
[12.851s][info ][safepoint    ] Entering safepoint region: GenCollectForAllocation
[12.852s][info ][gc,start     ] GC(56) Pause Young (Allocation Failure)
[12.852s][info ][gc,task      ] GC(56) Using 4 workers of 4 for evacuation
[12.855s][debug][gc,ref       ] GC(56) Skipped phase1 of Reference Processing due to unavailable references
[12.855s][debug][gc,ref       ] GC(56) Skipped phase3 of Reference Processing due to unavailable references
[12.855s][debug][gc,ref       ] GC(56) Skipped phase4 of Reference Processing due to unavailable references
[12.855s][debug][gc,age       ] GC(56) Desired survivor size 15400960 bytes, new threshold 6 (max threshold 6)
[12.856s][info ][gc,heap      ] GC(56) ParNew: 243464K->2250K(270976K)
[12.856s][info ][gc,heap      ] GC(56) CMS: 170896K->171252K(602112K)
[12.856s][info ][gc,metaspace ] GC(56) Metaspace: 41707K->41707K(1087488K)
[12.856s][info ][gc           ] GC(56) Pause Young (Allocation Failure) 404M->169M(852M) 4.015ms
[12.856s][info ][gc,cpu       ] GC(56) User=0.01s Sys=0.01s Real=0.00s
[12.856s][info ][safepoint    ] Leaving safepoint region
[12.856s][info ][safepoint    ] Total time for which application threads were stopped: 0.0053405 seconds, Stopping threads took: 0.0010813 seconds
[12.887s][info ][safepoint    ] Application time: 0.0311023 seconds
[12.891s][info ][safepoint    ] Entering safepoint region: Deoptimize
[12.892s][info ][safepoint    ] Leaving safepoint region
[12.892s][info ][safepoint    ] Total time for which application threads were stopped: 0.0055592 seconds, Stopping threads took: 0.0044982 seconds
[12.898s][info ][safepoint    ] Application time: 0.0054448 seconds
[12.898s][info ][safepoint    ] Entering safepoint region: Deoptimize
[12.899s][info ][safepoint    ] Leaving safepoint region
[12.899s][info ][safepoint    ] Total time for which application threads were stopped: 0.0014390 seconds, Stopping threads took: 0.0000634 seconds
[12.917s][info ][safepoint    ] Application time: 0.0182110 seconds
[12.918s][info ][safepoint    ] Entering safepoint region: RevokeBias
[12.918s][info ][safepoint    ] Leaving safepoint region
[12.918s][info ][safepoint    ] Total time for which application threads were stopped: 0.0009351 seconds, Stopping threads took: 0.0007808 seconds
[12.929s][info ][safepoint    ] Application time: 0.0104736 seconds
[12.940s][info ][safepoint    ] Entering safepoint region: RevokeBias
[12.941s][info ][safepoint    ] Leaving safepoint region
[12.941s][info ][safepoint    ] Total time for which application threads were stopped: 0.0117201 seconds, Stopping threads took: 0.0114792 seconds
[12.956s][info ][safepoint    ] Application time: 0.0157840 seconds
[12.962s][info ][safepoint    ] Entering safepoint region: GenCollectForAllocation
[12.962s][info ][gc,start     ] GC(57) Pause Young (Allocation Failure)
[12.962s][info ][gc,task      ] GC(57) Using 4 workers of 4 for evacuation
[12.967s][debug][gc,ref       ] GC(57) Skipped phase1 of Reference Processing due to unavailable references
[12.967s][debug][gc,ref       ] GC(57) Skipped phase3 of Reference Processing due to unavailable references
[12.967s][debug][gc,ref       ] GC(57) Skipped phase4 of Reference Processing due to unavailable references
[12.967s][debug][gc,age       ] GC(57) Desired survivor size 15400960 bytes, new threshold 6 (max threshold 6)
[12.967s][info ][gc,heap      ] GC(57) ParNew: 243146K->1552K(270976K)
[12.967s][info ][gc,heap      ] GC(57) CMS: 171252K->172104K(602112K)
[12.967s][info ][gc,metaspace ] GC(57) Metaspace: 41855K->41855K(1087488K)
[12.967s][info ][gc           ] GC(57) Pause Young (Allocation Failure) 404M->169M(852M) 4.503ms
[12.967s][info ][gc,cpu       ] GC(57) User=0.01s Sys=0.00s Real=0.01s
[12.967s][info ][safepoint    ] Leaving safepoint region
[12.967s][info ][safepoint    ] Total time for which application threads were stopped: 0.0104620 seconds, Stopping threads took: 0.0057379 seconds
[12.977s][info ][safepoint    ] Application time: 0.0099603 seconds
[12.978s][info ][safepoint    ] Entering safepoint region: RevokeBias
[12.978s][info ][safepoint    ] Leaving safepoint region
[12.978s][info ][safepoint    ] Total time for which application threads were stopped: 0.0009402 seconds, Stopping threads took: 0.0007805 seconds
[13.044s][info ][safepoint    ] Application time: 0.0657601 seconds
[13.051s][info ][safepoint    ] Entering safepoint region: GenCollectForAllocation
[13.052s][info ][gc,start     ] GC(58) Pause Young (Allocation Failure)
[13.052s][info ][gc,task      ] GC(58) Using 4 workers of 4 for evacuation
[13.063s][debug][gc,ref       ] GC(58) Skipped phase1 of Reference Processing due to unavailable references
[13.063s][debug][gc,ref       ] GC(58) Skipped phase3 of Reference Processing due to unavailable references
[13.064s][debug][gc,age       ] GC(58) Desired survivor size 15400960 bytes, new threshold 6 (max threshold 6)
[13.064s][info ][gc,heap      ] GC(58) ParNew: 242448K->961K(270976K)
[13.064s][info ][gc,heap      ] GC(58) CMS: 172104K->172403K(602112K)
[13.064s][info ][gc,metaspace ] GC(58) Metaspace: 42105K->42105K(1087488K)
[13.064s][info ][gc           ] GC(58) Pause Young (Allocation Failure) 404M->169M(852M) 12.000ms
[13.064s][info ][gc,cpu       ] GC(58) User=0.03s Sys=0.00s Real=0.01s
[13.064s][info ][safepoint    ] Leaving safepoint region
[13.064s][info ][safepoint    ] Total time for which application threads were stopped: 0.0198867 seconds, Stopping threads took: 0.0075293 seconds
[13.080s][info ][safepoint    ] Application time: 0.0165995 seconds
[13.084s][info ][safepoint    ] Entering safepoint region: Deoptimize
[13.085s][info ][safepoint    ] Leaving safepoint region
[13.085s][info ][safepoint    ] Total time for which application threads were stopped: 0.0043547 seconds, Stopping threads took: 0.0033315 seconds
[13.166s][info ][safepoint    ] Application time: 0.0809371 seconds
[13.170s][info ][safepoint    ] Entering safepoint region: GenCollectForAllocation
[13.170s][info ][gc,start     ] GC(59) Pause Young (Allocation Failure)
[13.171s][info ][gc,task      ] GC(59) Using 4 workers of 4 for evacuation
[13.178s][debug][gc,ref       ] GC(59) Skipped phase1 of Reference Processing due to unavailable references
[13.178s][debug][gc,ref       ] GC(59) Skipped phase3 of Reference Processing due to unavailable references
[13.178s][debug][gc,ref       ] GC(59) Skipped phase4 of Reference Processing due to unavailable references
[13.178s][debug][gc,age       ] GC(59) Desired survivor size 15400960 bytes, new threshold 6 (max threshold 6)
[13.178s][info ][gc,heap      ] GC(59) ParNew: 241857K->2150K(270976K)
[13.178s][info ][gc,heap      ] GC(59) CMS: 172403K->172485K(602112K)
[13.178s][info ][gc,metaspace ] GC(59) Metaspace: 42721K->42721K(1087488K)
[13.178s][info ][gc           ] GC(59) Pause Young (Allocation Failure) 404M->170M(852M) 7.755ms
[13.178s][info ][gc,cpu       ] GC(59) User=0.01s Sys=0.00s Real=0.01s
[13.178s][info ][safepoint    ] Leaving safepoint region
[13.178s][info ][safepoint    ] Total time for which application threads were stopped: 0.0126482 seconds, Stopping threads took: 0.0046573 seconds
[13.183s][info ][safepoint    ] Application time: 0.0049054 seconds
[13.183s][info ][safepoint    ] Entering safepoint region: RevokeBias
[13.184s][info ][safepoint    ] Leaving safepoint region
[13.184s][info ][safepoint    ] Total time for which application threads were stopped: 0.0003124 seconds, Stopping threads took: 0.0001843 seconds
[13.268s][info ][safepoint    ] Application time: 0.0845559 seconds
[13.276s][info ][safepoint    ] Entering safepoint region: RevokeBias
[13.277s][info ][safepoint    ] Leaving safepoint region
[13.277s][info ][safepoint    ] Total time for which application threads were stopped: 0.0084410 seconds, Stopping threads took: 0.0082501 seconds
[13.277s][info ][safepoint    ] Application time: 0.0008260 seconds
[13.283s][info ][safepoint    ] Entering safepoint region: RevokeBias
[13.283s][info ][safepoint    ] Leaving safepoint region
[13.283s][info ][safepoint    ] Total time for which application threads were stopped: 0.0056770 seconds, Stopping threads took: 0.0055025 seconds
[13.301s][info ][safepoint    ] Application time: 0.0181161 seconds
[13.302s][info ][safepoint    ] Entering safepoint region: GenCollectForAllocation
[13.303s][info ][gc,start     ] GC(60) Pause Young (Allocation Failure)
[13.303s][info ][gc,task      ] GC(60) Using 4 workers of 4 for evacuation
[13.307s][debug][gc,ref       ] GC(60) Skipped phase1 of Reference Processing due to unavailable references
[13.307s][debug][gc,ref       ] GC(60) Skipped phase3 of Reference Processing due to unavailable references
[13.307s][debug][gc,age       ] GC(60) Desired survivor size 15400960 bytes, new threshold 6 (max threshold 6)
[13.307s][info ][gc,heap      ] GC(60) ParNew: 243046K->3426K(270976K)
[13.307s][info ][gc,heap      ] GC(60) CMS: 172485K->172584K(602112K)
[13.307s][info ][gc,metaspace ] GC(60) Metaspace: 43730K->43730K(1089536K)
[13.307s][info ][gc           ] GC(60) Pause Young (Allocation Failure) 405M->171M(852M) 4.941ms
[13.307s][info ][gc,cpu       ] GC(60) User=0.02s Sys=0.00s Real=0.01s
[13.308s][info ][safepoint    ] Leaving safepoint region
[13.308s][info ][safepoint    ] Total time for which application threads were stopped: 0.0062194 seconds, Stopping threads took: 0.0010809 seconds
[13.334s][info ][safepoint    ] Application time: 0.0267267 seconds
[13.339s][info ][safepoint    ] Entering safepoint region: RevokeBias
[13.339s][info ][safepoint    ] Leaving safepoint region
[13.339s][info ][safepoint    ] Total time for which application threads were stopped: 0.0048013 seconds, Stopping threads took: 0.0046233 seconds
[13.372s][info ][safepoint    ] Application time: 0.0330424 seconds
[13.384s][info ][safepoint    ] Entering safepoint region: GenCollectForAllocation
[13.384s][info ][gc,start     ] GC(61) Pause Young (Allocation Failure)
[13.384s][info ][gc,task      ] GC(61) Using 4 workers of 4 for evacuation
[13.390s][debug][gc,ref       ] GC(61) Skipped phase1 of Reference Processing due to unavailable references
[13.390s][debug][gc,ref       ] GC(61) Skipped phase3 of Reference Processing due to unavailable references
[13.390s][debug][gc,age       ] GC(61) Desired survivor size 15400960 bytes, new threshold 6 (max threshold 6)
[13.391s][info ][gc,heap      ] GC(61) ParNew: 244322K->3608K(270976K)
[13.391s][info ][gc,heap      ] GC(61) CMS: 172584K->172624K(602112K)
[13.391s][info ][gc,metaspace ] GC(61) Metaspace: 44007K->44007K(1089536K)
[13.391s][info ][gc           ] GC(61) Pause Young (Allocation Failure) 407M->172M(852M) 6.105ms
[13.391s][info ][gc,cpu       ] GC(61) User=0.01s Sys=0.01s Real=0.00s
[13.391s][info ][safepoint    ] Leaving safepoint region
[13.391s][info ][safepoint    ] Total time for which application threads were stopped: 0.0184027 seconds, Stopping threads took: 0.0120114 seconds
[13.454s][info ][safepoint    ] Application time: 0.0636543 seconds
[13.464s][info ][safepoint    ] Entering safepoint region: RevokeBias
[13.465s][info ][safepoint    ] Leaving safepoint region
[13.465s][info ][safepoint    ] Total time for which application threads were stopped: 0.0102598 seconds, Stopping threads took: 0.0100670 seconds
[13.471s][info ][safepoint    ] Application time: 0.0066771 seconds
[13.473s][info ][safepoint    ] Entering safepoint region: GenCollectForAllocation
[13.473s][info ][gc,start     ] GC(62) Pause Young (Allocation Failure)
[13.473s][info ][gc,task      ] GC(62) Using 4 workers of 4 for evacuation
[13.477s][debug][gc,ref       ] GC(62) Skipped phase1 of Reference Processing due to unavailable references
[13.477s][debug][gc,ref       ] GC(62) Skipped phase3 of Reference Processing due to unavailable references
[13.478s][debug][gc,age       ] GC(62) Desired survivor size 15400960 bytes, new threshold 6 (max threshold 6)
[13.478s][info ][gc,heap      ] GC(62) ParNew: 244504K->3390K(270976K)
[13.478s][info ][gc,heap      ] GC(62) CMS: 172624K->172646K(602112K)
[13.478s][info ][gc,metaspace ] GC(62) Metaspace: 44395K->44395K(1089536K)
[13.478s][info ][gc           ] GC(62) Pause Young (Allocation Failure) 407M->171M(852M) 4.459ms
[13.478s][info ][gc,cpu       ] GC(62) User=0.01s Sys=0.00s Real=0.01s
[13.478s][info ][safepoint    ] Leaving safepoint region
[13.478s][info ][safepoint    ] Total time for which application threads were stopped: 0.0064422 seconds, Stopping threads took: 0.0016846 seconds
[13.478s][info ][safepoint    ] Application time: 0.0001874 seconds
[13.478s][info ][safepoint    ] Entering safepoint region: RevokeBias
[13.478s][info ][safepoint    ] Leaving safepoint region
[13.478s][info ][safepoint    ] Total time for which application threads were stopped: 0.0002322 seconds, Stopping threads took: 0.0001079 seconds
[13.569s][info ][safepoint    ] Application time: 0.0910317 seconds
[13.573s][info ][safepoint    ] Entering safepoint region: RevokeBias
[13.573s][info ][safepoint    ] Leaving safepoint region
[13.573s][info ][safepoint    ] Total time for which application threads were stopped: 0.0038867 seconds, Stopping threads took: 0.0035445 seconds
[13.588s][info ][safepoint    ] Application time: 0.0150111 seconds
[13.588s][info ][safepoint    ] Entering safepoint region: GenCollectForAllocation
[13.589s][info ][gc,start     ] GC(63) Pause Young (Allocation Failure)
[13.589s][info ][gc,task      ] GC(63) Using 4 workers of 4 for evacuation
[13.593s][debug][gc,ref       ] GC(63) Skipped phase1 of Reference Processing due to unavailable references
[13.593s][debug][gc,ref       ] GC(63) Skipped phase3 of Reference Processing due to unavailable references
[13.593s][debug][gc,age       ] GC(63) Desired survivor size 15400960 bytes, new threshold 6 (max threshold 6)
[13.593s][info ][gc,heap      ] GC(63) ParNew: 244286K->5389K(270976K)
[13.593s][info ][gc,heap      ] GC(63) CMS: 172646K->172684K(602112K)
[13.593s][info ][gc,metaspace ] GC(63) Metaspace: 45148K->45148K(1089536K)
[13.593s][info ][gc           ] GC(63) Pause Young (Allocation Failure) 407M->173M(852M) 4.125ms
[13.593s][info ][gc,cpu       ] GC(63) User=0.01s Sys=0.00s Real=0.00s
[13.593s][info ][safepoint    ] Leaving safepoint region
[13.593s][info ][safepoint    ] Total time for which application threads were stopped: 0.0045153 seconds, Stopping threads took: 0.0002081 seconds
[13.614s][info ][safepoint    ] Application time: 0.0209156 seconds
[13.621s][info ][safepoint    ] Entering safepoint region: RevokeBias
[13.621s][info ][safepoint    ] Leaving safepoint region
[13.621s][info ][safepoint    ] Total time for which application threads were stopped: 0.0071275 seconds, Stopping threads took: 0.0069069 seconds
[13.637s][info ][safepoint    ] Application time: 0.0157031 seconds
[13.637s][info ][safepoint    ] Entering safepoint region: RevokeBias
[13.637s][info ][safepoint    ] Leaving safepoint region
[13.637s][info ][safepoint    ] Total time for which application threads were stopped: 0.0005636 seconds, Stopping threads took: 0.0003437 seconds
[13.641s][info ][safepoint    ] Application time: 0.0034320 seconds
[13.641s][info ][safepoint    ] Entering safepoint region: RevokeBias
[13.641s][info ][safepoint    ] Leaving safepoint region
[13.641s][info ][safepoint    ] Total time for which application threads were stopped: 0.0002021 seconds, Stopping threads took: 0.0000404 seconds
[13.709s][info ][safepoint    ] Application time: 0.0677604 seconds
[13.713s][info ][safepoint    ] Entering safepoint region: GenCollectForAllocation
[13.714s][info ][gc,start     ] GC(64) Pause Young (Allocation Failure)
[13.714s][info ][gc,task      ] GC(64) Using 4 workers of 4 for evacuation
[13.733s][debug][gc,ref       ] GC(64) Skipped phase1 of Reference Processing due to unavailable references
[13.733s][debug][gc,ref       ] GC(64) Skipped phase3 of Reference Processing due to unavailable references
[13.734s][debug][gc,age       ] GC(64) Desired survivor size 15400960 bytes, new threshold 6 (max threshold 6)
[13.734s][info ][gc,heap      ] GC(64) ParNew: 246285K->9548K(270976K)
[13.734s][info ][gc,heap      ] GC(64) CMS: 172684K->172887K(602112K)
[13.734s][info ][gc,metaspace ] GC(64) Metaspace: 45253K->45253K(1089536K)
[13.734s][info ][gc           ] GC(64) Pause Young (Allocation Failure) 409M->178M(852M) 20.161ms
[13.734s][info ][gc,cpu       ] GC(64) User=0.04s Sys=0.00s Real=0.02s
[13.734s][info ][safepoint    ] Leaving safepoint region
[13.734s][info ][safepoint    ] Total time for which application threads were stopped: 0.0250914 seconds, Stopping threads took: 0.0047195 seconds
[13.761s][info ][safepoint    ] Application time: 0.0268004 seconds
[13.776s][info ][safepoint    ] Entering safepoint region: Deoptimize
[13.777s][info ][safepoint    ] Leaving safepoint region
[13.778s][info ][safepoint    ] Total time for which application threads were stopped: 0.0168794 seconds, Stopping threads took: 0.0155504 seconds
[13.783s][info ][safepoint    ] Application time: 0.0050745 seconds
[13.783s][info ][safepoint    ] Entering safepoint region: RevokeBias
[13.783s][info ][safepoint    ] Leaving safepoint region
[13.783s][info ][safepoint    ] Total time for which application threads were stopped: 0.0006585 seconds, Stopping threads took: 0.0004812 seconds
[13.796s][info ][safepoint    ] Application time: 0.0131632 seconds
[13.803s][info ][safepoint    ] Entering safepoint region: BulkRevokeBias
[13.806s][info ][safepoint    ] Leaving safepoint region
[13.806s][info ][safepoint    ] Total time for which application threads were stopped: 0.0095650 seconds, Stopping threads took: 0.0069093 seconds
[13.838s][info ][safepoint    ] Application time: 0.0323385 seconds
[13.840s][info ][safepoint    ] Entering safepoint region: GenCollectForAllocation
[13.840s][info ][gc,start     ] GC(65) Pause Young (Allocation Failure)
[13.840s][info ][gc,task      ] GC(65) Using 4 workers of 4 for evacuation
[13.857s][debug][gc,ref       ] GC(65) Skipped phase1 of Reference Processing due to unavailable references
[13.860s][debug][gc,ref       ] GC(65) Skipped phase3 of Reference Processing due to unavailable references
[13.861s][debug][gc,age       ] GC(65) Desired survivor size 15400960 bytes, new threshold 6 (max threshold 6)
[13.861s][info ][gc,heap      ] GC(65) ParNew: 250444K->11753K(270976K)
[13.861s][info ][gc,heap      ] GC(65) CMS: 172887K->174376K(602112K)
[13.861s][info ][gc,metaspace ] GC(65) Metaspace: 45669K->45669K(1089536K)
[13.861s][info ][gc           ] GC(65) Pause Young (Allocation Failure) 413M->181M(852M) 20.280ms
[13.861s][info ][gc,cpu       ] GC(65) User=0.04s Sys=0.00s Real=0.02s
[13.861s][info ][safepoint    ] Leaving safepoint region
[13.861s][info ][safepoint    ] Total time for which application threads were stopped: 0.0223596 seconds, Stopping threads took: 0.0018890 seconds
[13.915s][info ][safepoint    ] Application time: 0.0537484 seconds
[13.918s][info ][safepoint    ] Entering safepoint region: RevokeBias
[13.918s][info ][safepoint    ] Leaving safepoint region
[13.918s][info ][safepoint    ] Total time for which application threads were stopped: 0.0036802 seconds, Stopping threads took: 0.0035009 seconds
[13.918s][info ][safepoint    ] Application time: 0.0001064 seconds
[13.918s][info ][safepoint    ] Entering safepoint region: RevokeBias
[13.919s][info ][safepoint    ] Leaving safepoint region
[13.919s][info ][safepoint    ] Total time for which application threads were stopped: 0.0001517 seconds, Stopping threads took: 0.0000127 seconds
[13.919s][info ][safepoint    ] Application time: 0.0001878 seconds
[13.924s][info ][safepoint    ] Entering safepoint region: RevokeBias
[13.924s][info ][safepoint    ] Leaving safepoint region
[13.924s][info ][safepoint    ] Total time for which application threads were stopped: 0.0050995 seconds, Stopping threads took: 0.0048729 seconds
[13.933s][info ][safepoint    ] Application time: 0.0089863 seconds
[13.937s][info ][safepoint    ] Entering safepoint region: RevokeBias
[13.937s][info ][safepoint    ] Leaving safepoint region
[13.937s][info ][safepoint    ] Total time for which application threads were stopped: 0.0037409 seconds, Stopping threads took: 0.0035036 seconds
[13.943s][info ][safepoint    ] Application time: 0.0058106 seconds
[13.944s][info ][safepoint    ] Entering safepoint region: GenCollectForAllocation
[13.945s][info ][gc,start     ] GC(66) Pause Young (Allocation Failure)
[13.945s][info ][gc,task      ] GC(66) Using 4 workers of 4 for evacuation
[13.956s][debug][gc,ref       ] GC(66) Skipped phase1 of Reference Processing due to unavailable references
[13.956s][debug][gc,ref       ] GC(66) Skipped phase3 of Reference Processing due to unavailable references
[13.957s][debug][gc,age       ] GC(66) Desired survivor size 15400960 bytes, new threshold 6 (max threshold 6)
[13.957s][info ][gc,heap      ] GC(66) ParNew: 252649K->12992K(270976K)
[13.957s][info ][gc,heap      ] GC(66) CMS: 174376K->174755K(602112K)
[13.957s][info ][gc,metaspace ] GC(66) Metaspace: 46068K->46068K(1091584K)
[13.957s][info ][gc           ] GC(66) Pause Young (Allocation Failure) 417M->183M(852M) 11.987ms
[13.957s][info ][gc,cpu       ] GC(66) User=0.02s Sys=0.00s Real=0.01s
[13.957s][info ][safepoint    ] Leaving safepoint region
[13.957s][info ][safepoint    ] Total time for which application threads were stopped: 0.0139702 seconds, Stopping threads took: 0.0017311 seconds
[13.978s][info ][safepoint    ] Application time: 0.0208889 seconds
[13.984s][info ][safepoint    ] Entering safepoint region: RevokeBias
[13.984s][info ][safepoint    ] Leaving safepoint region
[13.984s][info ][safepoint    ] Total time for which application threads were stopped: 0.0068203 seconds, Stopping threads took: 0.0065918 seconds
[14.033s][info ][safepoint    ] Application time: 0.0489391 seconds
[14.040s][info ][safepoint    ] Entering safepoint region: GenCollectForAllocation
[14.040s][info ][gc,start     ] GC(67) Pause Young (Allocation Failure)
[14.040s][info ][gc,task      ] GC(67) Using 4 workers of 4 for evacuation
[14.049s][debug][gc,ref       ] GC(67) Skipped phase1 of Reference Processing due to unavailable references
[14.049s][debug][gc,ref       ] GC(67) Skipped phase3 of Reference Processing due to unavailable references
[14.049s][debug][gc,age       ] GC(67) Desired survivor size 15400960 bytes, new threshold 6 (max threshold 6)
[14.049s][info ][gc,heap      ] GC(67) ParNew: 253888K->9350K(270976K)
[14.049s][info ][gc,heap      ] GC(67) CMS: 174755K->174816K(602112K)
[14.049s][info ][gc,metaspace ] GC(67) Metaspace: 46100K->46100K(1091584K)
[14.049s][info ][gc           ] GC(67) Pause Young (Allocation Failure) 418M->179M(852M) 8.940ms
[14.049s][info ][gc,cpu       ] GC(67) User=0.03s Sys=0.00s Real=0.01s
[14.049s][info ][safepoint    ] Leaving safepoint region
[14.049s][info ][safepoint    ] Total time for which application threads were stopped: 0.0159609 seconds, Stopping threads took: 0.0068076 seconds
[14.130s][info ][safepoint    ] Application time: 0.0803672 seconds
[14.132s][info ][safepoint    ] Entering safepoint region: GenCollectForAllocation
[14.133s][info ][gc,start     ] GC(68) Pause Young (Allocation Failure)
[14.133s][info ][gc,task      ] GC(68) Using 4 workers of 4 for evacuation
[14.143s][debug][gc,ref       ] GC(68) Skipped phase1 of Reference Processing due to unavailable references
[14.143s][debug][gc,ref       ] GC(68) Skipped phase3 of Reference Processing due to unavailable references
[14.143s][debug][gc,age       ] GC(68) Desired survivor size 15400960 bytes, new threshold 6 (max threshold 6)
[14.143s][info ][gc,heap      ] GC(68) ParNew: 250246K->12448K(270976K)
[14.143s][info ][gc,heap      ] GC(68) CMS: 174816K->174967K(602112K)
[14.143s][info ][gc,metaspace ] GC(68) Metaspace: 46136K->46136K(1091584K)
[14.143s][info ][gc           ] GC(68) Pause Young (Allocation Failure) 415M->183M(852M) 10.159ms
[14.143s][info ][gc,cpu       ] GC(68) User=0.03s Sys=0.00s Real=0.01s
[14.143s][info ][safepoint    ] Leaving safepoint region
[14.143s][info ][safepoint    ] Total time for which application threads were stopped: 0.0131266 seconds, Stopping threads took: 0.0027452 seconds
[14.206s][info ][safepoint    ] Application time: 0.0630741 seconds
[14.210s][info ][safepoint    ] Entering safepoint region: GenCollectForAllocation
[14.210s][info ][gc,start     ] GC(69) Pause Young (Allocation Failure)
[14.210s][info ][gc,task      ] GC(69) Using 4 workers of 4 for evacuation
[14.227s][debug][gc,ref       ] GC(69) Skipped phase1 of Reference Processing due to unavailable references
[14.227s][debug][gc,ref       ] GC(69) Skipped phase3 of Reference Processing due to unavailable references
[14.227s][debug][gc,age       ] GC(69) Desired survivor size 15400960 bytes, new threshold 6 (max threshold 6)
[14.227s][info ][gc,heap      ] GC(69) ParNew: 253344K->12559K(270976K)
[14.227s][info ][gc,heap      ] GC(69) CMS: 174967K->176898K(602112K)
[14.227s][info ][gc,metaspace ] GC(69) Metaspace: 46239K->46239K(1091584K)
[14.227s][info ][gc           ] GC(69) Pause Young (Allocation Failure) 418M->185M(852M) 16.842ms
[14.227s][info ][gc,cpu       ] GC(69) User=0.03s Sys=0.00s Real=0.02s
[14.227s][info ][safepoint    ] Leaving safepoint region
[14.227s][info ][safepoint    ] Total time for which application threads were stopped: 0.0208437 seconds, Stopping threads took: 0.0036658 seconds
[14.281s][info ][safepoint    ] Application time: 0.0545369 seconds
[14.284s][info ][safepoint    ] Entering safepoint region: GenCollectForAllocation
[14.284s][info ][gc,start     ] GC(70) Pause Young (Allocation Failure)
[14.284s][info ][gc,task      ] GC(70) Using 4 workers of 4 for evacuation
[14.305s][debug][gc,ref       ] GC(70) Skipped phase1 of Reference Processing due to unavailable references
[14.305s][debug][gc,ref       ] GC(70) Skipped phase3 of Reference Processing due to unavailable references
[14.305s][debug][gc,age       ] GC(70) Desired survivor size 15400960 bytes, new threshold 6 (max threshold 6)
[14.305s][info ][gc,heap      ] GC(70) ParNew: 253455K->6029K(270976K)
[14.305s][info ][gc,heap      ] GC(70) CMS: 176898K->180434K(602112K)
[14.305s][info ][gc,metaspace ] GC(70) Metaspace: 46303K->46303K(1091584K)
[14.305s][info ][gc           ] GC(70) Pause Young (Allocation Failure) 420M->182M(852M) 21.386ms
[14.305s][info ][gc,cpu       ] GC(70) User=0.07s Sys=0.00s Real=0.03s
[14.305s][info ][safepoint    ] Leaving safepoint region
[14.305s][info ][safepoint    ] Total time for which application threads were stopped: 0.0239202 seconds, Stopping threads took: 0.0022195 seconds
[14.377s][info ][safepoint    ] Application time: 0.0711067 seconds
[14.382s][info ][safepoint    ] Entering safepoint region: GenCollectForAllocation
[14.382s][info ][gc,start     ] GC(71) Pause Young (Allocation Failure)
[14.382s][info ][gc,task      ] GC(71) Using 4 workers of 4 for evacuation
[14.416s][debug][gc,ref       ] GC(71) Skipped phase1 of Reference Processing due to unavailable references
[14.416s][debug][gc,ref       ] GC(71) Skipped phase3 of Reference Processing due to unavailable references
[14.416s][debug][gc,age       ] GC(71) Desired survivor size 15400960 bytes, new threshold 6 (max threshold 6)
[14.416s][info ][gc,heap      ] GC(71) ParNew: 246925K->4124K(270976K)
[14.416s][info ][gc,heap      ] GC(71) CMS: 180434K->181945K(602112K)
[14.416s][info ][gc,metaspace ] GC(71) Metaspace: 46314K->46314K(1091584K)
[14.416s][info ][gc           ] GC(71) Pause Young (Allocation Failure) 417M->181M(852M) 33.945ms
[14.416s][info ][gc,cpu       ] GC(71) User=0.03s Sys=0.00s Real=0.04s
[14.416s][info ][safepoint    ] Leaving safepoint region
[14.416s][info ][safepoint    ] Total time for which application threads were stopped: 0.0397998 seconds, Stopping threads took: 0.0055848 seconds
[14.469s][info ][safepoint    ] Application time: 0.0529658 seconds
[14.470s][info ][safepoint    ] Entering safepoint region: RevokeBias
[14.470s][info ][safepoint    ] Leaving safepoint region
[14.470s][info ][safepoint    ] Total time for which application threads were stopped: 0.0004626 seconds, Stopping threads took: 0.0003281 seconds
[14.473s][info ][safepoint    ] Application time: 0.0035016 seconds
[14.484s][info ][safepoint    ] Entering safepoint region: RevokeBias
[14.485s][info ][safepoint    ] Leaving safepoint region
[14.485s][info ][safepoint    ] Total time for which application threads were stopped: 0.0112190 seconds, Stopping threads took: 0.0109623 seconds
[14.485s][info ][safepoint    ] Application time: 0.0001272 seconds
[14.485s][info ][safepoint    ] Entering safepoint region: RevokeBias
[14.485s][info ][safepoint    ] Leaving safepoint region
[14.485s][info ][safepoint    ] Total time for which application threads were stopped: 0.0003149 seconds, Stopping threads took: 0.0001154 seconds
[14.516s][info ][safepoint    ] Application time: 0.0311682 seconds
[14.521s][info ][safepoint    ] Entering safepoint region: GenCollectForAllocation
[14.521s][info ][gc,start     ] GC(72) Pause Young (Allocation Failure)
[14.522s][info ][gc,task      ] GC(72) Using 4 workers of 4 for evacuation
[14.541s][debug][gc,ref       ] GC(72) Skipped phase1 of Reference Processing due to unavailable references
[14.541s][debug][gc,ref       ] GC(72) Skipped phase3 of Reference Processing due to unavailable references
[14.541s][debug][gc,age       ] GC(72) Desired survivor size 15400960 bytes, new threshold 6 (max threshold 6)
[14.541s][info ][gc,heap      ] GC(72) ParNew: 245020K->7196K(270976K)
[14.541s][info ][gc,heap      ] GC(72) CMS: 181945K->182167K(602112K)
[14.541s][info ][gc,metaspace ] GC(72) Metaspace: 46353K->46353K(1091584K)
[14.541s][info ][gc           ] GC(72) Pause Young (Allocation Failure) 416M->184M(852M) 19.481ms
[14.541s][info ][gc,cpu       ] GC(72) User=0.02s Sys=0.00s Real=0.02s
[14.541s][info ][safepoint    ] Leaving safepoint region
[14.541s][info ][safepoint    ] Total time for which application threads were stopped: 0.0247185 seconds, Stopping threads took: 0.0050071 seconds
[14.607s][info ][safepoint    ] Application time: 0.0655657 seconds
[14.608s][info ][safepoint    ] Entering safepoint region: GenCollectForAllocation
[14.608s][info ][gc,start     ] GC(73) Pause Young (Allocation Failure)
[14.609s][info ][gc,task      ] GC(73) Using 4 workers of 4 for evacuation
[14.615s][debug][gc,ref       ] GC(73) Skipped phase1 of Reference Processing due to unavailable references
[14.615s][debug][gc,ref       ] GC(73) Skipped phase3 of Reference Processing due to unavailable references
[14.616s][debug][gc,age       ] GC(73) Desired survivor size 15400960 bytes, new threshold 6 (max threshold 6)
[14.616s][info ][gc,heap      ] GC(73) ParNew: 248092K->7771K(270976K)
[14.616s][info ][gc,heap      ] GC(73) CMS: 182167K->182677K(602112K)
[14.616s][info ][gc,metaspace ] GC(73) Metaspace: 46396K->46396K(1091584K)
[14.616s][info ][gc           ] GC(73) Pause Young (Allocation Failure) 420M->185M(852M) 7.100ms
[14.616s][info ][gc,cpu       ] GC(73) User=0.02s Sys=0.00s Real=0.00s
[14.616s][info ][safepoint    ] Leaving safepoint region
[14.616s][info ][safepoint    ] Total time for which application threads were stopped: 0.0089592 seconds, Stopping threads took: 0.0016062 seconds
[14.690s][info ][safepoint    ] Application time: 0.0744845 seconds
[14.691s][info ][safepoint    ] Entering safepoint region: GenCollectForAllocation
[14.692s][info ][gc,start     ] GC(74) Pause Young (Allocation Failure)
[14.692s][info ][gc,task      ] GC(74) Using 4 workers of 4 for evacuation
[14.699s][debug][gc,ref       ] GC(74) Skipped phase1 of Reference Processing due to unavailable references
[14.699s][debug][gc,ref       ] GC(74) Skipped phase3 of Reference Processing due to unavailable references
[14.699s][debug][gc,age       ] GC(74) Desired survivor size 15400960 bytes, new threshold 6 (max threshold 6)
[14.699s][info ][gc,heap      ] GC(74) ParNew: 248667K->7621K(270976K)
[14.699s][info ][gc,heap      ] GC(74) CMS: 182677K->183724K(602112K)
[14.699s][info ][gc,metaspace ] GC(74) Metaspace: 46406K->46406K(1091584K)
[14.699s][info ][gc           ] GC(74) Pause Young (Allocation Failure) 421M->186M(852M) 7.502ms
[14.699s][info ][gc,cpu       ] GC(74) User=0.02s Sys=0.00s Real=0.01s
[14.699s][info ][safepoint    ] Leaving safepoint region
[14.699s][info ][safepoint    ] Total time for which application threads were stopped: 0.0091186 seconds, Stopping threads took: 0.0013487 seconds
[14.812s][info ][safepoint    ] Application time: 0.1124026 seconds
[14.816s][info ][safepoint    ] Entering safepoint region: GenCollectForAllocation
[14.817s][info ][gc,start     ] GC(75) Pause Young (Allocation Failure)
[14.817s][info ][gc,task      ] GC(75) Using 4 workers of 4 for evacuation
[14.823s][debug][gc,ref       ] GC(75) Skipped phase1 of Reference Processing due to unavailable references
[14.823s][debug][gc,ref       ] GC(75) Skipped phase3 of Reference Processing due to unavailable references
[14.824s][debug][gc,age       ] GC(75) Desired survivor size 15400960 bytes, new threshold 6 (max threshold 6)
[14.824s][info ][gc,heap      ] GC(75) ParNew: 248517K->11554K(270976K)
[14.824s][info ][gc,heap      ] GC(75) CMS: 183724K->183974K(602112K)
[14.824s][info ][gc,metaspace ] GC(75) Metaspace: 46475K->46475K(1091584K)
[14.824s][info ][gc           ] GC(75) Pause Young (Allocation Failure) 422M->190M(852M) 7.049ms
[14.824s][info ][gc,cpu       ] GC(75) User=0.03s Sys=0.00s Real=0.00s
[14.824s][info ][safepoint    ] Leaving safepoint region
[14.824s][info ][safepoint    ] Total time for which application threads were stopped: 0.0120045 seconds, Stopping threads took: 0.0045501 seconds
[14.893s][info ][safepoint    ] Application time: 0.0688194 seconds
[14.894s][info ][safepoint    ] Entering safepoint region: GenCollectForAllocation
[14.894s][info ][gc,start     ] GC(76) Pause Young (Allocation Failure)
[14.894s][info ][gc,task      ] GC(76) Using 4 workers of 4 for evacuation
[14.916s][debug][gc,ref       ] GC(76) Skipped phase1 of Reference Processing due to unavailable references
[14.916s][debug][gc,ref       ] GC(76) Skipped phase3 of Reference Processing due to unavailable references
[14.916s][debug][gc,age       ] GC(76) Desired survivor size 15400960 bytes, new threshold 6 (max threshold 6)
[14.916s][info ][gc,heap      ] GC(76) ParNew: 252450K->15189K(270976K)
[14.917s][info ][gc,heap      ] GC(76) CMS: 183974K->184259K(602112K)
[14.917s][info ][gc,metaspace ] GC(76) Metaspace: 46494K->46494K(1091584K)
[14.917s][info ][gc           ] GC(76) Pause Young (Allocation Failure) 426M->194M(852M) 22.478ms
[14.917s][info ][gc,cpu       ] GC(76) User=0.06s Sys=0.00s Real=0.03s
[14.917s][info ][safepoint    ] Leaving safepoint region
[14.917s][info ][safepoint    ] Total time for which application threads were stopped: 0.0239777 seconds, Stopping threads took: 0.0012420 seconds
[14.943s][info ][safepoint    ] Application time: 0.0266460 seconds
[14.960s][info ][safepoint    ] Entering safepoint region: Deoptimize
[14.962s][info ][safepoint    ] Leaving safepoint region
[14.962s][info ][safepoint    ] Total time for which application threads were stopped: 0.0183559 seconds, Stopping threads took: 0.0171508 seconds
[15.012s][info ][safepoint    ] Application time: 0.0506014 seconds
[15.028s][info ][safepoint    ] Entering safepoint region: GenCollectForAllocation
[15.028s][info ][gc,start     ] GC(77) Pause Young (Allocation Failure)
[15.029s][info ][gc,task      ] GC(77) Using 4 workers of 4 for evacuation
[15.038s][debug][gc,ref       ] GC(77) Skipped phase1 of Reference Processing due to unavailable references
[15.038s][debug][gc,ref       ] GC(77) Skipped phase3 of Reference Processing due to unavailable references
[15.038s][debug][gc,age       ] GC(77) Desired survivor size 15400960 bytes, new threshold 6 (max threshold 6)
[15.038s][info ][gc,heap      ] GC(77) ParNew: 256085K->19281K(270976K)
[15.038s][info ][gc,heap      ] GC(77) CMS: 184259K->184788K(602112K)
[15.038s][info ][gc,metaspace ] GC(77) Metaspace: 46556K->46556K(1091584K)
[15.038s][info ][gc           ] GC(77) Pause Young (Allocation Failure) 430M->199M(852M) 9.981ms
[15.038s][info ][gc,cpu       ] GC(77) User=0.04s Sys=0.00s Real=0.01s
[15.038s][info ][safepoint    ] Leaving safepoint region
[15.038s][info ][safepoint    ] Total time for which application threads were stopped: 0.0261926 seconds, Stopping threads took: 0.0158982 seconds
[15.099s][info ][safepoint    ] Application time: 0.0605543 seconds
[15.100s][info ][safepoint    ] Entering safepoint region: GenCollectForAllocation
[15.101s][info ][gc,start     ] GC(78) Pause Young (Allocation Failure)
[15.101s][info ][gc,task      ] GC(78) Using 4 workers of 4 for evacuation
[15.110s][debug][gc,ref       ] GC(78) Skipped phase1 of Reference Processing due to unavailable references
[15.110s][debug][gc,ref       ] GC(78) Skipped phase2 of Reference Processing due to unavailable references
[15.110s][debug][gc,ref       ] GC(78) Skipped phase3 of Reference Processing due to unavailable references
[15.110s][debug][gc,ref       ] GC(78) Skipped phase4 of Reference Processing due to unavailable references
[15.110s][debug][gc,age       ] GC(78) Desired survivor size 15400960 bytes, new threshold 6 (max threshold 6)
[15.110s][info ][gc,heap      ] GC(78) ParNew: 260177K->20844K(270976K)
[15.110s][info ][gc,heap      ] GC(78) CMS: 184788K->186992K(602112K)
[15.110s][info ][gc,metaspace ] GC(78) Metaspace: 46562K->46562K(1091584K)
[15.110s][info ][gc           ] GC(78) Pause Young (Allocation Failure) 434M->202M(852M) 9.292ms
[15.110s][info ][gc,cpu       ] GC(78) User=0.04s Sys=0.00s Real=0.01s
[15.110s][info ][safepoint    ] Leaving safepoint region
[15.110s][info ][safepoint    ] Total time for which application threads were stopped: 0.0108227 seconds, Stopping threads took: 0.0012211 seconds
[15.113s][info ][safepoint    ] Application time: 0.0032812 seconds
[15.117s][info ][safepoint    ] Entering safepoint region: RevokeBias
[15.117s][info ][safepoint    ] Leaving safepoint region
[15.117s][info ][safepoint    ] Total time for which application threads were stopped: 0.0037248 seconds, Stopping threads took: 0.0034729 seconds
[15.142s][info ][safepoint    ] Application time: 0.0246880 seconds
[15.152s][info ][safepoint    ] Entering safepoint region: RevokeBias
[15.153s][info ][safepoint    ] Leaving safepoint region
[15.153s][info ][safepoint    ] Total time for which application threads were stopped: 0.0112177 seconds, Stopping threads took: 0.0105401 seconds
[15.208s][info ][safepoint    ] Application time: 0.0551820 seconds
[15.220s][info ][safepoint    ] Entering safepoint region: GenCollectForAllocation
[15.221s][info ][gc,start     ] GC(79) Pause Young (Allocation Failure)
[15.221s][info ][gc,task      ] GC(79) Using 4 workers of 4 for evacuation
[15.234s][debug][gc,ref       ] GC(79) Skipped phase1 of Reference Processing due to unavailable references
[15.234s][debug][gc,ref       ] GC(79) Skipped phase3 of Reference Processing due to unavailable references
[15.234s][debug][gc,age       ] GC(79) Desired survivor size 15400960 bytes, new threshold 6 (max threshold 6)
[15.234s][info ][gc,heap      ] GC(79) ParNew: 261740K->18675K(270976K)
[15.234s][info ][gc,heap      ] GC(79) CMS: 186992K->187932K(602112K)
[15.234s][info ][gc,metaspace ] GC(79) Metaspace: 46724K->46724K(1091584K)
[15.234s][info ][gc           ] GC(79) Pause Young (Allocation Failure) 438M->201M(852M) 13.433ms
[15.234s][info ][gc,cpu       ] GC(79) User=0.03s Sys=0.00s Real=0.01s
[15.234s][info ][safepoint    ] Leaving safepoint region
[15.234s][info ][safepoint    ] Total time for which application threads were stopped: 0.0258466 seconds, Stopping threads took: 0.0121500 seconds
[15.318s][info ][safepoint    ] Application time: 0.0838688 seconds
[15.320s][info ][safepoint    ] Entering safepoint region: GenCollectForAllocation
[15.320s][info ][gc,start     ] GC(80) Pause Young (Allocation Failure)
[15.320s][info ][gc,task      ] GC(80) Using 4 workers of 4 for evacuation
[15.329s][debug][gc,ref       ] GC(80) Skipped phase1 of Reference Processing due to unavailable references
[15.329s][debug][gc,ref       ] GC(80) Skipped phase3 of Reference Processing due to unavailable references
[15.330s][debug][gc,age       ] GC(80) Desired survivor size 15400960 bytes, new threshold 6 (max threshold 6)
[15.330s][info ][gc,heap      ] GC(80) ParNew: 259571K->20136K(270976K)
[15.330s][info ][gc,heap      ] GC(80) CMS: 187932K->188823K(602112K)
[15.330s][info ][gc,metaspace ] GC(80) Metaspace: 46742K->46742K(1091584K)
[15.330s][info ][gc           ] GC(80) Pause Young (Allocation Failure) 437M->204M(852M) 9.479ms
[15.330s][info ][gc,cpu       ] GC(80) User=0.03s Sys=0.00s Real=0.01s
[15.330s][info ][safepoint    ] Leaving safepoint region
[15.330s][info ][safepoint    ] Total time for which application threads were stopped: 0.0117893 seconds, Stopping threads took: 0.0019822 seconds
[15.380s][info ][safepoint    ] Application time: 0.0503697 seconds
[15.384s][info ][safepoint    ] Entering safepoint region: GenCollectForAllocation
[15.385s][info ][gc,start     ] GC(81) Pause Young (Allocation Failure)
[15.385s][info ][gc,task      ] GC(81) Using 4 workers of 4 for evacuation
[15.404s][debug][gc,ref       ] GC(81) Skipped phase1 of Reference Processing due to unavailable references
[15.404s][debug][gc,ref       ] GC(81) Skipped phase3 of Reference Processing due to unavailable references
[15.404s][debug][gc,ref       ] GC(81) Skipped phase4 of Reference Processing due to unavailable references
[15.405s][debug][gc,age       ] GC(81) Desired survivor size 15400960 bytes, new threshold 6 (max threshold 6)
[15.405s][info ][gc,heap      ] GC(81) ParNew: 261032K->21038K(270976K)
[15.405s][info ][gc,heap      ] GC(81) CMS: 188823K->192390K(602112K)
[15.405s][info ][gc,metaspace ] GC(81) Metaspace: 46745K->46745K(1091584K)
[15.405s][info ][gc           ] GC(81) Pause Young (Allocation Failure) 439M->208M(852M) 19.932ms
[15.405s][info ][gc,cpu       ] GC(81) User=0.03s Sys=0.00s Real=0.02s
[15.405s][info ][safepoint    ] Leaving safepoint region
[15.405s][info ][safepoint    ] Total time for which application threads were stopped: 0.0244379 seconds, Stopping threads took: 0.0041048 seconds
[15.463s][info ][safepoint    ] Application time: 0.0584982 seconds
[15.467s][info ][safepoint    ] Entering safepoint region: GenCollectForAllocation
[15.467s][info ][gc,start     ] GC(82) Pause Young (Allocation Failure)
[15.467s][info ][gc,task      ] GC(82) Using 4 workers of 4 for evacuation
[15.475s][debug][gc,ref       ] GC(82) Skipped phase1 of Reference Processing due to unavailable references
[15.475s][debug][gc,ref       ] GC(82) Skipped phase3 of Reference Processing due to unavailable references
[15.475s][debug][gc,ref       ] GC(82) Skipped phase4 of Reference Processing due to unavailable references
[15.475s][debug][gc,age       ] GC(82) Desired survivor size 15400960 bytes, new threshold 6 (max threshold 6)
[15.475s][info ][gc,heap      ] GC(82) ParNew: 261934K->16145K(270976K)
[15.475s][info ][gc,heap      ] GC(82) CMS: 192390K->194627K(602112K)
[15.475s][info ][gc,metaspace ] GC(82) Metaspace: 46750K->46750K(1091584K)
[15.475s][info ][gc           ] GC(82) Pause Young (Allocation Failure) 443M->205M(852M) 7.708ms
[15.475s][info ][gc,cpu       ] GC(82) User=0.03s Sys=0.00s Real=0.00s
[15.475s][info ][safepoint    ] Leaving safepoint region
[15.475s][info ][safepoint    ] Total time for which application threads were stopped: 0.0117349 seconds, Stopping threads took: 0.0037421 seconds
[15.531s][info ][safepoint    ] Application time: 0.0561743 seconds
[15.540s][info ][safepoint    ] Entering safepoint region: GenCollectForAllocation
[15.541s][info ][gc,start     ] GC(83) Pause Young (Allocation Failure)
[15.541s][info ][gc,task      ] GC(83) Using 4 workers of 4 for evacuation
[15.556s][debug][gc,ref       ] GC(83) Skipped phase1 of Reference Processing due to unavailable references
[15.556s][debug][gc,ref       ] GC(83) Skipped phase3 of Reference Processing due to unavailable references
[15.556s][debug][gc,ref       ] GC(83) Skipped phase4 of Reference Processing due to unavailable references
[15.556s][debug][gc,age       ] GC(83) Desired survivor size 15400960 bytes, new threshold 6 (max threshold 6)
[15.556s][info ][gc,heap      ] GC(83) ParNew: 257041K->15588K(270976K)
[15.556s][info ][gc,heap      ] GC(83) CMS: 194627K->197543K(602112K)
[15.556s][info ][gc,metaspace ] GC(83) Metaspace: 46764K->46764K(1091584K)
[15.556s][info ][gc           ] GC(83) Pause Young (Allocation Failure) 441M->208M(852M) 15.267ms
[15.556s][info ][gc,cpu       ] GC(83) User=0.03s Sys=0.00s Real=0.02s
[15.556s][info ][safepoint    ] Leaving safepoint region
[15.556s][info ][safepoint    ] Total time for which application threads were stopped: 0.0252103 seconds, Stopping threads took: 0.0091876 seconds
[15.657s][info ][safepoint    ] Application time: 0.1004029 seconds
[15.676s][info ][safepoint    ] Entering safepoint region: GenCollectForAllocation
[15.676s][info ][gc,start     ] GC(84) Pause Young (Allocation Failure)
[15.677s][info ][gc,task      ] GC(84) Using 4 workers of 4 for evacuation
[15.691s][debug][gc,ref       ] GC(84) Skipped phase1 of Reference Processing due to unavailable references
[15.691s][debug][gc,ref       ] GC(84) Skipped phase3 of Reference Processing due to unavailable references
[15.692s][debug][gc,ref       ] GC(84) Skipped phase4 of Reference Processing due to unavailable references
[15.692s][debug][gc,age       ] GC(84) Desired survivor size 15400960 bytes, new threshold 6 (max threshold 6)
[15.692s][info ][gc,heap      ] GC(84) ParNew: 256484K->17529K(270976K)
[15.692s][info ][gc,heap      ] GC(84) CMS: 197543K->199718K(602112K)
[15.692s][info ][gc,metaspace ] GC(84) Metaspace: 46796K->46796K(1091584K)
[15.692s][info ][gc           ] GC(84) Pause Young (Allocation Failure) 443M->212M(852M) 15.267ms
[15.692s][info ][gc,cpu       ] GC(84) User=0.04s Sys=0.00s Real=0.01s
[15.692s][info ][safepoint    ] Leaving safepoint region
[15.692s][info ][safepoint    ] Total time for which application threads were stopped: 0.0349184 seconds, Stopping threads took: 0.0193517 seconds
[15.774s][info ][safepoint    ] Application time: 0.0821953 seconds
[15.781s][info ][safepoint    ] Entering safepoint region: GenCollectForAllocation
[15.781s][info ][gc,start     ] GC(85) Pause Young (Allocation Failure)
[15.781s][info ][gc,task      ] GC(85) Using 4 workers of 4 for evacuation
[15.795s][debug][gc,ref       ] GC(85) Skipped phase1 of Reference Processing due to unavailable references
[15.795s][debug][gc,ref       ] GC(85) Skipped phase3 of Reference Processing due to unavailable references
[15.795s][debug][gc,ref       ] GC(85) Skipped phase4 of Reference Processing due to unavailable references
[15.795s][debug][gc,age       ] GC(85) Desired survivor size 15400960 bytes, new threshold 6 (max threshold 6)
[15.795s][info ][gc,heap      ] GC(85) ParNew: 258425K->18777K(270976K)
[15.795s][info ][gc,heap      ] GC(85) CMS: 199718K->201837K(602112K)
[15.795s][info ][gc,metaspace ] GC(85) Metaspace: 46806K->46806K(1091584K)
[15.795s][info ][gc           ] GC(85) Pause Young (Allocation Failure) 447M->215M(852M) 14.032ms
[15.795s][info ][gc,cpu       ] GC(85) User=0.04s Sys=0.00s Real=0.01s
[15.795s][info ][safepoint    ] Leaving safepoint region
[15.795s][info ][safepoint    ] Total time for which application threads were stopped: 0.0214048 seconds, Stopping threads took: 0.0069045 seconds
[15.869s][info ][safepoint    ] Application time: 0.0735923 seconds
[15.874s][info ][safepoint    ] Entering safepoint region: GenCollectForAllocation
[15.874s][info ][gc,start     ] GC(86) Pause Young (Allocation Failure)
[15.874s][info ][gc,task      ] GC(86) Using 4 workers of 4 for evacuation
[15.886s][debug][gc,ref       ] GC(86) Skipped phase1 of Reference Processing due to unavailable references
[15.886s][debug][gc,ref       ] GC(86) Skipped phase3 of Reference Processing due to unavailable references
[15.886s][debug][gc,ref       ] GC(86) Skipped phase4 of Reference Processing due to unavailable references
[15.886s][debug][gc,age       ] GC(86) Desired survivor size 15400960 bytes, new threshold 6 (max threshold 6)
[15.886s][info ][gc,heap      ] GC(86) ParNew: 259673K->20468K(270976K)
[15.886s][info ][gc,heap      ] GC(86) CMS: 201837K->203230K(602112K)
[15.886s][info ][gc,metaspace ] GC(86) Metaspace: 46827K->46827K(1091584K)
[15.886s][info ][gc           ] GC(86) Pause Young (Allocation Failure) 450M->218M(852M) 11.603ms
[15.886s][info ][gc,cpu       ] GC(86) User=0.03s Sys=0.00s Real=0.02s
[15.886s][info ][safepoint    ] Leaving safepoint region
[15.886s][info ][safepoint    ] Total time for which application threads were stopped: 0.0168138 seconds, Stopping threads took: 0.0046440 seconds
[15.958s][info ][safepoint    ] Application time: 0.0720568 seconds
[15.965s][info ][safepoint    ] Entering safepoint region: GenCollectForAllocation
[15.965s][info ][gc,start     ] GC(87) Pause Young (Allocation Failure)
[15.965s][info ][gc,task      ] GC(87) Using 4 workers of 4 for evacuation
[15.980s][debug][gc,ref       ] GC(87) Skipped phase1 of Reference Processing due to unavailable references
[15.980s][debug][gc,ref       ] GC(87) Skipped phase2 of Reference Processing due to unavailable references
[15.980s][debug][gc,ref       ] GC(87) Skipped phase3 of Reference Processing due to unavailable references
[15.980s][debug][gc,ref       ] GC(87) Skipped phase4 of Reference Processing due to unavailable references
[15.980s][debug][gc,age       ] GC(87) Desired survivor size 15400960 bytes, new threshold 6 (max threshold 6)
[15.981s][info ][gc,heap      ] GC(87) ParNew: 261364K->20784K(270976K)
[15.981s][info ][gc,heap      ] GC(87) CMS: 203230K->204681K(602112K)
[15.981s][info ][gc,metaspace ] GC(87) Metaspace: 46835K->46835K(1091584K)
[15.981s][info ][gc           ] GC(87) Pause Young (Allocation Failure) 453M->220M(852M) 15.352ms
[15.981s][info ][gc,cpu       ] GC(87) User=0.04s Sys=0.00s Real=0.01s
[15.981s][info ][safepoint    ] Leaving safepoint region
[15.981s][info ][safepoint    ] Total time for which application threads were stopped: 0.0226125 seconds, Stopping threads took: 0.0068561 seconds
[16.060s][info ][safepoint    ] Application time: 0.0795935 seconds
[16.062s][info ][safepoint    ] Entering safepoint region: GenCollectForAllocation
[16.062s][info ][gc,start     ] GC(88) Pause Young (Allocation Failure)
[16.062s][info ][gc,task      ] GC(88) Using 4 workers of 4 for evacuation
[16.073s][debug][gc,ref       ] GC(88) Skipped phase1 of Reference Processing due to unavailable references
[16.073s][debug][gc,ref       ] GC(88) Skipped phase3 of Reference Processing due to unavailable references
[16.073s][debug][gc,ref       ] GC(88) Skipped phase4 of Reference Processing due to unavailable references
[16.073s][debug][gc,age       ] GC(88) Desired survivor size 15400960 bytes, new threshold 5 (max threshold 6)
[16.073s][info ][gc,heap      ] GC(88) ParNew: 261680K->24864K(270976K)
[16.073s][info ][gc,heap      ] GC(88) CMS: 204681K->205890K(602112K)
[16.073s][info ][gc,metaspace ] GC(88) Metaspace: 46850K->46850K(1091584K)
[16.073s][info ][gc           ] GC(88) Pause Young (Allocation Failure) 455M->225M(852M) 10.822ms
[16.073s][info ][gc,cpu       ] GC(88) User=0.05s Sys=0.00s Real=0.01s
[16.073s][info ][safepoint    ] Leaving safepoint region
[16.073s][info ][safepoint    ] Total time for which application threads were stopped: 0.0130707 seconds, Stopping threads took: 0.0019495 seconds
[16.147s][info ][safepoint    ] Application time: 0.0739747 seconds
[16.151s][info ][safepoint    ] Entering safepoint region: GenCollectForAllocation
[16.151s][info ][gc,start     ] GC(89) Pause Young (Allocation Failure)
[16.151s][info ][gc,task      ] GC(89) Using 4 workers of 4 for evacuation
[16.173s][debug][gc,ref       ] GC(89) Skipped phase1 of Reference Processing due to unavailable references
[16.173s][debug][gc,ref       ] GC(89) Skipped phase2 of Reference Processing due to unavailable references
[16.173s][debug][gc,ref       ] GC(89) Skipped phase3 of Reference Processing due to unavailable references
[16.173s][debug][gc,ref       ] GC(89) Skipped phase4 of Reference Processing due to unavailable references
[16.174s][debug][gc,age       ] GC(89) Desired survivor size 15400960 bytes, new threshold 5 (max threshold 6)
[16.174s][info ][gc,heap      ] GC(89) ParNew: 265760K->20398K(270976K)
[16.174s][info ][gc,heap      ] GC(89) CMS: 205890K->210806K(602112K)
[16.174s][info ][gc,metaspace ] GC(89) Metaspace: 46851K->46851K(1091584K)
[16.174s][info ][gc           ] GC(89) Pause Young (Allocation Failure) 460M->225M(852M) 22.453ms
[16.174s][info ][gc,cpu       ] GC(89) User=0.08s Sys=0.00s Real=0.02s
[16.174s][info ][safepoint    ] Leaving safepoint region
[16.174s][info ][safepoint    ] Total time for which application threads were stopped: 0.0263622 seconds, Stopping threads took: 0.0036245 seconds
[16.250s][info ][safepoint    ] Application time: 0.0758271 seconds
[16.253s][info ][safepoint    ] Entering safepoint region: GenCollectForAllocation
[16.253s][info ][gc,start     ] GC(90) Pause Young (Allocation Failure)
[16.253s][info ][gc,task      ] GC(90) Using 4 workers of 4 for evacuation
[16.273s][debug][gc,ref       ] GC(90) Skipped phase1 of Reference Processing due to unavailable references
[16.273s][debug][gc,ref       ] GC(90) Skipped phase2 of Reference Processing due to unavailable references
[16.273s][debug][gc,ref       ] GC(90) Skipped phase3 of Reference Processing due to unavailable references
[16.273s][debug][gc,ref       ] GC(90) Skipped phase4 of Reference Processing due to unavailable references
[16.273s][debug][gc,age       ] GC(90) Desired survivor size 15400960 bytes, new threshold 5 (max threshold 6)
[16.273s][info ][gc,heap      ] GC(90) ParNew: 261294K->23636K(270976K)
[16.273s][info ][gc,heap      ] GC(90) CMS: 210806K->213987K(602112K)
[16.273s][info ][gc,metaspace ] GC(90) Metaspace: 46855K->46855K(1091584K)
[16.273s][info ][gc           ] GC(90) Pause Young (Allocation Failure) 461M->232M(852M) 19.679ms
[16.273s][info ][gc,cpu       ] GC(90) User=0.07s Sys=0.00s Real=0.02s
[16.273s][info ][safepoint    ] Leaving safepoint region
[16.273s][info ][safepoint    ] Total time for which application threads were stopped: 0.0232543 seconds, Stopping threads took: 0.0033598 seconds
[16.346s][info ][safepoint    ] Application time: 0.0731485 seconds
[16.349s][info ][safepoint    ] Entering safepoint region: GenCollectForAllocation
[16.350s][info ][gc,start     ] GC(91) Pause Young (Allocation Failure)
[16.350s][info ][gc,task      ] GC(91) Using 4 workers of 4 for evacuation
[16.378s][debug][gc,ref       ] GC(91) Skipped phase1 of Reference Processing due to unavailable references
[16.378s][debug][gc,ref       ] GC(91) Skipped phase2 of Reference Processing due to unavailable references
[16.378s][debug][gc,ref       ] GC(91) Skipped phase3 of Reference Processing due to unavailable references
[16.378s][debug][gc,ref       ] GC(91) Skipped phase4 of Reference Processing due to unavailable references
[16.379s][debug][gc,age       ] GC(91) Desired survivor size 15400960 bytes, new threshold 6 (max threshold 6)
[16.379s][info ][gc,heap      ] GC(91) ParNew: 264532K->24511K(270976K)
[16.379s][info ][gc,heap      ] GC(91) CMS: 213987K->218010K(602112K)
[16.379s][info ][gc,metaspace ] GC(91) Metaspace: 46878K->46878K(1091584K)
[16.379s][info ][gc           ] GC(91) Pause Young (Allocation Failure) 467M->236M(852M) 29.081ms
[16.379s][info ][gc,cpu       ] GC(91) User=0.09s Sys=0.00s Real=0.03s
[16.379s][info ][safepoint    ] Leaving safepoint region
[16.379s][info ][safepoint    ] Total time for which application threads were stopped: 0.0328371 seconds, Stopping threads took: 0.0034887 seconds
[16.419s][info ][safepoint    ] Application time: 0.0397115 seconds
[16.432s][info ][safepoint    ] Entering safepoint region: Deoptimize
[16.441s][info ][safepoint    ] Leaving safepoint region
[16.441s][info ][safepoint    ] Total time for which application threads were stopped: 0.0222003 seconds, Stopping threads took: 0.0137579 seconds
[16.466s][info ][safepoint    ] Application time: 0.0246657 seconds
[16.472s][info ][safepoint    ] Entering safepoint region: GenCollectForAllocation
[16.473s][info ][gc,start     ] GC(92) Pause Young (Allocation Failure)
[16.473s][info ][gc,task      ] GC(92) Using 4 workers of 4 for evacuation
[16.487s][debug][gc,ref       ] GC(92) Skipped phase1 of Reference Processing due to unavailable references
[16.487s][debug][gc,ref       ] GC(92) Skipped phase3 of Reference Processing due to unavailable references
[16.487s][debug][gc,age       ] GC(92) Desired survivor size 15400960 bytes, new threshold 6 (max threshold 6)
[16.487s][info ][gc,heap      ] GC(92) ParNew: 265407K->22772K(270976K)
[16.487s][info ][gc,heap      ] GC(92) CMS: 218010K->218010K(602112K)
[16.487s][info ][gc,metaspace ] GC(92) Metaspace: 46940K->46940K(1091584K)
[16.487s][info ][gc           ] GC(92) Pause Young (Allocation Failure) 472M->235M(852M) 14.743ms
[16.487s][info ][gc,cpu       ] GC(92) User=0.04s Sys=0.00s Real=0.02s
[16.488s][info ][safepoint    ] Leaving safepoint region
[16.488s][info ][safepoint    ] Total time for which application threads were stopped: 0.0218849 seconds, Stopping threads took: 0.0067214 seconds
[16.514s][info ][safepoint    ] Application time: 0.0265410 seconds
[16.518s][info ][safepoint    ] Entering safepoint region: RevokeBias
[16.518s][info ][safepoint    ] Leaving safepoint region
[16.518s][info ][safepoint    ] Total time for which application threads were stopped: 0.0039347 seconds, Stopping threads took: 0.0036913 seconds
[16.566s][info ][safepoint    ] Application time: 0.0483160 seconds
[16.567s][info ][safepoint    ] Entering safepoint region: GenCollectForAllocation
[16.567s][info ][gc,start     ] GC(93) Pause Young (Allocation Failure)
[16.567s][info ][gc,task      ] GC(93) Using 4 workers of 4 for evacuation
[16.576s][debug][gc,ref       ] GC(93) Skipped phase1 of Reference Processing due to unavailable references
[16.576s][debug][gc,ref       ] GC(93) Skipped phase3 of Reference Processing due to unavailable references
[16.576s][debug][gc,age       ] GC(93) Desired survivor size 15400960 bytes, new threshold 6 (max threshold 6)
[16.576s][info ][gc,heap      ] GC(93) ParNew: 263668K->26737K(270976K)
[16.576s][info ][gc,heap      ] GC(93) CMS: 218010K->219177K(602112K)
[16.576s][info ][gc,metaspace ] GC(93) Metaspace: 47068K->47068K(1091584K)
[16.576s][info ][gc           ] GC(93) Pause Young (Allocation Failure) 470M->240M(852M) 9.172ms
[16.576s][info ][gc,cpu       ] GC(93) User=0.04s Sys=0.00s Real=0.01s
[16.576s][info ][safepoint    ] Leaving safepoint region
[16.576s][info ][safepoint    ] Total time for which application threads were stopped: 0.0098093 seconds, Stopping threads took: 0.0003839 seconds
[16.600s][info ][safepoint    ] Application time: 0.0234566 seconds
[16.608s][info ][safepoint    ] Entering safepoint region: RevokeBias
[16.608s][info ][safepoint    ] Leaving safepoint region
[16.608s][info ][safepoint    ] Total time for which application threads were stopped: 0.0086771 seconds, Stopping threads took: 0.0083643 seconds
[16.633s][info ][safepoint    ] Application time: 0.0242730 seconds
[16.640s][info ][safepoint    ] Entering safepoint region: RevokeBias
[16.641s][info ][safepoint    ] Leaving safepoint region
[16.641s][info ][safepoint    ] Total time for which application threads were stopped: 0.0076637 seconds, Stopping threads took: 0.0074614 seconds
[16.641s][info ][safepoint    ] Application time: 0.0002314 seconds
[16.641s][info ][safepoint    ] Entering safepoint region: RevokeBias
[16.641s][info ][safepoint    ] Leaving safepoint region
[16.641s][info ][safepoint    ] Total time for which application threads were stopped: 0.0005111 seconds, Stopping threads took: 0.0003822 seconds
[16.667s][info ][safepoint    ] Application time: 0.0254344 seconds
[16.677s][info ][safepoint    ] Entering safepoint region: RevokeBias
[16.677s][info ][safepoint    ] Leaving safepoint region
[16.677s][info ][safepoint    ] Total time for which application threads were stopped: 0.0102894 seconds, Stopping threads took: 0.0100780 seconds
[16.677s][info ][safepoint    ] Application time: 0.0000676 seconds
[16.677s][info ][safepoint    ] Entering safepoint region: RevokeBias
[16.677s][info ][safepoint    ] Leaving safepoint region
[16.677s][info ][safepoint    ] Total time for which application threads were stopped: 0.0001031 seconds, Stopping threads took: 0.0000087 seconds
[16.694s][info ][safepoint    ] Application time: 0.0161361 seconds
[16.696s][info ][safepoint    ] Entering safepoint region: RevokeBias
[16.696s][info ][safepoint    ] Leaving safepoint region
[16.696s][info ][safepoint    ] Total time for which application threads were stopped: 0.0023222 seconds, Stopping threads took: 0.0020899 seconds
[16.715s][info ][safepoint    ] Application time: 0.0194092 seconds
[16.733s][info ][safepoint    ] Entering safepoint region: GenCollectForAllocation
[16.734s][info ][gc,start     ] GC(94) Pause Young (Allocation Failure)
[16.734s][info ][gc,task      ] GC(94) Using 4 workers of 4 for evacuation
[16.763s][debug][gc,ref       ] GC(94) Skipped phase1 of Reference Processing due to unavailable references
[16.763s][debug][gc,ref       ] GC(94) Skipped phase3 of Reference Processing due to unavailable references
[16.763s][debug][gc,age       ] GC(94) Desired survivor size 15400960 bytes, new threshold 6 (max threshold 6)
[16.763s][info ][gc,heap      ] GC(94) ParNew: 267633K->24444K(270976K)
[16.763s][info ][gc,heap      ] GC(94) CMS: 219177K->223157K(602112K)
[16.763s][info ][gc,metaspace ] GC(94) Metaspace: 47104K->47104K(1091584K)
[16.764s][info ][gc           ] GC(94) Pause Young (Allocation Failure) 475M->241M(852M) 29.995ms
[16.764s][info ][gc,cpu       ] GC(94) User=0.06s Sys=0.00s Real=0.03s
[16.764s][info ][safepoint    ] Leaving safepoint region
[16.764s][info ][safepoint    ] Total time for which application threads were stopped: 0.0482142 seconds, Stopping threads took: 0.0179216 seconds
[16.839s][info ][safepoint    ] Application time: 0.0755570 seconds
[16.847s][info ][safepoint    ] Entering safepoint region: GenCollectForAllocation
[16.847s][info ][gc,start     ] GC(95) Pause Young (Allocation Failure)
[16.847s][info ][gc,task      ] GC(95) Using 4 workers of 4 for evacuation
[16.865s][debug][gc,ref       ] GC(95) Skipped phase1 of Reference Processing due to unavailable references
[16.865s][debug][gc,ref       ] GC(95) Skipped phase3 of Reference Processing due to unavailable references
[16.865s][debug][gc,age       ] GC(95) Desired survivor size 15400960 bytes, new threshold 6 (max threshold 6)
[16.865s][info ][gc,heap      ] GC(95) ParNew: 265340K->20729K(270976K)
[16.865s][info ][gc,heap      ] GC(95) CMS: 223157K->226608K(602112K)
[16.865s][info ][gc,metaspace ] GC(95) Metaspace: 47128K->47128K(1091584K)
[16.865s][info ][gc           ] GC(95) Pause Young (Allocation Failure) 477M->241M(852M) 18.365ms
[16.865s][info ][gc,cpu       ] GC(95) User=0.03s Sys=0.01s Real=0.02s
[16.865s][info ][safepoint    ] Leaving safepoint region
[16.865s][info ][safepoint    ] Total time for which application threads were stopped: 0.0260921 seconds, Stopping threads took: 0.0074608 seconds
[16.927s][info ][safepoint    ] Application time: 0.0620490 seconds
[16.940s][info ][safepoint    ] Entering safepoint region: GenCollectForAllocation
[16.940s][info ][gc,start     ] GC(96) Pause Young (Allocation Failure)
[16.940s][info ][gc,task      ] GC(96) Using 4 workers of 4 for evacuation
[16.953s][debug][gc,ref       ] GC(96) Skipped phase1 of Reference Processing due to unavailable references
[16.953s][debug][gc,ref       ] GC(96) Skipped phase3 of Reference Processing due to unavailable references
[16.953s][debug][gc,age       ] GC(96) Desired survivor size 15400960 bytes, new threshold 6 (max threshold 6)
[16.953s][info ][gc,heap      ] GC(96) ParNew: 261625K->20255K(270976K)
[16.953s][info ][gc,heap      ] GC(96) CMS: 226608K->230774K(602112K)
[16.953s][info ][gc,metaspace ] GC(96) Metaspace: 47514K->47514K(1091584K)
[16.953s][info ][gc           ] GC(96) Pause Young (Allocation Failure) 476M->245M(852M) 13.033ms
[16.954s][info ][gc,cpu       ] GC(96) User=0.04s Sys=0.00s Real=0.01s
[16.954s][info ][safepoint    ] Leaving safepoint region
[16.954s][info ][safepoint    ] Total time for which application threads were stopped: 0.0261651 seconds, Stopping threads took: 0.0128537 seconds
[16.978s][info ][safepoint    ] Application time: 0.0247850 seconds
[16.989s][info ][safepoint    ] Entering safepoint region: Deoptimize
[16.991s][info ][safepoint    ] Leaving safepoint region
[16.991s][info ][safepoint    ] Total time for which application threads were stopped: 0.0130145 seconds, Stopping threads took: 0.0110698 seconds
[17.033s][info ][safepoint    ] Application time: 0.0420527 seconds
[17.034s][info ][safepoint    ] Entering safepoint region: GenCollectForAllocation
[17.034s][info ][gc,start     ] GC(97) Pause Young (Allocation Failure)
[17.034s][info ][gc,task      ] GC(97) Using 4 workers of 4 for evacuation
[17.048s][debug][gc,ref       ] GC(97) Skipped phase1 of Reference Processing due to unavailable references
[17.049s][debug][gc,ref       ] GC(97) Skipped phase3 of Reference Processing due to unavailable references
[17.049s][debug][gc,age       ] GC(97) Desired survivor size 15400960 bytes, new threshold 6 (max threshold 6)
[17.049s][info ][gc,heap      ] GC(97) ParNew: 261151K->12902K(270976K)
[17.049s][info ][gc,heap      ] GC(97) CMS: 230774K->233026K(602112K)
[17.049s][info ][gc,metaspace ] GC(97) Metaspace: 47733K->47733K(1091584K)
[17.049s][info ][gc           ] GC(97) Pause Young (Allocation Failure) 480M->240M(852M) 14.500ms
[17.049s][info ][gc,cpu       ] GC(97) User=0.04s Sys=0.00s Real=0.02s
[17.049s][info ][safepoint    ] Leaving safepoint region
[17.049s][info ][safepoint    ] Total time for which application threads were stopped: 0.0154221 seconds, Stopping threads took: 0.0006738 seconds
[17.158s][info ][safepoint    ] Application time: 0.1090651 seconds
[17.158s][info ][safepoint    ] Entering safepoint region: GenCollectForAllocation
[17.158s][info ][gc,start     ] GC(98) Pause Young (Allocation Failure)
[17.158s][info ][gc,task      ] GC(98) Using 4 workers of 4 for evacuation
[17.176s][debug][gc,ref       ] GC(98) Skipped phase1 of Reference Processing due to unavailable references
[17.176s][debug][gc,ref       ] GC(98) Skipped phase3 of Reference Processing due to unavailable references
[17.176s][debug][gc,age       ] GC(98) Desired survivor size 15400960 bytes, new threshold 6 (max threshold 6)
[17.176s][info ][gc,heap      ] GC(98) ParNew: 253798K->12194K(270976K)
[17.176s][info ][gc,heap      ] GC(98) CMS: 233026K->233477K(602112K)
[17.176s][info ][gc,metaspace ] GC(98) Metaspace: 47873K->47873K(1093632K)
[17.176s][info ][gc           ] GC(98) Pause Young (Allocation Failure) 475M->239M(852M) 17.422ms
[17.176s][info ][gc,cpu       ] GC(98) User=0.06s Sys=0.00s Real=0.01s
[17.176s][info ][safepoint    ] Leaving safepoint region
[17.176s][info ][safepoint    ] Total time for which application threads were stopped: 0.0179218 seconds, Stopping threads took: 0.0002780 seconds
[17.268s][info ][safepoint    ] Application time: 0.0918826 seconds
[17.277s][info ][safepoint    ] Entering safepoint region: GenCollectForAllocation
[17.277s][info ][gc,start     ] GC(99) Pause Young (Allocation Failure)
[17.277s][info ][gc,task      ] GC(99) Using 4 workers of 4 for evacuation
[17.312s][debug][gc,ref       ] GC(99) Skipped phase1 of Reference Processing due to unavailable references
[17.312s][debug][gc,ref       ] GC(99) Skipped phase3 of Reference Processing due to unavailable references
[17.312s][debug][gc,age       ] GC(99) Desired survivor size 15400960 bytes, new threshold 6 (max threshold 6)
[17.312s][info ][gc,heap      ] GC(99) ParNew: 253090K->15136K(270976K)
[17.312s][info ][gc,heap      ] GC(99) CMS: 233477K->235507K(602112K)
[17.312s][info ][gc,metaspace ] GC(99) Metaspace: 47893K->47893K(1093632K)
[17.312s][info ][gc           ] GC(99) Pause Young (Allocation Failure) 475M->244M(852M) 35.425ms
[17.313s][info ][gc,cpu       ] GC(99) User=0.04s Sys=0.01s Real=0.03s
[17.313s][info ][safepoint    ] Leaving safepoint region
[17.313s][info ][safepoint    ] Total time for which application threads were stopped: 0.0446389 seconds, Stopping threads took: 0.0089352 seconds
[17.397s][info ][safepoint    ] Application time: 0.0845569 seconds
[17.407s][info ][safepoint    ] Entering safepoint region: GenCollectForAllocation
[17.407s][info ][gc,start     ] GC(100) Pause Young (Allocation Failure)
[17.407s][info ][gc,task      ] GC(100) Using 4 workers of 4 for evacuation
[17.441s][debug][gc,ref       ] GC(100) Skipped phase1 of Reference Processing due to unavailable references
[17.441s][debug][gc,ref       ] GC(100) Skipped phase3 of Reference Processing due to unavailable references
[17.441s][debug][gc,ref       ] GC(100) Skipped phase4 of Reference Processing due to unavailable references
[17.441s][debug][gc,age       ] GC(100) Desired survivor size 15400960 bytes, new threshold 6 (max threshold 6)
[17.441s][info ][gc,heap      ] GC(100) ParNew: 256032K->5668K(270976K)
[17.441s][info ][gc,heap      ] GC(100) CMS: 235507K->239351K(602112K)
[17.441s][info ][gc,metaspace ] GC(100) Metaspace: 47976K->47976K(1093632K)
[17.441s][info ][gc           ] GC(100) Pause Young (Allocation Failure) 480M->239M(852M) 33.526ms
[17.441s][info ][gc,cpu       ] GC(100) User=0.06s Sys=0.00s Real=0.03s
[17.441s][info ][safepoint    ] Leaving safepoint region
[17.441s][info ][safepoint    ] Total time for which application threads were stopped: 0.0438591 seconds, Stopping threads took: 0.0098749 seconds
[17.507s][info ][safepoint    ] Application time: 0.0660991 seconds
[17.511s][info ][safepoint    ] Entering safepoint region: GenCollectForAllocation
[17.511s][info ][gc,start     ] GC(101) Pause Young (Allocation Failure)
[17.511s][info ][gc,task      ] GC(101) Using 4 workers of 4 for evacuation
[17.527s][debug][gc,ref       ] GC(101) Skipped phase1 of Reference Processing due to unavailable references
[17.527s][debug][gc,ref       ] GC(101) Skipped phase3 of Reference Processing due to unavailable references
[17.527s][debug][gc,ref       ] GC(101) Skipped phase4 of Reference Processing due to unavailable references
[17.527s][debug][gc,age       ] GC(101) Desired survivor size 15400960 bytes, new threshold 6 (max threshold 6)
[17.527s][info ][gc,heap      ] GC(101) ParNew: 246564K->5115K(270976K)
[17.527s][info ][gc,heap      ] GC(101) CMS: 239351K->242381K(602112K)
[17.527s][info ][gc,metaspace ] GC(101) Metaspace: 47994K->47994K(1093632K)
[17.527s][info ][gc           ] GC(101) Pause Young (Allocation Failure) 474M->241M(852M) 15.648ms
[17.527s][info ][gc,cpu       ] GC(101) User=0.04s Sys=0.01s Real=0.02s
[17.527s][info ][safepoint    ] Leaving safepoint region
[17.527s][info ][safepoint    ] Total time for which application threads were stopped: 0.0198831 seconds, Stopping threads took: 0.0039290 seconds
[17.589s][info ][safepoint    ] Application time: 0.0622815 seconds
[17.590s][info ][safepoint    ] Entering safepoint region: GenCollectForAllocation
[17.590s][info ][gc,start     ] GC(102) Pause Young (Allocation Failure)
[17.590s][info ][gc,task      ] GC(102) Using 4 workers of 4 for evacuation
[17.598s][debug][gc,ref       ] GC(102) Skipped phase1 of Reference Processing due to unavailable references
[17.599s][debug][gc,ref       ] GC(102) Skipped phase3 of Reference Processing due to unavailable references
[17.599s][debug][gc,age       ] GC(102) Desired survivor size 15400960 bytes, new threshold 6 (max threshold 6)
[17.599s][info ][gc,heap      ] GC(102) ParNew: 246011K->3141K(270976K)
[17.599s][info ][gc,heap      ] GC(102) CMS: 242381K->242699K(602112K)
[17.599s][info ][gc,metaspace ] GC(102) Metaspace: 48120K->48120K(1093632K)
[17.599s][info ][gc           ] GC(102) Pause Young (Allocation Failure) 476M->240M(852M) 9.016ms
[17.599s][info ][gc,cpu       ] GC(102) User=0.02s Sys=0.00s Real=0.01s
[17.599s][info ][safepoint    ] Leaving safepoint region
[17.599s][info ][safepoint    ] Total time for which application threads were stopped: 0.0095196 seconds, Stopping threads took: 0.0002555 seconds
[17.678s][info ][safepoint    ] Application time: 0.0786360 seconds
[17.678s][info ][safepoint    ] Entering safepoint region: GenCollectForAllocation
[17.678s][info ][gc,start     ] GC(103) Pause Young (Allocation Failure)
[17.678s][info ][gc,task      ] GC(103) Using 4 workers of 4 for evacuation
[17.693s][debug][gc,ref       ] GC(103) Skipped phase1 of Reference Processing due to unavailable references
[17.694s][debug][gc,ref       ] GC(103) Skipped phase3 of Reference Processing due to unavailable references
[17.694s][debug][gc,ref       ] GC(103) Skipped phase4 of Reference Processing due to unavailable references
[17.694s][debug][gc,age       ] GC(103) Desired survivor size 15400960 bytes, new threshold 6 (max threshold 6)
[17.694s][info ][gc,heap      ] GC(103) ParNew: 244037K->3199K(270976K)
[17.694s][info ][gc,heap      ] GC(103) CMS: 242699K->243037K(602112K)
[17.694s][info ][gc,metaspace ] GC(103) Metaspace: 48157K->48157K(1093632K)
[17.694s][info ][gc           ] GC(103) Pause Young (Allocation Failure) 475M->240M(852M) 15.911ms
[17.694s][info ][gc,cpu       ] GC(103) User=0.03s Sys=0.00s Real=0.01s
[17.694s][info ][safepoint    ] Leaving safepoint region
[17.694s][info ][safepoint    ] Total time for which application threads were stopped: 0.0162412 seconds, Stopping threads took: 0.0000613 seconds
[17.734s][info ][safepoint    ] Application time: 0.0398343 seconds
[17.740s][info ][safepoint    ] Entering safepoint region: GenCollectForAllocation
[17.740s][info ][gc,start     ] GC(104) Pause Young (Allocation Failure)
[17.740s][info ][gc,task      ] GC(104) Using 4 workers of 4 for evacuation
[17.749s][debug][gc,ref       ] GC(104) Skipped phase1 of Reference Processing due to unavailable references
[17.750s][debug][gc,ref       ] GC(104) Skipped phase3 of Reference Processing due to unavailable references
[17.750s][debug][gc,ref       ] GC(104) Skipped phase4 of Reference Processing due to unavailable references
[17.750s][debug][gc,age       ] GC(104) Desired survivor size 15400960 bytes, new threshold 6 (max threshold 6)
[17.750s][info ][gc,heap      ] GC(104) ParNew: 244095K->2606K(270976K)
[17.750s][info ][gc,heap      ] GC(104) CMS: 243037K->243645K(602112K)
[17.750s][info ][gc,metaspace ] GC(104) Metaspace: 48158K->48158K(1093632K)
[17.750s][info ][gc           ] GC(104) Pause Young (Allocation Failure) 475M->240M(852M) 9.388ms
[17.750s][info ][gc,cpu       ] GC(104) User=0.02s Sys=0.00s Real=0.01s
[17.750s][info ][safepoint    ] Leaving safepoint region
[17.750s][info ][safepoint    ] Total time for which application threads were stopped: 0.0160246 seconds, Stopping threads took: 0.0064161 seconds
[17.792s][info ][safepoint    ] Application time: 0.0420399 seconds
[17.800s][info ][safepoint    ] Entering safepoint region: Deoptimize
[17.802s][info ][safepoint    ] Leaving safepoint region
[17.802s][info ][safepoint    ] Total time for which application threads were stopped: 0.0102513 seconds, Stopping threads took: 0.0085050 seconds
[17.847s][info ][safepoint    ] Application time: 0.0452477 seconds
[17.852s][info ][safepoint    ] Entering safepoint region: GenCollectForAllocation
[17.852s][info ][gc,start     ] GC(105) Pause Young (Allocation Failure)
[17.853s][info ][gc,task      ] GC(105) Using 4 workers of 4 for evacuation
[17.864s][debug][gc,ref       ] GC(105) Skipped phase1 of Reference Processing due to unavailable references
[17.864s][debug][gc,ref       ] GC(105) Skipped phase3 of Reference Processing due to unavailable references
[17.865s][debug][gc,age       ] GC(105) Desired survivor size 15400960 bytes, new threshold 6 (max threshold 6)
[17.865s][info ][gc,heap      ] GC(105) ParNew: 243502K->2189K(270976K)
[17.865s][info ][gc,heap      ] GC(105) CMS: 243645K->243913K(602112K)
[17.865s][info ][gc,metaspace ] GC(105) Metaspace: 48378K->48378K(1093632K)
[17.865s][info ][gc           ] GC(105) Pause Young (Allocation Failure) 475M->240M(852M) 12.120ms
[17.865s][info ][gc,cpu       ] GC(105) User=0.03s Sys=0.00s Real=0.02s
[17.865s][info ][safepoint    ] Leaving safepoint region
[17.865s][info ][safepoint    ] Total time for which application threads were stopped: 0.0172697 seconds, Stopping threads took: 0.0048419 seconds
[17.950s][info ][safepoint    ] Application time: 0.0855510 seconds
[17.963s][info ][safepoint    ] Entering safepoint region: GenCollectForAllocation
[17.963s][info ][gc,start     ] GC(106) Pause Young (Allocation Failure)
[17.963s][info ][gc,task      ] GC(106) Using 4 workers of 4 for evacuation
[17.988s][debug][gc,ref       ] GC(106) Skipped phase1 of Reference Processing due to unavailable references
[17.988s][debug][gc,ref       ] GC(106) Skipped phase3 of Reference Processing due to unavailable references
[17.989s][debug][gc,age       ] GC(106) Desired survivor size 15400960 bytes, new threshold 6 (max threshold 6)
[17.989s][info ][gc,heap      ] GC(106) ParNew: 243085K->2321K(270976K)
[17.989s][info ][gc,heap      ] GC(106) CMS: 243913K->244228K(602112K)
[17.989s][info ][gc,metaspace ] GC(106) Metaspace: 48602K->48602K(1093632K)
[17.989s][info ][gc           ] GC(106) Pause Young (Allocation Failure) 475M->240M(852M) 25.646ms
[17.989s][info ][gc,cpu       ] GC(106) User=0.03s Sys=0.00s Real=0.03s
[17.989s][info ][safepoint    ] Leaving safepoint region
[17.989s][info ][safepoint    ] Total time for which application threads were stopped: 0.0384600 seconds, Stopping threads took: 0.0124103 seconds
[18.091s][info ][safepoint    ] Application time: 0.1018036 seconds
[18.091s][info ][safepoint    ] Entering safepoint region: GenCollectForAllocation
[18.091s][info ][gc,start     ] GC(107) Pause Young (Allocation Failure)
[18.091s][info ][gc,task      ] GC(107) Using 4 workers of 4 for evacuation
[18.101s][debug][gc,ref       ] GC(107) Skipped phase1 of Reference Processing due to unavailable references
[18.101s][debug][gc,ref       ] GC(107) Skipped phase3 of Reference Processing due to unavailable references
[18.101s][debug][gc,age       ] GC(107) Desired survivor size 15400960 bytes, new threshold 6 (max threshold 6)
[18.101s][info ][gc,heap      ] GC(107) ParNew: 243217K->1486K(270976K)
[18.101s][info ][gc,heap      ] GC(107) CMS: 244228K->244449K(602112K)
[18.101s][info ][gc,metaspace ] GC(107) Metaspace: 48630K->48630K(1093632K)
[18.101s][info ][gc           ] GC(107) Pause Young (Allocation Failure) 476M->240M(852M) 10.048ms
[18.101s][info ][gc,cpu       ] GC(107) User=0.03s Sys=0.01s Real=0.01s
[18.101s][info ][safepoint    ] Leaving safepoint region
[18.101s][info ][safepoint    ] Total time for which application threads were stopped: 0.0105557 seconds, Stopping threads took: 0.0002603 seconds
[18.179s][info ][safepoint    ] Application time: 0.0773579 seconds
[18.189s][info ][safepoint    ] Entering safepoint region: GenCollectForAllocation
[18.189s][info ][gc,start     ] GC(108) Pause Young (Allocation Failure)
[18.189s][info ][gc,task      ] GC(108) Using 4 workers of 4 for evacuation
[18.194s][debug][gc,ref       ] GC(108) Skipped phase1 of Reference Processing due to unavailable references
[18.194s][debug][gc,ref       ] GC(108) Skipped phase3 of Reference Processing due to unavailable references
[18.194s][debug][gc,age       ] GC(108) Desired survivor size 15400960 bytes, new threshold 6 (max threshold 6)
[18.194s][info ][gc,heap      ] GC(108) ParNew: 242382K->1024K(270976K)
[18.194s][info ][gc,heap      ] GC(108) CMS: 244449K->244762K(602112K)
[18.194s][info ][gc,metaspace ] GC(108) Metaspace: 48684K->48684K(1093632K)
[18.194s][info ][gc           ] GC(108) Pause Young (Allocation Failure) 475M->240M(852M) 4.615ms
[18.194s][info ][gc,cpu       ] GC(108) User=0.02s Sys=0.00s Real=0.00s
[18.194s][info ][safepoint    ] Leaving safepoint region
[18.194s][info ][safepoint    ] Total time for which application threads were stopped: 0.0153982 seconds, Stopping threads took: 0.0104523 seconds
[18.259s][info ][safepoint    ] Application time: 0.0652022 seconds
[18.267s][info ][safepoint    ] Entering safepoint region: GenCollectForAllocation
[18.268s][info ][gc,start     ] GC(109) Pause Young (Allocation Failure)
[18.268s][info ][gc,task      ] GC(109) Using 4 workers of 4 for evacuation
[18.272s][debug][gc,ref       ] GC(109) Skipped phase1 of Reference Processing due to unavailable references
[18.272s][debug][gc,ref       ] GC(109) Skipped phase3 of Reference Processing due to unavailable references
[18.272s][debug][gc,age       ] GC(109) Desired survivor size 15400960 bytes, new threshold 6 (max threshold 6)
[18.272s][info ][gc,heap      ] GC(109) ParNew: 241920K->878K(270976K)
[18.272s][info ][gc,heap      ] GC(109) CMS: 244762K->245020K(602112K)
[18.272s][info ][gc,metaspace ] GC(109) Metaspace: 48703K->48703K(1093632K)
[18.272s][info ][gc           ] GC(109) Pause Young (Allocation Failure) 475M->240M(852M) 4.666ms
[18.272s][info ][gc,cpu       ] GC(109) User=0.01s Sys=0.00s Real=0.00s
[18.272s][info ][safepoint    ] Leaving safepoint region
[18.272s][info ][safepoint    ] Total time for which application threads were stopped: 0.0132632 seconds, Stopping threads took: 0.0082423 seconds
[18.345s][info ][safepoint    ] Application time: 0.0720683 seconds
[18.345s][info ][safepoint    ] Entering safepoint region: GenCollectForAllocation
[18.345s][info ][gc,start     ] GC(110) Pause Young (Allocation Failure)
[18.345s][info ][gc,task      ] GC(110) Using 4 workers of 4 for evacuation
[18.349s][debug][gc,ref       ] GC(110) Skipped phase1 of Reference Processing due to unavailable references
[18.349s][debug][gc,ref       ] GC(110) Skipped phase3 of Reference Processing due to unavailable references
[18.349s][debug][gc,ref       ] GC(110) Skipped phase4 of Reference Processing due to unavailable references
[18.350s][debug][gc,age       ] GC(110) Desired survivor size 15400960 bytes, new threshold 6 (max threshold 6)
[18.350s][info ][gc,heap      ] GC(110) ParNew: 241774K->1043K(270976K)
[18.350s][info ][gc,heap      ] GC(110) CMS: 245020K->245212K(602112K)
[18.350s][info ][gc,metaspace ] GC(110) Metaspace: 48729K->48729K(1093632K)
[18.350s][info ][gc           ] GC(110) Pause Young (Allocation Failure) 475M->240M(852M) 4.631ms
[18.350s][info ][gc,cpu       ] GC(110) User=0.01s Sys=0.00s Real=0.00s
[18.350s][info ][safepoint    ] Leaving safepoint region
[18.350s][info ][safepoint    ] Total time for which application threads were stopped: 0.0051055 seconds, Stopping threads took: 0.0002574 seconds
[18.434s][info ][safepoint    ] Application time: 0.0840413 seconds
[18.434s][info ][safepoint    ] Entering safepoint region: GenCollectForAllocation
[18.434s][info ][gc,start     ] GC(111) Pause Young (Allocation Failure)
[18.434s][info ][gc,task      ] GC(111) Using 4 workers of 4 for evacuation
[18.439s][debug][gc,ref       ] GC(111) Skipped phase1 of Reference Processing due to unavailable references
[18.439s][debug][gc,ref       ] GC(111) Skipped phase3 of Reference Processing due to unavailable references
[18.439s][debug][gc,age       ] GC(111) Desired survivor size 15400960 bytes, new threshold 6 (max threshold 6)
[18.439s][info ][gc,heap      ] GC(111) ParNew: 241939K->724K(270976K)
[18.439s][info ][gc,heap      ] GC(111) CMS: 245212K->245319K(602112K)
[18.439s][info ][gc,metaspace ] GC(111) Metaspace: 48883K->48883K(1093632K)
[18.439s][info ][gc           ] GC(111) Pause Young (Allocation Failure) 475M->240M(852M) 5.146ms
[18.440s][info ][gc,cpu       ] GC(111) User=0.02s Sys=0.00s Real=0.01s
[18.440s][info ][safepoint    ] Leaving safepoint region
[18.440s][info ][safepoint    ] Total time for which application threads were stopped: 0.0056936 seconds, Stopping threads took: 0.0002155 seconds
[18.508s][info ][safepoint    ] Application time: 0.0688164 seconds
[18.512s][info ][safepoint    ] Entering safepoint region: GenCollectForAllocation
[18.513s][info ][gc,start     ] GC(112) Pause Young (Allocation Failure)
[18.513s][info ][gc,task      ] GC(112) Using 4 workers of 4 for evacuation
[18.528s][debug][gc,ref       ] GC(112) Skipped phase1 of Reference Processing due to unavailable references
[18.528s][debug][gc,ref       ] GC(112) Skipped phase3 of Reference Processing due to unavailable references
[18.528s][debug][gc,age       ] GC(112) Desired survivor size 15400960 bytes, new threshold 6 (max threshold 6)
[18.528s][info ][gc,heap      ] GC(112) ParNew: 241620K->724K(270976K)
[18.528s][info ][gc,heap      ] GC(112) CMS: 245319K->245410K(602112K)
[18.528s][info ][gc,metaspace ] GC(112) Metaspace: 48898K->48898K(1093632K)
[18.528s][info ][gc           ] GC(112) Pause Young (Allocation Failure) 475M->240M(852M) 15.839ms
[18.528s][info ][gc,cpu       ] GC(112) User=0.03s Sys=0.00s Real=0.02s
[18.529s][info ][safepoint    ] Leaving safepoint region
[18.529s][info ][safepoint    ] Total time for which application threads were stopped: 0.0200901 seconds, Stopping threads took: 0.0038656 seconds
[18.596s][info ][safepoint    ] Application time: 0.0678767 seconds
[18.600s][info ][safepoint    ] Entering safepoint region: GenCollectForAllocation
[18.600s][info ][gc,start     ] GC(113) Pause Young (Allocation Failure)
[18.601s][info ][gc,task      ] GC(113) Using 4 workers of 4 for evacuation
[18.604s][debug][gc,ref       ] GC(113) Skipped phase1 of Reference Processing due to unavailable references
[18.604s][debug][gc,ref       ] GC(113) Skipped phase3 of Reference Processing due to unavailable references
[18.604s][debug][gc,ref       ] GC(113) Skipped phase4 of Reference Processing due to unavailable references
[18.604s][debug][gc,age       ] GC(113) Desired survivor size 15400960 bytes, new threshold 6 (max threshold 6)
[18.604s][info ][gc,heap      ] GC(113) ParNew: 241620K->590K(270976K)
[18.604s][info ][gc,heap      ] GC(113) CMS: 245410K->245470K(602112K)
[18.604s][info ][gc,metaspace ] GC(113) Metaspace: 48937K->48937K(1093632K)
[18.604s][info ][gc           ] GC(113) Pause Young (Allocation Failure) 475M->240M(852M) 3.718ms
[18.604s][info ][gc,cpu       ] GC(113) User=0.01s Sys=0.00s Real=0.01s
[18.604s][info ][safepoint    ] Leaving safepoint region
[18.604s][info ][safepoint    ] Total time for which application threads were stopped: 0.0078204 seconds, Stopping threads took: 0.0037922 seconds
[18.691s][info ][safepoint    ] Application time: 0.0869370 seconds
[18.700s][info ][safepoint    ] Entering safepoint region: GenCollectForAllocation
[18.700s][info ][gc,start     ] GC(114) Pause Young (Allocation Failure)
[18.700s][info ][gc,task      ] GC(114) Using 4 workers of 4 for evacuation
[18.709s][debug][gc,ref       ] GC(114) Skipped phase1 of Reference Processing due to unavailable references
[18.709s][debug][gc,ref       ] GC(114) Skipped phase3 of Reference Processing due to unavailable references
[18.709s][debug][gc,ref       ] GC(114) Skipped phase4 of Reference Processing due to unavailable references
[18.710s][debug][gc,age       ] GC(114) Desired survivor size 15400960 bytes, new threshold 6 (max threshold 6)
[18.710s][info ][gc,heap      ] GC(114) ParNew: 241486K->650K(270976K)
[18.710s][info ][gc,heap      ] GC(114) CMS: 245470K->245520K(602112K)
[18.710s][info ][gc,metaspace ] GC(114) Metaspace: 48983K->48983K(1093632K)
[18.710s][info ][gc           ] GC(114) Pause Young (Allocation Failure) 475M->240M(852M) 9.779ms
[18.710s][info ][gc,cpu       ] GC(114) User=0.02s Sys=0.00s Real=0.01s
[18.710s][info ][safepoint    ] Leaving safepoint region
[18.710s][info ][safepoint    ] Total time for which application threads were stopped: 0.0185211 seconds, Stopping threads took: 0.0084011 seconds
[18.774s][info ][safepoint    ] Application time: 0.0639782 seconds
[18.774s][info ][safepoint    ] Entering safepoint region: GenCollectForAllocation
[18.774s][info ][gc,start     ] GC(115) Pause Young (Allocation Failure)
[18.774s][info ][gc,task      ] GC(115) Using 4 workers of 4 for evacuation
[18.777s][debug][gc,ref       ] GC(115) Skipped phase1 of Reference Processing due to unavailable references
[18.777s][debug][gc,ref       ] GC(115) Skipped phase3 of Reference Processing due to unavailable references
[18.777s][debug][gc,ref       ] GC(115) Skipped phase4 of Reference Processing due to unavailable references
[18.777s][debug][gc,age       ] GC(115) Desired survivor size 15400960 bytes, new threshold 6 (max threshold 6)
[18.777s][info ][gc,heap      ] GC(115) ParNew: 241546K->624K(270976K)
[18.777s][info ][gc,heap      ] GC(115) CMS: 245520K->245552K(602112K)
[18.777s][info ][gc,metaspace ] GC(115) Metaspace: 49036K->49036K(1093632K)
[18.777s][info ][gc           ] GC(115) Pause Young (Allocation Failure) 475M->240M(852M) 2.753ms
[18.777s][info ][gc,cpu       ] GC(115) User=0.02s Sys=0.00s Real=0.01s
[18.777s][info ][safepoint    ] Leaving safepoint region
[18.777s][info ][safepoint    ] Total time for which application threads were stopped: 0.0032286 seconds, Stopping threads took: 0.0001886 seconds
[18.851s][info ][safepoint    ] Application time: 0.0743232 seconds
[18.852s][info ][safepoint    ] Entering safepoint region: GenCollectForAllocation
[18.852s][info ][gc,start     ] GC(116) Pause Young (Allocation Failure)
[18.852s][info ][gc,task      ] GC(116) Using 4 workers of 4 for evacuation
[18.857s][debug][gc,ref       ] GC(116) Skipped phase1 of Reference Processing due to unavailable references
[18.858s][debug][gc,ref       ] GC(116) Skipped phase3 of Reference Processing due to unavailable references
[18.858s][debug][gc,ref       ] GC(116) Skipped phase4 of Reference Processing due to unavailable references
[18.858s][debug][gc,age       ] GC(116) Desired survivor size 15400960 bytes, new threshold 6 (max threshold 6)
[18.858s][info ][gc,heap      ] GC(116) ParNew: 241520K->622K(270976K)
[18.858s][info ][gc,heap      ] GC(116) CMS: 245552K->245630K(602112K)
[18.858s][info ][gc,metaspace ] GC(116) Metaspace: 49113K->49113K(1093632K)
[18.858s][info ][gc           ] GC(116) Pause Young (Allocation Failure) 475M->240M(852M) 5.886ms
[18.858s][info ][gc,cpu       ] GC(116) User=0.01s Sys=0.00s Real=0.01s
[18.858s][info ][safepoint    ] Leaving safepoint region
[18.858s][info ][safepoint    ] Total time for which application threads were stopped: 0.0064950 seconds, Stopping threads took: 0.0002693 seconds
[18.935s][info ][safepoint    ] Application time: 0.0766208 seconds
[18.944s][info ][safepoint    ] Entering safepoint region: GenCollectForAllocation
[18.945s][info ][gc,start     ] GC(117) Pause Young (Allocation Failure)
[18.945s][info ][gc,task      ] GC(117) Using 4 workers of 4 for evacuation
[18.948s][debug][gc,ref       ] GC(117) Skipped phase1 of Reference Processing due to unavailable references
[18.948s][debug][gc,ref       ] GC(117) Skipped phase2 of Reference Processing due to unavailable references
[18.948s][debug][gc,ref       ] GC(117) Skipped phase3 of Reference Processing due to unavailable references
[18.948s][debug][gc,ref       ] GC(117) Skipped phase4 of Reference Processing due to unavailable references
[18.949s][debug][gc,age       ] GC(117) Desired survivor size 15400960 bytes, new threshold 6 (max threshold 6)
[18.949s][info ][gc,heap      ] GC(117) ParNew: 241518K->602K(270976K)
[18.949s][info ][gc,heap      ] GC(117) CMS: 245630K->245738K(602112K)
[18.949s][info ][gc,metaspace ] GC(117) Metaspace: 49227K->49227K(1093632K)
[18.949s][info ][gc           ] GC(117) Pause Young (Allocation Failure) 475M->240M(852M) 3.954ms
[18.949s][info ][gc,cpu       ] GC(117) User=0.01s Sys=0.00s Real=0.00s
[18.949s][info ][safepoint    ] Leaving safepoint region
[18.949s][info ][safepoint    ] Total time for which application threads were stopped: 0.0141262 seconds, Stopping threads took: 0.0098339 seconds
[19.028s][info ][safepoint    ] Application time: 0.0789932 seconds
[19.036s][info ][safepoint    ] Entering safepoint region: GenCollectForAllocation
[19.037s][info ][gc,start     ] GC(118) Pause Young (Allocation Failure)
[19.037s][info ][gc,task      ] GC(118) Using 4 workers of 4 for evacuation
[19.040s][debug][gc,ref       ] GC(118) Skipped phase1 of Reference Processing due to unavailable references
[19.040s][debug][gc,ref       ] GC(118) Skipped phase3 of Reference Processing due to unavailable references
[19.041s][debug][gc,age       ] GC(118) Desired survivor size 15400960 bytes, new threshold 6 (max threshold 6)
[19.041s][info ][gc,heap      ] GC(118) ParNew: 241498K->464K(270976K)
[19.041s][info ][gc,heap      ] GC(118) CMS: 245738K->245766K(602112K)
[19.041s][info ][gc,metaspace ] GC(118) Metaspace: 49269K->49269K(1093632K)
[19.041s][info ][gc           ] GC(118) Pause Young (Allocation Failure) 475M->240M(852M) 4.434ms
[19.041s][info ][gc,cpu       ] GC(118) User=0.01s Sys=0.00s Real=0.00s
[19.041s][info ][safepoint    ] Leaving safepoint region
[19.041s][info ][safepoint    ] Total time for which application threads were stopped: 0.0133473 seconds, Stopping threads took: 0.0085609 seconds
[19.096s][info ][safepoint    ] Application time: 0.0545740 seconds
[19.108s][info ][safepoint    ] Entering safepoint region: GenCollectForAllocation
[19.108s][info ][gc,start     ] GC(119) Pause Young (Allocation Failure)
[19.108s][info ][gc,task      ] GC(119) Using 4 workers of 4 for evacuation
[19.120s][debug][gc,ref       ] GC(119) Skipped phase1 of Reference Processing due to unavailable references
[19.120s][debug][gc,ref       ] GC(119) Skipped phase2 of Reference Processing due to unavailable references
[19.120s][debug][gc,ref       ] GC(119) Skipped phase3 of Reference Processing due to unavailable references
[19.120s][debug][gc,ref       ] GC(119) Skipped phase4 of Reference Processing due to unavailable references
[19.120s][debug][gc,age       ] GC(119) Desired survivor size 15400960 bytes, new threshold 6 (max threshold 6)
[19.121s][info ][gc,heap      ] GC(119) ParNew: 241360K->668K(270976K)
[19.121s][info ][gc,heap      ] GC(119) CMS: 245766K->245782K(602112K)
[19.121s][info ][gc,metaspace ] GC(119) Metaspace: 49277K->49277K(1093632K)
[19.121s][info ][gc           ] GC(119) Pause Young (Allocation Failure) 475M->240M(852M) 12.606ms
[19.121s][info ][gc,cpu       ] GC(119) User=0.01s Sys=0.00s Real=0.01s
[19.121s][info ][safepoint    ] Leaving safepoint region
[19.121s][info ][safepoint    ] Total time for which application threads were stopped: 0.0249196 seconds, Stopping threads took: 0.0119066 seconds
[19.174s][info ][safepoint    ] Application time: 0.0530803 seconds
[19.179s][info ][safepoint    ] Entering safepoint region: GenCollectForAllocation
[19.179s][info ][gc,start     ] GC(120) Pause Young (Allocation Failure)
[19.179s][info ][gc,task      ] GC(120) Using 4 workers of 4 for evacuation
[19.183s][debug][gc,ref       ] GC(120) Skipped phase1 of Reference Processing due to unavailable references
[19.183s][debug][gc,ref       ] GC(120) Skipped phase3 of Reference Processing due to unavailable references
[19.183s][debug][gc,ref       ] GC(120) Skipped phase4 of Reference Processing due to unavailable references
[19.183s][debug][gc,age       ] GC(120) Desired survivor size 15400960 bytes, new threshold 6 (max threshold 6)
[19.183s][info ][gc,heap      ] GC(120) ParNew: 241564K->593K(270976K)
[19.183s][info ][gc,heap      ] GC(120) CMS: 245782K->245831K(602112K)
[19.183s][info ][gc,metaspace ] GC(120) Metaspace: 49295K->49295K(1093632K)
[19.183s][info ][gc           ] GC(120) Pause Young (Allocation Failure) 475M->240M(852M) 4.074ms
[19.183s][info ][gc,cpu       ] GC(120) User=0.01s Sys=0.00s Real=0.00s
[19.183s][info ][safepoint    ] Leaving safepoint region
[19.183s][info ][safepoint    ] Total time for which application threads were stopped: 0.0093663 seconds, Stopping threads took: 0.0049551 seconds
[19.261s][info ][safepoint    ] Application time: 0.0781882 seconds
[19.268s][info ][safepoint    ] Entering safepoint region: GenCollectForAllocation
[19.268s][info ][gc,start     ] GC(121) Pause Young (Allocation Failure)
[19.268s][info ][gc,task      ] GC(121) Using 4 workers of 4 for evacuation
[19.273s][debug][gc,ref       ] GC(121) Skipped phase1 of Reference Processing due to unavailable references
[19.273s][debug][gc,ref       ] GC(121) Skipped phase3 of Reference Processing due to unavailable references
[19.273s][debug][gc,ref       ] GC(121) Skipped phase4 of Reference Processing due to unavailable references
[19.273s][debug][gc,age       ] GC(121) Desired survivor size 15400960 bytes, new threshold 6 (max threshold 6)
[19.273s][info ][gc,heap      ] GC(121) ParNew: 241489K->586K(270976K)
[19.273s][info ][gc,heap      ] GC(121) CMS: 245831K->245870K(602112K)
[19.273s][info ][gc,metaspace ] GC(121) Metaspace: 49320K->49320K(1093632K)
[19.273s][info ][gc           ] GC(121) Pause Young (Allocation Failure) 475M->240M(852M) 4.688ms
[19.273s][info ][gc,cpu       ] GC(121) User=0.02s Sys=0.00s Real=0.00s
[19.273s][info ][safepoint    ] Leaving safepoint region
[19.273s][info ][safepoint    ] Total time for which application threads were stopped: 0.0118269 seconds, Stopping threads took: 0.0068271 seconds
[19.336s][info ][safepoint    ] Application time: 0.0630431 seconds
[19.336s][info ][safepoint    ] Entering safepoint region: GenCollectForAllocation
[19.337s][info ][gc,start     ] GC(122) Pause Young (Allocation Failure)
[19.337s][info ][gc,task      ] GC(122) Using 4 workers of 4 for evacuation
[19.339s][debug][gc,ref       ] GC(122) Skipped phase1 of Reference Processing due to unavailable references
[19.339s][debug][gc,ref       ] GC(122) Skipped phase2 of Reference Processing due to unavailable references
[19.339s][debug][gc,ref       ] GC(122) Skipped phase3 of Reference Processing due to unavailable references
[19.339s][debug][gc,ref       ] GC(122) Skipped phase4 of Reference Processing due to unavailable references
[19.339s][debug][gc,age       ] GC(122) Desired survivor size 15400960 bytes, new threshold 6 (max threshold 6)
[19.339s][info ][gc,heap      ] GC(122) ParNew: 241482K->598K(270976K)
[19.339s][info ][gc,heap      ] GC(122) CMS: 245870K->245932K(602112K)
[19.339s][info ][gc,metaspace ] GC(122) Metaspace: 49332K->49332K(1093632K)
[19.339s][info ][gc           ] GC(122) Pause Young (Allocation Failure) 475M->240M(852M) 2.189ms
[19.339s][info ][gc,cpu       ] GC(122) User=0.01s Sys=0.00s Real=0.00s
[19.339s][info ][safepoint    ] Leaving safepoint region
[19.339s][info ][safepoint    ] Total time for which application threads were stopped: 0.0025419 seconds, Stopping threads took: 0.0001210 seconds
[19.396s][info ][safepoint    ] Application time: 0.0572768 seconds
[19.396s][info ][safepoint    ] Entering safepoint region: GenCollectForAllocation
[19.397s][info ][gc,start     ] GC(123) Pause Young (Allocation Failure)
[19.397s][info ][gc,task      ] GC(123) Using 4 workers of 4 for evacuation
[19.399s][debug][gc,ref       ] GC(123) Skipped phase1 of Reference Processing due to unavailable references
[19.399s][debug][gc,ref       ] GC(123) Skipped phase2 of Reference Processing due to unavailable references
[19.399s][debug][gc,ref       ] GC(123) Skipped phase3 of Reference Processing due to unavailable references
[19.399s][debug][gc,ref       ] GC(123) Skipped phase4 of Reference Processing due to unavailable references
[19.399s][debug][gc,age       ] GC(123) Desired survivor size 15400960 bytes, new threshold 6 (max threshold 6)
[19.399s][info ][gc,heap      ] GC(123) ParNew: 241494K->575K(270976K)
[19.399s][info ][gc,heap      ] GC(123) CMS: 245932K->246005K(602112K)
[19.399s][info ][gc,metaspace ] GC(123) Metaspace: 49376K->49376K(1093632K)
[19.399s][info ][gc           ] GC(123) Pause Young (Allocation Failure) 476M->240M(852M) 2.740ms
[19.399s][info ][gc,cpu       ] GC(123) User=0.01s Sys=0.00s Real=0.00s
[19.399s][info ][safepoint    ] Leaving safepoint region
[19.399s][info ][safepoint    ] Total time for which application threads were stopped: 0.0031522 seconds, Stopping threads took: 0.0001030 seconds
[19.497s][info ][safepoint    ] Application time: 0.0972182 seconds
[19.501s][info ][safepoint    ] Entering safepoint region: GenCollectForAllocation
[19.501s][info ][gc,start     ] GC(124) Pause Young (Allocation Failure)
[19.502s][info ][gc,task      ] GC(124) Using 4 workers of 4 for evacuation
[19.532s][debug][gc,ref       ] GC(124) Skipped phase1 of Reference Processing due to unavailable references
[19.532s][debug][gc,ref       ] GC(124) Skipped phase2 of Reference Processing due to unavailable references
[19.532s][debug][gc,ref       ] GC(124) Skipped phase3 of Reference Processing due to unavailable references
[19.532s][debug][gc,ref       ] GC(124) Skipped phase4 of Reference Processing due to unavailable references
[19.532s][debug][gc,age       ] GC(124) Desired survivor size 15400960 bytes, new threshold 6 (max threshold 6)
[19.533s][info ][gc,heap      ] GC(124) ParNew: 241471K->549K(270976K)
[19.533s][info ][gc,heap      ] GC(124) CMS: 246005K->246046K(602112K)
[19.533s][info ][gc,metaspace ] GC(124) Metaspace: 49399K->49399K(1093632K)
[19.533s][info ][gc           ] GC(124) Pause Young (Allocation Failure) 476M->240M(852M) 31.106ms
[19.533s][info ][gc,cpu       ] GC(124) User=0.01s Sys=0.00s Real=0.03s
[19.533s][info ][safepoint    ] Leaving safepoint region
[19.533s][info ][safepoint    ] Total time for which application threads were stopped: 0.0360853 seconds, Stopping threads took: 0.0045456 seconds
[19.691s][info ][safepoint    ] Application time: 0.1581364 seconds
[19.693s][info ][safepoint    ] Entering safepoint region: GenCollectForAllocation
[19.693s][info ][gc,start     ] GC(125) Pause Young (Allocation Failure)
[19.693s][info ][gc,task      ] GC(125) Using 4 workers of 4 for evacuation
[19.697s][debug][gc,ref       ] GC(125) Skipped phase1 of Reference Processing due to unavailable references
[19.697s][debug][gc,ref       ] GC(125) Skipped phase2 of Reference Processing due to unavailable references
[19.697s][debug][gc,ref       ] GC(125) Skipped phase3 of Reference Processing due to unavailable references
[19.697s][debug][gc,ref       ] GC(125) Skipped phase4 of Reference Processing due to unavailable references
[19.697s][debug][gc,age       ] GC(125) Desired survivor size 15400960 bytes, new threshold 6 (max threshold 6)
[19.697s][info ][gc,heap      ] GC(125) ParNew: 241445K->653K(270976K)
[19.697s][info ][gc,heap      ] GC(125) CMS: 246046K->246075K(602112K)
[19.697s][info ][gc,metaspace ] GC(125) Metaspace: 49432K->49432K(1093632K)
[19.697s][info ][gc           ] GC(125) Pause Young (Allocation Failure) 476M->240M(852M) 4.277ms
[19.697s][info ][gc,cpu       ] GC(125) User=0.01s Sys=0.00s Real=0.01s
[19.697s][info ][safepoint    ] Leaving safepoint region
[19.697s][info ][safepoint    ] Total time for which application threads were stopped: 0.0066162 seconds, Stopping threads took: 0.0019561 seconds
[19.778s][info ][safepoint    ] Application time: 0.0810051 seconds
[19.788s][info ][safepoint    ] Entering safepoint region: GenCollectForAllocation
[19.789s][info ][gc,start     ] GC(126) Pause Young (Allocation Failure)
[19.789s][info ][gc,task      ] GC(126) Using 4 workers of 4 for evacuation
[19.799s][debug][gc,ref       ] GC(126) Skipped phase1 of Reference Processing due to unavailable references
[19.799s][debug][gc,ref       ] GC(126) Skipped phase2 of Reference Processing due to unavailable references
[19.799s][debug][gc,ref       ] GC(126) Skipped phase3 of Reference Processing due to unavailable references
[19.799s][debug][gc,ref       ] GC(126) Skipped phase4 of Reference Processing due to unavailable references
[19.799s][debug][gc,age       ] GC(126) Desired survivor size 15400960 bytes, new threshold 6 (max threshold 6)
[19.799s][info ][gc,heap      ] GC(126) ParNew: 241549K->644K(270976K)
[19.799s][info ][gc,heap      ] GC(126) CMS: 246075K->246108K(602112K)
[19.799s][info ][gc,metaspace ] GC(126) Metaspace: 49451K->49451K(1093632K)
[19.799s][info ][gc           ] GC(126) Pause Young (Allocation Failure) 476M->240M(852M) 10.900ms
[19.799s][info ][gc,cpu       ] GC(126) User=0.01s Sys=0.00s Real=0.01s
[19.799s][info ][safepoint    ] Leaving safepoint region
[19.799s][info ][safepoint    ] Total time for which application threads were stopped: 0.0209758 seconds, Stopping threads took: 0.0097194 seconds
[19.871s][info ][safepoint    ] Application time: 0.0718690 seconds
[19.884s][info ][safepoint    ] Entering safepoint region: GenCollectForAllocation
[19.884s][info ][gc,start     ] GC(127) Pause Young (Allocation Failure)
[19.885s][info ][gc,task      ] GC(127) Using 4 workers of 4 for evacuation
[19.887s][debug][gc,ref       ] GC(127) Skipped phase1 of Reference Processing due to unavailable references
[19.887s][debug][gc,ref       ] GC(127) Skipped phase2 of Reference Processing due to unavailable references
[19.887s][debug][gc,ref       ] GC(127) Skipped phase3 of Reference Processing due to unavailable references
[19.887s][debug][gc,ref       ] GC(127) Skipped phase4 of Reference Processing due to unavailable references
[19.888s][debug][gc,age       ] GC(127) Desired survivor size 15400960 bytes, new threshold 6 (max threshold 6)
[19.888s][info ][gc,heap      ] GC(127) ParNew: 241540K->684K(270976K)
[19.888s][info ][gc,heap      ] GC(127) CMS: 246108K->246158K(602112K)
[19.888s][info ][gc,metaspace ] GC(127) Metaspace: 49457K->49457K(1093632K)
[19.888s][info ][gc           ] GC(127) Pause Young (Allocation Failure) 476M->241M(852M) 3.113ms
[19.888s][info ][gc,cpu       ] GC(127) User=0.00s Sys=0.00s Real=0.00s
[19.888s][info ][safepoint    ] Leaving safepoint region
[19.888s][info ][safepoint    ] Total time for which application threads were stopped: 0.0162305 seconds, Stopping threads took: 0.0127790 seconds
[19.955s][info ][safepoint    ] Application time: 0.0674156 seconds
[19.976s][info ][safepoint    ] Entering safepoint region: GenCollectForAllocation
[19.977s][info ][gc,start     ] GC(128) Pause Young (Allocation Failure)
[19.977s][info ][gc,task      ] GC(128) Using 4 workers of 4 for evacuation
[19.988s][debug][gc,ref       ] GC(128) Skipped phase1 of Reference Processing due to unavailable references
[19.988s][debug][gc,ref       ] GC(128) Skipped phase2 of Reference Processing due to unavailable references
[19.988s][debug][gc,ref       ] GC(128) Skipped phase3 of Reference Processing due to unavailable references
[19.988s][debug][gc,ref       ] GC(128) Skipped phase4 of Reference Processing due to unavailable references
[19.988s][debug][gc,age       ] GC(128) Desired survivor size 15400960 bytes, new threshold 6 (max threshold 6)
[19.988s][info ][gc,heap      ] GC(128) ParNew: 241580K->687K(270976K)
[19.988s][info ][gc,heap      ] GC(128) CMS: 246158K->246211K(602112K)
[19.988s][info ][gc,metaspace ] GC(128) Metaspace: 49468K->49468K(1093632K)
[19.988s][info ][gc           ] GC(128) Pause Young (Allocation Failure) 476M->241M(852M) 11.879ms
[19.988s][info ][gc,cpu       ] GC(128) User=0.01s Sys=0.00s Real=0.01s
[19.989s][info ][safepoint    ] Leaving safepoint region
[19.989s][info ][safepoint    ] Total time for which application threads were stopped: 0.0334163 seconds, Stopping threads took: 0.0211482 seconds
[20.079s][info ][safepoint    ] Application time: 0.0908272 seconds
[20.083s][info ][safepoint    ] Entering safepoint region: GenCollectForAllocation
[20.083s][info ][gc,start     ] GC(129) Pause Young (Allocation Failure)
[20.083s][info ][gc,task      ] GC(129) Using 4 workers of 4 for evacuation
[20.096s][debug][gc,ref       ] GC(129) Skipped phase1 of Reference Processing due to unavailable references
[20.096s][debug][gc,ref       ] GC(129) Skipped phase2 of Reference Processing due to unavailable references
[20.096s][debug][gc,ref       ] GC(129) Skipped phase3 of Reference Processing due to unavailable references
[20.096s][debug][gc,ref       ] GC(129) Skipped phase4 of Reference Processing due to unavailable references
[20.096s][debug][gc,age       ] GC(129) Desired survivor size 15400960 bytes, new threshold 6 (max threshold 6)
[20.096s][info ][gc,heap      ] GC(129) ParNew: 241583K->745K(270976K)
[20.096s][info ][gc,heap      ] GC(129) CMS: 246211K->246247K(602112K)
[20.096s][info ][gc,metaspace ] GC(129) Metaspace: 49515K->49515K(1093632K)
[20.096s][info ][gc           ] GC(129) Pause Young (Allocation Failure) 476M->241M(852M) 13.363ms
[20.096s][info ][gc,cpu       ] GC(129) User=0.02s Sys=0.00s Real=0.02s
[20.097s][info ][safepoint    ] Leaving safepoint region
[20.097s][info ][safepoint    ] Total time for which application threads were stopped: 0.0171377 seconds, Stopping threads took: 0.0034744 seconds
[20.146s][info ][safepoint    ] Application time: 0.0496816 seconds
[20.148s][info ][safepoint    ] Entering safepoint region: GenCollectForAllocation
[20.149s][info ][gc,start     ] GC(130) Pause Young (Allocation Failure)
[20.149s][info ][gc,task      ] GC(130) Using 4 workers of 4 for evacuation
[20.153s][debug][gc,ref       ] GC(130) Skipped phase1 of Reference Processing due to unavailable references
[20.153s][debug][gc,ref       ] GC(130) Skipped phase2 of Reference Processing due to unavailable references
[20.153s][debug][gc,ref       ] GC(130) Skipped phase3 of Reference Processing due to unavailable references
[20.153s][debug][gc,ref       ] GC(130) Skipped phase4 of Reference Processing due to unavailable references
[20.153s][debug][gc,age       ] GC(130) Desired survivor size 15400960 bytes, new threshold 6 (max threshold 6)
[20.153s][info ][gc,heap      ] GC(130) ParNew: 241641K->797K(270976K)
[20.153s][info ][gc,heap      ] GC(130) CMS: 246247K->246316K(602112K)
[20.153s][info ][gc,metaspace ] GC(130) Metaspace: 49516K->49516K(1093632K)
[20.153s][info ][gc           ] GC(130) Pause Young (Allocation Failure) 476M->241M(852M) 4.444ms
[20.153s][info ][gc,cpu       ] GC(130) User=0.01s Sys=0.00s Real=0.00s
[20.153s][info ][safepoint    ] Leaving safepoint region
[20.153s][info ][safepoint    ] Total time for which application threads were stopped: 0.0068103 seconds, Stopping threads took: 0.0021153 seconds
[20.241s][info ][safepoint    ] Application time: 0.0883082 seconds
[20.242s][info ][safepoint    ] Entering safepoint region: GenCollectForAllocation
[20.242s][info ][gc,start     ] GC(131) Pause Young (Allocation Failure)
[20.242s][info ][gc,task      ] GC(131) Using 4 workers of 4 for evacuation
[20.245s][debug][gc,ref       ] GC(131) Skipped phase1 of Reference Processing due to unavailable references
[20.245s][debug][gc,ref       ] GC(131) Skipped phase3 of Reference Processing due to unavailable references
[20.245s][debug][gc,age       ] GC(131) Desired survivor size 15400960 bytes, new threshold 6 (max threshold 6)
[20.246s][info ][gc,heap      ] GC(131) ParNew: 241693K->781K(270976K)
[20.246s][info ][gc,heap      ] GC(131) CMS: 246316K->246418K(602112K)
[20.246s][info ][gc,metaspace ] GC(131) Metaspace: 49540K->49540K(1093632K)
[20.246s][info ][gc           ] GC(131) Pause Young (Allocation Failure) 476M->241M(852M) 3.259ms
[20.246s][info ][gc,cpu       ] GC(131) User=0.01s Sys=0.00s Real=0.01s
[20.246s][info ][safepoint    ] Leaving safepoint region
[20.246s][info ][safepoint    ] Total time for which application threads were stopped: 0.0041080 seconds, Stopping threads took: 0.0005845 seconds
[20.338s][info ][safepoint    ] Application time: 0.0920111 seconds
[20.338s][info ][safepoint    ] Entering safepoint region: GenCollectForAllocation
[20.338s][info ][gc,start     ] GC(132) Pause Young (Allocation Failure)
[20.338s][info ][gc,task      ] GC(132) Using 4 workers of 4 for evacuation
[20.343s][debug][gc,ref       ] GC(132) Skipped phase1 of Reference Processing due to unavailable references
[20.343s][debug][gc,ref       ] GC(132) Skipped phase2 of Reference Processing due to unavailable references
[20.343s][debug][gc,ref       ] GC(132) Skipped phase3 of Reference Processing due to unavailable references
[20.343s][debug][gc,ref       ] GC(132) Skipped phase4 of Reference Processing due to unavailable references
[20.343s][debug][gc,age       ] GC(132) Desired survivor size 15400960 bytes, new threshold 6 (max threshold 6)
[20.343s][info ][gc,heap      ] GC(132) ParNew: 241677K->629K(270976K)
[20.343s][info ][gc,heap      ] GC(132) CMS: 246418K->246484K(602112K)
[20.343s][info ][gc,metaspace ] GC(132) Metaspace: 49545K->49545K(1093632K)
[20.343s][info ][gc           ] GC(132) Pause Young (Allocation Failure) 476M->241M(852M) 4.522ms
[20.343s][info ][gc,cpu       ] GC(132) User=0.01s Sys=0.00s Real=0.00s
[20.343s][info ][safepoint    ] Leaving safepoint region
[20.343s][info ][safepoint    ] Total time for which application threads were stopped: 0.0051578 seconds, Stopping threads took: 0.0003778 seconds
[20.447s][info ][safepoint    ] Application time: 0.1043496 seconds
[20.460s][info ][safepoint    ] Entering safepoint region: GenCollectForAllocation
[20.461s][info ][gc,start     ] GC(133) Pause Young (Allocation Failure)
[20.461s][info ][gc,task      ] GC(133) Using 4 workers of 4 for evacuation
[20.464s][debug][gc,ref       ] GC(133) Skipped phase1 of Reference Processing due to unavailable references
[20.464s][debug][gc,ref       ] GC(133) Skipped phase2 of Reference Processing due to unavailable references
[20.464s][debug][gc,ref       ] GC(133) Skipped phase3 of Reference Processing due to unavailable references
[20.464s][debug][gc,ref       ] GC(133) Skipped phase4 of Reference Processing due to unavailable references
[20.465s][debug][gc,age       ] GC(133) Desired survivor size 15400960 bytes, new threshold 6 (max threshold 6)
[20.465s][info ][gc,heap      ] GC(133) ParNew: 241525K->798K(270976K)
[20.465s][info ][gc,heap      ] GC(133) CMS: 246484K->246524K(602112K)
[20.465s][info ][gc,metaspace ] GC(133) Metaspace: 49546K->49546K(1093632K)
[20.465s][info ][gc           ] GC(133) Pause Young (Allocation Failure) 476M->241M(852M) 3.790ms
[20.465s][info ][gc,cpu       ] GC(133) User=0.01s Sys=0.00s Real=0.01s
[20.465s][info ][safepoint    ] Leaving safepoint region
[20.465s][info ][safepoint    ] Total time for which application threads were stopped: 0.0173698 seconds, Stopping threads took: 0.0132619 seconds
[20.520s][info ][safepoint    ] Application time: 0.0554647 seconds
[20.536s][info ][safepoint    ] Entering safepoint region: GenCollectForAllocation
[20.537s][info ][gc,start     ] GC(134) Pause Young (Allocation Failure)
[20.537s][info ][gc,task      ] GC(134) Using 4 workers of 4 for evacuation
[20.548s][debug][gc,ref       ] GC(134) Skipped phase1 of Reference Processing due to unavailable references
[20.548s][debug][gc,ref       ] GC(134) Skipped phase2 of Reference Processing due to unavailable references
[20.548s][debug][gc,ref       ] GC(134) Skipped phase3 of Reference Processing due to unavailable references
[20.548s][debug][gc,ref       ] GC(134) Skipped phase4 of Reference Processing due to unavailable references
[20.548s][debug][gc,age       ] GC(134) Desired survivor size 15400960 bytes, new threshold 6 (max threshold 6)
[20.548s][info ][gc,heap      ] GC(134) ParNew: 241694K->864K(270976K)
[20.548s][info ][gc,heap      ] GC(134) CMS: 246524K->246599K(602112K)
[20.548s][info ][gc,metaspace ] GC(134) Metaspace: 49553K->49553K(1093632K)
[20.548s][info ][gc           ] GC(134) Pause Young (Allocation Failure) 476M->241M(852M) 11.947ms
[20.548s][info ][gc,cpu       ] GC(134) User=0.01s Sys=0.00s Real=0.01s
[20.549s][info ][safepoint    ] Leaving safepoint region
[20.549s][info ][safepoint    ] Total time for which application threads were stopped: 0.0283770 seconds, Stopping threads took: 0.0160397 seconds
[20.611s][info ][safepoint    ] Application time: 0.0624908 seconds
[20.611s][info ][safepoint    ] Entering safepoint region: GenCollectForAllocation
[20.611s][info ][gc,start     ] GC(135) Pause Young (Allocation Failure)
[20.611s][info ][gc,task      ] GC(135) Using 4 workers of 4 for evacuation
[20.614s][debug][gc,ref       ] GC(135) Skipped phase1 of Reference Processing due to unavailable references
[20.614s][debug][gc,ref       ] GC(135) Skipped phase2 of Reference Processing due to unavailable references
[20.614s][debug][gc,ref       ] GC(135) Skipped phase3 of Reference Processing due to unavailable references
[20.614s][debug][gc,ref       ] GC(135) Skipped phase4 of Reference Processing due to unavailable references
[20.614s][debug][gc,age       ] GC(135) Desired survivor size 15400960 bytes, new threshold 6 (max threshold 6)
[20.614s][info ][gc,heap      ] GC(135) ParNew: 241760K->536K(270976K)
[20.614s][info ][gc,heap      ] GC(135) CMS: 246599K->246676K(602112K)
[20.614s][info ][gc,metaspace ] GC(135) Metaspace: 49563K->49563K(1093632K)
[20.614s][info ][gc           ] GC(135) Pause Young (Allocation Failure) 476M->241M(852M) 2.401ms
[20.614s][info ][gc,cpu       ] GC(135) User=0.01s Sys=0.00s Real=0.00s
[20.614s][info ][safepoint    ] Leaving safepoint region
[20.614s][info ][safepoint    ] Total time for which application threads were stopped: 0.0028184 seconds, Stopping threads took: 0.0001784 seconds
[20.687s][info ][safepoint    ] Application time: 0.0730469 seconds
[20.697s][info ][safepoint    ] Entering safepoint region: GenCollectForAllocation
[20.697s][info ][gc,start     ] GC(136) Pause Young (Allocation Failure)
[20.697s][info ][gc,task      ] GC(136) Using 4 workers of 4 for evacuation
[20.706s][debug][gc,ref       ] GC(136) Skipped phase1 of Reference Processing due to unavailable references
[20.706s][debug][gc,ref       ] GC(136) Skipped phase2 of Reference Processing due to unavailable references
[20.706s][debug][gc,ref       ] GC(136) Skipped phase3 of Reference Processing due to unavailable references
[20.706s][debug][gc,ref       ] GC(136) Skipped phase4 of Reference Processing due to unavailable references
[20.706s][debug][gc,age       ] GC(136) Desired survivor size 15400960 bytes, new threshold 6 (max threshold 6)
[20.706s][info ][gc,heap      ] GC(136) ParNew: 241432K->802K(270976K)
[20.706s][info ][gc,heap      ] GC(136) CMS: 246676K->246716K(602112K)
[20.706s][info ][gc,metaspace ] GC(136) Metaspace: 49569K->49569K(1093632K)
[20.706s][info ][gc           ] GC(136) Pause Young (Allocation Failure) 476M->241M(852M) 8.865ms
[20.706s][info ][gc,cpu       ] GC(136) User=0.01s Sys=0.00s Real=0.01s
[20.706s][info ][safepoint    ] Leaving safepoint region
[20.706s][info ][safepoint    ] Total time for which application threads were stopped: 0.0190986 seconds, Stopping threads took: 0.0099179 seconds
[20.780s][info ][safepoint    ] Application time: 0.0741473 seconds
[20.797s][info ][safepoint    ] Entering safepoint region: GenCollectForAllocation
[20.797s][info ][gc,start     ] GC(137) Pause Young (Allocation Failure)
[20.797s][info ][gc,task      ] GC(137) Using 4 workers of 4 for evacuation
[20.804s][debug][gc,ref       ] GC(137) Skipped phase1 of Reference Processing due to unavailable references
[20.804s][debug][gc,ref       ] GC(137) Skipped phase2 of Reference Processing due to unavailable references
[20.804s][debug][gc,ref       ] GC(137) Skipped phase3 of Reference Processing due to unavailable references
[20.804s][debug][gc,ref       ] GC(137) Skipped phase4 of Reference Processing due to unavailable references
[20.805s][debug][gc,age       ] GC(137) Desired survivor size 15400960 bytes, new threshold 6 (max threshold 6)
[20.805s][info ][gc,heap      ] GC(137) ParNew: 241698K->477K(270976K)
[20.805s][info ][gc,heap      ] GC(137) CMS: 246716K->246802K(602112K)
[20.805s][info ][gc,metaspace ] GC(137) Metaspace: 49572K->49572K(1093632K)
[20.805s][info ][gc           ] GC(137) Pause Young (Allocation Failure) 476M->241M(852M) 7.512ms
[20.805s][info ][gc,cpu       ] GC(137) User=0.02s Sys=0.00s Real=0.01s
[20.805s][info ][safepoint    ] Leaving safepoint region
[20.805s][info ][safepoint    ] Total time for which application threads were stopped: 0.0244472 seconds, Stopping threads took: 0.0163358 seconds
[20.912s][info ][safepoint    ] Application time: 0.1071830 seconds
[20.916s][info ][safepoint    ] Entering safepoint region: GenCollectForAllocation
[20.917s][info ][gc,start     ] GC(138) Pause Young (Allocation Failure)
[20.917s][info ][gc,task      ] GC(138) Using 4 workers of 4 for evacuation
[20.927s][debug][gc,ref       ] GC(138) Skipped phase1 of Reference Processing due to unavailable references
[20.927s][debug][gc,ref       ] GC(138) Skipped phase2 of Reference Processing due to unavailable references
[20.927s][debug][gc,ref       ] GC(138) Skipped phase3 of Reference Processing due to unavailable references
[20.927s][debug][gc,ref       ] GC(138) Skipped phase4 of Reference Processing due to unavailable references
[20.927s][debug][gc,age       ] GC(138) Desired survivor size 15400960 bytes, new threshold 6 (max threshold 6)
[20.927s][info ][gc,heap      ] GC(138) ParNew: 241373K->467K(270976K)
[20.927s][info ][gc,heap      ] GC(138) CMS: 246802K->246835K(602112K)
[20.927s][info ][gc,metaspace ] GC(138) Metaspace: 49575K->49575K(1093632K)
[20.927s][info ][gc           ] GC(138) Pause Young (Allocation Failure) 476M->241M(852M) 10.539ms
[20.927s][info ][gc,cpu       ] GC(138) User=0.02s Sys=0.00s Real=0.01s
[20.927s][info ][safepoint    ] Leaving safepoint region
[20.927s][info ][safepoint    ] Total time for which application threads were stopped: 0.0152605 seconds, Stopping threads took: 0.0042997 seconds
[21.022s][info ][safepoint    ] Application time: 0.0944526 seconds
[21.036s][info ][safepoint    ] Entering safepoint region: GenCollectForAllocation
[21.036s][info ][gc,start     ] GC(139) Pause Young (Allocation Failure)
[21.036s][info ][gc,task      ] GC(139) Using 4 workers of 4 for evacuation
[21.040s][debug][gc,ref       ] GC(139) Skipped phase1 of Reference Processing due to unavailable references
[21.040s][debug][gc,ref       ] GC(139) Skipped phase2 of Reference Processing due to unavailable references
[21.040s][debug][gc,ref       ] GC(139) Skipped phase3 of Reference Processing due to unavailable references
[21.040s][debug][gc,ref       ] GC(139) Skipped phase4 of Reference Processing due to unavailable references
[21.040s][debug][gc,age       ] GC(139) Desired survivor size 15400960 bytes, new threshold 6 (max threshold 6)
[21.040s][info ][gc,heap      ] GC(139) ParNew: 241363K->559K(270976K)
[21.040s][info ][gc,heap      ] GC(139) CMS: 246835K->246943K(602112K)
[21.040s][info ][gc,metaspace ] GC(139) Metaspace: 49586K->49586K(1093632K)
[21.040s][info ][gc           ] GC(139) Pause Young (Allocation Failure) 476M->241M(852M) 3.849ms
[21.040s][info ][gc,cpu       ] GC(139) User=0.01s Sys=0.00s Real=0.00s
[21.040s][info ][safepoint    ] Leaving safepoint region
[21.040s][info ][safepoint    ] Total time for which application threads were stopped: 0.0185518 seconds, Stopping threads took: 0.0144270 seconds
[21.119s][info ][safepoint    ] Application time: 0.0787389 seconds
[21.119s][info ][safepoint    ] Entering safepoint region: GenCollectForAllocation
[21.120s][info ][gc,start     ] GC(140) Pause Young (Allocation Failure)
[21.120s][info ][gc,task      ] GC(140) Using 4 workers of 4 for evacuation
[21.131s][debug][gc,ref       ] GC(140) Skipped phase1 of Reference Processing due to unavailable references
[21.131s][debug][gc,ref       ] GC(140) Skipped phase2 of Reference Processing due to unavailable references
[21.131s][debug][gc,ref       ] GC(140) Skipped phase3 of Reference Processing due to unavailable references
[21.131s][debug][gc,ref       ] GC(140) Skipped phase4 of Reference Processing due to unavailable references
[21.131s][debug][gc,age       ] GC(140) Desired survivor size 15400960 bytes, new threshold 6 (max threshold 6)
[21.131s][info ][gc,heap      ] GC(140) ParNew: 241455K->448K(270976K)
[21.131s][info ][gc,heap      ] GC(140) CMS: 246943K->246973K(602112K)
[21.131s][info ][gc,metaspace ] GC(140) Metaspace: 49586K->49586K(1093632K)
[21.131s][info ][gc           ] GC(140) Pause Young (Allocation Failure) 476M->241M(852M) 11.318ms
[21.131s][info ][gc,cpu       ] GC(140) User=0.02s Sys=0.00s Real=0.01s
[21.131s][info ][safepoint    ] Leaving safepoint region
[21.131s][info ][safepoint    ] Total time for which application threads were stopped: 0.0118717 seconds, Stopping threads took: 0.0002283 seconds
[21.230s][info ][safepoint    ] Application time: 0.0988267 seconds
[21.236s][info ][safepoint    ] Entering safepoint region: GenCollectForAllocation
[21.236s][info ][gc,start     ] GC(141) Pause Young (Allocation Failure)
[21.236s][info ][gc,task      ] GC(141) Using 4 workers of 4 for evacuation
[21.239s][debug][gc,ref       ] GC(141) Skipped phase1 of Reference Processing due to unavailable references
[21.239s][debug][gc,ref       ] GC(141) Skipped phase2 of Reference Processing due to unavailable references
[21.239s][debug][gc,ref       ] GC(141) Skipped phase3 of Reference Processing due to unavailable references
[21.239s][debug][gc,ref       ] GC(141) Skipped phase4 of Reference Processing due to unavailable references
[21.239s][debug][gc,age       ] GC(141) Desired survivor size 15400960 bytes, new threshold 6 (max threshold 6)
[21.239s][info ][gc,heap      ] GC(141) ParNew: 241344K->604K(270976K)
[21.239s][info ][gc,heap      ] GC(141) CMS: 246973K->247022K(602112K)
[21.239s][info ][gc,metaspace ] GC(141) Metaspace: 49587K->49587K(1093632K)
[21.239s][info ][gc           ] GC(141) Pause Young (Allocation Failure) 476M->241M(852M) 3.239ms
[21.239s][info ][gc,cpu       ] GC(141) User=0.01s Sys=0.00s Real=0.00s
[21.240s][info ][safepoint    ] Leaving safepoint region
[21.240s][info ][safepoint    ] Total time for which application threads were stopped: 0.0096627 seconds, Stopping threads took: 0.0060707 seconds
[21.306s][info ][safepoint    ] Application time: 0.0666167 seconds
[21.325s][info ][safepoint    ] Entering safepoint region: GenCollectForAllocation
[21.326s][info ][gc,start     ] GC(142) Pause Young (Allocation Failure)
[21.326s][info ][gc,task      ] GC(142) Using 4 workers of 4 for evacuation
[21.331s][debug][gc,ref       ] GC(142) Skipped phase1 of Reference Processing due to unavailable references
[21.331s][debug][gc,ref       ] GC(142) Skipped phase2 of Reference Processing due to unavailable references
[21.331s][debug][gc,ref       ] GC(142) Skipped phase3 of Reference Processing due to unavailable references
[21.331s][debug][gc,ref       ] GC(142) Skipped phase4 of Reference Processing due to unavailable references
[21.332s][debug][gc,age       ] GC(142) Desired survivor size 15400960 bytes, new threshold 6 (max threshold 6)
[21.332s][info ][gc,heap      ] GC(142) ParNew: 241500K->665K(270976K)
[21.332s][info ][gc,heap      ] GC(142) CMS: 247022K->247073K(602112K)
[21.332s][info ][gc,metaspace ] GC(142) Metaspace: 49589K->49589K(1093632K)
[21.332s][info ][gc           ] GC(142) Pause Young (Allocation Failure) 477M->241M(852M) 6.008ms
[21.332s][info ][gc,cpu       ] GC(142) User=0.01s Sys=0.00s Real=0.00s
[21.332s][info ][safepoint    ] Leaving safepoint region
[21.332s][info ][safepoint    ] Total time for which application threads were stopped: 0.0255446 seconds, Stopping threads took: 0.0192063 seconds
[21.400s][info ][safepoint    ] Application time: 0.0682787 seconds
[21.400s][info ][safepoint    ] Entering safepoint region: GenCollectForAllocation
[21.401s][info ][gc,start     ] GC(143) Pause Young (Allocation Failure)
[21.401s][info ][gc,task      ] GC(143) Using 4 workers of 4 for evacuation
[21.427s][debug][gc,ref       ] GC(143) Skipped phase1 of Reference Processing due to unavailable references
[21.427s][debug][gc,ref       ] GC(143) Skipped phase2 of Reference Processing due to unavailable references
[21.427s][debug][gc,ref       ] GC(143) Skipped phase3 of Reference Processing due to unavailable references
[21.427s][debug][gc,ref       ] GC(143) Skipped phase4 of Reference Processing due to unavailable references
[21.428s][debug][gc,age       ] GC(143) Desired survivor size 15400960 bytes, new threshold 6 (max threshold 6)
[21.428s][info ][gc,heap      ] GC(143) ParNew: 241561K->587K(270976K)
[21.428s][info ][gc,heap      ] GC(143) CMS: 247073K->247108K(602112K)
[21.428s][info ][gc,metaspace ] GC(143) Metaspace: 49590K->49590K(1093632K)
[21.428s][info ][gc           ] GC(143) Pause Young (Allocation Failure) 477M->241M(852M) 27.045ms
[21.428s][info ][gc,cpu       ] GC(143) User=0.09s Sys=0.00s Real=0.03s
[21.428s][info ][safepoint    ] Leaving safepoint region
[21.428s][info ][safepoint    ] Total time for which application threads were stopped: 0.0276308 seconds, Stopping threads took: 0.0003267 seconds
[21.528s][info ][safepoint    ] Application time: 0.1006112 seconds
[21.529s][info ][safepoint    ] Entering safepoint region: GenCollectForAllocation
[21.529s][info ][gc,start     ] GC(144) Pause Young (Allocation Failure)
[21.529s][info ][gc,task      ] GC(144) Using 4 workers of 4 for evacuation
[21.537s][debug][gc,ref       ] GC(144) Skipped phase1 of Reference Processing due to unavailable references
[21.537s][debug][gc,ref       ] GC(144) Skipped phase2 of Reference Processing due to unavailable references
[21.537s][debug][gc,ref       ] GC(144) Skipped phase3 of Reference Processing due to unavailable references
[21.537s][debug][gc,ref       ] GC(144) Skipped phase4 of Reference Processing due to unavailable references
[21.537s][debug][gc,age       ] GC(144) Desired survivor size 15400960 bytes, new threshold 6 (max threshold 6)
[21.537s][info ][gc,heap      ] GC(144) ParNew: 241483K->667K(270976K)
[21.537s][info ][gc,heap      ] GC(144) CMS: 247108K->247151K(602112K)
[21.537s][info ][gc,metaspace ] GC(144) Metaspace: 49592K->49592K(1093632K)
[21.537s][info ][gc           ] GC(144) Pause Young (Allocation Failure) 477M->242M(852M) 8.420ms
[21.537s][info ][gc,cpu       ] GC(144) User=0.03s Sys=0.00s Real=0.01s
[21.537s][info ][safepoint    ] Leaving safepoint region
[21.537s][info ][safepoint    ] Total time for which application threads were stopped: 0.0089041 seconds, Stopping threads took: 0.0002259 seconds
[21.625s][info ][safepoint    ] Application time: 0.0874224 seconds
[21.633s][info ][safepoint    ] Entering safepoint region: GenCollectForAllocation
[21.633s][info ][gc,start     ] GC(145) Pause Young (Allocation Failure)
[21.633s][info ][gc,task      ] GC(145) Using 4 workers of 4 for evacuation
[21.635s][debug][gc,ref       ] GC(145) Skipped phase1 of Reference Processing due to unavailable references
[21.635s][debug][gc,ref       ] GC(145) Skipped phase2 of Reference Processing due to unavailable references
[21.635s][debug][gc,ref       ] GC(145) Skipped phase3 of Reference Processing due to unavailable references
[21.635s][debug][gc,ref       ] GC(145) Skipped phase4 of Reference Processing due to unavailable references
[21.636s][debug][gc,age       ] GC(145) Desired survivor size 15400960 bytes, new threshold 6 (max threshold 6)
[21.636s][info ][gc,heap      ] GC(145) ParNew: 241563K->551K(270976K)
[21.636s][info ][gc,heap      ] GC(145) CMS: 247151K->247193K(602112K)
[21.636s][info ][gc,metaspace ] GC(145) Metaspace: 49597K->49597K(1093632K)
[21.636s][info ][gc           ] GC(145) Pause Young (Allocation Failure) 477M->241M(852M) 2.655ms
[21.636s][info ][gc,cpu       ] GC(145) User=0.01s Sys=0.00s Real=0.00s
[21.636s][info ][safepoint    ] Leaving safepoint region
[21.636s][info ][safepoint    ] Total time for which application threads were stopped: 0.0108328 seconds, Stopping threads took: 0.0078796 seconds
[21.761s][info ][safepoint    ] Application time: 0.1251655 seconds
[21.764s][info ][safepoint    ] Entering safepoint region: GenCollectForAllocation
[21.765s][info ][gc,start     ] GC(146) Pause Young (Allocation Failure)
[21.765s][info ][gc,task      ] GC(146) Using 4 workers of 4 for evacuation
[21.772s][debug][gc,ref       ] GC(146) Skipped phase1 of Reference Processing due to unavailable references
[21.772s][debug][gc,ref       ] GC(146) Skipped phase2 of Reference Processing due to unavailable references
[21.772s][debug][gc,ref       ] GC(146) Skipped phase3 of Reference Processing due to unavailable references
[21.772s][debug][gc,ref       ] GC(146) Skipped phase4 of Reference Processing due to unavailable references
[21.772s][debug][gc,age       ] GC(146) Desired survivor size 15400960 bytes, new threshold 6 (max threshold 6)
[21.772s][info ][gc,heap      ] GC(146) ParNew: 241447K->672K(270976K)
[21.772s][info ][gc,heap      ] GC(146) CMS: 247193K->247216K(602112K)
[21.772s][info ][gc,metaspace ] GC(146) Metaspace: 49598K->49598K(1093632K)
[21.772s][info ][gc           ] GC(146) Pause Young (Allocation Failure) 477M->242M(852M) 7.781ms
[21.772s][info ][gc,cpu       ] GC(146) User=0.01s Sys=0.00s Real=0.00s
[21.772s][info ][safepoint    ] Leaving safepoint region
[21.772s][info ][safepoint    ] Total time for which application threads were stopped: 0.0115931 seconds, Stopping threads took: 0.0034707 seconds
[21.877s][info ][safepoint    ] Application time: 0.1045254 seconds
[21.884s][info ][safepoint    ] Entering safepoint region: GenCollectForAllocation
[21.885s][info ][gc,start     ] GC(147) Pause Young (Allocation Failure)
[21.885s][info ][gc,task      ] GC(147) Using 4 workers of 4 for evacuation
[21.889s][debug][gc,ref       ] GC(147) Skipped phase1 of Reference Processing due to unavailable references
[21.889s][debug][gc,ref       ] GC(147) Skipped phase2 of Reference Processing due to unavailable references
[21.889s][debug][gc,ref       ] GC(147) Skipped phase3 of Reference Processing due to unavailable references
[21.889s][debug][gc,ref       ] GC(147) Skipped phase4 of Reference Processing due to unavailable references
[21.889s][debug][gc,age       ] GC(147) Desired survivor size 15400960 bytes, new threshold 6 (max threshold 6)
[21.889s][info ][gc,heap      ] GC(147) ParNew: 241568K->671K(270976K)
[21.889s][info ][gc,heap      ] GC(147) CMS: 247216K->247299K(602112K)
[21.889s][info ][gc,metaspace ] GC(147) Metaspace: 49598K->49598K(1093632K)
[21.890s][info ][gc           ] GC(147) Pause Young (Allocation Failure) 477M->242M(852M) 4.935ms
[21.890s][info ][gc,cpu       ] GC(147) User=0.01s Sys=0.01s Real=0.00s
[21.890s][info ][safepoint    ] Leaving safepoint region
[21.890s][info ][safepoint    ] Total time for which application threads were stopped: 0.0125137 seconds, Stopping threads took: 0.0072311 seconds
[21.956s][info ][safepoint    ] Application time: 0.0660453 seconds
[21.956s][info ][safepoint    ] Entering safepoint region: GenCollectForAllocation
[21.956s][info ][gc,start     ] GC(148) Pause Young (Allocation Failure)
[21.956s][info ][gc,task      ] GC(148) Using 4 workers of 4 for evacuation
[21.960s][debug][gc,ref       ] GC(148) Skipped phase1 of Reference Processing due to unavailable references
[21.960s][debug][gc,ref       ] GC(148) Skipped phase2 of Reference Processing due to unavailable references
[21.960s][debug][gc,ref       ] GC(148) Skipped phase3 of Reference Processing due to unavailable references
[21.960s][debug][gc,ref       ] GC(148) Skipped phase4 of Reference Processing due to unavailable references
[21.960s][debug][gc,age       ] GC(148) Desired survivor size 15400960 bytes, new threshold 6 (max threshold 6)
[21.960s][info ][gc,heap      ] GC(148) ParNew: 241567K->553K(270976K)
[21.960s][info ][gc,heap      ] GC(148) CMS: 247299K->247388K(602112K)
[21.960s][info ][gc,metaspace ] GC(148) Metaspace: 49601K->49601K(1093632K)
[21.960s][info ][gc           ] GC(148) Pause Young (Allocation Failure) 477M->242M(852M) 3.686ms
[21.960s][info ][gc,cpu       ] GC(148) User=0.00s Sys=0.00s Real=0.00s
[21.960s][info ][safepoint    ] Leaving safepoint region
[21.960s][info ][safepoint    ] Total time for which application threads were stopped: 0.0041833 seconds, Stopping threads took: 0.0002350 seconds
[22.001s][info ][safepoint    ] Application time: 0.0412735 seconds
[22.017s][info ][safepoint    ] Entering safepoint region: ICBufferFull
[22.017s][info ][safepoint    ] Leaving safepoint region
[22.017s][info ][safepoint    ] Total time for which application threads were stopped: 0.0159049 seconds, Stopping threads took: 0.0154193 seconds
[22.021s][info ][safepoint    ] Application time: 0.0038366 seconds
[22.021s][info ][safepoint    ] Entering safepoint region: ICBufferFull
[22.021s][info ][safepoint    ] Leaving safepoint region
[22.021s][info ][safepoint    ] Total time for which application threads were stopped: 0.0002898 seconds, Stopping threads took: 0.0000217 seconds
[22.067s][info ][safepoint    ] Application time: 0.0462258 seconds
[22.071s][info ][safepoint    ] Entering safepoint region: GenCollectForAllocation
[22.071s][info ][gc,start     ] GC(149) Pause Young (Allocation Failure)
[22.071s][info ][gc,task      ] GC(149) Using 4 workers of 4 for evacuation
[22.074s][debug][gc,ref       ] GC(149) Skipped phase1 of Reference Processing due to unavailable references
[22.074s][debug][gc,ref       ] GC(149) Skipped phase2 of Reference Processing due to unavailable references
[22.074s][debug][gc,ref       ] GC(149) Skipped phase3 of Reference Processing due to unavailable references
[22.074s][debug][gc,ref       ] GC(149) Skipped phase4 of Reference Processing due to unavailable references
[22.074s][debug][gc,age       ] GC(149) Desired survivor size 15400960 bytes, new threshold 6 (max threshold 6)
[22.074s][info ][gc,heap      ] GC(149) ParNew: 241449K->865K(270976K)
[22.074s][info ][gc,heap      ] GC(149) CMS: 247388K->247460K(602112K)
[22.074s][info ][gc,metaspace ] GC(149) Metaspace: 49617K->49617K(1093632K)
[22.074s][info ][gc           ] GC(149) Pause Young (Allocation Failure) 477M->242M(852M) 3.146ms
[22.074s][info ][gc,cpu       ] GC(149) User=0.02s Sys=0.00s Real=0.00s
[22.074s][info ][safepoint    ] Leaving safepoint region
[22.074s][info ][safepoint    ] Total time for which application threads were stopped: 0.0068315 seconds, Stopping threads took: 0.0034406 seconds
[22.170s][info ][safepoint    ] Application time: 0.0960988 seconds
[22.174s][info ][safepoint    ] Entering safepoint region: GenCollectForAllocation
[22.175s][info ][gc,start     ] GC(150) Pause Young (Allocation Failure)
[22.175s][info ][gc,task      ] GC(150) Using 4 workers of 4 for evacuation
[22.178s][debug][gc,ref       ] GC(150) Skipped phase1 of Reference Processing due to unavailable references
[22.178s][debug][gc,ref       ] GC(150) Skipped phase2 of Reference Processing due to unavailable references
[22.178s][debug][gc,ref       ] GC(150) Skipped phase3 of Reference Processing due to unavailable references
[22.178s][debug][gc,ref       ] GC(150) Skipped phase4 of Reference Processing due to unavailable references
[22.178s][debug][gc,age       ] GC(150) Desired survivor size 15400960 bytes, new threshold 6 (max threshold 6)
[22.178s][info ][gc,heap      ] GC(150) ParNew: 241761K->802K(270976K)
[22.178s][info ][gc,heap      ] GC(150) CMS: 247460K->247483K(602112K)
[22.178s][info ][gc,metaspace ] GC(150) Metaspace: 49618K->49618K(1093632K)
[22.178s][info ][gc           ] GC(150) Pause Young (Allocation Failure) 477M->242M(852M) 3.455ms
[22.178s][info ][gc,cpu       ] GC(150) User=0.01s Sys=0.00s Real=0.01s
[22.178s][info ][safepoint    ] Leaving safepoint region
[22.178s][info ][safepoint    ] Total time for which application threads were stopped: 0.0075919 seconds, Stopping threads took: 0.0039125 seconds
[22.276s][info ][safepoint    ] Application time: 0.0981140 seconds
[22.277s][info ][safepoint    ] Entering safepoint region: GenCollectForAllocation
[22.277s][info ][gc,start     ] GC(151) Pause Young (Allocation Failure)
[22.277s][info ][gc,task      ] GC(151) Using 4 workers of 4 for evacuation
[22.281s][debug][gc,ref       ] GC(151) Skipped phase1 of Reference Processing due to unavailable references
[22.281s][debug][gc,ref       ] GC(151) Skipped phase2 of Reference Processing due to unavailable references
[22.281s][debug][gc,ref       ] GC(151) Skipped phase3 of Reference Processing due to unavailable references
[22.281s][debug][gc,ref       ] GC(151) Skipped phase4 of Reference Processing due to unavailable references
[22.281s][debug][gc,age       ] GC(151) Desired survivor size 15400960 bytes, new threshold 6 (max threshold 6)
[22.281s][info ][gc,heap      ] GC(151) ParNew: 241698K->887K(270976K)
[22.281s][info ][gc,heap      ] GC(151) CMS: 247483K->247529K(602112K)
[22.281s][info ][gc,metaspace ] GC(151) Metaspace: 49619K->49619K(1093632K)
[22.281s][info ][gc           ] GC(151) Pause Young (Allocation Failure) 477M->242M(852M) 4.173ms
[22.281s][info ][gc,cpu       ] GC(151) User=0.02s Sys=0.00s Real=0.00s
[22.281s][info ][safepoint    ] Leaving safepoint region
[22.281s][info ][safepoint    ] Total time for which application threads were stopped: 0.0049672 seconds, Stopping threads took: 0.0005887 seconds
[22.363s][info ][safepoint    ] Application time: 0.0821015 seconds
[22.364s][info ][safepoint    ] Entering safepoint region: GenCollectForAllocation
[22.364s][info ][gc,start     ] GC(152) Pause Young (Allocation Failure)
[22.365s][info ][gc,task      ] GC(152) Using 4 workers of 4 for evacuation
[22.370s][debug][gc,ref       ] GC(152) Skipped phase1 of Reference Processing due to unavailable references
[22.370s][debug][gc,ref       ] GC(152) Skipped phase2 of Reference Processing due to unavailable references
[22.370s][debug][gc,ref       ] GC(152) Skipped phase3 of Reference Processing due to unavailable references
[22.370s][debug][gc,ref       ] GC(152) Skipped phase4 of Reference Processing due to unavailable references
[22.370s][debug][gc,age       ] GC(152) Desired survivor size 15400960 bytes, new threshold 6 (max threshold 6)
[22.370s][info ][gc,heap      ] GC(152) ParNew: 241783K->1909K(270976K)
[22.370s][info ][gc,heap      ] GC(152) CMS: 247529K->247583K(602112K)
[22.370s][info ][gc,metaspace ] GC(152) Metaspace: 49619K->49619K(1093632K)
[22.370s][info ][gc           ] GC(152) Pause Young (Allocation Failure) 477M->243M(852M) 5.740ms
[22.370s][info ][gc,cpu       ] GC(152) User=0.02s Sys=0.00s Real=0.00s
[22.370s][info ][safepoint    ] Leaving safepoint region
[22.370s][info ][safepoint    ] Total time for which application threads were stopped: 0.0069234 seconds, Stopping threads took: 0.0009448 seconds
[22.428s][info ][safepoint    ] Application time: 0.0580119 seconds
[22.429s][info ][safepoint    ] Entering safepoint region: GenCollectForAllocation
[22.429s][info ][gc,start     ] GC(153) Pause Young (Allocation Failure)
[22.429s][info ][gc,task      ] GC(153) Using 4 workers of 4 for evacuation
[22.435s][debug][gc,ref       ] GC(153) Skipped phase1 of Reference Processing due to unavailable references
[22.435s][debug][gc,ref       ] GC(153) Skipped phase2 of Reference Processing due to unavailable references
[22.435s][debug][gc,ref       ] GC(153) Skipped phase3 of Reference Processing due to unavailable references
[22.435s][debug][gc,ref       ] GC(153) Skipped phase4 of Reference Processing due to unavailable references
[22.436s][debug][gc,age       ] GC(153) Desired survivor size 15400960 bytes, new threshold 6 (max threshold 6)
[22.436s][info ][gc,heap      ] GC(153) ParNew: 242805K->2164K(270976K)
[22.436s][info ][gc,heap      ] GC(153) CMS: 247583K->247632K(602112K)
[22.436s][info ][gc,metaspace ] GC(153) Metaspace: 49619K->49619K(1093632K)
[22.436s][info ][gc           ] GC(153) Pause Young (Allocation Failure) 478M->243M(852M) 7.081ms
[22.436s][info ][gc,cpu       ] GC(153) User=0.02s Sys=0.00s Real=0.00s
[22.436s][info ][safepoint    ] Leaving safepoint region
[22.436s][info ][safepoint    ] Total time for which application threads were stopped: 0.0076116 seconds, Stopping threads took: 0.0002852 seconds
[22.491s][info ][safepoint    ] Application time: 0.0551453 seconds
[22.494s][info ][safepoint    ] Entering safepoint region: GenCollectForAllocation
[22.494s][info ][gc,start     ] GC(154) Pause Young (Allocation Failure)
[22.494s][info ][gc,task      ] GC(154) Using 4 workers of 4 for evacuation
[22.501s][debug][gc,ref       ] GC(154) Skipped phase1 of Reference Processing due to unavailable references
[22.501s][debug][gc,ref       ] GC(154) Skipped phase2 of Reference Processing due to unavailable references
[22.501s][debug][gc,ref       ] GC(154) Skipped phase3 of Reference Processing due to unavailable references
[22.501s][debug][gc,ref       ] GC(154) Skipped phase4 of Reference Processing due to unavailable references
[22.501s][debug][gc,age       ] GC(154) Desired survivor size 15400960 bytes, new threshold 6 (max threshold 6)
[22.501s][info ][gc,heap      ] GC(154) ParNew: 243060K->2463K(270976K)
[22.501s][info ][gc,heap      ] GC(154) CMS: 247632K->247649K(602112K)
[22.501s][info ][gc,metaspace ] GC(154) Metaspace: 49619K->49619K(1093632K)
[22.501s][info ][gc           ] GC(154) Pause Young (Allocation Failure) 479M->244M(852M) 7.121ms
[22.502s][info ][gc,cpu       ] GC(154) User=0.02s Sys=0.00s Real=0.01s
[22.502s][info ][safepoint    ] Leaving safepoint region
[22.502s][info ][safepoint    ] Total time for which application threads were stopped: 0.0102005 seconds, Stopping threads took: 0.0027374 seconds
[22.583s][info ][safepoint    ] Application time: 0.0813972 seconds
[22.583s][info ][safepoint    ] Entering safepoint region: GenCollectForAllocation
[22.584s][info ][gc,start     ] GC(155) Pause Young (Allocation Failure)
[22.584s][info ][gc,task      ] GC(155) Using 4 workers of 4 for evacuation
[22.590s][debug][gc,ref       ] GC(155) Skipped phase1 of Reference Processing due to unavailable references
[22.590s][debug][gc,ref       ] GC(155) Skipped phase2 of Reference Processing due to unavailable references
[22.590s][debug][gc,ref       ] GC(155) Skipped phase3 of Reference Processing due to unavailable references
[22.590s][debug][gc,ref       ] GC(155) Skipped phase4 of Reference Processing due to unavailable references
[22.591s][debug][gc,age       ] GC(155) Desired survivor size 15400960 bytes, new threshold 6 (max threshold 6)
[22.591s][info ][gc,heap      ] GC(155) ParNew: 243359K->2121K(270976K)
[22.591s][info ][gc,heap      ] GC(155) CMS: 247649K->247967K(602112K)
[22.591s][info ][gc,metaspace ] GC(155) Metaspace: 49619K->49619K(1093632K)
[22.591s][info ][gc           ] GC(155) Pause Young (Allocation Failure) 479M->244M(852M) 6.932ms
[22.591s][info ][gc,cpu       ] GC(155) User=0.03s Sys=0.00s Real=0.01s
[22.591s][info ][safepoint    ] Leaving safepoint region
[22.591s][info ][safepoint    ] Total time for which application threads were stopped: 0.0076310 seconds, Stopping threads took: 0.0004570 seconds
[22.683s][info ][safepoint    ] Application time: 0.0919954 seconds
[22.688s][info ][safepoint    ] Entering safepoint region: GenCollectForAllocation
[22.689s][info ][gc,start     ] GC(156) Pause Young (Allocation Failure)
[22.689s][info ][gc,task      ] GC(156) Using 4 workers of 4 for evacuation
[22.698s][debug][gc,ref       ] GC(156) Skipped phase1 of Reference Processing due to unavailable references
[22.698s][debug][gc,ref       ] GC(156) Skipped phase2 of Reference Processing due to unavailable references
[22.698s][debug][gc,ref       ] GC(156) Skipped phase3 of Reference Processing due to unavailable references
[22.698s][debug][gc,ref       ] GC(156) Skipped phase4 of Reference Processing due to unavailable references
[22.699s][debug][gc,age       ] GC(156) Desired survivor size 15400960 bytes, new threshold 6 (max threshold 6)
[22.699s][info ][gc,heap      ] GC(156) ParNew: 243017K->1901K(270976K)
[22.699s][info ][gc,heap      ] GC(156) CMS: 247967K->248004K(602112K)
[22.699s][info ][gc,metaspace ] GC(156) Metaspace: 49619K->49619K(1093632K)
[22.699s][info ][gc           ] GC(156) Pause Young (Allocation Failure) 479M->244M(852M) 9.961ms
[22.699s][info ][gc,cpu       ] GC(156) User=0.01s Sys=0.01s Real=0.01s
[22.699s][info ][safepoint    ] Leaving safepoint region
[22.699s][info ][safepoint    ] Total time for which application threads were stopped: 0.0159561 seconds, Stopping threads took: 0.0056374 seconds
[22.773s][info ][safepoint    ] Application time: 0.0747409 seconds
[22.792s][info ][safepoint    ] Entering safepoint region: GenCollectForAllocation
[22.792s][info ][gc,start     ] GC(157) Pause Young (Allocation Failure)
[22.792s][info ][gc,task      ] GC(157) Using 4 workers of 4 for evacuation
[22.800s][debug][gc,ref       ] GC(157) Skipped phase1 of Reference Processing due to unavailable references
[22.800s][debug][gc,ref       ] GC(157) Skipped phase2 of Reference Processing due to unavailable references
[22.800s][debug][gc,ref       ] GC(157) Skipped phase3 of Reference Processing due to unavailable references
[22.800s][debug][gc,ref       ] GC(157) Skipped phase4 of Reference Processing due to unavailable references
[22.801s][debug][gc,age       ] GC(157) Desired survivor size 15400960 bytes, new threshold 6 (max threshold 6)
[22.801s][info ][gc,heap      ] GC(157) ParNew: 242797K->2240K(270976K)
[22.801s][info ][gc,heap      ] GC(157) CMS: 248004K->248030K(602112K)
[22.801s][info ][gc,metaspace ] GC(157) Metaspace: 49619K->49619K(1093632K)
[22.801s][info ][gc           ] GC(157) Pause Young (Allocation Failure) 479M->244M(852M) 8.573ms
[22.801s][info ][gc,cpu       ] GC(157) User=0.02s Sys=0.00s Real=0.01s
[22.801s][info ][safepoint    ] Leaving safepoint region
[22.801s][info ][safepoint    ] Total time for which application threads were stopped: 0.0276147 seconds, Stopping threads took: 0.0187481 seconds
[22.866s][info ][safepoint    ] Application time: 0.0649862 seconds
[22.866s][info ][safepoint    ] Entering safepoint region: GenCollectForAllocation
[22.866s][info ][gc,start     ] GC(158) Pause Young (Allocation Failure)
[22.866s][info ][gc,task      ] GC(158) Using 4 workers of 4 for evacuation
[22.883s][debug][gc,ref       ] GC(158) Skipped phase1 of Reference Processing due to unavailable references
[22.883s][debug][gc,ref       ] GC(158) Skipped phase2 of Reference Processing due to unavailable references
[22.883s][debug][gc,ref       ] GC(158) Skipped phase3 of Reference Processing due to unavailable references
[22.883s][debug][gc,ref       ] GC(158) Skipped phase4 of Reference Processing due to unavailable references
[22.883s][debug][gc,age       ] GC(158) Desired survivor size 15400960 bytes, new threshold 6 (max threshold 6)
[22.883s][info ][gc,heap      ] GC(158) ParNew: 243136K->1494K(270976K)
[22.883s][info ][gc,heap      ] GC(158) CMS: 248030K->249288K(602112K)
[22.883s][info ][gc,metaspace ] GC(158) Metaspace: 49620K->49620K(1093632K)
[22.883s][info ][gc           ] GC(158) Pause Young (Allocation Failure) 479M->244M(852M) 16.432ms
[22.883s][info ][gc,cpu       ] GC(158) User=0.03s Sys=0.00s Real=0.01s
[22.883s][info ][safepoint    ] Leaving safepoint region
[22.883s][info ][safepoint    ] Total time for which application threads were stopped: 0.0168933 seconds, Stopping threads took: 0.0002256 seconds
[22.944s][info ][safepoint    ] Application time: 0.0612364 seconds
[22.944s][info ][safepoint    ] Entering safepoint region: GenCollectForAllocation
[22.945s][info ][gc,start     ] GC(159) Pause Young (Allocation Failure)
[22.945s][info ][gc,task      ] GC(159) Using 4 workers of 4 for evacuation
[22.947s][debug][gc,ref       ] GC(159) Skipped phase1 of Reference Processing due to unavailable references
[22.947s][debug][gc,ref       ] GC(159) Skipped phase2 of Reference Processing due to unavailable references
[22.947s][debug][gc,ref       ] GC(159) Skipped phase3 of Reference Processing due to unavailable references
[22.947s][debug][gc,ref       ] GC(159) Skipped phase4 of Reference Processing due to unavailable references
[22.947s][debug][gc,age       ] GC(159) Desired survivor size 15400960 bytes, new threshold 6 (max threshold 6)
[22.947s][info ][gc,heap      ] GC(159) ParNew: 242390K->454K(270976K)
[22.947s][info ][gc,heap      ] GC(159) CMS: 249288K->249308K(602112K)
[22.947s][info ][gc,metaspace ] GC(159) Metaspace: 49620K->49620K(1093632K)
[22.947s][info ][gc           ] GC(159) Pause Young (Allocation Failure) 480M->243M(852M) 2.152ms
[22.947s][info ][gc,cpu       ] GC(159) User=0.01s Sys=0.00s Real=0.00s
[22.947s][info ][safepoint    ] Leaving safepoint region
[22.947s][info ][safepoint    ] Total time for which application threads were stopped: 0.0025427 seconds, Stopping threads took: 0.0001831 seconds
[22.997s][info ][safepoint    ] Application time: 0.0499232 seconds
[23.004s][info ][safepoint    ] Entering safepoint region: GenCollectForAllocation
[23.004s][info ][gc,start     ] GC(160) Pause Young (Allocation Failure)
[23.004s][info ][gc,task      ] GC(160) Using 4 workers of 4 for evacuation
[23.008s][debug][gc,ref       ] GC(160) Skipped phase1 of Reference Processing due to unavailable references
[23.008s][debug][gc,ref       ] GC(160) Skipped phase2 of Reference Processing due to unavailable references
[23.008s][debug][gc,ref       ] GC(160) Skipped phase3 of Reference Processing due to unavailable references
[23.008s][debug][gc,ref       ] GC(160) Skipped phase4 of Reference Processing due to unavailable references
[23.008s][debug][gc,age       ] GC(160) Desired survivor size 15400960 bytes, new threshold 6 (max threshold 6)
[23.008s][info ][gc,heap      ] GC(160) ParNew: 241350K->655K(270976K)
[23.008s][info ][gc,heap      ] GC(160) CMS: 249308K->249328K(602112K)
[23.008s][info ][gc,metaspace ] GC(160) Metaspace: 49620K->49620K(1093632K)
[23.008s][info ][gc           ] GC(160) Pause Young (Allocation Failure) 479M->244M(852M) 3.548ms
[23.008s][info ][gc,cpu       ] GC(160) User=0.01s Sys=0.00s Real=0.00s
[23.008s][info ][safepoint    ] Leaving safepoint region
[23.008s][info ][safepoint    ] Total time for which application threads were stopped: 0.0112203 seconds, Stopping threads took: 0.0074052 seconds
[23.078s][info ][safepoint    ] Application time: 0.0703671 seconds
[23.080s][info ][safepoint    ] Entering safepoint region: GenCollectForAllocation
[23.080s][info ][gc,start     ] GC(161) Pause Young (Allocation Failure)
[23.080s][info ][gc,task      ] GC(161) Using 4 workers of 4 for evacuation
[23.083s][debug][gc,ref       ] GC(161) Skipped phase1 of Reference Processing due to unavailable references
[23.083s][debug][gc,ref       ] GC(161) Skipped phase2 of Reference Processing due to unavailable references
[23.083s][debug][gc,ref       ] GC(161) Skipped phase3 of Reference Processing due to unavailable references
[23.083s][debug][gc,ref       ] GC(161) Skipped phase4 of Reference Processing due to unavailable references
[23.084s][debug][gc,age       ] GC(161) Desired survivor size 15400960 bytes, new threshold 6 (max threshold 6)
[23.084s][info ][gc,heap      ] GC(161) ParNew: 241551K->414K(270976K)
[23.084s][info ][gc,heap      ] GC(161) CMS: 249328K->249402K(602112K)
[23.084s][info ][gc,metaspace ] GC(161) Metaspace: 49620K->49620K(1093632K)
[23.084s][info ][gc           ] GC(161) Pause Young (Allocation Failure) 479M->243M(852M) 3.150ms
[23.084s][info ][gc,cpu       ] GC(161) User=0.01s Sys=0.00s Real=0.00s
[23.084s][info ][safepoint    ] Leaving safepoint region
[23.084s][info ][safepoint    ] Total time for which application threads were stopped: 0.0051768 seconds, Stopping threads took: 0.0017829 seconds
[23.169s][info ][safepoint    ] Application time: 0.0852207 seconds
[23.181s][info ][safepoint    ] Entering safepoint region: GenCollectForAllocation
[23.182s][info ][gc,start     ] GC(162) Pause Young (Allocation Failure)
[23.182s][info ][gc,task      ] GC(162) Using 4 workers of 4 for evacuation
[23.185s][debug][gc,ref       ] GC(162) Skipped phase1 of Reference Processing due to unavailable references
[23.185s][debug][gc,ref       ] GC(162) Skipped phase2 of Reference Processing due to unavailable references
[23.185s][debug][gc,ref       ] GC(162) Skipped phase3 of Reference Processing due to unavailable references
[23.185s][debug][gc,ref       ] GC(162) Skipped phase4 of Reference Processing due to unavailable references
[23.185s][debug][gc,age       ] GC(162) Desired survivor size 15400960 bytes, new threshold 6 (max threshold 6)
[23.185s][info ][gc,heap      ] GC(162) ParNew: 241310K->481K(270976K)
[23.185s][info ][gc,heap      ] GC(162) CMS: 249402K->249448K(602112K)
[23.185s][info ][gc,metaspace ] GC(162) Metaspace: 49620K->49620K(1093632K)
[23.185s][info ][gc           ] GC(162) Pause Young (Allocation Failure) 479M->244M(852M) 3.103ms
[23.186s][info ][gc,cpu       ] GC(162) User=0.01s Sys=0.00s Real=0.01s
[23.186s][info ][safepoint    ] Leaving safepoint region
[23.186s][info ][safepoint    ] Total time for which application threads were stopped: 0.0170700 seconds, Stopping threads took: 0.0125918 seconds
[23.278s][info ][safepoint    ] Application time: 0.0916545 seconds
[23.280s][info ][safepoint    ] Entering safepoint region: GenCollectForAllocation
[23.280s][info ][gc,start     ] GC(163) Pause Young (Allocation Failure)
[23.281s][info ][gc,task      ] GC(163) Using 4 workers of 4 for evacuation
[23.283s][debug][gc,ref       ] GC(163) Skipped phase1 of Reference Processing due to unavailable references
[23.283s][debug][gc,ref       ] GC(163) Skipped phase2 of Reference Processing due to unavailable references
[23.283s][debug][gc,ref       ] GC(163) Skipped phase3 of Reference Processing due to unavailable references
[23.283s][debug][gc,ref       ] GC(163) Skipped phase4 of Reference Processing due to unavailable references
[23.283s][debug][gc,age       ] GC(163) Desired survivor size 15400960 bytes, new threshold 6 (max threshold 6)
[23.283s][info ][gc,heap      ] GC(163) ParNew: 241377K->505K(270976K)
[23.283s][info ][gc,heap      ] GC(163) CMS: 249448K->249476K(602112K)
[23.283s][info ][gc,metaspace ] GC(163) Metaspace: 49620K->49620K(1093632K)
[23.283s][info ][gc           ] GC(163) Pause Young (Allocation Failure) 479M->244M(852M) 2.479ms
[23.283s][info ][gc,cpu       ] GC(163) User=0.00s Sys=0.00s Real=0.00s
[23.283s][info ][safepoint    ] Leaving safepoint region
[23.283s][info ][safepoint    ] Total time for which application threads were stopped: 0.0052988 seconds, Stopping threads took: 0.0025959 seconds
[23.365s][info ][safepoint    ] Application time: 0.0824531 seconds
[23.366s][info ][safepoint    ] Entering safepoint region: GenCollectForAllocation
[23.366s][info ][gc,start     ] GC(164) Pause Young (Allocation Failure)
[23.366s][info ][gc,task      ] GC(164) Using 4 workers of 4 for evacuation
[23.369s][debug][gc,ref       ] GC(164) Skipped phase1 of Reference Processing due to unavailable references
[23.369s][debug][gc,ref       ] GC(164) Skipped phase2 of Reference Processing due to unavailable references
[23.369s][debug][gc,ref       ] GC(164) Skipped phase3 of Reference Processing due to unavailable references
[23.369s][debug][gc,ref       ] GC(164) Skipped phase4 of Reference Processing due to unavailable references
[23.369s][debug][gc,age       ] GC(164) Desired survivor size 15400960 bytes, new threshold 6 (max threshold 6)
[23.369s][info ][gc,heap      ] GC(164) ParNew: 241401K->548K(270976K)
[23.369s][info ][gc,heap      ] GC(164) CMS: 249476K->249518K(602112K)
[23.369s][info ][gc,metaspace ] GC(164) Metaspace: 49620K->49620K(1093632K)
[23.369s][info ][gc           ] GC(164) Pause Young (Allocation Failure) 479M->244M(852M) 2.774ms
[23.369s][info ][gc,cpu       ] GC(164) User=0.01s Sys=0.00s Real=0.00s
[23.369s][info ][safepoint    ] Leaving safepoint region
[23.369s][info ][safepoint    ] Total time for which application threads were stopped: 0.0034913 seconds, Stopping threads took: 0.0004616 seconds
[23.451s][info ][safepoint    ] Application time: 0.0823303 seconds
[23.451s][info ][safepoint    ] Entering safepoint region: GenCollectForAllocation
[23.452s][info ][gc,start     ] GC(165) Pause Young (Allocation Failure)
[23.452s][info ][gc,task      ] GC(165) Using 4 workers of 4 for evacuation
[23.454s][debug][gc,ref       ] GC(165) Skipped phase1 of Reference Processing due to unavailable references
[23.454s][debug][gc,ref       ] GC(165) Skipped phase2 of Reference Processing due to unavailable references
[23.454s][debug][gc,ref       ] GC(165) Skipped phase3 of Reference Processing due to unavailable references
[23.454s][debug][gc,ref       ] GC(165) Skipped phase4 of Reference Processing due to unavailable references
[23.454s][debug][gc,age       ] GC(165) Desired survivor size 15400960 bytes, new threshold 6 (max threshold 6)
[23.454s][info ][gc,heap      ] GC(165) ParNew: 241444K->617K(270976K)
[23.454s][info ][gc,heap      ] GC(165) CMS: 249518K->249568K(602112K)
[23.454s][info ][gc,metaspace ] GC(165) Metaspace: 49620K->49620K(1093632K)
[23.454s][info ][gc           ] GC(165) Pause Young (Allocation Failure) 479M->244M(852M) 2.467ms
[23.454s][info ][gc,cpu       ] GC(165) User=0.01s Sys=0.00s Real=0.00s
[23.454s][info ][safepoint    ] Leaving safepoint region
[23.454s][info ][safepoint    ] Total time for which application threads were stopped: 0.0027740 seconds, Stopping threads took: 0.0000975 seconds
[23.517s][info ][safepoint    ] Application time: 0.0633208 seconds
[23.536s][info ][safepoint    ] Entering safepoint region: GenCollectForAllocation
[23.536s][info ][gc,start     ] GC(166) Pause Young (Allocation Failure)
[23.537s][info ][gc,task      ] GC(166) Using 4 workers of 4 for evacuation
[23.539s][debug][gc,ref       ] GC(166) Skipped phase1 of Reference Processing due to unavailable references
[23.539s][debug][gc,ref       ] GC(166) Skipped phase2 of Reference Processing due to unavailable references
[23.539s][debug][gc,ref       ] GC(166) Skipped phase3 of Reference Processing due to unavailable references
[23.539s][debug][gc,ref       ] GC(166) Skipped phase4 of Reference Processing due to unavailable references
[23.539s][debug][gc,age       ] GC(166) Desired survivor size 15400960 bytes, new threshold 6 (max threshold 6)
[23.539s][info ][gc,heap      ] GC(166) ParNew: 241513K->564K(270976K)
[23.539s][info ][gc,heap      ] GC(166) CMS: 249568K->249619K(602112K)
[23.539s][info ][gc,metaspace ] GC(166) Metaspace: 49620K->49620K(1093632K)
[23.539s][info ][gc           ] GC(166) Pause Young (Allocation Failure) 479M->244M(852M) 2.687ms
[23.539s][info ][gc,cpu       ] GC(166) User=0.00s Sys=0.00s Real=0.00s
[23.539s][info ][safepoint    ] Leaving safepoint region
[23.539s][info ][safepoint    ] Total time for which application threads were stopped: 0.0217305 seconds, Stopping threads took: 0.0187359 seconds
[23.598s][info ][safepoint    ] Application time: 0.0584823 seconds
[23.598s][info ][safepoint    ] Entering safepoint region: GenCollectForAllocation
[23.598s][info ][gc,start     ] GC(167) Pause Young (Allocation Failure)
[23.599s][info ][gc,task      ] GC(167) Using 4 workers of 4 for evacuation
[23.601s][debug][gc,ref       ] GC(167) Skipped phase1 of Reference Processing due to unavailable references
[23.601s][debug][gc,ref       ] GC(167) Skipped phase2 of Reference Processing due to unavailable references
[23.601s][debug][gc,ref       ] GC(167) Skipped phase3 of Reference Processing due to unavailable references
[23.601s][debug][gc,ref       ] GC(167) Skipped phase4 of Reference Processing due to unavailable references
[23.601s][debug][gc,age       ] GC(167) Desired survivor size 15400960 bytes, new threshold 6 (max threshold 6)
[23.601s][info ][gc,heap      ] GC(167) ParNew: 241460K->454K(270976K)
[23.601s][info ][gc,heap      ] GC(167) CMS: 249619K->249666K(602112K)
[23.601s][info ][gc,metaspace ] GC(167) Metaspace: 49620K->49620K(1093632K)
[23.601s][info ][gc           ] GC(167) Pause Young (Allocation Failure) 479M->244M(852M) 2.562ms
[23.601s][info ][gc,cpu       ] GC(167) User=0.00s Sys=0.01s Real=0.00s
[23.601s][info ][safepoint    ] Leaving safepoint region
[23.601s][info ][safepoint    ] Total time for which application threads were stopped: 0.0033537 seconds, Stopping threads took: 0.0005753 seconds
[23.670s][info ][safepoint    ] Application time: 0.0685253 seconds
[23.670s][info ][safepoint    ] Entering safepoint region: GenCollectForAllocation
[23.670s][info ][gc,start     ] GC(168) Pause Young (Allocation Failure)
[23.670s][info ][gc,task      ] GC(168) Using 4 workers of 4 for evacuation
[23.672s][debug][gc,ref       ] GC(168) Skipped phase1 of Reference Processing due to unavailable references
[23.672s][debug][gc,ref       ] GC(168) Skipped phase2 of Reference Processing due to unavailable references
[23.672s][debug][gc,ref       ] GC(168) Skipped phase3 of Reference Processing due to unavailable references
[23.672s][debug][gc,ref       ] GC(168) Skipped phase4 of Reference Processing due to unavailable references
[23.673s][debug][gc,age       ] GC(168) Desired survivor size 15400960 bytes, new threshold 6 (max threshold 6)
[23.673s][info ][gc,heap      ] GC(168) ParNew: 241350K->609K(270976K)
[23.673s][info ][gc,heap      ] GC(168) CMS: 249666K->249701K(602112K)
[23.673s][info ][gc,metaspace ] GC(168) Metaspace: 49620K->49620K(1093632K)
[23.673s][info ][gc           ] GC(168) Pause Young (Allocation Failure) 479M->244M(852M) 2.349ms
[23.673s][info ][gc,cpu       ] GC(168) User=0.01s Sys=0.00s Real=0.00s
[23.673s][info ][safepoint    ] Leaving safepoint region
[23.673s][info ][safepoint    ] Total time for which application threads were stopped: 0.0029418 seconds, Stopping threads took: 0.0002823 seconds
[23.722s][info ][safepoint    ] Application time: 0.0494912 seconds
[23.729s][info ][safepoint    ] Entering safepoint region: GenCollectForAllocation
[23.729s][info ][gc,start     ] GC(169) Pause Young (Allocation Failure)
[23.729s][info ][gc,task      ] GC(169) Using 4 workers of 4 for evacuation
[23.735s][debug][gc,ref       ] GC(169) Skipped phase1 of Reference Processing due to unavailable references
[23.735s][debug][gc,ref       ] GC(169) Skipped phase2 of Reference Processing due to unavailable references
[23.735s][debug][gc,ref       ] GC(169) Skipped phase3 of Reference Processing due to unavailable references
[23.735s][debug][gc,ref       ] GC(169) Skipped phase4 of Reference Processing due to unavailable references
[23.735s][debug][gc,age       ] GC(169) Desired survivor size 15400960 bytes, new threshold 6 (max threshold 6)
[23.735s][info ][gc,heap      ] GC(169) ParNew: 241505K->545K(270976K)
[23.735s][info ][gc,heap      ] GC(169) CMS: 249701K->249749K(602112K)
[23.735s][info ][gc,metaspace ] GC(169) Metaspace: 49626K->49626K(1093632K)
[23.735s][info ][gc           ] GC(169) Pause Young (Allocation Failure) 479M->244M(852M) 6.155ms
[23.735s][info ][gc,cpu       ] GC(169) User=0.01s Sys=0.00s Real=0.00s
[23.735s][info ][safepoint    ] Leaving safepoint region
[23.735s][info ][safepoint    ] Total time for which application threads were stopped: 0.0132533 seconds, Stopping threads took: 0.0067911 seconds
[23.832s][info ][safepoint    ] Application time: 0.0961841 seconds
[23.832s][info ][safepoint    ] Entering safepoint region: GenCollectForAllocation
[23.833s][info ][gc,start     ] GC(170) Pause Young (Allocation Failure)
[23.833s][info ][gc,task      ] GC(170) Using 4 workers of 4 for evacuation
[23.836s][debug][gc,ref       ] GC(170) Skipped phase1 of Reference Processing due to unavailable references
[23.836s][debug][gc,ref       ] GC(170) Skipped phase2 of Reference Processing due to unavailable references
[23.836s][debug][gc,ref       ] GC(170) Skipped phase3 of Reference Processing due to unavailable references
[23.836s][debug][gc,ref       ] GC(170) Skipped phase4 of Reference Processing due to unavailable references
[23.837s][debug][gc,age       ] GC(170) Desired survivor size 15400960 bytes, new threshold 6 (max threshold 6)
[23.837s][info ][gc,heap      ] GC(170) ParNew: 241441K->626K(270976K)
[23.837s][info ][gc,heap      ] GC(170) CMS: 249749K->249790K(602112K)
[23.837s][info ][gc,metaspace ] GC(170) Metaspace: 49626K->49626K(1093632K)
[23.837s][info ][gc           ] GC(170) Pause Young (Allocation Failure) 479M->244M(852M) 4.026ms
[23.837s][info ][gc,cpu       ] GC(170) User=0.01s Sys=0.00s Real=0.01s
[23.837s][info ][safepoint    ] Leaving safepoint region
[23.837s][info ][safepoint    ] Total time for which application threads were stopped: 0.0049806 seconds, Stopping threads took: 0.0007170 seconds
[23.910s][info ][safepoint    ] Application time: 0.0731544 seconds
[23.910s][info ][safepoint    ] Entering safepoint region: GenCollectForAllocation
[23.910s][info ][gc,start     ] GC(171) Pause Young (Allocation Failure)
[23.910s][info ][gc,task      ] GC(171) Using 4 workers of 4 for evacuation
[23.919s][debug][gc,ref       ] GC(171) Skipped phase1 of Reference Processing due to unavailable references
[23.919s][debug][gc,ref       ] GC(171) Skipped phase2 of Reference Processing due to unavailable references
[23.919s][debug][gc,ref       ] GC(171) Skipped phase3 of Reference Processing due to unavailable references
[23.919s][debug][gc,ref       ] GC(171) Skipped phase4 of Reference Processing due to unavailable references
[23.920s][debug][gc,age       ] GC(171) Desired survivor size 15400960 bytes, new threshold 6 (max threshold 6)
[23.920s][info ][gc,heap      ] GC(171) ParNew: 241522K->696K(270976K)
[23.920s][info ][gc,heap      ] GC(171) CMS: 249790K->249843K(602112K)
[23.920s][info ][gc,metaspace ] GC(171) Metaspace: 49626K->49626K(1093632K)
[23.920s][info ][gc           ] GC(171) Pause Young (Allocation Failure) 479M->244M(852M) 9.465ms
[23.920s][info ][gc,cpu       ] GC(171) User=0.03s Sys=0.00s Real=0.01s
[23.920s][info ][safepoint    ] Leaving safepoint region
[23.920s][info ][safepoint    ] Total time for which application threads were stopped: 0.0098051 seconds, Stopping threads took: 0.0001405 seconds
[23.985s][info ][safepoint    ] Application time: 0.0656882 seconds
[23.986s][info ][safepoint    ] Entering safepoint region: GenCollectForAllocation
[23.986s][info ][gc,start     ] GC(172) Pause Young (Allocation Failure)
[23.986s][info ][gc,task      ] GC(172) Using 4 workers of 4 for evacuation
[23.989s][debug][gc,ref       ] GC(172) Skipped phase1 of Reference Processing due to unavailable references
[23.989s][debug][gc,ref       ] GC(172) Skipped phase2 of Reference Processing due to unavailable references
[23.989s][debug][gc,ref       ] GC(172) Skipped phase3 of Reference Processing due to unavailable references
[23.989s][debug][gc,ref       ] GC(172) Skipped phase4 of Reference Processing due to unavailable references
[23.989s][debug][gc,age       ] GC(172) Desired survivor size 15400960 bytes, new threshold 6 (max threshold 6)
[23.989s][info ][gc,heap      ] GC(172) ParNew: 241592K->647K(270976K)
[23.989s][info ][gc,heap      ] GC(172) CMS: 249843K->249874K(602112K)
[23.989s][info ][gc,metaspace ] GC(172) Metaspace: 49626K->49626K(1093632K)
[23.989s][info ][gc           ] GC(172) Pause Young (Allocation Failure) 479M->244M(852M) 2.684ms
[23.989s][info ][gc,cpu       ] GC(172) User=0.01s Sys=0.00s Real=0.00s
[23.989s][info ][safepoint    ] Leaving safepoint region
[23.989s][info ][safepoint    ] Total time for which application threads were stopped: 0.0034137 seconds, Stopping threads took: 0.0005270 seconds
[24.062s][info ][safepoint    ] Application time: 0.0730467 seconds
[24.073s][info ][safepoint    ] Entering safepoint region: GenCollectForAllocation
[24.073s][info ][gc,start     ] GC(173) Pause Young (Allocation Failure)
[24.073s][info ][gc,task      ] GC(173) Using 4 workers of 4 for evacuation
[24.080s][debug][gc,ref       ] GC(173) Skipped phase1 of Reference Processing due to unavailable references
[24.080s][debug][gc,ref       ] GC(173) Skipped phase2 of Reference Processing due to unavailable references
[24.080s][debug][gc,ref       ] GC(173) Skipped phase3 of Reference Processing due to unavailable references
[24.080s][debug][gc,ref       ] GC(173) Skipped phase4 of Reference Processing due to unavailable references
[24.080s][debug][gc,age       ] GC(173) Desired survivor size 15400960 bytes, new threshold 6 (max threshold 6)
[24.080s][info ][gc,heap      ] GC(173) ParNew: 241543K->654K(270976K)
[24.080s][info ][gc,heap      ] GC(173) CMS: 249874K->249909K(602112K)
[24.080s][info ][gc,metaspace ] GC(173) Metaspace: 49626K->49626K(1093632K)
[24.080s][info ][gc           ] GC(173) Pause Young (Allocation Failure) 479M->244M(852M) 7.023ms
[24.080s][info ][gc,cpu       ] GC(173) User=0.01s Sys=0.00s Real=0.01s
[24.081s][info ][safepoint    ] Leaving safepoint region
[24.081s][info ][safepoint    ] Total time for which application threads were stopped: 0.0185996 seconds, Stopping threads took: 0.0112992 seconds
[24.151s][info ][safepoint    ] Application time: 0.0700169 seconds
[24.164s][info ][safepoint    ] Entering safepoint region: GenCollectForAllocation
[24.164s][info ][gc,start     ] GC(174) Pause Young (Allocation Failure)
[24.164s][info ][gc,task      ] GC(174) Using 4 workers of 4 for evacuation
[24.178s][debug][gc,ref       ] GC(174) Skipped phase1 of Reference Processing due to unavailable references
[24.178s][debug][gc,ref       ] GC(174) Skipped phase2 of Reference Processing due to unavailable references
[24.178s][debug][gc,ref       ] GC(174) Skipped phase3 of Reference Processing due to unavailable references
[24.178s][debug][gc,ref       ] GC(174) Skipped phase4 of Reference Processing due to unavailable references
[24.178s][debug][gc,age       ] GC(174) Desired survivor size 15400960 bytes, new threshold 6 (max threshold 6)
[24.178s][info ][gc,heap      ] GC(174) ParNew: 241550K->902K(270976K)
[24.178s][info ][gc,heap      ] GC(174) CMS: 249909K->249974K(602112K)
[24.178s][info ][gc,metaspace ] GC(174) Metaspace: 49626K->49626K(1093632K)
[24.178s][info ][gc           ] GC(174) Pause Young (Allocation Failure) 479M->244M(852M) 13.890ms
[24.178s][info ][gc,cpu       ] GC(174) User=0.02s Sys=0.01s Real=0.01s
[24.178s][info ][safepoint    ] Leaving safepoint region
[24.178s][info ][safepoint    ] Total time for which application threads were stopped: 0.0275369 seconds, Stopping threads took: 0.0132976 seconds
[24.227s][info ][safepoint    ] Application time: 0.0490103 seconds
[24.227s][info ][safepoint    ] Entering safepoint region: GenCollectForAllocation
[24.228s][info ][gc,start     ] GC(175) Pause Young (Allocation Failure)
[24.228s][info ][gc,task      ] GC(175) Using 4 workers of 4 for evacuation
[24.230s][debug][gc,ref       ] GC(175) Skipped phase1 of Reference Processing due to unavailable references
[24.230s][debug][gc,ref       ] GC(175) Skipped phase2 of Reference Processing due to unavailable references
[24.230s][debug][gc,ref       ] GC(175) Skipped phase3 of Reference Processing due to unavailable references
[24.230s][debug][gc,ref       ] GC(175) Skipped phase4 of Reference Processing due to unavailable references
[24.230s][debug][gc,age       ] GC(175) Desired survivor size 15400960 bytes, new threshold 6 (max threshold 6)
[24.230s][info ][gc,heap      ] GC(175) ParNew: 241798K->1196K(270976K)
[24.230s][info ][gc,heap      ] GC(175) CMS: 249974K->250006K(602112K)
[24.230s][info ][gc,metaspace ] GC(175) Metaspace: 49645K->49645K(1093632K)
[24.230s][info ][gc           ] GC(175) Pause Young (Allocation Failure) 480M->245M(852M) 2.636ms
[24.230s][info ][gc,cpu       ] GC(175) User=0.01s Sys=0.00s Real=0.00s
[24.230s][info ][safepoint    ] Leaving safepoint region
[24.230s][info ][safepoint    ] Total time for which application threads were stopped: 0.0030849 seconds, Stopping threads took: 0.0002506 seconds
[24.302s][info ][safepoint    ] Application time: 0.0715746 seconds
[24.309s][info ][safepoint    ] Entering safepoint region: GenCollectForAllocation
[24.309s][info ][gc,start     ] GC(176) Pause Young (Allocation Failure)
[24.309s][info ][gc,task      ] GC(176) Using 4 workers of 4 for evacuation
[24.326s][debug][gc,ref       ] GC(176) Skipped phase1 of Reference Processing due to unavailable references
[24.326s][debug][gc,ref       ] GC(176) Skipped phase2 of Reference Processing due to unavailable references
[24.326s][debug][gc,ref       ] GC(176) Skipped phase3 of Reference Processing due to unavailable references
[24.326s][debug][gc,ref       ] GC(176) Skipped phase4 of Reference Processing due to unavailable references
[24.326s][debug][gc,age       ] GC(176) Desired survivor size 15400960 bytes, new threshold 6 (max threshold 6)
[24.326s][info ][gc,heap      ] GC(176) ParNew: 242092K->1806K(270976K)
[24.326s][info ][gc,heap      ] GC(176) CMS: 250006K->250152K(602112K)
[24.326s][info ][gc,metaspace ] GC(176) Metaspace: 49653K->49653K(1093632K)
[24.327s][info ][gc           ] GC(176) Pause Young (Allocation Failure) 480M->246M(852M) 17.283ms
[24.327s][info ][gc,cpu       ] GC(176) User=0.07s Sys=0.00s Real=0.02s
[24.327s][info ][safepoint    ] Leaving safepoint region
[24.327s][info ][safepoint    ] Total time for which application threads were stopped: 0.0246728 seconds, Stopping threads took: 0.0069893 seconds
[24.382s][info ][safepoint    ] Application time: 0.0551447 seconds
[24.382s][info ][safepoint    ] Entering safepoint region: GenCollectForAllocation
[24.382s][info ][gc,start     ] GC(177) Pause Young (Allocation Failure)
[24.382s][info ][gc,task      ] GC(177) Using 4 workers of 4 for evacuation
[24.385s][debug][gc,ref       ] GC(177) Skipped phase1 of Reference Processing due to unavailable references
[24.385s][debug][gc,ref       ] GC(177) Skipped phase2 of Reference Processing due to unavailable references
[24.385s][debug][gc,ref       ] GC(177) Skipped phase3 of Reference Processing due to unavailable references
[24.385s][debug][gc,ref       ] GC(177) Skipped phase4 of Reference Processing due to unavailable references
[24.385s][debug][gc,age       ] GC(177) Desired survivor size 15400960 bytes, new threshold 6 (max threshold 6)
[24.385s][info ][gc,heap      ] GC(177) ParNew: 242702K->2126K(270976K)
[24.385s][info ][gc,heap      ] GC(177) CMS: 250152K->250205K(602112K)
[24.385s][info ][gc,metaspace ] GC(177) Metaspace: 49653K->49653K(1093632K)
[24.385s][info ][gc           ] GC(177) Pause Young (Allocation Failure) 481M->246M(852M) 3.255ms
[24.385s][info ][gc,cpu       ] GC(177) User=0.02s Sys=0.00s Real=0.01s
[24.385s][info ][safepoint    ] Leaving safepoint region
[24.385s][info ][safepoint    ] Total time for which application threads were stopped: 0.0034779 seconds, Stopping threads took: 0.0000442 seconds
[24.427s][info ][safepoint    ] Application time: 0.0418393 seconds
[24.427s][info ][safepoint    ] Entering safepoint region: GenCollectForAllocation
[24.427s][info ][gc,start     ] GC(178) Pause Young (Allocation Failure)
[24.427s][info ][gc,task      ] GC(178) Using 4 workers of 4 for evacuation
[24.431s][debug][gc,ref       ] GC(178) Skipped phase1 of Reference Processing due to unavailable references
[24.431s][debug][gc,ref       ] GC(178) Skipped phase2 of Reference Processing due to unavailable references
[24.431s][debug][gc,ref       ] GC(178) Skipped phase3 of Reference Processing due to unavailable references
[24.431s][debug][gc,ref       ] GC(178) Skipped phase4 of Reference Processing due to unavailable references
[24.431s][debug][gc,age       ] GC(178) Desired survivor size 15400960 bytes, new threshold 6 (max threshold 6)
[24.431s][info ][gc,heap      ] GC(178) ParNew: 243022K->1586K(270976K)
[24.431s][info ][gc,heap      ] GC(178) CMS: 250205K->250239K(602112K)
[24.431s][info ][gc,metaspace ] GC(178) Metaspace: 49653K->49653K(1093632K)
[24.431s][info ][gc           ] GC(178) Pause Young (Allocation Failure) 481M->245M(852M) 3.431ms
[24.431s][info ][gc,cpu       ] GC(178) User=0.02s Sys=0.00s Real=0.00s
[24.431s][info ][safepoint    ] Leaving safepoint region
[24.431s][info ][safepoint    ] Total time for which application threads were stopped: 0.0037397 seconds, Stopping threads took: 0.0000756 seconds
[24.484s][info ][safepoint    ] Application time: 0.0535453 seconds
[24.488s][info ][safepoint    ] Entering safepoint region: GenCollectForAllocation
[24.488s][info ][gc,start     ] GC(179) Pause Young (Allocation Failure)
[24.488s][info ][gc,task      ] GC(179) Using 4 workers of 4 for evacuation
[24.492s][debug][gc,ref       ] GC(179) Skipped phase1 of Reference Processing due to unavailable references
[24.492s][debug][gc,ref       ] GC(179) Skipped phase2 of Reference Processing due to unavailable references
[24.492s][debug][gc,ref       ] GC(179) Skipped phase3 of Reference Processing due to unavailable references
[24.492s][debug][gc,ref       ] GC(179) Skipped phase4 of Reference Processing due to unavailable references
[24.492s][debug][gc,age       ] GC(179) Desired survivor size 15400960 bytes, new threshold 6 (max threshold 6)
[24.492s][info ][gc,heap      ] GC(179) ParNew: 242482K->2291K(270976K)
[24.492s][info ][gc,heap      ] GC(179) CMS: 250239K->250310K(602112K)
[24.492s][info ][gc,metaspace ] GC(179) Metaspace: 49653K->49653K(1093632K)
[24.492s][info ][gc           ] GC(179) Pause Young (Allocation Failure) 481M->246M(852M) 4.259ms
[24.492s][info ][gc,cpu       ] GC(179) User=0.01s Sys=0.01s Real=0.00s
[24.492s][info ][safepoint    ] Leaving safepoint region
[24.492s][info ][safepoint    ] Total time for which application threads were stopped: 0.0078786 seconds, Stopping threads took: 0.0034303 seconds
[24.549s][info ][safepoint    ] Application time: 0.0563846 seconds
[24.549s][info ][safepoint    ] Entering safepoint region: GenCollectForAllocation
[24.549s][info ][gc,start     ] GC(180) Pause Young (Allocation Failure)
[24.549s][info ][gc,task      ] GC(180) Using 4 workers of 4 for evacuation
[24.554s][debug][gc,ref       ] GC(180) Skipped phase1 of Reference Processing due to unavailable references
[24.554s][debug][gc,ref       ] GC(180) Skipped phase2 of Reference Processing due to unavailable references
[24.554s][debug][gc,ref       ] GC(180) Skipped phase3 of Reference Processing due to unavailable references
[24.554s][debug][gc,ref       ] GC(180) Skipped phase4 of Reference Processing due to unavailable references
[24.554s][debug][gc,age       ] GC(180) Desired survivor size 15400960 bytes, new threshold 6 (max threshold 6)
[24.554s][info ][gc,heap      ] GC(180) ParNew: 243187K->2873K(270976K)
[24.554s][info ][gc,heap      ] GC(180) CMS: 250310K->250647K(602112K)
[24.554s][info ][gc,metaspace ] GC(180) Metaspace: 49653K->49653K(1093632K)
[24.554s][info ][gc           ] GC(180) Pause Young (Allocation Failure) 481M->247M(852M) 4.973ms
[24.554s][info ][gc,cpu       ] GC(180) User=0.01s Sys=0.01s Real=0.00s
[24.554s][info ][safepoint    ] Leaving safepoint region
[24.554s][info ][safepoint    ] Total time for which application threads were stopped: 0.0053316 seconds, Stopping threads took: 0.0001178 seconds
[24.597s][info ][safepoint    ] Application time: 0.0430552 seconds
[24.597s][info ][safepoint    ] Entering safepoint region: GenCollectForAllocation
[24.597s][info ][gc,start     ] GC(181) Pause Young (Allocation Failure)
[24.597s][info ][gc,task      ] GC(181) Using 4 workers of 4 for evacuation
[24.601s][debug][gc,ref       ] GC(181) Skipped phase1 of Reference Processing due to unavailable references
[24.601s][debug][gc,ref       ] GC(181) Skipped phase2 of Reference Processing due to unavailable references
[24.601s][debug][gc,ref       ] GC(181) Skipped phase3 of Reference Processing due to unavailable references
[24.601s][debug][gc,ref       ] GC(181) Skipped phase4 of Reference Processing due to unavailable references
[24.602s][debug][gc,age       ] GC(181) Desired survivor size 15400960 bytes, new threshold 6 (max threshold 6)
[24.602s][info ][gc,heap      ] GC(181) ParNew: 243769K->2375K(270976K)
[24.602s][info ][gc,heap      ] GC(181) CMS: 250647K->250671K(602112K)
[24.602s][info ][gc,metaspace ] GC(181) Metaspace: 49653K->49653K(1093632K)
[24.602s][info ][gc           ] GC(181) Pause Young (Allocation Failure) 482M->247M(852M) 4.174ms
[24.602s][info ][gc,cpu       ] GC(181) User=0.01s Sys=0.00s Real=0.00s
[24.602s][info ][safepoint    ] Leaving safepoint region
[24.602s][info ][safepoint    ] Total time for which application threads were stopped: 0.0045048 seconds, Stopping threads took: 0.0001133 seconds
[24.666s][info ][safepoint    ] Application time: 0.0638995 seconds
[24.666s][info ][safepoint    ] Entering safepoint region: GenCollectForAllocation
[24.666s][info ][gc,start     ] GC(182) Pause Young (Allocation Failure)
[24.666s][info ][gc,task      ] GC(182) Using 4 workers of 4 for evacuation
[24.671s][debug][gc,ref       ] GC(182) Skipped phase1 of Reference Processing due to unavailable references
[24.671s][debug][gc,ref       ] GC(182) Skipped phase2 of Reference Processing due to unavailable references
[24.671s][debug][gc,ref       ] GC(182) Skipped phase3 of Reference Processing due to unavailable references
[24.671s][debug][gc,ref       ] GC(182) Skipped phase4 of Reference Processing due to unavailable references
[24.671s][debug][gc,age       ] GC(182) Desired survivor size 15400960 bytes, new threshold 6 (max threshold 6)
[24.671s][info ][gc,heap      ] GC(182) ParNew: 243271K->1533K(270976K)
[24.671s][info ][gc,heap      ] GC(182) CMS: 250671K->251282K(602112K)
[24.671s][info ][gc,metaspace ] GC(182) Metaspace: 49653K->49653K(1093632K)
[24.671s][info ][gc           ] GC(182) Pause Young (Allocation Failure) 482M->246M(852M) 5.255ms
[24.671s][info ][gc,cpu       ] GC(182) User=0.02s Sys=0.00s Real=0.00s
[24.671s][info ][safepoint    ] Leaving safepoint region
[24.671s][info ][safepoint    ] Total time for which application threads were stopped: 0.0054793 seconds, Stopping threads took: 0.0000411 seconds
[24.746s][info ][safepoint    ] Application time: 0.0751496 seconds
[24.746s][info ][safepoint    ] Entering safepoint region: GenCollectForAllocation
[24.747s][info ][gc,start     ] GC(183) Pause Young (Allocation Failure)
[24.747s][info ][gc,task      ] GC(183) Using 4 workers of 4 for evacuation
[24.750s][debug][gc,ref       ] GC(183) Skipped phase1 of Reference Processing due to unavailable references
[24.750s][debug][gc,ref       ] GC(183) Skipped phase2 of Reference Processing due to unavailable references
[24.750s][debug][gc,ref       ] GC(183) Skipped phase3 of Reference Processing due to unavailable references
[24.750s][debug][gc,ref       ] GC(183) Skipped phase4 of Reference Processing due to unavailable references
[24.750s][debug][gc,age       ] GC(183) Desired survivor size 15400960 bytes, new threshold 6 (max threshold 6)
[24.750s][info ][gc,heap      ] GC(183) ParNew: 242429K->1814K(270976K)
[24.750s][info ][gc,heap      ] GC(183) CMS: 251282K->251338K(602112K)
[24.750s][info ][gc,metaspace ] GC(183) Metaspace: 49653K->49653K(1093632K)
[24.750s][info ][gc           ] GC(183) Pause Young (Allocation Failure) 482M->247M(852M) 3.687ms
[24.750s][info ][gc,cpu       ] GC(183) User=0.01s Sys=0.00s Real=0.00s
[24.750s][info ][safepoint    ] Leaving safepoint region
[24.750s][info ][safepoint    ] Total time for which application threads were stopped: 0.0039987 seconds, Stopping threads took: 0.0001061 seconds
[24.813s][info ][safepoint    ] Application time: 0.0631680 seconds
[24.817s][info ][safepoint    ] Entering safepoint region: GenCollectForAllocation
[24.817s][info ][gc,start     ] GC(184) Pause Young (Allocation Failure)
[24.817s][info ][gc,task      ] GC(184) Using 4 workers of 4 for evacuation
[24.823s][debug][gc,ref       ] GC(184) Skipped phase1 of Reference Processing due to unavailable references
[24.823s][debug][gc,ref       ] GC(184) Skipped phase2 of Reference Processing due to unavailable references
[24.823s][debug][gc,ref       ] GC(184) Skipped phase3 of Reference Processing due to unavailable references
[24.823s][debug][gc,ref       ] GC(184) Skipped phase4 of Reference Processing due to unavailable references
[24.823s][debug][gc,age       ] GC(184) Desired survivor size 15400960 bytes, new threshold 6 (max threshold 6)
[24.823s][info ][gc,heap      ] GC(184) ParNew: 242710K->2517K(270976K)
[24.823s][info ][gc,heap      ] GC(184) CMS: 251338K->251478K(602112K)
[24.823s][info ][gc,metaspace ] GC(184) Metaspace: 49653K->49653K(1093632K)
[24.823s][info ][gc           ] GC(184) Pause Young (Allocation Failure) 482M->248M(852M) 5.919ms
[24.823s][info ][gc,cpu       ] GC(184) User=0.02s Sys=0.00s Real=0.00s
[24.823s][info ][safepoint    ] Leaving safepoint region
[24.823s][info ][safepoint    ] Total time for which application threads were stopped: 0.0094815 seconds, Stopping threads took: 0.0033570 seconds
[24.902s][info ][safepoint    ] Application time: 0.0785315 seconds
[24.902s][info ][safepoint    ] Entering safepoint region: GenCollectForAllocation
[24.902s][info ][gc,start     ] GC(185) Pause Young (Allocation Failure)
[24.902s][info ][gc,task      ] GC(185) Using 4 workers of 4 for evacuation
[24.907s][debug][gc,ref       ] GC(185) Skipped phase1 of Reference Processing due to unavailable references
[24.907s][debug][gc,ref       ] GC(185) Skipped phase2 of Reference Processing due to unavailable references
[24.907s][debug][gc,ref       ] GC(185) Skipped phase3 of Reference Processing due to unavailable references
[24.907s][debug][gc,ref       ] GC(185) Skipped phase4 of Reference Processing due to unavailable references
[24.907s][debug][gc,age       ] GC(185) Desired survivor size 15400960 bytes, new threshold 6 (max threshold 6)
[24.907s][info ][gc,heap      ] GC(185) ParNew: 243413K->1699K(270976K)
[24.907s][info ][gc,heap      ] GC(185) CMS: 251478K->252090K(602112K)
[24.907s][info ][gc,metaspace ] GC(185) Metaspace: 49653K->49653K(1093632K)
[24.907s][info ][gc           ] GC(185) Pause Young (Allocation Failure) 483M->247M(852M) 4.929ms
[24.907s][info ][gc,cpu       ] GC(185) User=0.01s Sys=0.00s Real=0.01s
[24.907s][info ][safepoint    ] Leaving safepoint region
[24.907s][info ][safepoint    ] Total time for which application threads were stopped: 0.0053751 seconds, Stopping threads took: 0.0001816 seconds
[24.957s][info ][safepoint    ] Application time: 0.0497896 seconds
[24.961s][info ][safepoint    ] Entering safepoint region: GenCollectForAllocation
[24.961s][info ][gc,start     ] GC(186) Pause Young (Allocation Failure)
[24.961s][info ][gc,task      ] GC(186) Using 4 workers of 4 for evacuation
[24.966s][debug][gc,ref       ] GC(186) Skipped phase1 of Reference Processing due to unavailable references
[24.966s][debug][gc,ref       ] GC(186) Skipped phase2 of Reference Processing due to unavailable references
[24.966s][debug][gc,ref       ] GC(186) Skipped phase3 of Reference Processing due to unavailable references
[24.966s][debug][gc,ref       ] GC(186) Skipped phase4 of Reference Processing due to unavailable references
[24.966s][debug][gc,age       ] GC(186) Desired survivor size 15400960 bytes, new threshold 6 (max threshold 6)
[24.966s][info ][gc,heap      ] GC(186) ParNew: 242595K->2101K(270976K)
[24.966s][info ][gc,heap      ] GC(186) CMS: 252090K->252325K(602112K)
[24.966s][info ][gc,metaspace ] GC(186) Metaspace: 49653K->49653K(1093632K)
[24.966s][info ][gc           ] GC(186) Pause Young (Allocation Failure) 483M->248M(852M) 4.556ms
[24.966s][info ][gc,cpu       ] GC(186) User=0.01s Sys=0.00s Real=0.01s
[24.966s][info ][safepoint    ] Leaving safepoint region
[24.966s][info ][safepoint    ] Total time for which application threads were stopped: 0.0092244 seconds, Stopping threads took: 0.0044523 seconds
[25.036s][info ][safepoint    ] Application time: 0.0700265 seconds
[25.039s][info ][safepoint    ] Entering safepoint region: GenCollectForAllocation
[25.040s][info ][gc,start     ] GC(187) Pause Young (Allocation Failure)
[25.040s][info ][gc,task      ] GC(187) Using 4 workers of 4 for evacuation
[25.043s][debug][gc,ref       ] GC(187) Skipped phase1 of Reference Processing due to unavailable references
[25.043s][debug][gc,ref       ] GC(187) Skipped phase2 of Reference Processing due to unavailable references
[25.043s][debug][gc,ref       ] GC(187) Skipped phase3 of Reference Processing due to unavailable references
[25.043s][debug][gc,ref       ] GC(187) Skipped phase4 of Reference Processing due to unavailable references
[25.043s][debug][gc,age       ] GC(187) Desired survivor size 15400960 bytes, new threshold 6 (max threshold 6)
[25.043s][info ][gc,heap      ] GC(187) ParNew: 242997K->1520K(270976K)
[25.043s][info ][gc,heap      ] GC(187) CMS: 252325K->252345K(602112K)
[25.043s][info ][gc,metaspace ] GC(187) Metaspace: 49653K->49653K(1093632K)
[25.043s][info ][gc           ] GC(187) Pause Young (Allocation Failure) 483M->247M(852M) 3.128ms
[25.043s][info ][gc,cpu       ] GC(187) User=0.02s Sys=0.00s Real=0.00s
[25.043s][info ][safepoint    ] Leaving safepoint region
[25.043s][info ][safepoint    ] Total time for which application threads were stopped: 0.0067018 seconds, Stopping threads took: 0.0033781 seconds
[25.088s][info ][safepoint    ] Application time: 0.0456321 seconds
[25.089s][info ][safepoint    ] Entering safepoint region: GenCollectForAllocation
[25.089s][info ][gc,start     ] GC(188) Pause Young (Allocation Failure)
[25.089s][info ][gc,task      ] GC(188) Using 4 workers of 4 for evacuation
[25.094s][debug][gc,ref       ] GC(188) Skipped phase1 of Reference Processing due to unavailable references
[25.094s][debug][gc,ref       ] GC(188) Skipped phase2 of Reference Processing due to unavailable references
[25.094s][debug][gc,ref       ] GC(188) Skipped phase3 of Reference Processing due to unavailable references
[25.094s][debug][gc,ref       ] GC(188) Skipped phase4 of Reference Processing due to unavailable references
[25.094s][debug][gc,age       ] GC(188) Desired survivor size 15400960 bytes, new threshold 6 (max threshold 6)
[25.094s][info ][gc,heap      ] GC(188) ParNew: 242416K->1044K(270976K)
[25.094s][info ][gc,heap      ] GC(188) CMS: 252345K->252719K(602112K)
[25.094s][info ][gc,metaspace ] GC(188) Metaspace: 49653K->49653K(1093632K)
[25.094s][info ][gc           ] GC(188) Pause Young (Allocation Failure) 483M->247M(852M) 4.997ms
[25.094s][info ][gc,cpu       ] GC(188) User=0.02s Sys=0.00s Real=0.00s
[25.094s][info ][safepoint    ] Leaving safepoint region
[25.094s][info ][safepoint    ] Total time for which application threads were stopped: 0.0055208 seconds, Stopping threads took: 0.0002827 seconds
[25.164s][info ][safepoint    ] Application time: 0.0702511 seconds
[25.165s][info ][safepoint    ] Entering safepoint region: GenCollectForAllocation
[25.165s][info ][gc,start     ] GC(189) Pause Young (Allocation Failure)
[25.165s][info ][gc,task      ] GC(189) Using 4 workers of 4 for evacuation
[25.172s][debug][gc,ref       ] GC(189) Skipped phase1 of Reference Processing due to unavailable references
[25.172s][debug][gc,ref       ] GC(189) Skipped phase2 of Reference Processing due to unavailable references
[25.172s][debug][gc,ref       ] GC(189) Skipped phase3 of Reference Processing due to unavailable references
[25.172s][debug][gc,ref       ] GC(189) Skipped phase4 of Reference Processing due to unavailable references
[25.172s][debug][gc,age       ] GC(189) Desired survivor size 15400960 bytes, new threshold 6 (max threshold 6)
[25.172s][info ][gc,heap      ] GC(189) ParNew: 241940K->3807K(270976K)
[25.172s][info ][gc,heap      ] GC(189) CMS: 252719K->252753K(602112K)
[25.172s][info ][gc,metaspace ] GC(189) Metaspace: 49653K->49653K(1093632K)
[25.172s][info ][gc           ] GC(189) Pause Young (Allocation Failure) 483M->250M(852M) 6.974ms
[25.172s][info ][gc,cpu       ] GC(189) User=0.03s Sys=0.00s Real=0.00s
[25.172s][info ][safepoint    ] Leaving safepoint region
[25.172s][info ][safepoint    ] Total time for which application threads were stopped: 0.0078568 seconds, Stopping threads took: 0.0004792 seconds
[25.235s][info ][safepoint    ] Application time: 0.0630904 seconds
[25.236s][info ][safepoint    ] Entering safepoint region: GenCollectForAllocation
[25.236s][info ][gc,start     ] GC(190) Pause Young (Allocation Failure)
[25.236s][info ][gc,task      ] GC(190) Using 4 workers of 4 for evacuation
[25.245s][debug][gc,ref       ] GC(190) Skipped phase1 of Reference Processing due to unavailable references
[25.245s][debug][gc,ref       ] GC(190) Skipped phase2 of Reference Processing due to unavailable references
[25.245s][debug][gc,ref       ] GC(190) Skipped phase3 of Reference Processing due to unavailable references
[25.245s][debug][gc,ref       ] GC(190) Skipped phase4 of Reference Processing due to unavailable references
[25.245s][debug][gc,age       ] GC(190) Desired survivor size 15400960 bytes, new threshold 6 (max threshold 6)
[25.245s][info ][gc,heap      ] GC(190) ParNew: 244703K->8125K(270976K)
[25.245s][info ][gc,heap      ] GC(190) CMS: 252753K->253266K(602112K)
[25.245s][info ][gc,metaspace ] GC(190) Metaspace: 49654K->49654K(1093632K)
[25.245s][info ][gc           ] GC(190) Pause Young (Allocation Failure) 485M->255M(852M) 9.525ms
[25.245s][info ][gc,cpu       ] GC(190) User=0.05s Sys=0.00s Real=0.02s
[25.245s][info ][safepoint    ] Leaving safepoint region
[25.245s][info ][safepoint    ] Total time for which application threads were stopped: 0.0101030 seconds, Stopping threads took: 0.0003265 seconds
[25.300s][info ][safepoint    ] Application time: 0.0545534 seconds
[25.305s][info ][safepoint    ] Entering safepoint region: GenCollectForAllocation
[25.305s][info ][gc,start     ] GC(191) Pause Young (Allocation Failure)
[25.305s][info ][gc,task      ] GC(191) Using 4 workers of 4 for evacuation
[25.317s][debug][gc,ref       ] GC(191) Skipped phase1 of Reference Processing due to unavailable references
[25.317s][debug][gc,ref       ] GC(191) Skipped phase2 of Reference Processing due to unavailable references
[25.317s][debug][gc,ref       ] GC(191) Skipped phase3 of Reference Processing due to unavailable references
[25.317s][debug][gc,ref       ] GC(191) Skipped phase4 of Reference Processing due to unavailable references
[25.318s][debug][gc,age       ] GC(191) Desired survivor size 15400960 bytes, new threshold 6 (max threshold 6)
[25.318s][info ][gc,heap      ] GC(191) ParNew: 249021K->10964K(270976K)
[25.318s][info ][gc,heap      ] GC(191) CMS: 253266K->253334K(602112K)
[25.318s][info ][gc,metaspace ] GC(191) Metaspace: 49654K->49654K(1093632K)
[25.318s][info ][gc           ] GC(191) Pause Young (Allocation Failure) 490M->258M(852M) 12.492ms
[25.318s][info ][gc,cpu       ] GC(191) User=0.05s Sys=0.00s Real=0.01s
[25.318s][info ][safepoint    ] Leaving safepoint region
[25.318s][info ][safepoint    ] Total time for which application threads were stopped: 0.0177191 seconds, Stopping threads took: 0.0049595 seconds
[25.399s][info ][safepoint    ] Application time: 0.0808583 seconds
[25.406s][info ][safepoint    ] Entering safepoint region: GenCollectForAllocation
[25.406s][info ][gc,start     ] GC(192) Pause Young (Allocation Failure)
[25.406s][info ][gc,task      ] GC(192) Using 4 workers of 4 for evacuation
[25.417s][debug][gc,ref       ] GC(192) Skipped phase1 of Reference Processing due to unavailable references
[25.417s][debug][gc,ref       ] GC(192) Skipped phase2 of Reference Processing due to unavailable references
[25.417s][debug][gc,ref       ] GC(192) Skipped phase3 of Reference Processing due to unavailable references
[25.417s][debug][gc,ref       ] GC(192) Skipped phase4 of Reference Processing due to unavailable references
[25.418s][debug][gc,age       ] GC(192) Desired survivor size 15400960 bytes, new threshold 6 (max threshold 6)
[25.418s][info ][gc,heap      ] GC(192) ParNew: 251860K->12247K(270976K)
[25.418s][info ][gc,heap      ] GC(192) CMS: 253334K->253358K(602112K)
[25.418s][info ][gc,metaspace ] GC(192) Metaspace: 49654K->49654K(1093632K)
[25.418s][info ][gc           ] GC(192) Pause Young (Allocation Failure) 493M->259M(852M) 12.714ms
[25.419s][info ][gc,cpu       ] GC(192) User=0.04s Sys=0.01s Real=0.01s
[25.419s][info ][safepoint    ] Leaving safepoint region
[25.419s][info ][safepoint    ] Total time for which application threads were stopped: 0.0199522 seconds, Stopping threads took: 0.0069891 seconds
[25.470s][info ][safepoint    ] Application time: 0.0511854 seconds
[25.470s][info ][safepoint    ] Entering safepoint region: GenCollectForAllocation
[25.470s][info ][gc,start     ] GC(193) Pause Young (Allocation Failure)
[25.470s][info ][gc,task      ] GC(193) Using 4 workers of 4 for evacuation
[25.479s][debug][gc,ref       ] GC(193) Skipped phase1 of Reference Processing due to unavailable references
[25.479s][debug][gc,ref       ] GC(193) Skipped phase2 of Reference Processing due to unavailable references
[25.479s][debug][gc,ref       ] GC(193) Skipped phase3 of Reference Processing due to unavailable references
[25.479s][debug][gc,ref       ] GC(193) Skipped phase4 of Reference Processing due to unavailable references
[25.479s][debug][gc,age       ] GC(193) Desired survivor size 15400960 bytes, new threshold 6 (max threshold 6)
[25.479s][info ][gc,heap      ] GC(193) ParNew: 253143K->13739K(270976K)
[25.479s][info ][gc,heap      ] GC(193) CMS: 253358K->253434K(602112K)
[25.479s][info ][gc,metaspace ] GC(193) Metaspace: 49654K->49654K(1093632K)
[25.479s][info ][gc           ] GC(193) Pause Young (Allocation Failure) 494M->260M(852M) 8.923ms
[25.479s][info ][gc,cpu       ] GC(193) User=0.04s Sys=0.00s Real=0.01s
[25.479s][info ][safepoint    ] Leaving safepoint region
[25.479s][info ][safepoint    ] Total time for which application threads were stopped: 0.0092152 seconds, Stopping threads took: 0.0000827 seconds
[25.534s][info ][safepoint    ] Application time: 0.0551493 seconds
[25.534s][info ][safepoint    ] Entering safepoint region: GenCollectForAllocation
[25.534s][info ][gc,start     ] GC(194) Pause Young (Allocation Failure)
[25.534s][info ][gc,task      ] GC(194) Using 4 workers of 4 for evacuation
[25.544s][debug][gc,ref       ] GC(194) Skipped phase1 of Reference Processing due to unavailable references
[25.544s][debug][gc,ref       ] GC(194) Skipped phase2 of Reference Processing due to unavailable references
[25.544s][debug][gc,ref       ] GC(194) Skipped phase3 of Reference Processing due to unavailable references
[25.544s][debug][gc,ref       ] GC(194) Skipped phase4 of Reference Processing due to unavailable references
[25.544s][debug][gc,age       ] GC(194) Desired survivor size 15400960 bytes, new threshold 6 (max threshold 6)
[25.544s][info ][gc,heap      ] GC(194) ParNew: 254635K->14291K(270976K)
[25.544s][info ][gc,heap      ] GC(194) CMS: 253434K->253485K(602112K)
[25.544s][info ][gc,metaspace ] GC(194) Metaspace: 49654K->49654K(1093632K)
[25.544s][info ][gc           ] GC(194) Pause Young (Allocation Failure) 496M->261M(852M) 9.322ms
[25.544s][info ][gc,cpu       ] GC(194) User=0.03s Sys=0.00s Real=0.01s
[25.544s][info ][safepoint    ] Leaving safepoint region
[25.544s][info ][safepoint    ] Total time for which application threads were stopped: 0.0096370 seconds, Stopping threads took: 0.0001118 seconds
[25.606s][info ][safepoint    ] Application time: 0.0621012 seconds
[25.608s][info ][safepoint    ] Entering safepoint region: GenCollectForAllocation
[25.608s][info ][gc,start     ] GC(195) Pause Young (Allocation Failure)
[25.609s][info ][gc,task      ] GC(195) Using 4 workers of 4 for evacuation
[25.624s][debug][gc,ref       ] GC(195) Skipped phase1 of Reference Processing due to unavailable references
[25.624s][debug][gc,ref       ] GC(195) Skipped phase2 of Reference Processing due to unavailable references
[25.624s][debug][gc,ref       ] GC(195) Skipped phase3 of Reference Processing due to unavailable references
[25.624s][debug][gc,ref       ] GC(195) Skipped phase4 of Reference Processing due to unavailable references
[25.624s][debug][gc,age       ] GC(195) Desired survivor size 15400960 bytes, new threshold 6 (max threshold 6)
[25.624s][info ][gc,heap      ] GC(195) ParNew: 255187K->7712K(270976K)
[25.624s][info ][gc,heap      ] GC(195) CMS: 253485K->256114K(602112K)
[25.624s][info ][gc,metaspace ] GC(195) Metaspace: 49654K->49654K(1093632K)
[25.624s][info ][gc           ] GC(195) Pause Young (Allocation Failure) 496M->257M(852M) 15.719ms
[25.624s][info ][gc,cpu       ] GC(195) User=0.06s Sys=0.00s Real=0.02s
[25.624s][info ][safepoint    ] Leaving safepoint region
[25.624s][info ][safepoint    ] Total time for which application threads were stopped: 0.0182870 seconds, Stopping threads took: 0.0023635 seconds
[25.666s][info ][safepoint    ] Application time: 0.0419613 seconds
[25.671s][info ][safepoint    ] Entering safepoint region: GenCollectForAllocation
[25.671s][info ][gc,start     ] GC(196) Pause Young (Allocation Failure)
[25.671s][info ][gc,task      ] GC(196) Using 4 workers of 4 for evacuation
[25.681s][debug][gc,ref       ] GC(196) Skipped phase1 of Reference Processing due to unavailable references
[25.682s][debug][gc,ref       ] GC(196) Skipped phase2 of Reference Processing due to unavailable references
[25.682s][debug][gc,ref       ] GC(196) Skipped phase3 of Reference Processing due to unavailable references
[25.682s][debug][gc,ref       ] GC(196) Skipped phase4 of Reference Processing due to unavailable references
[25.682s][debug][gc,age       ] GC(196) Desired survivor size 15400960 bytes, new threshold 6 (max threshold 6)
[25.682s][info ][gc,heap      ] GC(196) ParNew: 248608K->5638K(270976K)
[25.682s][info ][gc,heap      ] GC(196) CMS: 256114K->259792K(602112K)
[25.682s][info ][gc,metaspace ] GC(196) Metaspace: 49654K->49654K(1093632K)
[25.682s][info ][gc           ] GC(196) Pause Young (Allocation Failure) 492M->259M(852M) 10.927ms
[25.682s][info ][gc,cpu       ] GC(196) User=0.04s Sys=0.00s Real=0.01s
[25.682s][info ][safepoint    ] Leaving safepoint region
[25.682s][info ][safepoint    ] Total time for which application threads were stopped: 0.0158908 seconds, Stopping threads took: 0.0047456 seconds
[25.751s][info ][safepoint    ] Application time: 0.0689869 seconds
[25.752s][info ][safepoint    ] Entering safepoint region: GenCollectForAllocation
[25.752s][info ][gc,start     ] GC(197) Pause Young (Allocation Failure)
[25.753s][info ][gc,task      ] GC(197) Using 4 workers of 4 for evacuation
[25.758s][debug][gc,ref       ] GC(197) Skipped phase1 of Reference Processing due to unavailable references
[25.758s][debug][gc,ref       ] GC(197) Skipped phase2 of Reference Processing due to unavailable references
[25.758s][debug][gc,ref       ] GC(197) Skipped phase3 of Reference Processing due to unavailable references
[25.758s][debug][gc,ref       ] GC(197) Skipped phase4 of Reference Processing due to unavailable references
[25.759s][debug][gc,age       ] GC(197) Desired survivor size 15400960 bytes, new threshold 6 (max threshold 6)
[25.759s][info ][gc,heap      ] GC(197) ParNew: 246534K->2262K(270976K)
[25.759s][info ][gc,heap      ] GC(197) CMS: 259792K->260984K(602112K)
[25.759s][info ][gc,metaspace ] GC(197) Metaspace: 49654K->49654K(1093632K)
[25.759s][info ][gc           ] GC(197) Pause Young (Allocation Failure) 494M->257M(852M) 6.142ms
[25.759s][info ][gc,cpu       ] GC(197) User=0.02s Sys=0.00s Real=0.01s
[25.759s][info ][safepoint    ] Leaving safepoint region
[25.759s][info ][safepoint    ] Total time for which application threads were stopped: 0.0074268 seconds, Stopping threads took: 0.0010578 seconds
[25.805s][info ][safepoint    ] Application time: 0.0458241 seconds
[25.809s][info ][safepoint    ] Entering safepoint region: GenCollectForAllocation
[25.809s][info ][gc,start     ] GC(198) Pause Young (Allocation Failure)
[25.809s][info ][gc,task      ] GC(198) Using 4 workers of 4 for evacuation
[25.812s][debug][gc,ref       ] GC(198) Skipped phase1 of Reference Processing due to unavailable references
[25.812s][debug][gc,ref       ] GC(198) Skipped phase2 of Reference Processing due to unavailable references
[25.812s][debug][gc,ref       ] GC(198) Skipped phase3 of Reference Processing due to unavailable references
[25.812s][debug][gc,ref       ] GC(198) Skipped phase4 of Reference Processing due to unavailable references
[25.812s][debug][gc,age       ] GC(198) Desired survivor size 15400960 bytes, new threshold 6 (max threshold 6)
[25.813s][info ][gc,heap      ] GC(198) ParNew: 243158K->1017K(270976K)
[25.813s][info ][gc,heap      ] GC(198) CMS: 260984K->261682K(602112K)
[25.813s][info ][gc,metaspace ] GC(198) Metaspace: 49654K->49654K(1093632K)
[25.813s][info ][gc           ] GC(198) Pause Young (Allocation Failure) 492M->256M(852M) 3.801ms
[25.813s][info ][gc,cpu       ] GC(198) User=0.01s Sys=0.00s Real=0.00s
[25.813s][info ][safepoint    ] Leaving safepoint region
[25.813s][info ][safepoint    ] Total time for which application threads were stopped: 0.0081238 seconds, Stopping threads took: 0.0040577 seconds
[25.913s][info ][safepoint    ] Application time: 0.1000652 seconds
[25.918s][info ][safepoint    ] Entering safepoint region: GenCollectForAllocation
[25.919s][info ][gc,start     ] GC(199) Pause Young (Allocation Failure)
[25.919s][info ][gc,task      ] GC(199) Using 4 workers of 4 for evacuation
[25.921s][debug][gc,ref       ] GC(199) Skipped phase1 of Reference Processing due to unavailable references
[25.921s][debug][gc,ref       ] GC(199) Skipped phase2 of Reference Processing due to unavailable references
[25.921s][debug][gc,ref       ] GC(199) Skipped phase3 of Reference Processing due to unavailable references
[25.921s][debug][gc,ref       ] GC(199) Skipped phase4 of Reference Processing due to unavailable references
[25.921s][debug][gc,age       ] GC(199) Desired survivor size 15400960 bytes, new threshold 6 (max threshold 6)
[25.921s][info ][gc,heap      ] GC(199) ParNew: 241913K->574K(270976K)
[25.921s][info ][gc,heap      ] GC(199) CMS: 261682K->261899K(602112K)
[25.921s][info ][gc,metaspace ] GC(199) Metaspace: 49668K->49668K(1093632K)
[25.921s][info ][gc           ] GC(199) Pause Young (Allocation Failure) 491M->256M(852M) 2.731ms
[25.921s][info ][gc,cpu       ] GC(199) User=0.01s Sys=0.00s Real=0.00s
[25.921s][info ][safepoint    ] Leaving safepoint region
[25.921s][info ][safepoint    ] Total time for which application threads were stopped: 0.0085333 seconds, Stopping threads took: 0.0055714 seconds
[25.965s][info ][safepoint    ] Application time: 0.0433581 seconds
[25.965s][info ][safepoint    ] Entering safepoint region: GenCollectForAllocation
[25.965s][info ][gc,start     ] GC(200) Pause Young (Allocation Failure)
[25.965s][info ][gc,task      ] GC(200) Using 4 workers of 4 for evacuation
[25.968s][debug][gc,ref       ] GC(200) Skipped phase1 of Reference Processing due to unavailable references
[25.968s][debug][gc,ref       ] GC(200) Skipped phase2 of Reference Processing due to unavailable references
[25.968s][debug][gc,ref       ] GC(200) Skipped phase3 of Reference Processing due to unavailable references
[25.968s][debug][gc,ref       ] GC(200) Skipped phase4 of Reference Processing due to unavailable references
[25.968s][debug][gc,age       ] GC(200) Desired survivor size 15400960 bytes, new threshold 6 (max threshold 6)
[25.968s][info ][gc,heap      ] GC(200) ParNew: 241470K->554K(270976K)
[25.968s][info ][gc,heap      ] GC(200) CMS: 261899K->261941K(602112K)
[25.968s][info ][gc,metaspace ] GC(200) Metaspace: 49669K->49669K(1093632K)
[25.968s][info ][gc           ] GC(200) Pause Young (Allocation Failure) 491M->256M(852M) 2.883ms
[25.968s][info ][gc,cpu       ] GC(200) User=0.01s Sys=0.00s Real=0.00s
[25.968s][info ][safepoint    ] Leaving safepoint region
[25.968s][info ][safepoint    ] Total time for which application threads were stopped: 0.0032895 seconds, Stopping threads took: 0.0001928 seconds
[26.035s][info ][safepoint    ] Application time: 0.0671752 seconds
[26.035s][info ][safepoint    ] Entering safepoint region: GenCollectForAllocation
[26.036s][info ][gc,start     ] GC(201) Pause Young (Allocation Failure)
[26.036s][info ][gc,task      ] GC(201) Using 4 workers of 4 for evacuation
[26.037s][debug][gc,ref       ] GC(201) Skipped phase1 of Reference Processing due to unavailable references
[26.037s][debug][gc,ref       ] GC(201) Skipped phase2 of Reference Processing due to unavailable references
[26.037s][debug][gc,ref       ] GC(201) Skipped phase3 of Reference Processing due to unavailable references
[26.037s][debug][gc,ref       ] GC(201) Skipped phase4 of Reference Processing due to unavailable references
[26.038s][debug][gc,age       ] GC(201) Desired survivor size 15400960 bytes, new threshold 6 (max threshold 6)
[26.038s][info ][gc,heap      ] GC(201) ParNew: 241450K->648K(270976K)
[26.038s][info ][gc,heap      ] GC(201) CMS: 261941K->262017K(602112K)
[26.038s][info ][gc,metaspace ] GC(201) Metaspace: 49669K->49669K(1093632K)
[26.038s][info ][gc           ] GC(201) Pause Young (Allocation Failure) 491M->256M(852M) 1.995ms
[26.038s][info ][gc,cpu       ] GC(201) User=0.02s Sys=0.00s Real=0.01s
[26.038s][info ][safepoint    ] Leaving safepoint region
[26.038s][info ][safepoint    ] Total time for which application threads were stopped: 0.0023559 seconds, Stopping threads took: 0.0001405 seconds
[26.083s][info ][safepoint    ] Application time: 0.0453103 seconds
[26.083s][info ][safepoint    ] Entering safepoint region: GenCollectForAllocation
[26.083s][info ][gc,start     ] GC(202) Pause Young (Allocation Failure)
[26.083s][info ][gc,task      ] GC(202) Using 4 workers of 4 for evacuation
[26.085s][debug][gc,ref       ] GC(202) Skipped phase1 of Reference Processing due to unavailable references
[26.085s][debug][gc,ref       ] GC(202) Skipped phase2 of Reference Processing due to unavailable references
[26.085s][debug][gc,ref       ] GC(202) Skipped phase3 of Reference Processing due to unavailable references
[26.085s][debug][gc,ref       ] GC(202) Skipped phase4 of Reference Processing due to unavailable references
[26.085s][debug][gc,age       ] GC(202) Desired survivor size 15400960 bytes, new threshold 6 (max threshold 6)
[26.085s][info ][gc,heap      ] GC(202) ParNew: 241544K->735K(270976K)
[26.085s][info ][gc,heap      ] GC(202) CMS: 262017K->262052K(602112K)
[26.085s][info ][gc,metaspace ] GC(202) Metaspace: 49669K->49669K(1093632K)
[26.085s][info ][gc           ] GC(202) Pause Young (Allocation Failure) 491M->256M(852M) 2.043ms
[26.085s][info ][gc,cpu       ] GC(202) User=0.01s Sys=0.00s Real=0.01s
[26.085s][info ][safepoint    ] Leaving safepoint region
[26.085s][info ][safepoint    ] Total time for which application threads were stopped: 0.0024146 seconds, Stopping threads took: 0.0001850 seconds
[26.149s][info ][safepoint    ] Application time: 0.0631793 seconds
[26.149s][info ][safepoint    ] Entering safepoint region: GenCollectForAllocation
[26.149s][info ][gc,start     ] GC(203) Pause Young (Allocation Failure)
[26.149s][info ][gc,task      ] GC(203) Using 4 workers of 4 for evacuation
[26.151s][debug][gc,ref       ] GC(203) Skipped phase1 of Reference Processing due to unavailable references
[26.151s][debug][gc,ref       ] GC(203) Skipped phase2 of Reference Processing due to unavailable references
[26.151s][debug][gc,ref       ] GC(203) Skipped phase3 of Reference Processing due to unavailable references
[26.151s][debug][gc,ref       ] GC(203) Skipped phase4 of Reference Processing due to unavailable references
[26.151s][debug][gc,age       ] GC(203) Desired survivor size 15400960 bytes, new threshold 6 (max threshold 6)
[26.151s][info ][gc,heap      ] GC(203) ParNew: 241631K->541K(270976K)
[26.151s][info ][gc,heap      ] GC(203) CMS: 262052K->262124K(602112K)
[26.151s][info ][gc,metaspace ] GC(203) Metaspace: 49670K->49670K(1093632K)
[26.151s][info ][gc           ] GC(203) Pause Young (Allocation Failure) 491M->256M(852M) 2.448ms
[26.151s][info ][gc,cpu       ] GC(203) User=0.01s Sys=0.00s Real=0.00s
[26.151s][info ][safepoint    ] Leaving safepoint region
[26.151s][info ][safepoint    ] Total time for which application threads were stopped: 0.0027059 seconds, Stopping threads took: 0.0000734 seconds
[26.203s][info ][safepoint    ] Application time: 0.0516907 seconds
[26.203s][info ][safepoint    ] Entering safepoint region: GenCollectForAllocation
[26.203s][info ][gc,start     ] GC(204) Pause Young (Allocation Failure)
[26.203s][info ][gc,task      ] GC(204) Using 4 workers of 4 for evacuation
[26.205s][debug][gc,ref       ] GC(204) Skipped phase1 of Reference Processing due to unavailable references
[26.205s][debug][gc,ref       ] GC(204) Skipped phase2 of Reference Processing due to unavailable references
[26.205s][debug][gc,ref       ] GC(204) Skipped phase3 of Reference Processing due to unavailable references
[26.205s][debug][gc,ref       ] GC(204) Skipped phase4 of Reference Processing due to unavailable references
[26.205s][debug][gc,age       ] GC(204) Desired survivor size 15400960 bytes, new threshold 6 (max threshold 6)
[26.205s][info ][gc,heap      ] GC(204) ParNew: 241437K->678K(270976K)
[26.206s][info ][gc,heap      ] GC(204) CMS: 262124K->262160K(602112K)
[26.206s][info ][gc,metaspace ] GC(204) Metaspace: 49671K->49671K(1093632K)
[26.206s][info ][gc           ] GC(204) Pause Young (Allocation Failure) 491M->256M(852M) 2.088ms
[26.206s][info ][gc,cpu       ] GC(204) User=0.01s Sys=0.00s Real=0.01s
[26.206s][info ][safepoint    ] Leaving safepoint region
[26.206s][info ][safepoint    ] Total time for which application threads were stopped: 0.0024540 seconds, Stopping threads took: 0.0001758 seconds
[26.264s][info ][safepoint    ] Application time: 0.0579317 seconds
[26.264s][info ][safepoint    ] Entering safepoint region: GenCollectForAllocation
[26.264s][info ][gc,start     ] GC(205) Pause Young (Allocation Failure)
[26.264s][info ][gc,task      ] GC(205) Using 4 workers of 4 for evacuation
[26.266s][debug][gc,ref       ] GC(205) Skipped phase1 of Reference Processing due to unavailable references
[26.266s][debug][gc,ref       ] GC(205) Skipped phase2 of Reference Processing due to unavailable references
[26.266s][debug][gc,ref       ] GC(205) Skipped phase3 of Reference Processing due to unavailable references
[26.266s][debug][gc,ref       ] GC(205) Skipped phase4 of Reference Processing due to unavailable references
[26.266s][debug][gc,age       ] GC(205) Desired survivor size 15400960 bytes, new threshold 6 (max threshold 6)
[26.266s][info ][gc,heap      ] GC(205) ParNew: 241574K->641K(270976K)
[26.266s][info ][gc,heap      ] GC(205) CMS: 262160K->262243K(602112K)
[26.266s][info ][gc,metaspace ] GC(205) Metaspace: 49671K->49671K(1093632K)
[26.266s][info ][gc           ] GC(205) Pause Young (Allocation Failure) 491M->256M(852M) 2.377ms
[26.266s][info ][gc,cpu       ] GC(205) User=0.01s Sys=0.00s Real=0.01s
[26.266s][info ][safepoint    ] Leaving safepoint region
[26.266s][info ][safepoint    ] Total time for which application threads were stopped: 0.0027546 seconds, Stopping threads took: 0.0001357 seconds
[26.321s][info ][safepoint    ] Application time: 0.0545739 seconds
[26.321s][info ][safepoint    ] Entering safepoint region: GenCollectForAllocation
[26.321s][info ][gc,start     ] GC(206) Pause Young (Allocation Failure)
[26.321s][info ][gc,task      ] GC(206) Using 4 workers of 4 for evacuation
[26.324s][debug][gc,ref       ] GC(206) Skipped phase1 of Reference Processing due to unavailable references
[26.324s][debug][gc,ref       ] GC(206) Skipped phase2 of Reference Processing due to unavailable references
[26.324s][debug][gc,ref       ] GC(206) Skipped phase3 of Reference Processing due to unavailable references
[26.324s][debug][gc,ref       ] GC(206) Skipped phase4 of Reference Processing due to unavailable references
[26.324s][debug][gc,age       ] GC(206) Desired survivor size 15400960 bytes, new threshold 6 (max threshold 6)
[26.324s][info ][gc,heap      ] GC(206) ParNew: 241537K->636K(270976K)
[26.324s][info ][gc,heap      ] GC(206) CMS: 262243K->262274K(602112K)
[26.324s][info ][gc,metaspace ] GC(206) Metaspace: 49671K->49671K(1093632K)
[26.324s][info ][gc           ] GC(206) Pause Young (Allocation Failure) 491M->256M(852M) 2.578ms
[26.324s][info ][gc,cpu       ] GC(206) User=0.00s Sys=0.00s Real=0.00s
[26.324s][info ][safepoint    ] Leaving safepoint region
[26.324s][info ][safepoint    ] Total time for which application threads were stopped: 0.0031084 seconds, Stopping threads took: 0.0002972 seconds
[26.402s][info ][safepoint    ] Application time: 0.0777682 seconds
[26.404s][info ][safepoint    ] Entering safepoint region: GenCollectForAllocation
[26.405s][info ][gc,start     ] GC(207) Pause Young (Allocation Failure)
[26.405s][info ][gc,task      ] GC(207) Using 4 workers of 4 for evacuation
[26.407s][debug][gc,ref       ] GC(207) Skipped phase1 of Reference Processing due to unavailable references
[26.407s][debug][gc,ref       ] GC(207) Skipped phase2 of Reference Processing due to unavailable references
[26.407s][debug][gc,ref       ] GC(207) Skipped phase3 of Reference Processing due to unavailable references
[26.407s][debug][gc,ref       ] GC(207) Skipped phase4 of Reference Processing due to unavailable references
[26.407s][debug][gc,age       ] GC(207) Desired survivor size 15400960 bytes, new threshold 6 (max threshold 6)
[26.407s][info ][gc,heap      ] GC(207) ParNew: 241532K->767K(270976K)
[26.407s][info ][gc,heap      ] GC(207) CMS: 262274K->262356K(602112K)
[26.407s][info ][gc,metaspace ] GC(207) Metaspace: 49679K->49679K(1093632K)
[26.407s][info ][gc           ] GC(207) Pause Young (Allocation Failure) 491M->256M(852M) 2.694ms
[26.407s][info ][gc,cpu       ] GC(207) User=0.01s Sys=0.01s Real=0.00s
[26.407s][info ][safepoint    ] Leaving safepoint region
[26.407s][info ][safepoint    ] Total time for which application threads were stopped: 0.0054281 seconds, Stopping threads took: 0.0025150 seconds
[26.477s][info ][safepoint    ] Application time: 0.0695224 seconds
[26.485s][info ][safepoint    ] Entering safepoint region: GenCollectForAllocation
[26.485s][info ][gc,start     ] GC(208) Pause Young (Allocation Failure)
[26.485s][info ][gc,task      ] GC(208) Using 4 workers of 4 for evacuation
[26.488s][debug][gc,ref       ] GC(208) Skipped phase1 of Reference Processing due to unavailable references
[26.488s][debug][gc,ref       ] GC(208) Skipped phase2 of Reference Processing due to unavailable references
[26.488s][debug][gc,ref       ] GC(208) Skipped phase3 of Reference Processing due to unavailable references
[26.488s][debug][gc,ref       ] GC(208) Skipped phase4 of Reference Processing due to unavailable references
[26.488s][debug][gc,age       ] GC(208) Desired survivor size 15400960 bytes, new threshold 6 (max threshold 6)
[26.488s][info ][gc,heap      ] GC(208) ParNew: 241663K->616K(270976K)
[26.488s][info ][gc,heap      ] GC(208) CMS: 262356K->262400K(602112K)
[26.488s][info ][gc,metaspace ] GC(208) Metaspace: 49679K->49679K(1093632K)
[26.488s][info ][gc           ] GC(208) Pause Young (Allocation Failure) 492M->256M(852M) 2.492ms
[26.488s][info ][gc,cpu       ] GC(208) User=0.01s Sys=0.00s Real=0.00s
[26.488s][info ][safepoint    ] Leaving safepoint region
[26.488s][info ][safepoint    ] Total time for which application threads were stopped: 0.0110874 seconds, Stopping threads took: 0.0083603 seconds
[26.562s][info ][safepoint    ] Application time: 0.0741364 seconds
[26.562s][info ][safepoint    ] Entering safepoint region: GenCollectForAllocation
[26.563s][info ][gc,start     ] GC(209) Pause Young (Allocation Failure)
[26.563s][info ][gc,task      ] GC(209) Using 4 workers of 4 for evacuation
[26.565s][debug][gc,ref       ] GC(209) Skipped phase1 of Reference Processing due to unavailable references
[26.565s][debug][gc,ref       ] GC(209) Skipped phase2 of Reference Processing due to unavailable references
[26.565s][debug][gc,ref       ] GC(209) Skipped phase3 of Reference Processing due to unavailable references
[26.565s][debug][gc,ref       ] GC(209) Skipped phase4 of Reference Processing due to unavailable references
[26.565s][debug][gc,age       ] GC(209) Desired survivor size 15400960 bytes, new threshold 6 (max threshold 6)
[26.565s][info ][gc,heap      ] GC(209) ParNew: 241512K->727K(270976K)
[26.565s][info ][gc,heap      ] GC(209) CMS: 262400K->262468K(602112K)
[26.565s][info ][gc,metaspace ] GC(209) Metaspace: 49679K->49679K(1093632K)
[26.565s][info ][gc           ] GC(209) Pause Young (Allocation Failure) 492M->257M(852M) 2.153ms
[26.565s][info ][gc,cpu       ] GC(209) User=0.00s Sys=0.00s Real=0.01s
[26.565s][info ][safepoint    ] Leaving safepoint region
[26.565s][info ][safepoint    ] Total time for which application threads were stopped: 0.0027065 seconds, Stopping threads took: 0.0003470 seconds
[26.633s][info ][safepoint    ] Application time: 0.0683183 seconds
[26.634s][info ][safepoint    ] Entering safepoint region: GenCollectForAllocation
[26.634s][info ][gc,start     ] GC(210) Pause Young (Allocation Failure)
[26.634s][info ][gc,task      ] GC(210) Using 4 workers of 4 for evacuation
[26.636s][debug][gc,ref       ] GC(210) Skipped phase1 of Reference Processing due to unavailable references
[26.636s][debug][gc,ref       ] GC(210) Skipped phase2 of Reference Processing due to unavailable references
[26.636s][debug][gc,ref       ] GC(210) Skipped phase3 of Reference Processing due to unavailable references
[26.636s][debug][gc,ref       ] GC(210) Skipped phase4 of Reference Processing due to unavailable references
[26.636s][debug][gc,age       ] GC(210) Desired survivor size 15400960 bytes, new threshold 6 (max threshold 6)
[26.636s][info ][gc,heap      ] GC(210) ParNew: 241623K->692K(270976K)
[26.636s][info ][gc,heap      ] GC(210) CMS: 262468K->262521K(602112K)
[26.636s][info ][gc,metaspace ] GC(210) Metaspace: 49679K->49679K(1093632K)
[26.636s][info ][gc           ] GC(210) Pause Young (Allocation Failure) 492M->257M(852M) 2.208ms
[26.636s][info ][gc,cpu       ] GC(210) User=0.01s Sys=0.00s Real=0.01s
[26.636s][info ][safepoint    ] Leaving safepoint region
[26.636s][info ][safepoint    ] Total time for which application threads were stopped: 0.0030989 seconds, Stopping threads took: 0.0006888 seconds
[26.719s][info ][safepoint    ] Application time: 0.0823908 seconds
[26.724s][info ][safepoint    ] Entering safepoint region: GenCollectForAllocation
[26.725s][info ][gc,start     ] GC(211) Pause Young (Allocation Failure)
[26.725s][info ][gc,task      ] GC(211) Using 4 workers of 4 for evacuation
[26.728s][debug][gc,ref       ] GC(211) Skipped phase1 of Reference Processing due to unavailable references
[26.728s][debug][gc,ref       ] GC(211) Skipped phase2 of Reference Processing due to unavailable references
[26.728s][debug][gc,ref       ] GC(211) Skipped phase3 of Reference Processing due to unavailable references
[26.728s][debug][gc,ref       ] GC(211) Skipped phase4 of Reference Processing due to unavailable references
[26.729s][debug][gc,age       ] GC(211) Desired survivor size 15400960 bytes, new threshold 6 (max threshold 6)
[26.729s][info ][gc,heap      ] GC(211) ParNew: 241588K->825K(270976K)
[26.729s][info ][gc,heap      ] GC(211) CMS: 262521K->262580K(602112K)
[26.729s][info ][gc,metaspace ] GC(211) Metaspace: 49679K->49679K(1093632K)
[26.729s][info ][gc           ] GC(211) Pause Young (Allocation Failure) 492M->257M(852M) 4.074ms
[26.729s][info ][gc,cpu       ] GC(211) User=0.01s Sys=0.00s Real=0.00s
[26.729s][info ][safepoint    ] Leaving safepoint region
[26.729s][info ][safepoint    ] Total time for which application threads were stopped: 0.0099272 seconds, Stopping threads took: 0.0056225 seconds
[26.740s][info ][safepoint    ] Application time: 0.0113591 seconds
[26.745s][info ][safepoint    ] Entering safepoint region: Deoptimize
[26.747s][info ][safepoint    ] Leaving safepoint region
[26.747s][info ][safepoint    ] Total time for which application threads were stopped: 0.0067888 seconds, Stopping threads took: 0.0048122 seconds
[26.835s][info ][safepoint    ] Application time: 0.0881570 seconds
[26.835s][info ][safepoint    ] Entering safepoint region: GenCollectForAllocation
[26.835s][info ][gc,start     ] GC(212) Pause Young (Allocation Failure)
[26.835s][info ][gc,task      ] GC(212) Using 4 workers of 4 for evacuation
[26.838s][debug][gc,ref       ] GC(212) Skipped phase1 of Reference Processing due to unavailable references
[26.838s][debug][gc,ref       ] GC(212) Skipped phase2 of Reference Processing due to unavailable references
[26.838s][debug][gc,ref       ] GC(212) Skipped phase3 of Reference Processing due to unavailable references
[26.838s][debug][gc,ref       ] GC(212) Skipped phase4 of Reference Processing due to unavailable references
[26.838s][debug][gc,age       ] GC(212) Desired survivor size 15400960 bytes, new threshold 6 (max threshold 6)
[26.838s][info ][gc,heap      ] GC(212) ParNew: 241721K->750K(270976K)
[26.838s][info ][gc,heap      ] GC(212) CMS: 262580K->262644K(602112K)
[26.838s][info ][gc,metaspace ] GC(212) Metaspace: 49686K->49686K(1093632K)
[26.838s][info ][gc           ] GC(212) Pause Young (Allocation Failure) 492M->257M(852M) 2.723ms
[26.838s][info ][gc,cpu       ] GC(212) User=0.01s Sys=0.00s Real=0.01s
[26.838s][info ][safepoint    ] Leaving safepoint region
[26.838s][info ][safepoint    ] Total time for which application threads were stopped: 0.0031143 seconds, Stopping threads took: 0.0001810 seconds
[26.877s][info ][safepoint    ] Application time: 0.0387661 seconds
[26.881s][info ][safepoint    ] Entering safepoint region: RevokeBias
[26.881s][info ][safepoint    ] Leaving safepoint region
[26.881s][info ][safepoint    ] Total time for which application threads were stopped: 0.0038547 seconds, Stopping threads took: 0.0036649 seconds
[26.890s][info ][safepoint    ] Application time: 0.0087156 seconds
[26.890s][info ][safepoint    ] Entering safepoint region: RevokeBias
[26.890s][info ][safepoint    ] Leaving safepoint region
[26.890s][info ][safepoint    ] Total time for which application threads were stopped: 0.0002815 seconds, Stopping threads took: 0.0001169 seconds
[26.890s][info ][safepoint    ] Application time: 0.0005422 seconds
[26.896s][info ][safepoint    ] Entering safepoint region: RevokeBias
[26.896s][info ][safepoint    ] Leaving safepoint region
[26.896s][info ][safepoint    ] Total time for which application threads were stopped: 0.0058640 seconds, Stopping threads took: 0.0057095 seconds
[26.966s][info ][safepoint    ] Application time: 0.0700090 seconds
[26.968s][info ][safepoint    ] Entering safepoint region: GenCollectForAllocation
[26.968s][info ][gc,start     ] GC(213) Pause Young (Allocation Failure)
[26.968s][info ][gc,task      ] GC(213) Using 4 workers of 4 for evacuation
[26.971s][debug][gc,ref       ] GC(213) Skipped phase1 of Reference Processing due to unavailable references
[26.971s][debug][gc,ref       ] GC(213) Skipped phase3 of Reference Processing due to unavailable references
[26.971s][debug][gc,age       ] GC(213) Desired survivor size 15400960 bytes, new threshold 6 (max threshold 6)
[26.971s][info ][gc,heap      ] GC(213) ParNew: 241646K->1191K(270976K)
[26.971s][info ][gc,heap      ] GC(213) CMS: 262644K->262699K(602112K)
[26.971s][info ][gc,metaspace ] GC(213) Metaspace: 50658K->50658K(1095680K)
[26.971s][info ][gc           ] GC(213) Pause Young (Allocation Failure) 492M->257M(852M) 3.120ms
[26.971s][info ][gc,cpu       ] GC(213) User=0.02s Sys=0.00s Real=0.00s
[26.971s][info ][safepoint    ] Leaving safepoint region
[26.971s][info ][safepoint    ] Total time for which application threads were stopped: 0.0048120 seconds, Stopping threads took: 0.0013733 seconds
[26.988s][info ][safepoint    ] Application time: 0.0172577 seconds
[26.989s][info ][safepoint    ] Entering safepoint region: RevokeBias
[26.989s][info ][safepoint    ] Leaving safepoint region
[26.989s][info ][safepoint    ] Total time for which application threads were stopped: 0.0004845 seconds, Stopping threads took: 0.0003067 seconds
[27.057s][info ][safepoint    ] Application time: 0.0680431 seconds
[27.057s][info ][safepoint    ] Entering safepoint region: RevokeBias
[27.057s][info ][safepoint    ] Leaving safepoint region
[27.057s][info ][safepoint    ] Total time for which application threads were stopped: 0.0003926 seconds, Stopping threads took: 0.0002335 seconds
[27.060s][info ][safepoint    ] Application time: 0.0023071 seconds
[27.060s][info ][safepoint    ] Entering safepoint region: RevokeBias
[27.060s][info ][safepoint    ] Leaving safepoint region
[27.060s][info ][safepoint    ] Total time for which application threads were stopped: 0.0002092 seconds, Stopping threads took: 0.0000953 seconds
[27.071s][info ][safepoint    ] Application time: 0.0111393 seconds
[27.071s][info ][safepoint    ] Entering safepoint region: GenCollectForAllocation
[27.072s][info ][gc,start     ] GC(214) Pause Young (Allocation Failure)
[27.072s][info ][gc,task      ] GC(214) Using 4 workers of 4 for evacuation
[27.074s][debug][gc,ref       ] GC(214) Skipped phase1 of Reference Processing due to unavailable references
[27.074s][debug][gc,ref       ] GC(214) Skipped phase3 of Reference Processing due to unavailable references
[27.074s][debug][gc,age       ] GC(214) Desired survivor size 15400960 bytes, new threshold 6 (max threshold 6)
[27.074s][info ][gc,heap      ] GC(214) ParNew: 242087K->1477K(270976K)
[27.074s][info ][gc,heap      ] GC(214) CMS: 262699K->262791K(602112K)
[27.074s][info ][gc,metaspace ] GC(214) Metaspace: 51212K->51212K(1095680K)
[27.074s][info ][gc           ] GC(214) Pause Young (Allocation Failure) 492M->258M(852M) 2.889ms
[27.074s][info ][gc,cpu       ] GC(214) User=0.02s Sys=0.00s Real=0.00s
[27.074s][info ][safepoint    ] Leaving safepoint region
[27.074s][info ][safepoint    ] Total time for which application threads were stopped: 0.0032649 seconds, Stopping threads took: 0.0001544 seconds
[27.130s][info ][safepoint    ] Application time: 0.0558660 seconds
[27.131s][info ][safepoint    ] Entering safepoint region: GenCollectForAllocation
[27.131s][info ][gc,start     ] GC(215) Pause Young (Allocation Failure)
[27.131s][info ][gc,task      ] GC(215) Using 4 workers of 4 for evacuation
[27.134s][debug][gc,ref       ] GC(215) Skipped phase1 of Reference Processing due to unavailable references
[27.134s][debug][gc,ref       ] GC(215) Skipped phase3 of Reference Processing due to unavailable references
[27.134s][debug][gc,ref       ] GC(215) Skipped phase4 of Reference Processing due to unavailable references
[27.134s][debug][gc,age       ] GC(215) Desired survivor size 15400960 bytes, new threshold 6 (max threshold 6)
[27.134s][info ][gc,heap      ] GC(215) ParNew: 242373K->1645K(270976K)
[27.134s][info ][gc,heap      ] GC(215) CMS: 262791K->262862K(602112K)
[27.134s][info ][gc,metaspace ] GC(215) Metaspace: 51212K->51212K(1095680K)
[27.134s][info ][gc           ] GC(215) Pause Young (Allocation Failure) 493M->258M(852M) 2.935ms
[27.134s][info ][gc,cpu       ] GC(215) User=0.01s Sys=0.00s Real=0.00s
[27.134s][info ][safepoint    ] Leaving safepoint region
[27.134s][info ][safepoint    ] Total time for which application threads were stopped: 0.0035070 seconds, Stopping threads took: 0.0003214 seconds
[27.205s][info ][safepoint    ] Application time: 0.0708328 seconds
[27.205s][info ][safepoint    ] Entering safepoint region: GenCollectForAllocation
[27.205s][info ][gc,start     ] GC(216) Pause Young (Allocation Failure)
[27.205s][info ][gc,task      ] GC(216) Using 4 workers of 4 for evacuation
[27.209s][debug][gc,ref       ] GC(216) Skipped phase1 of Reference Processing due to unavailable references
[27.209s][debug][gc,ref       ] GC(216) Skipped phase3 of Reference Processing due to unavailable references
[27.209s][debug][gc,ref       ] GC(216) Skipped phase4 of Reference Processing due to unavailable references
[27.209s][debug][gc,age       ] GC(216) Desired survivor size 15400960 bytes, new threshold 6 (max threshold 6)
[27.209s][info ][gc,heap      ] GC(216) ParNew: 242541K->1548K(270976K)
[27.209s][info ][gc,heap      ] GC(216) CMS: 262862K->262932K(602112K)
[27.209s][info ][gc,metaspace ] GC(216) Metaspace: 51212K->51212K(1095680K)
[27.209s][info ][gc           ] GC(216) Pause Young (Allocation Failure) 493M->258M(852M) 3.845ms
[27.209s][info ][gc,cpu       ] GC(216) User=0.01s Sys=0.00s Real=0.00s
[27.209s][info ][safepoint    ] Leaving safepoint region
[27.209s][info ][safepoint    ] Total time for which application threads were stopped: 0.0043737 seconds, Stopping threads took: 0.0002905 seconds
[27.301s][info ][safepoint    ] Application time: 0.0917475 seconds
[27.309s][info ][safepoint    ] Entering safepoint region: GenCollectForAllocation
[27.310s][info ][gc,start     ] GC(217) Pause Young (Allocation Failure)
[27.310s][info ][gc,task      ] GC(217) Using 4 workers of 4 for evacuation
[27.314s][debug][gc,ref       ] GC(217) Skipped phase1 of Reference Processing due to unavailable references
[27.314s][debug][gc,ref       ] GC(217) Skipped phase3 of Reference Processing due to unavailable references
[27.314s][debug][gc,ref       ] GC(217) Skipped phase4 of Reference Processing due to unavailable references
[27.314s][debug][gc,age       ] GC(217) Desired survivor size 15400960 bytes, new threshold 6 (max threshold 6)
[27.314s][info ][gc,heap      ] GC(217) ParNew: 242444K->1865K(270976K)
[27.314s][info ][gc,heap      ] GC(217) CMS: 262932K->263019K(602112K)
[27.314s][info ][gc,metaspace ] GC(217) Metaspace: 51212K->51212K(1095680K)
[27.314s][info ][gc           ] GC(217) Pause Young (Allocation Failure) 493M->258M(852M) 4.789ms
[27.314s][info ][gc,cpu       ] GC(217) User=0.02s Sys=0.00s Real=0.00s
[27.314s][info ][safepoint    ] Leaving safepoint region
[27.314s][info ][safepoint    ] Total time for which application threads were stopped: 0.0135284 seconds, Stopping threads took: 0.0084762 seconds
[27.382s][info ][safepoint    ] Application time: 0.0673986 seconds
[27.385s][info ][safepoint    ] Entering safepoint region: GenCollectForAllocation
[27.385s][info ][gc,start     ] GC(218) Pause Young (Allocation Failure)
[27.385s][info ][gc,task      ] GC(218) Using 4 workers of 4 for evacuation
[27.388s][debug][gc,ref       ] GC(218) Skipped phase1 of Reference Processing due to unavailable references
[27.388s][debug][gc,ref       ] GC(218) Skipped phase3 of Reference Processing due to unavailable references
[27.388s][debug][gc,ref       ] GC(218) Skipped phase4 of Reference Processing due to unavailable references
[27.388s][debug][gc,age       ] GC(218) Desired survivor size 15400960 bytes, new threshold 6 (max threshold 6)
[27.388s][info ][gc,heap      ] GC(218) ParNew: 242761K->1557K(270976K)
[27.388s][info ][gc,heap      ] GC(218) CMS: 263019K->263110K(602112K)
[27.388s][info ][gc,metaspace ] GC(218) Metaspace: 51214K->51214K(1095680K)
[27.388s][info ][gc           ] GC(218) Pause Young (Allocation Failure) 493M->258M(852M) 2.935ms
[27.388s][info ][gc,cpu       ] GC(218) User=0.01s Sys=0.00s Real=0.00s
[27.388s][info ][safepoint    ] Leaving safepoint region
[27.388s][info ][safepoint    ] Total time for which application threads were stopped: 0.0064387 seconds, Stopping threads took: 0.0033034 seconds
[27.463s][info ][safepoint    ] Application time: 0.0743150 seconds
[27.465s][info ][safepoint    ] Entering safepoint region: GenCollectForAllocation
[27.465s][info ][gc,start     ] GC(219) Pause Young (Allocation Failure)
[27.465s][info ][gc,task      ] GC(219) Using 4 workers of 4 for evacuation
[27.468s][debug][gc,ref       ] GC(219) Skipped phase1 of Reference Processing due to unavailable references
[27.468s][debug][gc,ref       ] GC(219) Skipped phase3 of Reference Processing due to unavailable references
[27.468s][debug][gc,ref       ] GC(219) Skipped phase4 of Reference Processing due to unavailable references
[27.468s][debug][gc,age       ] GC(219) Desired survivor size 15400960 bytes, new threshold 6 (max threshold 6)
[27.468s][info ][gc,heap      ] GC(219) ParNew: 242453K->1187K(270976K)
[27.469s][info ][gc,heap      ] GC(219) CMS: 263110K->263411K(602112K)
[27.469s][info ][gc,metaspace ] GC(219) Metaspace: 51214K->51214K(1095680K)
[27.469s][info ][gc           ] GC(219) Pause Young (Allocation Failure) 493M->258M(852M) 3.753ms
[27.469s][info ][gc,cpu       ] GC(219) User=0.01s Sys=0.00s Real=0.00s
[27.469s][info ][safepoint    ] Leaving safepoint region
[27.469s][info ][safepoint    ] Total time for which application threads were stopped: 0.0058952 seconds, Stopping threads took: 0.0019367 seconds
[27.538s][info ][safepoint    ] Application time: 0.0689492 seconds
[27.538s][info ][safepoint    ] Entering safepoint region: GenCollectForAllocation
[27.538s][info ][gc,start     ] GC(220) Pause Young (Allocation Failure)
[27.538s][info ][gc,task      ] GC(220) Using 4 workers of 4 for evacuation
[27.541s][debug][gc,ref       ] GC(220) Skipped phase1 of Reference Processing due to unavailable references
[27.541s][debug][gc,ref       ] GC(220) Skipped phase2 of Reference Processing due to unavailable references
[27.541s][debug][gc,ref       ] GC(220) Skipped phase3 of Reference Processing due to unavailable references
[27.541s][debug][gc,ref       ] GC(220) Skipped phase4 of Reference Processing due to unavailable references
[27.541s][debug][gc,age       ] GC(220) Desired survivor size 15400960 bytes, new threshold 6 (max threshold 6)
[27.541s][info ][gc,heap      ] GC(220) ParNew: 242083K->885K(270976K)
[27.541s][info ][gc,heap      ] GC(220) CMS: 263411K->263785K(602112K)
[27.541s][info ][gc,metaspace ] GC(220) Metaspace: 51214K->51214K(1095680K)
[27.541s][info ][gc           ] GC(220) Pause Young (Allocation Failure) 493M->258M(852M) 2.968ms
[27.541s][info ][gc,cpu       ] GC(220) User=0.01s Sys=0.00s Real=0.00s
[27.541s][info ][safepoint    ] Leaving safepoint region
[27.541s][info ][safepoint    ] Total time for which application threads were stopped: 0.0033148 seconds, Stopping threads took: 0.0001421 seconds
[27.614s][info ][safepoint    ] Application time: 0.0734060 seconds
[27.621s][info ][safepoint    ] Entering safepoint region: GenCollectForAllocation
[27.622s][info ][gc,start     ] GC(221) Pause Young (Allocation Failure)
[27.622s][info ][gc,task      ] GC(221) Using 4 workers of 4 for evacuation
[27.628s][debug][gc,ref       ] GC(221) Skipped phase1 of Reference Processing due to unavailable references
[27.628s][debug][gc,ref       ] GC(221) Skipped phase2 of Reference Processing due to unavailable references
[27.628s][debug][gc,ref       ] GC(221) Skipped phase3 of Reference Processing due to unavailable references
[27.628s][debug][gc,ref       ] GC(221) Skipped phase4 of Reference Processing due to unavailable references
[27.628s][debug][gc,age       ] GC(221) Desired survivor size 15400960 bytes, new threshold 6 (max threshold 6)
[27.628s][info ][gc,heap      ] GC(221) ParNew: 241781K->987K(270976K)
[27.628s][info ][gc,heap      ] GC(221) CMS: 263785K->263869K(602112K)
[27.628s][info ][gc,metaspace ] GC(221) Metaspace: 51216K->51216K(1095680K)
[27.628s][info ][gc           ] GC(221) Pause Young (Allocation Failure) 493M->258M(852M) 6.866ms
[27.628s][info ][gc,cpu       ] GC(221) User=0.02s Sys=0.00s Real=0.01s
[27.628s][info ][safepoint    ] Leaving safepoint region
[27.628s][info ][safepoint    ] Total time for which application threads were stopped: 0.0141562 seconds, Stopping threads took: 0.0070622 seconds
[27.695s][info ][safepoint    ] Application time: 0.0668198 seconds
[27.696s][info ][safepoint    ] Entering safepoint region: GenCollectForAllocation
[27.696s][info ][gc,start     ] GC(222) Pause Young (Allocation Failure)
[27.697s][info ][gc,task      ] GC(222) Using 4 workers of 4 for evacuation
[27.699s][debug][gc,ref       ] GC(222) Skipped phase1 of Reference Processing due to unavailable references
[27.699s][debug][gc,ref       ] GC(222) Skipped phase2 of Reference Processing due to unavailable references
[27.699s][debug][gc,ref       ] GC(222) Skipped phase3 of Reference Processing due to unavailable references
[27.699s][debug][gc,ref       ] GC(222) Skipped phase4 of Reference Processing due to unavailable references
[27.699s][debug][gc,age       ] GC(222) Desired survivor size 15400960 bytes, new threshold 6 (max threshold 6)
[27.699s][info ][gc,heap      ] GC(222) ParNew: 241883K->918K(270976K)
[27.699s][info ][gc,heap      ] GC(222) CMS: 263869K->263956K(602112K)
[27.699s][info ][gc,metaspace ] GC(222) Metaspace: 51217K->51217K(1095680K)
[27.699s][info ][gc           ] GC(222) Pause Young (Allocation Failure) 493M->258M(852M) 2.433ms
[27.699s][info ][gc,cpu       ] GC(222) User=0.00s Sys=0.00s Real=0.00s
[27.699s][info ][safepoint    ] Leaving safepoint region
[27.699s][info ][safepoint    ] Total time for which application threads were stopped: 0.0036112 seconds, Stopping threads took: 0.0009839 seconds
[27.761s][info ][safepoint    ] Application time: 0.0621278 seconds
[27.761s][info ][safepoint    ] Entering safepoint region: GenCollectForAllocation
[27.761s][info ][gc,start     ] GC(223) Pause Young (Allocation Failure)
[27.761s][info ][gc,task      ] GC(223) Using 4 workers of 4 for evacuation
[27.764s][debug][gc,ref       ] GC(223) Skipped phase1 of Reference Processing due to unavailable references
[27.764s][debug][gc,ref       ] GC(223) Skipped phase2 of Reference Processing due to unavailable references
[27.764s][debug][gc,ref       ] GC(223) Skipped phase3 of Reference Processing due to unavailable references
[27.764s][debug][gc,ref       ] GC(223) Skipped phase4 of Reference Processing due to unavailable references
[27.764s][debug][gc,age       ] GC(223) Desired survivor size 15400960 bytes, new threshold 6 (max threshold 6)
[27.765s][info ][gc,heap      ] GC(223) ParNew: 241814K->913K(270976K)
[27.765s][info ][gc,heap      ] GC(223) CMS: 263956K->264050K(602112K)
[27.765s][info ][gc,metaspace ] GC(223) Metaspace: 51217K->51217K(1095680K)
[27.765s][info ][gc           ] GC(223) Pause Young (Allocation Failure) 493M->258M(852M) 3.145ms
[27.765s][info ][gc,cpu       ] GC(223) User=0.01s Sys=0.00s Real=0.01s
[27.765s][info ][safepoint    ] Leaving safepoint region
[27.765s][info ][safepoint    ] Total time for which application threads were stopped: 0.0034730 seconds, Stopping threads took: 0.0001318 seconds
[27.829s][info ][safepoint    ] Application time: 0.0644005 seconds
[27.829s][info ][safepoint    ] Entering safepoint region: GenCollectForAllocation
[27.829s][info ][gc,start     ] GC(224) Pause Young (Allocation Failure)
[27.829s][info ][gc,task      ] GC(224) Using 4 workers of 4 for evacuation
[27.832s][debug][gc,ref       ] GC(224) Skipped phase1 of Reference Processing due to unavailable references
[27.832s][debug][gc,ref       ] GC(224) Skipped phase2 of Reference Processing due to unavailable references
[27.832s][debug][gc,ref       ] GC(224) Skipped phase3 of Reference Processing due to unavailable references
[27.832s][debug][gc,ref       ] GC(224) Skipped phase4 of Reference Processing due to unavailable references
[27.832s][debug][gc,age       ] GC(224) Desired survivor size 15400960 bytes, new threshold 6 (max threshold 6)
[27.832s][info ][gc,heap      ] GC(224) ParNew: 241809K->929K(270976K)
[27.832s][info ][gc,heap      ] GC(224) CMS: 264050K->264135K(602112K)
[27.832s][info ][gc,metaspace ] GC(224) Metaspace: 51217K->51217K(1095680K)
[27.832s][info ][gc           ] GC(224) Pause Young (Allocation Failure) 494M->258M(852M) 2.515ms
[27.832s][info ][gc,cpu       ] GC(224) User=0.01s Sys=0.00s Real=0.00s
[27.832s][info ][safepoint    ] Leaving safepoint region
[27.832s][info ][safepoint    ] Total time for which application threads were stopped: 0.0028327 seconds, Stopping threads took: 0.0001120 seconds
[27.839s][info ][safepoint    ] Application time: 0.0075797 seconds
[27.840s][info ][safepoint    ] Entering safepoint region: RevokeBias
[27.840s][info ][safepoint    ] Leaving safepoint region
[27.840s][info ][safepoint    ] Total time for which application threads were stopped: 0.0004654 seconds, Stopping threads took: 0.0002978 seconds
[27.916s][info ][safepoint    ] Application time: 0.0755371 seconds
[27.916s][info ][safepoint    ] Entering safepoint region: GenCollectForAllocation
[27.916s][info ][gc,start     ] GC(225) Pause Young (Allocation Failure)
[27.916s][info ][gc,task      ] GC(225) Using 4 workers of 4 for evacuation
[27.919s][debug][gc,ref       ] GC(225) Skipped phase1 of Reference Processing due to unavailable references
[27.919s][debug][gc,ref       ] GC(225) Skipped phase2 of Reference Processing due to unavailable references
[27.919s][debug][gc,ref       ] GC(225) Skipped phase3 of Reference Processing due to unavailable references
[27.919s][debug][gc,age       ] GC(225) Desired survivor size 15400960 bytes, new threshold 6 (max threshold 6)
[27.919s][info ][gc,heap      ] GC(225) ParNew: 241825K->934K(270976K)
[27.919s][info ][gc,heap      ] GC(225) CMS: 264135K->264226K(602112K)
[27.919s][info ][gc,metaspace ] GC(225) Metaspace: 51254K->51254K(1095680K)
[27.919s][info ][gc           ] GC(225) Pause Young (Allocation Failure) 494M->258M(852M) 3.041ms
[27.919s][info ][gc,cpu       ] GC(225) User=0.01s Sys=0.00s Real=0.01s
[27.919s][info ][safepoint    ] Leaving safepoint region
[27.919s][info ][safepoint    ] Total time for which application threads were stopped: 0.0034996 seconds, Stopping threads took: 0.0002190 seconds
[27.940s][info ][safepoint    ] Application time: 0.0206754 seconds
[27.940s][info ][safepoint    ] Entering safepoint region: RevokeBias
[27.940s][info ][safepoint    ] Leaving safepoint region
[27.940s][info ][safepoint    ] Total time for which application threads were stopped: 0.0004351 seconds, Stopping threads took: 0.0002644 seconds
[27.980s][info ][safepoint    ] Application time: 0.0393847 seconds
[27.980s][info ][safepoint    ] Entering safepoint region: RevokeBias
[27.980s][info ][safepoint    ] Leaving safepoint region
[27.980s][info ][safepoint    ] Total time for which application threads were stopped: 0.0005274 seconds, Stopping threads took: 0.0002918 seconds
[27.982s][info ][safepoint    ] Application time: 0.0016145 seconds
[27.982s][info ][safepoint    ] Entering safepoint region: RevokeBias
[27.982s][info ][safepoint    ] Leaving safepoint region
[27.982s][info ][safepoint    ] Total time for which application threads were stopped: 0.0003261 seconds, Stopping threads took: 0.0001791 seconds
[27.989s][info ][safepoint    ] Application time: 0.0073088 seconds
[27.990s][info ][safepoint    ] Entering safepoint region: GenCollectForAllocation
[27.990s][info ][gc,start     ] GC(226) Pause Young (Allocation Failure)
[27.990s][info ][gc,task      ] GC(226) Using 4 workers of 4 for evacuation
[27.993s][debug][gc,ref       ] GC(226) Skipped phase1 of Reference Processing due to unavailable references
[27.993s][debug][gc,ref       ] GC(226) Skipped phase3 of Reference Processing due to unavailable references
[27.993s][debug][gc,age       ] GC(226) Desired survivor size 15400960 bytes, new threshold 6 (max threshold 6)
[27.993s][info ][gc,heap      ] GC(226) ParNew: 241830K->1272K(270976K)
[27.993s][info ][gc,heap      ] GC(226) CMS: 264226K->264320K(602112K)
[27.993s][info ][gc,metaspace ] GC(226) Metaspace: 51688K->51688K(1095680K)
[27.993s][info ][gc           ] GC(226) Pause Young (Allocation Failure) 494M->259M(852M) 2.945ms
[27.993s][info ][gc,cpu       ] GC(226) User=0.01s Sys=0.00s Real=0.00s
[27.993s][info ][safepoint    ] Leaving safepoint region
[27.993s][info ][safepoint    ] Total time for which application threads were stopped: 0.0033663 seconds, Stopping threads took: 0.0002341 seconds
[28.007s][info ][safepoint    ] Application time: 0.0142627 seconds
[28.007s][info ][safepoint    ] Entering safepoint region: Deoptimize
[28.009s][info ][safepoint    ] Leaving safepoint region
[28.009s][info ][safepoint    ] Total time for which application threads were stopped: 0.0016855 seconds, Stopping threads took: 0.0001827 seconds
[28.015s][info ][safepoint    ] Application time: 0.0060404 seconds
[28.018s][info ][safepoint    ] Entering safepoint region: RevokeBias
[28.019s][info ][safepoint    ] Leaving safepoint region
[28.019s][info ][safepoint    ] Total time for which application threads were stopped: 0.0037007 seconds, Stopping threads took: 0.0035716 seconds
[28.028s][info ][safepoint    ] Application time: 0.0095456 seconds
[28.032s][info ][safepoint    ] Entering safepoint region: RevokeBias
[28.033s][info ][safepoint    ] Leaving safepoint region
[28.033s][info ][safepoint    ] Total time for which application threads were stopped: 0.0043046 seconds, Stopping threads took: 0.0041596 seconds
[28.033s][info ][safepoint    ] Application time: 0.0001799 seconds
[28.033s][info ][safepoint    ] Entering safepoint region: RevokeBias
[28.033s][info ][safepoint    ] Leaving safepoint region
[28.033s][info ][safepoint    ] Total time for which application threads were stopped: 0.0003310 seconds, Stopping threads took: 0.0001896 seconds
[28.039s][info ][safepoint    ] Application time: 0.0061146 seconds
[28.041s][info ][safepoint    ] Entering safepoint region: RevokeBias
[28.042s][info ][safepoint    ] Leaving safepoint region
[28.042s][info ][safepoint    ] Total time for which application threads were stopped: 0.0023671 seconds, Stopping threads took: 0.0022186 seconds
[28.042s][info ][safepoint    ] Application time: 0.0004080 seconds
[28.042s][info ][safepoint    ] Entering safepoint region: RevokeBias
[28.042s][info ][safepoint    ] Leaving safepoint region
[28.042s][info ][safepoint    ] Total time for which application threads were stopped: 0.0002279 seconds, Stopping threads took: 0.0001310 seconds
[28.053s][info ][safepoint    ] Application time: 0.0110985 seconds
[28.060s][info ][safepoint    ] Entering safepoint region: RevokeBias
[28.061s][info ][safepoint    ] Leaving safepoint region
[28.061s][info ][safepoint    ] Total time for which application threads were stopped: 0.0072709 seconds, Stopping threads took: 0.0068486 seconds
[28.102s][info ][safepoint    ] Application time: 0.0414061 seconds
[28.104s][info ][safepoint    ] Entering safepoint region: GenCollectForAllocation
[28.105s][info ][gc,start     ] GC(227) Pause Young (Allocation Failure)
[28.105s][info ][gc,task      ] GC(227) Using 4 workers of 4 for evacuation
[28.109s][debug][gc,ref       ] GC(227) Skipped phase1 of Reference Processing due to unavailable references
[28.109s][debug][gc,ref       ] GC(227) Skipped phase3 of Reference Processing due to unavailable references
[28.109s][debug][gc,age       ] GC(227) Desired survivor size 15400960 bytes, new threshold 6 (max threshold 6)
[28.109s][info ][gc,heap      ] GC(227) ParNew: 242168K->1569K(270976K)
[28.109s][info ][gc,heap      ] GC(227) CMS: 264320K->264411K(602112K)
[28.109s][info ][gc,metaspace ] GC(227) Metaspace: 52685K->52685K(1097728K)
[28.109s][info ][gc           ] GC(227) Pause Young (Allocation Failure) 494M->259M(852M) 4.222ms
[28.109s][info ][gc,cpu       ] GC(227) User=0.01s Sys=0.00s Real=0.00s
[28.109s][info ][safepoint    ] Leaving safepoint region
[28.109s][info ][safepoint    ] Total time for which application threads were stopped: 0.0067124 seconds, Stopping threads took: 0.0022654 seconds
[28.117s][info ][safepoint    ] Application time: 0.0079984 seconds
[28.120s][info ][safepoint    ] Entering safepoint region: RevokeBias
[28.120s][info ][safepoint    ] Leaving safepoint region
[28.120s][info ][safepoint    ] Total time for which application threads were stopped: 0.0035746 seconds, Stopping threads took: 0.0034312 seconds
[28.121s][info ][safepoint    ] Application time: 0.0002094 seconds
[28.121s][info ][safepoint    ] Entering safepoint region: RevokeBias
[28.121s][info ][safepoint    ] Leaving safepoint region
[28.121s][info ][safepoint    ] Total time for which application threads were stopped: 0.0002653 seconds, Stopping threads took: 0.0001602 seconds
[28.183s][info ][safepoint    ] Application time: 0.0618092 seconds
[28.184s][info ][safepoint    ] Entering safepoint region: Deoptimize
[28.187s][info ][safepoint    ] Leaving safepoint region
[28.187s][info ][safepoint    ] Total time for which application threads were stopped: 0.0038636 seconds, Stopping threads took: 0.0013726 seconds
[28.196s][info ][safepoint    ] Application time: 0.0088982 seconds
[28.196s][info ][safepoint    ] Entering safepoint region: GenCollectForAllocation
[28.196s][info ][gc,start     ] GC(228) Pause Young (Allocation Failure)
[28.196s][info ][gc,task      ] GC(228) Using 4 workers of 4 for evacuation
[28.199s][debug][gc,ref       ] GC(228) Skipped phase1 of Reference Processing due to unavailable references
[28.199s][debug][gc,ref       ] GC(228) Skipped phase3 of Reference Processing due to unavailable references
[28.200s][debug][gc,age       ] GC(228) Desired survivor size 15400960 bytes, new threshold 6 (max threshold 6)
[28.200s][info ][gc,heap      ] GC(228) ParNew: 242465K->3030K(270976K)
[28.200s][info ][gc,heap      ] GC(228) CMS: 264411K->264506K(602112K)
[28.200s][info ][gc,metaspace ] GC(228) Metaspace: 53201K->53201K(1097728K)
[28.200s][info ][gc           ] GC(228) Pause Young (Allocation Failure) 494M->261M(852M) 3.684ms
[28.200s][info ][gc,cpu       ] GC(228) User=0.01s Sys=0.00s Real=0.01s
[28.200s][info ][safepoint    ] Leaving safepoint region
[28.200s][info ][safepoint    ] Total time for which application threads were stopped: 0.0040500 seconds, Stopping threads took: 0.0001810 seconds
[28.275s][info ][safepoint    ] Application time: 0.0753175 seconds
[28.275s][info ][safepoint    ] Entering safepoint region: GenCollectForAllocation
[28.275s][info ][gc,start     ] GC(229) Pause Young (Allocation Failure)
[28.275s][info ][gc,task      ] GC(229) Using 4 workers of 4 for evacuation
[28.280s][debug][gc,ref       ] GC(229) Skipped phase1 of Reference Processing due to unavailable references
[28.280s][debug][gc,ref       ] GC(229) Skipped phase3 of Reference Processing due to unavailable references
[28.280s][debug][gc,age       ] GC(229) Desired survivor size 15400960 bytes, new threshold 6 (max threshold 6)
[28.280s][info ][gc,heap      ] GC(229) ParNew: 243926K->2919K(270976K)
[28.280s][info ][gc,heap      ] GC(229) CMS: 264506K->264609K(602112K)
[28.280s][info ][gc,metaspace ] GC(229) Metaspace: 54140K->54140K(1097728K)
[28.280s][info ][gc           ] GC(229) Pause Young (Allocation Failure) 496M->261M(852M) 4.968ms
[28.280s][info ][gc,cpu       ] GC(229) User=0.01s Sys=0.00s Real=0.01s
[28.280s][info ][safepoint    ] Leaving safepoint region
[28.280s][info ][safepoint    ] Total time for which application threads were stopped: 0.0054340 seconds, Stopping threads took: 0.0002544 seconds
[28.308s][info ][safepoint    ] Application time: 0.0276589 seconds
[28.313s][info ][safepoint    ] Entering safepoint region: Deoptimize
[28.315s][info ][safepoint    ] Leaving safepoint region
[28.315s][info ][safepoint    ] Total time for which application threads were stopped: 0.0063240 seconds, Stopping threads took: 0.0045242 seconds
[28.375s][info ][safepoint    ] Application time: 0.0605051 seconds
[28.375s][info ][safepoint    ] Entering safepoint region: GenCollectForAllocation
[28.375s][info ][gc,start     ] GC(230) Pause Young (Allocation Failure)
[28.375s][info ][gc,task      ] GC(230) Using 4 workers of 4 for evacuation
[28.379s][debug][gc,ref       ] GC(230) Skipped phase1 of Reference Processing due to unavailable references
[28.379s][debug][gc,ref       ] GC(230) Skipped phase3 of Reference Processing due to unavailable references
[28.379s][debug][gc,age       ] GC(230) Desired survivor size 15400960 bytes, new threshold 6 (max threshold 6)
[28.379s][info ][gc,heap      ] GC(230) ParNew: 243815K->3459K(270976K)
[28.379s][info ][gc,heap      ] GC(230) CMS: 264609K->264705K(602112K)
[28.379s][info ][gc,metaspace ] GC(230) Metaspace: 54778K->54778K(1099776K)
[28.379s][info ][gc           ] GC(230) Pause Young (Allocation Failure) 496M->261M(852M) 3.787ms
[28.379s][info ][gc,cpu       ] GC(230) User=0.02s Sys=0.00s Real=0.01s
[28.379s][info ][safepoint    ] Leaving safepoint region
[28.379s][info ][safepoint    ] Total time for which application threads were stopped: 0.0041524 seconds, Stopping threads took: 0.0001463 seconds
[28.387s][info ][safepoint    ] Application time: 0.0073224 seconds
[28.387s][info ][safepoint    ] Entering safepoint region: RevokeBias
[28.387s][info ][safepoint    ] Leaving safepoint region
[28.387s][info ][safepoint    ] Total time for which application threads were stopped: 0.0002630 seconds, Stopping threads took: 0.0001082 seconds
[28.388s][info ][safepoint    ] Application time: 0.0013788 seconds
[28.388s][info ][safepoint    ] Entering safepoint region: RevokeBias
[28.388s][info ][safepoint    ] Leaving safepoint region
[28.388s][info ][safepoint    ] Total time for which application threads were stopped: 0.0001505 seconds, Stopping threads took: 0.0000636 seconds
[28.395s][info ][safepoint    ] Application time: 0.0066447 seconds
[28.396s][info ][safepoint    ] Entering safepoint region: RevokeBias
[28.397s][info ][safepoint    ] Leaving safepoint region
[28.397s][info ][safepoint    ] Total time for which application threads were stopped: 0.0013831 seconds, Stopping threads took: 0.0012791 seconds
[28.412s][info ][safepoint    ] Application time: 0.0157362 seconds
[28.413s][info ][safepoint    ] Entering safepoint region: RevokeBias
[28.413s][info ][safepoint    ] Leaving safepoint region
[28.413s][info ][safepoint    ] Total time for which application threads were stopped: 0.0003558 seconds, Stopping threads took: 0.0002180 seconds
[28.413s][info ][safepoint    ] Application time: 0.0000741 seconds
[28.413s][info ][safepoint    ] Entering safepoint region: RevokeBias
[28.413s][info ][safepoint    ] Leaving safepoint region
[28.413s][info ][safepoint    ] Total time for which application threads were stopped: 0.0001692 seconds, Stopping threads took: 0.0000836 seconds
[28.465s][info ][safepoint    ] Application time: 0.0517478 seconds
[28.472s][info ][safepoint    ] Entering safepoint region: GenCollectForAllocation
[28.473s][info ][gc,start     ] GC(231) Pause Young (Allocation Failure)
[28.473s][info ][gc,task      ] GC(231) Using 4 workers of 4 for evacuation
[28.486s][debug][gc,ref       ] GC(231) Skipped phase1 of Reference Processing due to unavailable references
[28.486s][debug][gc,ref       ] GC(231) Skipped phase3 of Reference Processing due to unavailable references
[28.487s][debug][gc,age       ] GC(231) Desired survivor size 15400960 bytes, new threshold 6 (max threshold 6)
[28.487s][info ][gc,heap      ] GC(231) ParNew: 244355K->3807K(270976K)
[28.487s][info ][gc,heap      ] GC(231) CMS: 264705K->264822K(602112K)
[28.487s][info ][gc,metaspace ] GC(231) Metaspace: 55382K->55382K(1099776K)
[28.487s][info ][gc           ] GC(231) Pause Young (Allocation Failure) 497M->262M(852M) 13.692ms
[28.487s][info ][gc,cpu       ] GC(231) User=0.02s Sys=0.00s Real=0.02s
[28.487s][info ][safepoint    ] Leaving safepoint region
[28.487s][info ][safepoint    ] Total time for which application threads were stopped: 0.0219378 seconds, Stopping threads took: 0.0079750 seconds
[28.609s][info ][safepoint    ] Application time: 0.1225422 seconds
[28.610s][info ][safepoint    ] Entering safepoint region: GenCollectForAllocation
[28.610s][info ][gc,start     ] GC(232) Pause Young (Allocation Failure)
[28.610s][info ][gc,task      ] GC(232) Using 4 workers of 4 for evacuation
[28.619s][debug][gc,ref       ] GC(232) Skipped phase1 of Reference Processing due to unavailable references
[28.619s][debug][gc,ref       ] GC(232) Skipped phase3 of Reference Processing due to unavailable references
[28.619s][debug][gc,age       ] GC(232) Desired survivor size 15400960 bytes, new threshold 6 (max threshold 6)
[28.619s][info ][gc,heap      ] GC(232) ParNew: 244703K->4238K(270976K)
[28.620s][info ][gc,heap      ] GC(232) CMS: 264822K->265257K(602112K)
[28.620s][info ][gc,metaspace ] GC(232) Metaspace: 56062K->56062K(1099776K)
[28.620s][info ][gc           ] GC(232) Pause Young (Allocation Failure) 497M->263M(852M) 9.458ms
[28.620s][info ][gc,cpu       ] GC(232) User=0.03s Sys=0.01s Real=0.01s
[28.620s][info ][safepoint    ] Leaving safepoint region
[28.620s][info ][safepoint    ] Total time for which application threads were stopped: 0.0103388 seconds, Stopping threads took: 0.0006642 seconds
[28.661s][info ][safepoint    ] Application time: 0.0416944 seconds
[28.665s][info ][safepoint    ] Entering safepoint region: RevokeBias
[28.666s][info ][safepoint    ] Leaving safepoint region
[28.666s][info ][safepoint    ] Total time for which application threads were stopped: 0.0042272 seconds, Stopping threads took: 0.0040459 seconds
[28.699s][info ][safepoint    ] Application time: 0.0329668 seconds
[28.705s][info ][safepoint    ] Entering safepoint region: Deoptimize
[28.707s][info ][safepoint    ] Leaving safepoint region
[28.707s][info ][safepoint    ] Total time for which application threads were stopped: 0.0082914 seconds, Stopping threads took: 0.0068199 seconds
[28.707s][info ][safepoint    ] Application time: 0.0005547 seconds
[28.711s][info ][safepoint    ] Entering safepoint region: Deoptimize
[28.712s][info ][safepoint    ] Leaving safepoint region
[28.712s][info ][safepoint    ] Total time for which application threads were stopped: 0.0049028 seconds, Stopping threads took: 0.0035526 seconds
[28.716s][info ][safepoint    ] Application time: 0.0035973 seconds
[28.716s][info ][safepoint    ] Entering safepoint region: RevokeBias
[28.717s][info ][safepoint    ] Leaving safepoint region
[28.717s][info ][safepoint    ] Total time for which application threads were stopped: 0.0006335 seconds, Stopping threads took: 0.0005177 seconds
[28.721s][info ][safepoint    ] Application time: 0.0039216 seconds
[28.724s][info ][safepoint    ] Entering safepoint region: Deoptimize
[28.725s][info ][safepoint    ] Leaving safepoint region
[28.725s][info ][safepoint    ] Total time for which application threads were stopped: 0.0048124 seconds, Stopping threads took: 0.0032929 seconds
[28.731s][info ][safepoint    ] Application time: 0.0056837 seconds
[28.731s][info ][safepoint    ] Entering safepoint region: RevokeBias
[28.731s][info ][safepoint    ] Leaving safepoint region
[28.731s][info ][safepoint    ] Total time for which application threads were stopped: 0.0003170 seconds, Stopping threads took: 0.0001872 seconds
[28.748s][info ][safepoint    ] Application time: 0.0162935 seconds
[28.748s][info ][safepoint    ] Entering safepoint region: GenCollectForAllocation
[28.749s][info ][gc,start     ] GC(233) Pause Young (Allocation Failure)
[28.749s][info ][gc,task      ] GC(233) Using 4 workers of 4 for evacuation
[28.757s][debug][gc,ref       ] GC(233) Skipped phase1 of Reference Processing due to unavailable references
[28.757s][debug][gc,ref       ] GC(233) Skipped phase3 of Reference Processing due to unavailable references
[28.757s][debug][gc,age       ] GC(233) Desired survivor size 15400960 bytes, new threshold 6 (max threshold 6)
[28.757s][info ][gc,heap      ] GC(233) ParNew: 245134K->4159K(270976K)
[28.757s][info ][gc,heap      ] GC(233) CMS: 265257K->265528K(602112K)
[28.757s][info ][gc,metaspace ] GC(233) Metaspace: 56411K->56411K(1099776K)
[28.757s][info ][gc           ] GC(233) Pause Young (Allocation Failure) 498M->263M(852M) 8.699ms
[28.757s][info ][gc,cpu       ] GC(233) User=0.03s Sys=0.00s Real=0.01s
[28.757s][info ][safepoint    ] Leaving safepoint region
[28.757s][info ][safepoint    ] Total time for which application threads were stopped: 0.0095932 seconds, Stopping threads took: 0.0006855 seconds
[28.766s][info ][safepoint    ] Application time: 0.0090748 seconds
[28.770s][info ][safepoint    ] Entering safepoint region: RevokeBias
[28.770s][info ][safepoint    ] Leaving safepoint region
[28.770s][info ][safepoint    ] Total time for which application threads were stopped: 0.0036585 seconds, Stopping threads took: 0.0035371 seconds
[28.840s][info ][safepoint    ] Application time: 0.0702952 seconds
[28.845s][info ][safepoint    ] Entering safepoint region: Deoptimize
[28.846s][info ][safepoint    ] Leaving safepoint region
[28.846s][info ][safepoint    ] Total time for which application threads were stopped: 0.0058933 seconds, Stopping threads took: 0.0044788 seconds
[28.849s][info ][safepoint    ] Application time: 0.0030978 seconds
[28.853s][info ][safepoint    ] Entering safepoint region: GenCollectForAllocation
[28.853s][info ][gc,start     ] GC(234) Pause Young (Allocation Failure)
[28.853s][info ][gc,task      ] GC(234) Using 4 workers of 4 for evacuation
[28.859s][debug][gc,ref       ] GC(234) Skipped phase1 of Reference Processing due to unavailable references
[28.859s][debug][gc,ref       ] GC(234) Skipped phase3 of Reference Processing due to unavailable references
[28.859s][debug][gc,age       ] GC(234) Desired survivor size 15400960 bytes, new threshold 6 (max threshold 6)
[28.860s][info ][gc,heap      ] GC(234) ParNew: 245055K->3197K(270976K)
[28.860s][info ][gc,heap      ] GC(234) CMS: 265528K->266700K(602112K)
[28.860s][info ][gc,metaspace ] GC(234) Metaspace: 56758K->56758K(1099776K)
[28.860s][info ][gc           ] GC(234) Pause Young (Allocation Failure) 498M->263M(852M) 6.250ms
[28.860s][info ][gc,cpu       ] GC(234) User=0.03s Sys=0.00s Real=0.01s
[28.860s][info ][safepoint    ] Leaving safepoint region
[28.860s][info ][safepoint    ] Total time for which application threads were stopped: 0.0101144 seconds, Stopping threads took: 0.0036411 seconds
[28.902s][info ][safepoint    ] Application time: 0.0422172 seconds
[28.905s][info ][safepoint    ] Entering safepoint region: CollectForMetadataAllocation
[28.906s][info ][safepoint    ] Leaving safepoint region
[28.906s][info ][safepoint    ] Total time for which application threads were stopped: 0.0038008 seconds, Stopping threads took: 0.0035212 seconds
[28.988s][info ][safepoint    ] Application time: 0.0823284 seconds
[28.988s][info ][safepoint    ] Entering safepoint region: CollectForMetadataAllocation
[28.988s][info ][safepoint    ] Leaving safepoint region
[28.988s][info ][safepoint    ] Total time for which application threads were stopped: 0.0001850 seconds, Stopping threads took: 0.0000186 seconds
[28.988s][info ][safepoint    ] Application time: 0.0000946 seconds
[28.988s][info ][safepoint    ] Entering safepoint region: CollectForMetadataAllocation
[28.988s][info ][safepoint    ] Leaving safepoint region
[28.988s][info ][safepoint    ] Total time for which application threads were stopped: 0.0001551 seconds, Stopping threads took: 0.0001189 seconds
[29.019s][info ][safepoint    ] Application time: 0.0304986 seconds
[29.019s][info ][safepoint    ] Entering safepoint region: RevokeBias
[29.019s][info ][safepoint    ] Leaving safepoint region
[29.019s][info ][safepoint    ] Total time for which application threads were stopped: 0.0001715 seconds, Stopping threads took: 0.0000181 seconds
[29.019s][info ][safepoint    ] Application time: 0.0000700 seconds
[29.019s][info ][safepoint    ] Entering safepoint region: RevokeBias
[29.019s][info ][safepoint    ] Leaving safepoint region
[29.019s][info ][safepoint    ] Total time for which application threads were stopped: 0.0001105 seconds, Stopping threads took: 0.0000434 seconds
[29.021s][info ][safepoint    ] Application time: 0.0012184 seconds
[29.021s][info ][safepoint    ] Entering safepoint region: RevokeBias
[29.021s][info ][safepoint    ] Leaving safepoint region
[29.021s][info ][safepoint    ] Total time for which application threads were stopped: 0.0001146 seconds, Stopping threads took: 0.0000575 seconds
[29.021s][info ][safepoint    ] Application time: 0.0000691 seconds
[29.021s][info ][safepoint    ] Entering safepoint region: RevokeBias
[29.021s][info ][safepoint    ] Leaving safepoint region
[29.021s][info ][safepoint    ] Total time for which application threads were stopped: 0.0000465 seconds, Stopping threads took: 0.0000094 seconds
[29.059s][info ][safepoint    ] Application time: 0.0377286 seconds
[29.059s][info ][safepoint    ] Entering safepoint region: RevokeBias
[29.059s][info ][safepoint    ] Leaving safepoint region
[29.059s][info ][safepoint    ] Total time for which application threads were stopped: 0.0002430 seconds, Stopping threads took: 0.0000949 seconds
[29.059s][info ][safepoint    ] Application time: 0.0002660 seconds
[29.059s][info ][safepoint    ] Entering safepoint region: RevokeBias
[29.059s][info ][safepoint    ] Leaving safepoint region
[29.059s][info ][safepoint    ] Total time for which application threads were stopped: 0.0000947 seconds, Stopping threads took: 0.0000389 seconds
[29.195s][info ][safepoint    ] Application time: 0.1357294 seconds
[29.195s][info ][safepoint    ] Entering safepoint region: Deoptimize
[29.197s][info ][safepoint    ] Leaving safepoint region
[29.197s][info ][safepoint    ] Total time for which application threads were stopped: 0.0015163 seconds, Stopping threads took: 0.0000179 seconds
[29.197s][info ][safepoint    ] Application time: 0.0004325 seconds
[29.197s][info ][safepoint    ] Entering safepoint region: CollectForMetadataAllocation
[29.197s][info ][safepoint    ] Leaving safepoint region
[29.197s][info ][safepoint    ] Total time for which application threads were stopped: 0.0000879 seconds, Stopping threads took: 0.0000151 seconds
[29.197s][info ][safepoint    ] Application time: 0.0000785 seconds
[29.197s][info ][safepoint    ] Entering safepoint region: CollectForMetadataAllocation
[29.197s][info ][safepoint    ] Leaving safepoint region
[29.197s][info ][safepoint    ] Total time for which application threads were stopped: 0.0001544 seconds, Stopping threads took: 0.0000464 seconds
[29.474s][info ][safepoint    ] Application time: 0.2771625 seconds
[29.475s][info ][safepoint    ] Entering safepoint region: CollectForMetadataAllocation
[29.475s][info ][safepoint    ] Leaving safepoint region
[29.475s][info ][safepoint    ] Total time for which application threads were stopped: 0.0002821 seconds, Stopping threads took: 0.0000792 seconds
[29.696s][info ][safepoint    ] Application time: 0.2210742 seconds
[29.696s][info ][safepoint    ] Entering safepoint region: CollectForMetadataAllocation
[29.696s][info ][safepoint    ] Leaving safepoint region
[29.696s][info ][safepoint    ] Total time for which application threads were stopped: 0.0002877 seconds, Stopping threads took: 0.0000770 seconds
[29.778s][info ][safepoint    ] Application time: 0.0814405 seconds
[29.778s][info ][safepoint    ] Entering safepoint region: CollectForMetadataAllocation
[29.778s][info ][safepoint    ] Leaving safepoint region
[29.778s][info ][safepoint    ] Total time for which application threads were stopped: 0.0001658 seconds, Stopping threads took: 0.0000214 seconds
[29.789s][info ][safepoint    ] Application time: 0.0109956 seconds
[29.789s][info ][safepoint    ] Entering safepoint region: CollectForMetadataAllocation
[29.789s][info ][safepoint    ] Leaving safepoint region
[29.789s][info ][safepoint    ] Total time for which application threads were stopped: 0.0001257 seconds, Stopping threads took: 0.0000157 seconds
[29.796s][info ][safepoint    ] Application time: 0.0066338 seconds
[29.796s][info ][safepoint    ] Entering safepoint region: Deoptimize
[29.797s][info ][safepoint    ] Leaving safepoint region
[29.797s][info ][safepoint    ] Total time for which application threads were stopped: 0.0014243 seconds, Stopping threads took: 0.0000160 seconds
[29.976s][info ][safepoint    ] Application time: 0.1793217 seconds
[29.976s][info ][safepoint    ] Entering safepoint region: GenCollectForAllocation
[29.977s][info ][gc,start     ] GC(235) Pause Young (Allocation Failure)
[29.977s][info ][gc,task      ] GC(235) Using 4 workers of 4 for evacuation
[29.996s][debug][gc,ref       ] GC(235) Skipped phase1 of Reference Processing due to unavailable references
[29.996s][debug][gc,ref       ] GC(235) Skipped phase3 of Reference Processing due to unavailable references
[29.996s][debug][gc,age       ] GC(235) Desired survivor size 15400960 bytes, new threshold 1 (max threshold 6)
[29.996s][info ][gc,heap      ] GC(235) ParNew: 244093K->30080K(270976K)
[29.996s][info ][gc,heap      ] GC(235) CMS: 266700K->274030K(602112K)
[29.996s][info ][gc,metaspace ] GC(235) Metaspace: 58781K->58781K(1101824K)
[29.996s][info ][gc           ] GC(235) Pause Young (Allocation Failure) 498M->296M(852M) 19.251ms
[29.996s][info ][gc,cpu       ] GC(235) User=0.09s Sys=0.01s Real=0.01s
[29.996s][info ][safepoint    ] Leaving safepoint region
[29.996s][info ][safepoint    ] Total time for which application threads were stopped: 0.0195256 seconds, Stopping threads took: 0.0000615 seconds
[29.996s][info ][safepoint    ] Application time: 0.0000876 seconds
[29.996s][info ][safepoint    ] Entering safepoint region: CMS_Initial_Mark
[29.996s][info ][gc,start     ] GC(236) Pause Initial Mark
[30.000s][info ][gc           ] GC(236) Pause Initial Mark 297M->297M(852M) 3.940ms
[30.000s][info ][gc,cpu       ] GC(236) User=0.01s Sys=0.00s Real=0.00s
[30.000s][info ][safepoint    ] Leaving safepoint region
[30.000s][info ][safepoint    ] Total time for which application threads were stopped: 0.0042485 seconds, Stopping threads took: 0.0001301 seconds
[30.000s][info ][gc           ] GC(236) Concurrent Mark
[30.157s][info ][safepoint    ] Application time: 0.1566518 seconds
[30.157s][info ][safepoint    ] Entering safepoint region: Deoptimize
[30.159s][info ][safepoint    ] Leaving safepoint region
[30.159s][info ][safepoint    ] Total time for which application threads were stopped: 0.0015435 seconds, Stopping threads took: 0.0000594 seconds
[30.159s][info ][safepoint    ] Application time: 0.0003684 seconds
[30.159s][info ][safepoint    ] Entering safepoint region: Deoptimize
[30.159s][info ][safepoint    ] Leaving safepoint region
[30.159s][info ][safepoint    ] Total time for which application threads were stopped: 0.0005124 seconds, Stopping threads took: 0.0000115 seconds
[30.209s][info ][safepoint    ] Application time: 0.0491322 seconds
[30.209s][info ][safepoint    ] Entering safepoint region: RevokeBias
[30.209s][info ][safepoint    ] Leaving safepoint region
[30.209s][info ][safepoint    ] Total time for which application threads were stopped: 0.0001249 seconds, Stopping threads took: 0.0000202 seconds
[30.269s][info ][safepoint    ] Application time: 0.0600281 seconds
[30.269s][info ][safepoint    ] Entering safepoint region: CollectForMetadataAllocation
[30.269s][info ][safepoint    ] Leaving safepoint region
[30.269s][info ][safepoint    ] Total time for which application threads were stopped: 0.0003760 seconds, Stopping threads took: 0.0001114 seconds
[30.308s][info ][safepoint    ] Application time: 0.0391256 seconds
[30.308s][info ][safepoint    ] Entering safepoint region: Deoptimize
[30.310s][info ][safepoint    ] Leaving safepoint region
[30.310s][info ][safepoint    ] Total time for which application threads were stopped: 0.0015291 seconds, Stopping threads took: 0.0000200 seconds
[30.365s][info ][gc           ] GC(236) Concurrent Mark 364.866ms
[30.365s][info ][gc,cpu       ] GC(236) User=1.52s Sys=0.10s Real=0.37s
[30.365s][info ][gc           ] GC(236) Concurrent Preclean
[30.365s][debug][gc,ref       ] GC(236) Preclean SoftReferences 0.001ms
[30.365s][debug][gc,ref       ] GC(236) Preclean WeakReferences 0.075ms
[30.365s][debug][gc,ref       ] GC(236) Preclean FinalReferences 0.001ms
[30.365s][debug][gc,ref       ] GC(236) Preclean PhantomReferences 0.003ms
[30.368s][info ][gc           ] GC(236) Concurrent Preclean 2.895ms
[30.368s][info ][gc,cpu       ] GC(236) User=0.01s Sys=0.00s Real=0.00s
[30.368s][info ][gc           ] GC(236) Concurrent Abortable Preclean
[30.894s][info ][safepoint    ] Application time: 0.5839018 seconds
[30.894s][info ][safepoint    ] Entering safepoint region: CollectForMetadataAllocation
[30.894s][info ][safepoint    ] Leaving safepoint region
[30.894s][info ][safepoint    ] Total time for which application threads were stopped: 0.0002859 seconds, Stopping threads took: 0.0000652 seconds
[31.672s][info ][safepoint    ] Application time: 0.7781264 seconds
[31.672s][info ][safepoint    ] Entering safepoint region: ICBufferFull
[31.673s][info ][safepoint    ] Leaving safepoint region
[31.673s][info ][safepoint    ] Total time for which application threads were stopped: 0.0004317 seconds, Stopping threads took: 0.0000733 seconds
[32.150s][info ][safepoint    ] Application time: 0.4771528 seconds
[32.150s][info ][safepoint    ] Entering safepoint region: GenCollectForAllocation
[32.150s][info ][gc,start     ] GC(237) Pause Young (Allocation Failure)
[32.150s][info ][gc,task      ] GC(237) Using 4 workers of 4 for evacuation
[32.184s][debug][gc,ref       ] GC(237) Skipped phase1 of Reference Processing due to unavailable references
[32.184s][debug][gc,ref       ] GC(237) Skipped phase3 of Reference Processing due to unavailable references
[32.185s][debug][gc,age       ] GC(237) Desired survivor size 15400960 bytes, new threshold 1 (max threshold 6)
[32.185s][info ][gc,heap      ] GC(237) ParNew: 270976K->23878K(270976K)
[32.185s][info ][gc,heap      ] GC(237) CMS: 274030K->302354K(602112K)
[32.185s][info ][gc,metaspace ] GC(237) Metaspace: 59372K->59372K(1103872K)
[32.185s][info ][gc           ] GC(237) Pause Young (Allocation Failure) 532M->318M(852M) 34.450ms
[32.185s][info ][gc,cpu       ] GC(237) User=0.08s Sys=0.01s Real=0.04s
[32.185s][info ][safepoint    ] Leaving safepoint region
[32.185s][info ][safepoint    ] Total time for which application threads were stopped: 0.0347808 seconds, Stopping threads took: 0.0000361 seconds
[33.138s][info ][safepoint    ] Application time: 0.9534342 seconds
[33.138s][info ][safepoint    ] Entering safepoint region: ICBufferFull
[33.139s][info ][safepoint    ] Leaving safepoint region
[33.139s][info ][safepoint    ] Total time for which application threads were stopped: 0.0003437 seconds, Stopping threads took: 0.0000280 seconds
[33.734s][info ][safepoint    ] Application time: 0.5952745 seconds
[33.734s][info ][safepoint    ] Entering safepoint region: RevokeBias
[33.734s][info ][safepoint    ] Leaving safepoint region
[33.734s][info ][safepoint    ] Total time for which application threads were stopped: 0.0001649 seconds, Stopping threads took: 0.0000250 seconds
[33.735s][info ][safepoint    ] Application time: 0.0006621 seconds
[33.738s][info ][safepoint    ] Entering safepoint region: RevokeBias
[33.738s][info ][safepoint    ] Leaving safepoint region
[33.738s][info ][safepoint    ] Total time for which application threads were stopped: 0.0036717 seconds, Stopping threads took: 0.0036110 seconds
[33.739s][info ][safepoint    ] Application time: 0.0001641 seconds
[33.739s][info ][safepoint    ] Entering safepoint region: RevokeBias
[33.739s][info ][safepoint    ] Leaving safepoint region
[33.739s][info ][safepoint    ] Total time for which application threads were stopped: 0.0000910 seconds, Stopping threads took: 0.0000559 seconds
[33.740s][info ][safepoint    ] Application time: 0.0009221 seconds
[33.740s][info ][safepoint    ] Entering safepoint region: CollectForMetadataAllocation
[33.740s][info ][safepoint    ] Leaving safepoint region
[33.740s][info ][safepoint    ] Total time for which application threads were stopped: 0.0006486 seconds, Stopping threads took: 0.0000296 seconds
[33.741s][info ][safepoint    ] Application time: 0.0005828 seconds
[33.741s][info ][safepoint    ] Entering safepoint region: RevokeBias
[33.741s][info ][safepoint    ] Leaving safepoint region
[33.741s][info ][safepoint    ] Total time for which application threads were stopped: 0.0000968 seconds, Stopping threads took: 0.0000426 seconds
[33.741s][info ][safepoint    ] Application time: 0.0004249 seconds
[33.742s][info ][safepoint    ] Entering safepoint region: RevokeBias
[33.742s][info ][safepoint    ] Leaving safepoint region
[33.742s][info ][safepoint    ] Total time for which application threads were stopped: 0.0001670 seconds, Stopping threads took: 0.0001204 seconds
[33.742s][info ][safepoint    ] Application time: 0.0002108 seconds
[33.742s][info ][safepoint    ] Entering safepoint region: RevokeBias
[33.742s][info ][safepoint    ] Leaving safepoint region
[33.742s][info ][safepoint    ] Total time for which application threads were stopped: 0.0001136 seconds, Stopping threads took: 0.0000602 seconds
[33.742s][info ][safepoint    ] Application time: 0.0001762 seconds
[33.742s][info ][safepoint    ] Entering safepoint region: RevokeBias
[33.742s][info ][safepoint    ] Leaving safepoint region
[33.742s][info ][safepoint    ] Total time for which application threads were stopped: 0.0001221 seconds, Stopping threads took: 0.0000581 seconds
[33.743s][info ][safepoint    ] Application time: 0.0003346 seconds
[33.743s][info ][safepoint    ] Entering safepoint region: RevokeBias
[33.743s][info ][safepoint    ] Leaving safepoint region
[33.743s][info ][safepoint    ] Total time for which application threads were stopped: 0.0001006 seconds, Stopping threads took: 0.0000566 seconds
[34.187s][info ][safepoint    ] Application time: 0.4442391 seconds
[34.187s][info ][safepoint    ] Entering safepoint region: ICBufferFull
[34.187s][info ][safepoint    ] Leaving safepoint region
[34.187s][info ][safepoint    ] Total time for which application threads were stopped: 0.0002375 seconds, Stopping threads took: 0.0000226 seconds
[34.386s][info ][safepoint    ] Application time: 0.1987700 seconds
[34.386s][info ][safepoint    ] Entering safepoint region: ICBufferFull
[34.386s][info ][safepoint    ] Leaving safepoint region
[34.386s][info ][safepoint    ] Total time for which application threads were stopped: 0.0002566 seconds, Stopping threads took: 0.0000468 seconds
[34.716s][info ][gc           ] GC(236) Concurrent Abortable Preclean 4347.417ms
[34.716s][info ][gc,cpu       ] GC(236) User=11.00s Sys=0.59s Real=4.34s
[34.716s][info ][safepoint    ] Application time: 0.3293762 seconds
[34.716s][info ][safepoint    ] Entering safepoint region: CMS_Final_Remark
[34.716s][info ][gc,start     ] GC(236) Pause Remark
[34.742s][debug][gc,phases    ] GC(236) Rescan (parallel) 25.557ms
[34.742s][debug][gc,ref       ] GC(236) Skipped phase1 of Reference Processing due to unavailable references
[34.742s][debug][gc,ref       ] GC(236) Skipped phase3 of Reference Processing due to unavailable references
[34.742s][debug][gc,ref       ] GC(236) Skipped phase4 of Reference Processing due to unavailable references
[34.742s][debug][gc,phases    ] GC(236) Reference Processing 0.052ms
[34.742s][debug][gc,phases    ] GC(236) Weak Processing 0.174ms
[34.744s][debug][gc,phases    ] GC(236) ClassLoaderData 2.258ms
[34.744s][debug][gc,phases    ] GC(236) Dictionary 0.120ms
[34.744s][debug][gc,phases    ] GC(236) ProtectionDomainCacheTable 0.005ms
[34.744s][debug][gc,phases    ] GC(236) ResolvedMethodTable 0.191ms
[34.787s][debug][gc,phases    ] GC(236) Class Unloading 45.620ms
[34.795s][debug][gc,phases    ] GC(236) Scrub Symbol Table 7.103ms
[34.795s][debug][gc,phases    ] GC(236) Scrub String Table 0.503ms
[34.795s][info ][gc           ] GC(236) Pause Remark 437M->437M(852M) 79.234ms
[34.795s][info ][gc,cpu       ] GC(236) User=0.14s Sys=0.01s Real=0.08s
[34.795s][info ][safepoint    ] Leaving safepoint region
[34.795s][info ][safepoint    ] Total time for which application threads were stopped: 0.0795062 seconds, Stopping threads took: 0.0000244 seconds
[34.795s][info ][gc           ] GC(236) Concurrent Sweep
[34.802s][info ][safepoint    ] Application time: 0.0067269 seconds
[34.802s][info ][safepoint    ] Entering safepoint region: ICBufferFull
[34.802s][info ][safepoint    ] Leaving safepoint region
[34.802s][info ][safepoint    ] Total time for which application threads were stopped: 0.0004067 seconds, Stopping threads took: 0.0001574 seconds
[34.950s][info ][gc           ] GC(236) Concurrent Sweep 154.977ms
[34.950s][info ][gc,cpu       ] GC(236) User=0.32s Sys=0.01s Real=0.16s
[34.950s][info ][gc           ] GC(236) Concurrent Reset
[34.960s][info ][gc           ] GC(236) Concurrent Reset 9.874ms
[34.960s][info ][gc,cpu       ] GC(236) User=0.01s Sys=0.01s Real=0.01s
[34.960s][info ][gc,heap      ] GC(236) Old: 274030K->251677K(602112K)
[34.988s][info ][safepoint    ] Application time: 0.1859454 seconds
[34.988s][info ][safepoint    ] Entering safepoint region: ICBufferFull
[34.989s][info ][safepoint    ] Leaving safepoint region
[34.989s][info ][safepoint    ] Total time for which application threads were stopped: 0.0003587 seconds, Stopping threads took: 0.0000263 seconds
[35.618s][info ][safepoint    ] Application time: 0.6295432 seconds
[35.618s][info ][safepoint    ] Entering safepoint region: ICBufferFull
[35.619s][info ][safepoint    ] Leaving safepoint region
[35.619s][info ][safepoint    ] Total time for which application threads were stopped: 0.0004724 seconds, Stopping threads took: 0.0000473 seconds
[36.177s][info ][safepoint    ] Application time: 0.5577304 seconds
[36.177s][info ][safepoint    ] Entering safepoint region: ICBufferFull
[36.177s][info ][safepoint    ] Leaving safepoint region
[36.177s][info ][safepoint    ] Total time for which application threads were stopped: 0.0002859 seconds, Stopping threads took: 0.0000225 seconds
[36.796s][info ][safepoint    ] Application time: 0.6187530 seconds
[36.796s][info ][safepoint    ] Entering safepoint region: GenCollectForAllocation
[36.796s][info ][gc,start     ] GC(238) Pause Young (Allocation Failure)
[36.796s][info ][gc,task      ] GC(238) Using 4 workers of 4 for evacuation
[36.821s][debug][gc,ref       ] GC(238) Skipped phase1 of Reference Processing due to unavailable references
[36.821s][debug][gc,ref       ] GC(238) Skipped phase3 of Reference Processing due to unavailable references
[36.821s][debug][gc,age       ] GC(238) Desired survivor size 15400960 bytes, new threshold 6 (max threshold 6)
[36.821s][info ][gc,heap      ] GC(238) ParNew: 264774K->15774K(270976K)
[36.821s][info ][gc,heap      ] GC(238) CMS: 251677K->266321K(602112K)
[36.821s][info ][gc,metaspace ] GC(238) Metaspace: 59551K->59551K(1103872K)
[36.821s][info ][gc           ] GC(238) Pause Young (Allocation Failure) 504M->275M(852M) 25.073ms
[36.821s][info ][gc,cpu       ] GC(238) User=0.07s Sys=0.01s Real=0.03s
[36.821s][info ][safepoint    ] Leaving safepoint region
[36.821s][info ][safepoint    ] Total time for which application threads were stopped: 0.0253697 seconds, Stopping threads took: 0.0000229 seconds
[37.821s][info ][safepoint    ] Application time: 1.0001135 seconds
[37.821s][info ][safepoint    ] Entering safepoint region: Cleanup
[37.821s][info ][safepoint    ] Leaving safepoint region
[37.821s][info ][safepoint    ] Total time for which application threads were stopped: 0.0001973 seconds, Stopping threads took: 0.0000255 seconds
[38.822s][info ][safepoint    ] Application time: 1.0001129 seconds
[38.822s][info ][safepoint    ] Entering safepoint region: Cleanup
[38.822s][info ][safepoint    ] Leaving safepoint region
[38.822s][info ][safepoint    ] Total time for which application threads were stopped: 0.0001815 seconds, Stopping threads took: 0.0000273 seconds
[39.822s][info ][safepoint    ] Application time: 1.0001024 seconds
[39.822s][info ][safepoint    ] Entering safepoint region: Cleanup
[39.822s][info ][safepoint    ] Leaving safepoint region
[39.822s][info ][safepoint    ] Total time for which application threads were stopped: 0.0001231 seconds, Stopping threads took: 0.0000284 seconds
[40.679s][info ][safepoint    ] Application time: 0.8570401 seconds
[40.679s][info ][safepoint    ] Entering safepoint region: ICBufferFull
[40.679s][info ][safepoint    ] Leaving safepoint region
[40.679s][info ][safepoint    ] Total time for which application threads were stopped: 0.0002717 seconds, Stopping threads took: 0.0000210 seconds
[41.680s][info ][safepoint    ] Application time: 1.0000974 seconds
[41.680s][info ][safepoint    ] Entering safepoint region: Cleanup
[41.680s][info ][safepoint    ] Leaving safepoint region
[41.680s][info ][safepoint    ] Total time for which application threads were stopped: 0.0002033 seconds, Stopping threads took: 0.0000264 seconds
[41.992s][info ][safepoint    ] Application time: 0.3117798 seconds
[41.992s][info ][safepoint    ] Entering safepoint region: GenCollectForAllocation
[41.992s][info ][gc,start     ] GC(239) Pause Young (Allocation Failure)
[41.992s][info ][gc,task      ] GC(239) Using 4 workers of 4 for evacuation
[42.004s][debug][gc,ref       ] GC(239) Skipped phase1 of Reference Processing due to unavailable references
[42.004s][debug][gc,ref       ] GC(239) Skipped phase3 of Reference Processing due to unavailable references
[42.004s][debug][gc,age       ] GC(239) Desired survivor size 15400960 bytes, new threshold 6 (max threshold 6)
[42.004s][info ][gc,heap      ] GC(239) ParNew: 256670K->7693K(270976K)
[42.004s][info ][gc,heap      ] GC(239) CMS: 266321K->266321K(602112K)
[42.004s][info ][gc,metaspace ] GC(239) Metaspace: 59718K->59718K(1103872K)
[42.004s][info ][gc           ] GC(239) Pause Young (Allocation Failure) 510M->267M(852M) 12.672ms
[42.004s][info ][gc,cpu       ] GC(239) User=0.02s Sys=0.00s Real=0.02s
[42.005s][info ][safepoint    ] Leaving safepoint region
[42.005s][info ][safepoint    ] Total time for which application threads were stopped: 0.0129284 seconds, Stopping threads took: 0.0000752 seconds
[42.837s][info ][safepoint    ] Application time: 0.8321214 seconds
[42.837s][info ][safepoint    ] Entering safepoint region: ICBufferFull
[42.837s][info ][safepoint    ] Leaving safepoint region
[42.837s][info ][safepoint    ] Total time for which application threads were stopped: 0.0002218 seconds, Stopping threads took: 0.0000207 seconds
[43.837s][info ][safepoint    ] Application time: 1.0000929 seconds
[43.837s][info ][safepoint    ] Entering safepoint region: Cleanup
[43.837s][info ][safepoint    ] Leaving safepoint region
[43.837s][info ][safepoint    ] Total time for which application threads were stopped: 0.0002212 seconds, Stopping threads took: 0.0000560 seconds
[44.837s][info ][safepoint    ] Application time: 1.0001205 seconds
[44.837s][info ][safepoint    ] Entering safepoint region: Cleanup
[44.838s][info ][safepoint    ] Leaving safepoint region
[44.838s][info ][safepoint    ] Total time for which application threads were stopped: 0.0002035 seconds, Stopping threads took: 0.0000609 seconds
[45.838s][info ][safepoint    ] Application time: 1.0000852 seconds
[45.838s][info ][safepoint    ] Entering safepoint region: Cleanup
[45.838s][info ][safepoint    ] Leaving safepoint region
[45.838s][info ][safepoint    ] Total time for which application threads were stopped: 0.0001786 seconds, Stopping threads took: 0.0000465 seconds
[46.838s][info ][safepoint    ] Application time: 1.0000997 seconds
[46.838s][info ][safepoint    ] Entering safepoint region: Cleanup
[46.838s][info ][safepoint    ] Leaving safepoint region
[46.838s][info ][safepoint    ] Total time for which application threads were stopped: 0.0002040 seconds, Stopping threads took: 0.0000749 seconds
[47.590s][info ][safepoint    ] Application time: 0.7515857 seconds
[47.590s][info ][safepoint    ] Entering safepoint region: GenCollectForAllocation
[47.590s][info ][gc,start     ] GC(240) Pause Young (Allocation Failure)
[47.590s][info ][gc,task      ] GC(240) Using 4 workers of 4 for evacuation
[47.595s][debug][gc,ref       ] GC(240) Skipped phase1 of Reference Processing due to unavailable references
[47.595s][debug][gc,ref       ] GC(240) Skipped phase3 of Reference Processing due to unavailable references
[47.596s][debug][gc,age       ] GC(240) Desired survivor size 15400960 bytes, new threshold 6 (max threshold 6)
[47.596s][info ][gc,heap      ] GC(240) ParNew: 248589K->7648K(270976K)
[47.596s][info ][gc,heap      ] GC(240) CMS: 266321K->266321K(602112K)
[47.596s][info ][gc,metaspace ] GC(240) Metaspace: 59833K->59833K(1103872K)
[47.596s][info ][gc           ] GC(240) Pause Young (Allocation Failure) 502M->267M(852M) 5.572ms
[47.596s][info ][gc,cpu       ] GC(240) User=0.01s Sys=0.01s Real=0.00s
[47.596s][info ][safepoint    ] Leaving safepoint region
[47.596s][info ][safepoint    ] Total time for which application threads were stopped: 0.0058069 seconds, Stopping threads took: 0.0000226 seconds
[48.596s][info ][safepoint    ] Application time: 1.0001017 seconds
[48.596s][info ][safepoint    ] Entering safepoint region: Cleanup
[48.596s][info ][safepoint    ] Leaving safepoint region
[48.596s][info ][safepoint    ] Total time for which application threads were stopped: 0.0001315 seconds, Stopping threads took: 0.0000224 seconds
[49.596s][info ][safepoint    ] Application time: 1.0000867 seconds
[49.596s][info ][safepoint    ] Entering safepoint region: Cleanup
[49.596s][info ][safepoint    ] Leaving safepoint region
[49.596s][info ][safepoint    ] Total time for which application threads were stopped: 0.0001531 seconds, Stopping threads took: 0.0000226 seconds
[50.596s][info ][safepoint    ] Application time: 1.0000943 seconds
[50.596s][info ][safepoint    ] Entering safepoint region: Cleanup
[50.597s][info ][safepoint    ] Leaving safepoint region
[50.597s][info ][safepoint    ] Total time for which application threads were stopped: 0.0001095 seconds, Stopping threads took: 0.0000209 seconds
[51.597s][info ][safepoint    ] Application time: 1.0000975 seconds
[51.597s][info ][safepoint    ] Entering safepoint region: Cleanup
[51.597s][info ][safepoint    ] Leaving safepoint region
[51.597s][info ][safepoint    ] Total time for which application threads were stopped: 0.0001241 seconds, Stopping threads took: 0.0000221 seconds
[52.597s][info ][safepoint    ] Application time: 1.0000779 seconds
[52.597s][info ][safepoint    ] Entering safepoint region: Cleanup
[52.597s][info ][safepoint    ] Leaving safepoint region
[52.597s][info ][safepoint    ] Total time for which application threads were stopped: 0.0001247 seconds, Stopping threads took: 0.0000374 seconds
[53.036s][info ][safepoint    ] Application time: 0.4392691 seconds
[53.036s][info ][safepoint    ] Entering safepoint region: GenCollectForAllocation
[53.037s][info ][gc,start     ] GC(241) Pause Young (Allocation Failure)
[53.037s][info ][gc,task      ] GC(241) Using 4 workers of 4 for evacuation
[53.040s][debug][gc,ref       ] GC(241) Skipped phase1 of Reference Processing due to unavailable references
[53.040s][debug][gc,ref       ] GC(241) Skipped phase3 of Reference Processing due to unavailable references
[53.040s][debug][gc,ref       ] GC(241) Skipped phase4 of Reference Processing due to unavailable references
[53.041s][debug][gc,age       ] GC(241) Desired survivor size 15400960 bytes, new threshold 6 (max threshold 6)
[53.041s][info ][gc,heap      ] GC(241) ParNew: 248544K->7702K(270976K)
[53.041s][info ][gc,heap      ] GC(241) CMS: 266321K->266321K(602112K)
[53.041s][info ][gc,metaspace ] GC(241) Metaspace: 59861K->59861K(1103872K)
[53.041s][info ][gc           ] GC(241) Pause Young (Allocation Failure) 502M->267M(852M) 4.063ms
[53.041s][info ][gc,cpu       ] GC(241) User=0.02s Sys=0.00s Real=0.00s
[53.041s][info ][safepoint    ] Leaving safepoint region
[53.041s][info ][safepoint    ] Total time for which application threads were stopped: 0.0042748 seconds, Stopping threads took: 0.0000442 seconds
[54.041s][info ][safepoint    ] Application time: 1.0000972 seconds
[54.041s][info ][safepoint    ] Entering safepoint region: Cleanup
[54.041s][info ][safepoint    ] Leaving safepoint region
[54.041s][info ][safepoint    ] Total time for which application threads were stopped: 0.0001476 seconds, Stopping threads took: 0.0000439 seconds
[55.041s][info ][safepoint    ] Application time: 1.0000931 seconds
[55.041s][info ][safepoint    ] Entering safepoint region: Cleanup
[55.041s][info ][safepoint    ] Leaving safepoint region
[55.041s][info ][safepoint    ] Total time for which application threads were stopped: 0.0001485 seconds, Stopping threads took: 0.0000455 seconds
[56.041s][info ][safepoint    ] Application time: 1.0000968 seconds
[56.041s][info ][safepoint    ] Entering safepoint region: Cleanup
[56.042s][info ][safepoint    ] Leaving safepoint region
[56.042s][info ][safepoint    ] Total time for which application threads were stopped: 0.0001975 seconds, Stopping threads took: 0.0000451 seconds
[57.042s][info ][safepoint    ] Application time: 1.0000864 seconds
[57.042s][info ][safepoint    ] Entering safepoint region: Cleanup
[57.042s][info ][safepoint    ] Leaving safepoint region
[57.042s][info ][safepoint    ] Total time for which application threads were stopped: 0.0001704 seconds, Stopping threads took: 0.0000611 seconds
[58.042s][info ][safepoint    ] Application time: 1.0000950 seconds
[58.042s][info ][safepoint    ] Entering safepoint region: Cleanup
[58.042s][info ][safepoint    ] Leaving safepoint region
[58.042s][info ][safepoint    ] Total time for which application threads were stopped: 0.0001666 seconds, Stopping threads took: 0.0000412 seconds
[58.491s][info ][safepoint    ] Application time: 0.4486017 seconds
[58.491s][info ][safepoint    ] Entering safepoint region: GenCollectForAllocation
[58.491s][info ][gc,start     ] GC(242) Pause Young (Allocation Failure)
[58.491s][info ][gc,task      ] GC(242) Using 4 workers of 4 for evacuation
[58.495s][debug][gc,ref       ] GC(242) Skipped phase1 of Reference Processing due to unavailable references
[58.495s][debug][gc,ref       ] GC(242) Skipped phase3 of Reference Processing due to unavailable references
[58.495s][debug][gc,ref       ] GC(242) Skipped phase4 of Reference Processing due to unavailable references
[58.495s][debug][gc,age       ] GC(242) Desired survivor size 15400960 bytes, new threshold 6 (max threshold 6)
[58.495s][info ][gc,heap      ] GC(242) ParNew: 248598K->7768K(270976K)
[58.495s][info ][gc,heap      ] GC(242) CMS: 266321K->266321K(602112K)
[58.495s][info ][gc,metaspace ] GC(242) Metaspace: 59890K->59890K(1103872K)
[58.495s][info ][gc           ] GC(242) Pause Young (Allocation Failure) 502M->267M(852M) 4.240ms
[58.495s][info ][gc,cpu       ] GC(242) User=0.01s Sys=0.00s Real=0.00s
[58.495s][info ][safepoint    ] Leaving safepoint region
[58.495s][info ][safepoint    ] Total time for which application threads were stopped: 0.0044338 seconds, Stopping threads took: 0.0000223 seconds
[59.495s][info ][safepoint    ] Application time: 1.0000961 seconds
[59.495s][info ][safepoint    ] Entering safepoint region: Cleanup
[59.496s][info ][safepoint    ] Leaving safepoint region
[59.496s][info ][safepoint    ] Total time for which application threads were stopped: 0.0002963 seconds, Stopping threads took: 0.0000997 seconds
[60.496s][info ][safepoint    ] Application time: 1.0001253 seconds
[60.496s][info ][safepoint    ] Entering safepoint region: Cleanup
[60.496s][info ][safepoint    ] Leaving safepoint region
[60.496s][info ][safepoint    ] Total time for which application threads were stopped: 0.0001674 seconds, Stopping threads took: 0.0000637 seconds
[60.636s][info ][safepoint    ] Application time: 0.1400912 seconds
[60.636s][info ][safepoint    ] Entering safepoint region: Deoptimize
[60.638s][info ][safepoint    ] Leaving safepoint region
[60.638s][info ][safepoint    ] Total time for which application threads were stopped: 0.0020836 seconds, Stopping threads took: 0.0000260 seconds
[61.080s][info ][safepoint    ] Application time: 0.4417720 seconds
[61.080s][info ][safepoint    ] Entering safepoint region: ICBufferFull
[61.080s][info ][safepoint    ] Leaving safepoint region
[61.080s][info ][safepoint    ] Total time for which application threads were stopped: 0.0003682 seconds, Stopping threads took: 0.0000393 seconds
[62.081s][info ][safepoint    ] Application time: 1.0000969 seconds
[62.081s][info ][safepoint    ] Entering safepoint region: Cleanup
[62.081s][info ][safepoint    ] Leaving safepoint region
[62.081s][info ][safepoint    ] Total time for which application threads were stopped: 0.0001631 seconds, Stopping threads took: 0.0000266 seconds
[63.081s][info ][safepoint    ] Application time: 1.0000883 seconds
[63.081s][info ][safepoint    ] Entering safepoint region: Cleanup
[63.081s][info ][safepoint    ] Leaving safepoint region
[63.081s][info ][safepoint    ] Total time for which application threads were stopped: 0.0002704 seconds, Stopping threads took: 0.0000820 seconds
[63.640s][info ][safepoint    ] Application time: 0.5590253 seconds
[63.640s][info ][safepoint    ] Entering safepoint region: GenCollectForAllocation
[63.640s][info ][gc,start     ] GC(243) Pause Young (Allocation Failure)
[63.640s][info ][gc,task      ] GC(243) Using 4 workers of 4 for evacuation
[63.645s][debug][gc,ref       ] GC(243) Skipped phase1 of Reference Processing due to unavailable references
[63.645s][debug][gc,ref       ] GC(243) Skipped phase3 of Reference Processing due to unavailable references
[63.645s][debug][gc,age       ] GC(243) Desired survivor size 15400960 bytes, new threshold 6 (max threshold 6)
[63.645s][info ][gc,heap      ] GC(243) ParNew: 248664K->6565K(270976K)
[63.645s][info ][gc,heap      ] GC(243) CMS: 266321K->266321K(602112K)
[63.645s][info ][gc,metaspace ] GC(243) Metaspace: 59996K->59996K(1103872K)
[63.645s][info ][gc           ] GC(243) Pause Young (Allocation Failure) 502M->266M(852M) 4.812ms
[63.645s][info ][gc,cpu       ] GC(243) User=0.02s Sys=0.00s Real=0.01s
[63.645s][info ][safepoint    ] Leaving safepoint region
[63.645s][info ][safepoint    ] Total time for which application threads were stopped: 0.0050814 seconds, Stopping threads took: 0.0000539 seconds
[64.645s][info ][safepoint    ] Application time: 1.0000780 seconds
[64.645s][info ][safepoint    ] Entering safepoint region: Cleanup
[64.645s][info ][safepoint    ] Leaving safepoint region
[64.645s][info ][safepoint    ] Total time for which application threads were stopped: 0.0001281 seconds, Stopping threads took: 0.0000212 seconds
[65.646s][info ][safepoint    ] Application time: 1.0001243 seconds
[65.646s][info ][safepoint    ] Entering safepoint region: Cleanup
[65.646s][info ][safepoint    ] Leaving safepoint region
[65.646s][info ][safepoint    ] Total time for which application threads were stopped: 0.0001208 seconds, Stopping threads took: 0.0000227 seconds
[66.646s][info ][safepoint    ] Application time: 1.0000528 seconds
[66.646s][info ][safepoint    ] Entering safepoint region: Cleanup
[66.646s][info ][safepoint    ] Leaving safepoint region
[66.646s][info ][safepoint    ] Total time for which application threads were stopped: 0.0001163 seconds, Stopping threads took: 0.0000253 seconds
[67.248s][info ][safepoint    ] Application time: 0.6018969 seconds
[67.248s][info ][safepoint    ] Entering safepoint region: Deoptimize
[67.258s][info ][safepoint    ] Leaving safepoint region
[67.258s][info ][safepoint    ] Total time for which application threads were stopped: 0.0104446 seconds, Stopping threads took: 0.0000728 seconds
[67.262s][info ][safepoint    ] Application time: 0.0036007 seconds
[67.262s][info ][safepoint    ] Entering safepoint region: Deoptimize
[67.264s][info ][safepoint    ] Leaving safepoint region
[67.264s][info ][safepoint    ] Total time for which application threads were stopped: 0.0017236 seconds, Stopping threads took: 0.0000158 seconds
[67.265s][info ][safepoint    ] Application time: 0.0013841 seconds
[67.265s][info ][safepoint    ] Entering safepoint region: Deoptimize
[67.266s][info ][safepoint    ] Leaving safepoint region
[67.266s][info ][safepoint    ] Total time for which application threads were stopped: 0.0007313 seconds, Stopping threads took: 0.0000152 seconds
[68.266s][info ][safepoint    ] Application time: 1.0001040 seconds
[68.266s][info ][safepoint    ] Entering safepoint region: Cleanup
[68.266s][info ][safepoint    ] Leaving safepoint region
[68.266s][info ][safepoint    ] Total time for which application threads were stopped: 0.0002358 seconds, Stopping threads took: 0.0000261 seconds
[69.091s][info ][safepoint    ] Application time: 0.8248339 seconds
[69.091s][info ][safepoint    ] Entering safepoint region: GenCollectForAllocation
[69.091s][info ][gc,start     ] GC(244) Pause Young (Allocation Failure)
[69.091s][info ][gc,task      ] GC(244) Using 4 workers of 4 for evacuation
[69.098s][debug][gc,ref       ] GC(244) Skipped phase1 of Reference Processing due to unavailable references
[69.098s][debug][gc,ref       ] GC(244) Skipped phase3 of Reference Processing due to unavailable references
[69.098s][debug][gc,age       ] GC(244) Desired survivor size 15400960 bytes, new threshold 6 (max threshold 6)
[69.098s][info ][gc,heap      ] GC(244) ParNew: 247461K->5364K(270976K)
[69.098s][info ][gc,heap      ] GC(244) CMS: 266321K->270428K(602112K)
[69.098s][info ][gc,metaspace ] GC(244) Metaspace: 60120K->60120K(1103872K)
[69.098s][info ][gc           ] GC(244) Pause Young (Allocation Failure) 501M->269M(852M) 7.087ms
[69.098s][info ][gc,cpu       ] GC(244) User=0.03s Sys=0.00s Real=0.01s
[69.098s][info ][safepoint    ] Leaving safepoint region
[69.098s][info ][safepoint    ] Total time for which application threads were stopped: 0.0072997 seconds, Stopping threads took: 0.0000220 seconds
[70.099s][info ][safepoint    ] Application time: 1.0000801 seconds
[70.099s][info ][safepoint    ] Entering safepoint region: Cleanup
[70.099s][info ][safepoint    ] Leaving safepoint region
[70.099s][info ][safepoint    ] Total time for which application threads were stopped: 0.0001329 seconds, Stopping threads took: 0.0000217 seconds
[71.099s][info ][safepoint    ] Application time: 1.0000511 seconds
[71.099s][info ][safepoint    ] Entering safepoint region: Cleanup
[71.099s][info ][safepoint    ] Leaving safepoint region
[71.099s][info ][safepoint    ] Total time for which application threads were stopped: 0.0001288 seconds, Stopping threads took: 0.0000231 seconds
[72.099s][info ][safepoint    ] Application time: 1.0000996 seconds
[72.099s][info ][safepoint    ] Entering safepoint region: Cleanup
[72.099s][info ][safepoint    ] Leaving safepoint region
[72.099s][info ][safepoint    ] Total time for which application threads were stopped: 0.0001148 seconds, Stopping threads took: 0.0000203 seconds
[73.099s][info ][safepoint    ] Application time: 1.0000952 seconds
[73.099s][info ][safepoint    ] Entering safepoint region: Cleanup
[73.099s][info ][safepoint    ] Leaving safepoint region
[73.099s][info ][safepoint    ] Total time for which application threads were stopped: 0.0001237 seconds, Stopping threads took: 0.0000247 seconds
[74.099s][info ][safepoint    ] Application time: 1.0000953 seconds
[74.100s][info ][safepoint    ] Entering safepoint region: Cleanup
[74.100s][info ][safepoint    ] Leaving safepoint region
[74.100s][info ][safepoint    ] Total time for which application threads were stopped: 0.0002000 seconds, Stopping threads took: 0.0000495 seconds
[74.886s][info ][safepoint    ] Application time: 0.7863653 seconds
[74.886s][info ][safepoint    ] Entering safepoint region: GenCollectForAllocation
[74.886s][info ][gc,start     ] GC(245) Pause Young (Allocation Failure)
[74.886s][info ][gc,task      ] GC(245) Using 4 workers of 4 for evacuation
[74.889s][debug][gc,ref       ] GC(245) Skipped phase1 of Reference Processing due to unavailable references
[74.889s][debug][gc,ref       ] GC(245) Skipped phase3 of Reference Processing due to unavailable references
[74.890s][debug][gc,age       ] GC(245) Desired survivor size 15400960 bytes, new threshold 6 (max threshold 6)
[74.890s][info ][gc,heap      ] GC(245) ParNew: 246260K->2296K(270976K)
[74.890s][info ][gc,heap      ] GC(245) CMS: 270428K->270795K(602112K)
[74.890s][info ][gc,metaspace ] GC(245) Metaspace: 60209K->60209K(1103872K)
[74.890s][info ][gc           ] GC(245) Pause Young (Allocation Failure) 504M->266M(852M) 3.402ms
[74.890s][info ][gc,cpu       ] GC(245) User=0.02s Sys=0.00s Real=0.00s
[74.890s][info ][safepoint    ] Leaving safepoint region
[74.890s][info ][safepoint    ] Total time for which application threads were stopped: 0.0037714 seconds, Stopping threads took: 0.0000265 seconds
[75.890s][info ][safepoint    ] Application time: 1.0001052 seconds
[75.890s][info ][safepoint    ] Entering safepoint region: Cleanup
[75.890s][info ][safepoint    ] Leaving safepoint region
[75.890s][info ][safepoint    ] Total time for which application threads were stopped: 0.0001941 seconds, Stopping threads took: 0.0000564 seconds
[76.890s][info ][safepoint    ] Application time: 1.0000884 seconds
[76.890s][info ][safepoint    ] Entering safepoint region: Cleanup
[76.891s][info ][safepoint    ] Leaving safepoint region
[76.891s][info ][safepoint    ] Total time for which application threads were stopped: 0.0001494 seconds, Stopping threads took: 0.0000428 seconds
[77.891s][info ][safepoint    ] Application time: 1.0000738 seconds
[77.891s][info ][safepoint    ] Entering safepoint region: Cleanup
[77.891s][info ][safepoint    ] Leaving safepoint region
[77.891s][info ][safepoint    ] Total time for which application threads were stopped: 0.0002073 seconds, Stopping threads took: 0.0000793 seconds
[78.325s][info ][safepoint    ] Application time: 0.4339296 seconds
[78.325s][info ][safepoint    ] Entering safepoint region: ICBufferFull
[78.325s][info ][safepoint    ] Leaving safepoint region
[78.325s][info ][safepoint    ] Total time for which application threads were stopped: 0.0003665 seconds, Stopping threads took: 0.0001564 seconds
[78.517s][info ][safepoint    ] Application time: 0.1922279 seconds
[78.518s][info ][safepoint    ] Entering safepoint region: GenCollectForAllocation
[78.518s][info ][gc,start     ] GC(246) Pause Young (Allocation Failure)
[78.518s][info ][gc,task      ] GC(246) Using 4 workers of 4 for evacuation
[78.531s][debug][gc,ref       ] GC(246) Skipped phase1 of Reference Processing due to unavailable references
[78.531s][debug][gc,ref       ] GC(246) Skipped phase3 of Reference Processing due to unavailable references
[78.532s][debug][gc,age       ] GC(246) Desired survivor size 15400960 bytes, new threshold 1 (max threshold 6)
[78.532s][info ][gc,heap      ] GC(246) ParNew: 243192K->27130K(270976K)
[78.532s][info ][gc,heap      ] GC(246) CMS: 270795K->270894K(602112K)
[78.532s][info ][gc,metaspace ] GC(246) Metaspace: 60459K->60459K(1103872K)
[78.532s][info ][gc           ] GC(246) Pause Young (Allocation Failure) 501M->291M(852M) 13.948ms
[78.532s][info ][gc,cpu       ] GC(246) User=0.07s Sys=0.00s Real=0.01s
[78.532s][info ][safepoint    ] Leaving safepoint region
[78.532s][info ][safepoint    ] Total time for which application threads were stopped: 0.0142562 seconds, Stopping threads took: 0.0000711 seconds
[79.501s][info ][safepoint    ] Application time: 0.9695216 seconds
[79.501s][info ][safepoint    ] Entering safepoint region: ICBufferFull
[79.501s][info ][safepoint    ] Leaving safepoint region
[79.501s][info ][safepoint    ] Total time for which application threads were stopped: 0.0002315 seconds, Stopping threads took: 0.0000196 seconds
[80.502s][info ][safepoint    ] Application time: 1.0001013 seconds
[80.502s][info ][safepoint    ] Entering safepoint region: Cleanup
[80.502s][info ][safepoint    ] Leaving safepoint region
[80.502s][info ][safepoint    ] Total time for which application threads were stopped: 0.0001135 seconds, Stopping threads took: 0.0000217 seconds
[80.788s][info ][safepoint    ] Application time: 0.2857586 seconds
[80.788s][info ][safepoint    ] Entering safepoint region: ICBufferFull
[80.788s][info ][safepoint    ] Leaving safepoint region
[80.788s][info ][safepoint    ] Total time for which application threads were stopped: 0.0003285 seconds, Stopping threads took: 0.0000808 seconds
[81.788s][info ][safepoint    ] Application time: 1.0001011 seconds
[81.788s][info ][safepoint    ] Entering safepoint region: Cleanup
[81.788s][info ][safepoint    ] Leaving safepoint region
[81.788s][info ][safepoint    ] Total time for which application threads were stopped: 0.0001961 seconds, Stopping threads took: 0.0000596 seconds
[82.788s][info ][safepoint    ] Application time: 1.0000364 seconds
[82.788s][info ][safepoint    ] Entering safepoint region: Cleanup
[82.789s][info ][safepoint    ] Leaving safepoint region
[82.789s][info ][safepoint    ] Total time for which application threads were stopped: 0.0001520 seconds, Stopping threads took: 0.0000433 seconds
[83.789s][info ][safepoint    ] Application time: 1.0000976 seconds
[83.789s][info ][safepoint    ] Entering safepoint region: Cleanup
[83.789s][info ][safepoint    ] Leaving safepoint region
[83.789s][info ][safepoint    ] Total time for which application threads were stopped: 0.0001366 seconds, Stopping threads took: 0.0000414 seconds
[84.789s][info ][safepoint    ] Application time: 1.0000967 seconds
[84.789s][info ][safepoint    ] Entering safepoint region: Cleanup
[84.789s][info ][safepoint    ] Leaving safepoint region
[84.789s][info ][safepoint    ] Total time for which application threads were stopped: 0.0001447 seconds, Stopping threads took: 0.0000443 seconds
[85.092s][info ][safepoint    ] Application time: 0.3027555 seconds
[85.092s][info ][safepoint    ] Entering safepoint region: GenCollectForAllocation
[85.092s][info ][gc,start     ] GC(247) Pause Young (Allocation Failure)
[85.092s][info ][gc,task      ] GC(247) Using 4 workers of 4 for evacuation
[85.098s][debug][gc,ref       ] GC(247) Skipped phase1 of Reference Processing due to unavailable references
[85.098s][debug][gc,ref       ] GC(247) Skipped phase3 of Reference Processing due to unavailable references
[85.098s][debug][gc,age       ] GC(247) Desired survivor size 15400960 bytes, new threshold 6 (max threshold 6)
[85.098s][info ][gc,heap      ] GC(247) ParNew: 268026K->19992K(270976K)
[85.098s][info ][gc,heap      ] GC(247) CMS: 270894K->272391K(602112K)
[85.098s][info ][gc,metaspace ] GC(247) Metaspace: 60757K->60757K(1103872K)
[85.098s][info ][gc           ] GC(247) Pause Young (Allocation Failure) 526M->285M(852M) 5.743ms
[85.098s][info ][gc,cpu       ] GC(247) User=0.02s Sys=0.00s Real=0.01s
[85.098s][info ][safepoint    ] Leaving safepoint region
[85.098s][info ][safepoint    ] Total time for which application threads were stopped: 0.0059316 seconds, Stopping threads took: 0.0000229 seconds
[86.098s][info ][safepoint    ] Application time: 1.0001019 seconds
[86.098s][info ][safepoint    ] Entering safepoint region: Cleanup
[86.098s][info ][safepoint    ] Leaving safepoint region
[86.098s][info ][safepoint    ] Total time for which application threads were stopped: 0.0001390 seconds, Stopping threads took: 0.0000244 seconds
[87.098s][info ][safepoint    ] Application time: 1.0000895 seconds
[87.098s][info ][safepoint    ] Entering safepoint region: Cleanup
[87.098s][info ][safepoint    ] Leaving safepoint region
[87.098s][info ][safepoint    ] Total time for which application threads were stopped: 0.0002458 seconds, Stopping threads took: 0.0000928 seconds
[88.100s][info ][safepoint    ] Application time: 1.0011105 seconds
[88.100s][info ][safepoint    ] Entering safepoint region: Cleanup
[88.100s][info ][safepoint    ] Leaving safepoint region
[88.100s][info ][safepoint    ] Total time for which application threads were stopped: 0.0001250 seconds, Stopping threads took: 0.0000389 seconds
[88.919s][info ][safepoint    ] Application time: 0.8193612 seconds
[88.919s][info ][safepoint    ] Entering safepoint region: RevokeBias
[88.919s][info ][safepoint    ] Leaving safepoint region
[88.919s][info ][safepoint    ] Total time for which application threads were stopped: 0.0001496 seconds, Stopping threads took: 0.0000222 seconds
[89.919s][info ][safepoint    ] Application time: 1.0001374 seconds
[89.920s][info ][safepoint    ] Entering safepoint region: Cleanup
[89.920s][info ][safepoint    ] Leaving safepoint region
[89.920s][info ][safepoint    ] Total time for which application threads were stopped: 0.0001099 seconds, Stopping threads took: 0.0000245 seconds
[90.920s][info ][safepoint    ] Application time: 1.0000956 seconds
[90.920s][info ][safepoint    ] Entering safepoint region: Cleanup
[90.920s][info ][safepoint    ] Leaving safepoint region
[90.920s][info ][safepoint    ] Total time for which application threads were stopped: 0.0001208 seconds, Stopping threads took: 0.0000285 seconds
[90.937s][info ][safepoint    ] Application time: 0.0176032 seconds
[90.938s][info ][safepoint    ] Entering safepoint region: GenCollectForAllocation
[90.938s][info ][gc,start     ] GC(248) Pause Young (Allocation Failure)
[90.938s][info ][gc,task      ] GC(248) Using 4 workers of 4 for evacuation
[90.942s][debug][gc,ref       ] GC(248) Skipped phase1 of Reference Processing due to unavailable references
[90.942s][debug][gc,ref       ] GC(248) Skipped phase3 of Reference Processing due to unavailable references
[90.942s][debug][gc,ref       ] GC(248) Skipped phase4 of Reference Processing due to unavailable references
[90.942s][debug][gc,age       ] GC(248) Desired survivor size 15400960 bytes, new threshold 6 (max threshold 6)
[90.942s][info ][gc,heap      ] GC(248) ParNew: 260888K->5049K(270976K)
[90.942s][info ][gc,heap      ] GC(248) CMS: 272391K->272391K(602112K)
[90.942s][info ][gc,metaspace ] GC(248) Metaspace: 60774K->60774K(1103872K)
[90.942s][info ][gc           ] GC(248) Pause Young (Allocation Failure) 520M->270M(852M) 4.149ms
[90.942s][info ][gc,cpu       ] GC(248) User=0.02s Sys=0.00s Real=0.00s
[90.942s][info ][safepoint    ] Leaving safepoint region
[90.942s][info ][safepoint    ] Total time for which application threads were stopped: 0.0043708 seconds, Stopping threads took: 0.0000234 seconds
[91.942s][info ][safepoint    ] Application time: 1.0000924 seconds
[91.942s][info ][safepoint    ] Entering safepoint region: Cleanup
[91.942s][info ][safepoint    ] Leaving safepoint region
[91.942s][info ][safepoint    ] Total time for which application threads were stopped: 0.0001073 seconds, Stopping threads took: 0.0000243 seconds
[92.942s][info ][safepoint    ] Application time: 1.0000910 seconds
[92.942s][info ][safepoint    ] Entering safepoint region: Cleanup
[92.942s][info ][safepoint    ] Leaving safepoint region
[92.942s][info ][safepoint    ] Total time for which application threads were stopped: 0.0001014 seconds, Stopping threads took: 0.0000223 seconds
[93.943s][info ][safepoint    ] Application time: 1.0001307 seconds
[93.943s][info ][safepoint    ] Entering safepoint region: Cleanup
[93.943s][info ][safepoint    ] Leaving safepoint region
[93.943s][info ][safepoint    ] Total time for which application threads were stopped: 0.0001430 seconds, Stopping threads took: 0.0000449 seconds
[94.943s][info ][safepoint    ] Application time: 1.0001256 seconds
[94.943s][info ][safepoint    ] Entering safepoint region: Cleanup
[94.943s][info ][safepoint    ] Leaving safepoint region
[94.943s][info ][safepoint    ] Total time for which application threads were stopped: 0.0001097 seconds, Stopping threads took: 0.0000361 seconds
[95.943s][info ][safepoint    ] Application time: 1.0000731 seconds
[95.943s][info ][safepoint    ] Entering safepoint region: Cleanup
[95.943s][info ][safepoint    ] Leaving safepoint region
[95.943s][info ][safepoint    ] Total time for which application threads were stopped: 0.0001916 seconds, Stopping threads took: 0.0000652 seconds
[96.639s][info ][safepoint    ] Application time: 0.6954088 seconds
[96.639s][info ][safepoint    ] Entering safepoint region: GenCollectForAllocation
[96.639s][info ][gc,start     ] GC(249) Pause Young (Allocation Failure)
[96.639s][info ][gc,task      ] GC(249) Using 4 workers of 4 for evacuation
[96.641s][debug][gc,ref       ] GC(249) Skipped phase1 of Reference Processing due to unavailable references
[96.642s][debug][gc,ref       ] GC(249) Skipped phase3 of Reference Processing due to unavailable references
[96.642s][debug][gc,ref       ] GC(249) Skipped phase4 of Reference Processing due to unavailable references
[96.642s][debug][gc,age       ] GC(249) Desired survivor size 15400960 bytes, new threshold 6 (max threshold 6)
[96.642s][info ][gc,heap      ] GC(249) ParNew: 245945K->1341K(270976K)
[96.642s][info ][gc,heap      ] GC(249) CMS: 272391K->272391K(602112K)
[96.642s][info ][gc,metaspace ] GC(249) Metaspace: 60815K->60815K(1103872K)
[96.642s][info ][gc           ] GC(249) Pause Young (Allocation Failure) 506M->267M(852M) 2.888ms
[96.642s][info ][gc,cpu       ] GC(249) User=0.02s Sys=0.00s Real=0.00s
[96.642s][info ][safepoint    ] Leaving safepoint region
[96.642s][info ][safepoint    ] Total time for which application threads were stopped: 0.0030826 seconds, Stopping threads took: 0.0000214 seconds
[97.642s][info ][safepoint    ] Application time: 1.0001138 seconds
[97.642s][info ][safepoint    ] Entering safepoint region: Cleanup
[97.642s][info ][safepoint    ] Leaving safepoint region
[97.642s][info ][safepoint    ] Total time for which application threads were stopped: 0.0002631 seconds, Stopping threads took: 0.0000892 seconds
[98.642s][info ][safepoint    ] Application time: 1.0001042 seconds
[98.642s][info ][safepoint    ] Entering safepoint region: Cleanup
[98.643s][info ][safepoint    ] Leaving safepoint region
[98.643s][info ][safepoint    ] Total time for which application threads were stopped: 0.0002032 seconds, Stopping threads took: 0.0000416 seconds
[99.643s][info ][safepoint    ] Application time: 1.0000885 seconds
[99.643s][info ][safepoint    ] Entering safepoint region: Cleanup
[99.643s][info ][safepoint    ] Leaving safepoint region
[99.643s][info ][safepoint    ] Total time for which application threads were stopped: 0.0001240 seconds, Stopping threads took: 0.0000404 seconds
[100.643s][info ][safepoint    ] Application time: 1.0000988 seconds
[100.643s][info ][safepoint    ] Entering safepoint region: Cleanup
[100.643s][info ][safepoint    ] Leaving safepoint region
[100.643s][info ][safepoint    ] Total time for which application threads were stopped: 0.0001597 seconds, Stopping threads took: 0.0000467 seconds
[101.643s][info ][safepoint    ] Application time: 1.0000873 seconds
[101.643s][info ][safepoint    ] Entering safepoint region: Cleanup
[101.643s][info ][safepoint    ] Leaving safepoint region
[101.643s][info ][safepoint    ] Total time for which application threads were stopped: 0.0001250 seconds, Stopping threads took: 0.0000230 seconds
[102.036s][info ][safepoint    ] Application time: 0.3923245 seconds
[102.036s][info ][safepoint    ] Entering safepoint region: GenCollectForAllocation
[102.036s][info ][gc,start     ] GC(250) Pause Young (Allocation Failure)
[102.036s][info ][gc,task      ] GC(250) Using 4 workers of 4 for evacuation
[102.040s][debug][gc,ref       ] GC(250) Skipped phase1 of Reference Processing due to unavailable references
[102.040s][debug][gc,ref       ] GC(250) Skipped phase3 of Reference Processing due to unavailable references
[102.040s][debug][gc,age       ] GC(250) Desired survivor size 15400960 bytes, new threshold 6 (max threshold 6)
[102.040s][info ][gc,heap      ] GC(250) ParNew: 242237K->1097K(270976K)
[102.040s][info ][gc,heap      ] GC(250) CMS: 272391K->272391K(602112K)
[102.040s][info ][gc,metaspace ] GC(250) Metaspace: 60889K->60889K(1103872K)
[102.040s][info ][gc           ] GC(250) Pause Young (Allocation Failure) 502M->267M(852M) 4.084ms
[102.040s][info ][gc,cpu       ] GC(250) User=0.02s Sys=0.00s Real=0.01s
[102.040s][info ][safepoint    ] Leaving safepoint region
[102.040s][info ][safepoint    ] Total time for which application threads were stopped: 0.0043087 seconds, Stopping threads took: 0.0000474 seconds
[103.040s][info ][safepoint    ] Application time: 1.0000960 seconds
[103.040s][info ][safepoint    ] Entering safepoint region: Cleanup
[103.040s][info ][safepoint    ] Leaving safepoint region
[103.040s][info ][safepoint    ] Total time for which application threads were stopped: 0.0001506 seconds, Stopping threads took: 0.0000622 seconds
[104.040s][info ][safepoint    ] Application time: 1.0000851 seconds
[104.041s][info ][safepoint    ] Entering safepoint region: Cleanup
[104.041s][info ][safepoint    ] Leaving safepoint region
[104.041s][info ][safepoint    ] Total time for which application threads were stopped: 0.0001400 seconds, Stopping threads took: 0.0000527 seconds
[105.046s][info ][safepoint    ] Application time: 1.0055022 seconds
[105.046s][info ][safepoint    ] Entering safepoint region: Cleanup
[105.046s][info ][safepoint    ] Leaving safepoint region
[105.046s][info ][safepoint    ] Total time for which application threads were stopped: 0.0001296 seconds, Stopping threads took: 0.0000219 seconds
[106.046s][info ][safepoint    ] Application time: 1.0000827 seconds
[106.046s][info ][safepoint    ] Entering safepoint region: Cleanup
[106.047s][info ][safepoint    ] Leaving safepoint region
[106.047s][info ][safepoint    ] Total time for which application threads were stopped: 0.0001122 seconds, Stopping threads took: 0.0000200 seconds
[107.047s][info ][safepoint    ] Application time: 1.0000876 seconds
[107.047s][info ][safepoint    ] Entering safepoint region: Cleanup
[107.047s][info ][safepoint    ] Leaving safepoint region
[107.047s][info ][safepoint    ] Total time for which application threads were stopped: 0.0001058 seconds, Stopping threads took: 0.0000222 seconds
[107.939s][info ][safepoint    ] Application time: 0.8925540 seconds
[107.939s][info ][safepoint    ] Entering safepoint region: GenCollectForAllocation
[107.939s][info ][gc,start     ] GC(251) Pause Young (Allocation Failure)
[107.940s][info ][gc,task      ] GC(251) Using 4 workers of 4 for evacuation
[107.942s][debug][gc,ref       ] GC(251) Skipped phase1 of Reference Processing due to unavailable references
[107.942s][debug][gc,ref       ] GC(251) Skipped phase3 of Reference Processing due to unavailable references
[107.942s][debug][gc,ref       ] GC(251) Skipped phase4 of Reference Processing due to unavailable references
[107.942s][debug][gc,age       ] GC(251) Desired survivor size 15400960 bytes, new threshold 6 (max threshold 6)
[107.942s][info ][gc,heap      ] GC(251) ParNew: 241993K->1222K(270976K)
[107.942s][info ][gc,heap      ] GC(251) CMS: 272391K->272391K(602112K)
[107.942s][info ][gc,metaspace ] GC(251) Metaspace: 60900K->60900K(1103872K)
[107.942s][info ][gc           ] GC(251) Pause Young (Allocation Failure) 502M->267M(852M) 2.966ms
[107.942s][info ][gc,cpu       ] GC(251) User=0.01s Sys=0.00s Real=0.00s
[107.942s][info ][safepoint    ] Leaving safepoint region
[107.942s][info ][safepoint    ] Total time for which application threads were stopped: 0.0031484 seconds, Stopping threads took: 0.0000238 seconds
[108.943s][info ][safepoint    ] Application time: 1.0000817 seconds
[108.943s][info ][safepoint    ] Entering safepoint region: Cleanup
[108.943s][info ][safepoint    ] Leaving safepoint region
[108.943s][info ][safepoint    ] Total time for which application threads were stopped: 0.0001152 seconds, Stopping threads took: 0.0000221 seconds
[109.943s][info ][safepoint    ] Application time: 1.0000837 seconds
[109.943s][info ][safepoint    ] Entering safepoint region: Cleanup
[109.943s][info ][safepoint    ] Leaving safepoint region
[109.943s][info ][safepoint    ] Total time for which application threads were stopped: 0.0001123 seconds, Stopping threads took: 0.0000226 seconds
[111.943s][info ][safepoint    ] Application time: 2.0001573 seconds
[111.943s][info ][safepoint    ] Entering safepoint region: Cleanup
[111.943s][info ][safepoint    ] Leaving safepoint region
[111.943s][info ][safepoint    ] Total time for which application threads were stopped: 0.0000970 seconds, Stopping threads took: 0.0000202 seconds
[112.943s][info ][safepoint    ] Application time: 1.0000891 seconds
[112.943s][info ][safepoint    ] Entering safepoint region: Cleanup
[112.944s][info ][safepoint    ] Leaving safepoint region
[112.944s][info ][safepoint    ] Total time for which application threads were stopped: 0.0001098 seconds, Stopping threads took: 0.0000220 seconds
[113.842s][info ][safepoint    ] Application time: 0.8980461 seconds
[113.842s][info ][safepoint    ] Entering safepoint region: GenCollectForAllocation
[113.842s][info ][gc,start     ] GC(252) Pause Young (Allocation Failure)
[113.842s][info ][gc,task      ] GC(252) Using 4 workers of 4 for evacuation
[113.845s][debug][gc,ref       ] GC(252) Skipped phase1 of Reference Processing due to unavailable references
[113.845s][debug][gc,ref       ] GC(252) Skipped phase3 of Reference Processing due to unavailable references
[113.845s][debug][gc,ref       ] GC(252) Skipped phase4 of Reference Processing due to unavailable references
[113.845s][debug][gc,age       ] GC(252) Desired survivor size 15400960 bytes, new threshold 6 (max threshold 6)
[113.845s][info ][gc,heap      ] GC(252) ParNew: 242118K->1492K(270976K)
[113.845s][info ][gc,heap      ] GC(252) CMS: 272391K->272391K(602112K)
[113.845s][info ][gc,metaspace ] GC(252) Metaspace: 60913K->60913K(1103872K)
[113.845s][info ][gc           ] GC(252) Pause Young (Allocation Failure) 502M->267M(852M) 3.253ms
[113.845s][info ][gc,cpu       ] GC(252) User=0.01s Sys=0.00s Real=0.01s
[113.845s][info ][safepoint    ] Leaving safepoint region
[113.845s][info ][safepoint    ] Total time for which application threads were stopped: 0.0034500 seconds, Stopping threads took: 0.0000233 seconds
[114.845s][info ][safepoint    ] Application time: 1.0001013 seconds
[114.845s][info ][safepoint    ] Entering safepoint region: Cleanup
[114.845s][info ][safepoint    ] Leaving safepoint region
[114.845s][info ][safepoint    ] Total time for which application threads were stopped: 0.0001250 seconds, Stopping threads took: 0.0000234 seconds
[115.845s][info ][safepoint    ] Application time: 1.0000883 seconds
[115.845s][info ][safepoint    ] Entering safepoint region: Cleanup
[115.846s][info ][safepoint    ] Leaving safepoint region
[115.846s][info ][safepoint    ] Total time for which application threads were stopped: 0.0001227 seconds, Stopping threads took: 0.0000403 seconds
[116.846s][info ][safepoint    ] Application time: 1.0000793 seconds
[116.846s][info ][safepoint    ] Entering safepoint region: Cleanup
[116.846s][info ][safepoint    ] Leaving safepoint region
[116.846s][info ][safepoint    ] Total time for which application threads were stopped: 0.0001223 seconds, Stopping threads took: 0.0000295 seconds
[118.846s][info ][safepoint    ] Application time: 2.0001671 seconds
[118.846s][info ][safepoint    ] Entering safepoint region: Cleanup
[118.846s][info ][safepoint    ] Leaving safepoint region
[118.846s][info ][safepoint    ] Total time for which application threads were stopped: 0.0001154 seconds, Stopping threads took: 0.0000208 seconds
[119.736s][info ][safepoint    ] Application time: 0.8895024 seconds
[119.736s][info ][safepoint    ] Entering safepoint region: GenCollectForAllocation
[119.736s][info ][gc,start     ] GC(253) Pause Young (Allocation Failure)
[119.736s][info ][gc,task      ] GC(253) Using 4 workers of 4 for evacuation
[119.739s][debug][gc,ref       ] GC(253) Skipped phase1 of Reference Processing due to unavailable references
[119.739s][debug][gc,ref       ] GC(253) Skipped phase3 of Reference Processing due to unavailable references
[119.739s][debug][gc,ref       ] GC(253) Skipped phase4 of Reference Processing due to unavailable references
[119.739s][debug][gc,age       ] GC(253) Desired survivor size 15400960 bytes, new threshold 6 (max threshold 6)
[119.739s][info ][gc,heap      ] GC(253) ParNew: 242388K->1927K(270976K)
[119.739s][info ][gc,heap      ] GC(253) CMS: 272391K->272610K(602112K)
[119.739s][info ][gc,metaspace ] GC(253) Metaspace: 60934K->60934K(1103872K)
[119.739s][info ][gc           ] GC(253) Pause Young (Allocation Failure) 502M->268M(852M) 3.340ms
[119.739s][info ][gc,cpu       ] GC(253) User=0.02s Sys=0.00s Real=0.01s
[119.739s][info ][safepoint    ] Leaving safepoint region
[119.739s][info ][safepoint    ] Total time for which application threads were stopped: 0.0035879 seconds, Stopping threads took: 0.0000745 seconds
[120.739s][info ][safepoint    ] Application time: 1.0000896 seconds
[120.739s][info ][safepoint    ] Entering safepoint region: Cleanup
[120.740s][info ][safepoint    ] Leaving safepoint region
[120.740s][info ][safepoint    ] Total time for which application threads were stopped: 0.0001603 seconds, Stopping threads took: 0.0000717 seconds
[121.740s][info ][safepoint    ] Application time: 1.0000941 seconds
[121.740s][info ][safepoint    ] Entering safepoint region: Cleanup
[121.740s][info ][safepoint    ] Leaving safepoint region
[121.740s][info ][safepoint    ] Total time for which application threads were stopped: 0.0001539 seconds, Stopping threads took: 0.0000486 seconds
[122.740s][info ][safepoint    ] Application time: 1.0000984 seconds
[122.740s][info ][safepoint    ] Entering safepoint region: Cleanup
[122.740s][info ][safepoint    ] Leaving safepoint region
[122.740s][info ][safepoint    ] Total time for which application threads were stopped: 0.0002173 seconds, Stopping threads took: 0.0000879 seconds
[123.740s][info ][safepoint    ] Application time: 1.0001043 seconds
[123.740s][info ][safepoint    ] Entering safepoint region: Cleanup
[123.741s][info ][safepoint    ] Leaving safepoint region
[123.741s][info ][safepoint    ] Total time for which application threads were stopped: 0.0001413 seconds, Stopping threads took: 0.0000468 seconds
[124.741s][info ][safepoint    ] Application time: 1.0000887 seconds
[124.741s][info ][safepoint    ] Entering safepoint region: Cleanup
[124.741s][info ][safepoint    ] Leaving safepoint region
[124.741s][info ][safepoint    ] Total time for which application threads were stopped: 0.0001469 seconds, Stopping threads took: 0.0000495 seconds
[125.486s][info ][safepoint    ] Application time: 0.7449534 seconds
[125.486s][info ][safepoint    ] Entering safepoint region: GenCollectForAllocation
[125.486s][info ][gc,start     ] GC(254) Pause Young (Allocation Failure)
[125.486s][info ][gc,task      ] GC(254) Using 4 workers of 4 for evacuation
[125.489s][debug][gc,ref       ] GC(254) Skipped phase1 of Reference Processing due to unavailable references
[125.489s][debug][gc,ref       ] GC(254) Skipped phase3 of Reference Processing due to unavailable references
[125.489s][debug][gc,ref       ] GC(254) Skipped phase4 of Reference Processing due to unavailable references
[125.489s][debug][gc,age       ] GC(254) Desired survivor size 15400960 bytes, new threshold 6 (max threshold 6)
[125.489s][info ][gc,heap      ] GC(254) ParNew: 242823K->1909K(270976K)
[125.489s][info ][gc,heap      ] GC(254) CMS: 272610K->272733K(602112K)
[125.489s][info ][gc,metaspace ] GC(254) Metaspace: 60937K->60937K(1103872K)
[125.489s][info ][gc           ] GC(254) Pause Young (Allocation Failure) 503M->268M(852M) 3.316ms
[125.489s][info ][gc,cpu       ] GC(254) User=0.01s Sys=0.00s Real=0.00s
[125.489s][info ][safepoint    ] Leaving safepoint region
[125.489s][info ][safepoint    ] Total time for which application threads were stopped: 0.0035378 seconds, Stopping threads took: 0.0000640 seconds
[126.489s][info ][safepoint    ] Application time: 1.0001163 seconds
[126.490s][info ][safepoint    ] Entering safepoint region: Cleanup
[126.490s][info ][safepoint    ] Leaving safepoint region
[126.490s][info ][safepoint    ] Total time for which application threads were stopped: 0.0001527 seconds, Stopping threads took: 0.0000510 seconds
[128.490s][info ][safepoint    ] Application time: 2.0001845 seconds
[128.490s][info ][safepoint    ] Entering safepoint region: Cleanup
[128.490s][info ][safepoint    ] Leaving safepoint region
[128.490s][info ][safepoint    ] Total time for which application threads were stopped: 0.0003284 seconds, Stopping threads took: 0.0001296 seconds
[129.490s][info ][safepoint    ] Application time: 1.0000951 seconds
[129.491s][info ][safepoint    ] Entering safepoint region: Cleanup
[129.491s][info ][safepoint    ] Leaving safepoint region
[129.491s][info ][safepoint    ] Total time for which application threads were stopped: 0.0005765 seconds, Stopping threads took: 0.0004679 seconds
[130.491s][info ][safepoint    ] Application time: 1.0001054 seconds
[130.491s][info ][safepoint    ] Entering safepoint region: Cleanup
[130.491s][info ][safepoint    ] Leaving safepoint region
[130.491s][info ][safepoint    ] Total time for which application threads were stopped: 0.0001244 seconds, Stopping threads took: 0.0000424 seconds
[131.238s][info ][safepoint    ] Application time: 0.7470244 seconds
[131.238s][info ][safepoint    ] Entering safepoint region: GenCollectForAllocation
[131.238s][info ][gc,start     ] GC(255) Pause Young (Allocation Failure)
[131.238s][info ][gc,task      ] GC(255) Using 4 workers of 4 for evacuation
[131.242s][debug][gc,ref       ] GC(255) Skipped phase1 of Reference Processing due to unavailable references
[131.242s][debug][gc,ref       ] GC(255) Skipped phase3 of Reference Processing due to unavailable references
[131.242s][debug][gc,ref       ] GC(255) Skipped phase4 of Reference Processing due to unavailable references
[131.242s][debug][gc,age       ] GC(255) Desired survivor size 15400960 bytes, new threshold 6 (max threshold 6)
[131.242s][info ][gc,heap      ] GC(255) ParNew: 242805K->2130K(270976K)
[131.242s][info ][gc,heap      ] GC(255) CMS: 272733K->272811K(602112K)
[131.242s][info ][gc,metaspace ] GC(255) Metaspace: 60942K->60942K(1103872K)
[131.242s][info ][gc           ] GC(255) Pause Young (Allocation Failure) 503M->268M(852M) 4.057ms
[131.242s][info ][gc,cpu       ] GC(255) User=0.02s Sys=0.00s Real=0.00s
[131.243s][info ][safepoint    ] Leaving safepoint region
[131.243s][info ][safepoint    ] Total time for which application threads were stopped: 0.0042349 seconds, Stopping threads took: 0.0000238 seconds
[132.243s][info ][safepoint    ] Application time: 1.0000699 seconds
[132.243s][info ][safepoint    ] Entering safepoint region: Cleanup
[132.243s][info ][safepoint    ] Leaving safepoint region
[132.243s][info ][safepoint    ] Total time for which application threads were stopped: 0.0002128 seconds, Stopping threads took: 0.0000825 seconds
[133.243s][info ][safepoint    ] Application time: 1.0001004 seconds
[133.243s][info ][safepoint    ] Entering safepoint region: Cleanup
[133.243s][info ][safepoint    ] Leaving safepoint region
[133.243s][info ][safepoint    ] Total time for which application threads were stopped: 0.0001978 seconds, Stopping threads took: 0.0000752 seconds
[134.243s][info ][safepoint    ] Application time: 1.0000920 seconds
[134.243s][info ][safepoint    ] Entering safepoint region: Cleanup
[134.243s][info ][safepoint    ] Leaving safepoint region
[134.243s][info ][safepoint    ] Total time for which application threads were stopped: 0.0001653 seconds, Stopping threads took: 0.0000813 seconds
[135.244s][info ][safepoint    ] Application time: 1.0000625 seconds
[135.244s][info ][safepoint    ] Entering safepoint region: Cleanup
[135.244s][info ][safepoint    ] Leaving safepoint region
[135.244s][info ][safepoint    ] Total time for which application threads were stopped: 0.0002412 seconds, Stopping threads took: 0.0001401 seconds
[136.244s][info ][safepoint    ] Application time: 1.0000883 seconds
[136.244s][info ][safepoint    ] Entering safepoint region: Cleanup
[136.244s][info ][safepoint    ] Leaving safepoint region
[136.244s][info ][safepoint    ] Total time for which application threads were stopped: 0.0001589 seconds, Stopping threads took: 0.0000256 seconds
[136.893s][info ][safepoint    ] Application time: 0.6484591 seconds
[136.893s][info ][safepoint    ] Entering safepoint region: GenCollectForAllocation
[136.893s][info ][gc,start     ] GC(256) Pause Young (Allocation Failure)
[136.893s][info ][gc,task      ] GC(256) Using 4 workers of 4 for evacuation
[136.897s][debug][gc,ref       ] GC(256) Skipped phase1 of Reference Processing due to unavailable references
[136.897s][debug][gc,ref       ] GC(256) Skipped phase2 of Reference Processing due to unavailable references
[136.897s][debug][gc,ref       ] GC(256) Skipped phase3 of Reference Processing due to unavailable references
[136.897s][debug][gc,ref       ] GC(256) Skipped phase4 of Reference Processing due to unavailable references
[136.897s][debug][gc,age       ] GC(256) Desired survivor size 15400960 bytes, new threshold 6 (max threshold 6)
[136.897s][info ][gc,heap      ] GC(256) ParNew: 243026K->1578K(270976K)
[136.897s][info ][gc,heap      ] GC(256) CMS: 272811K->273132K(602112K)
[136.897s][info ][gc,metaspace ] GC(256) Metaspace: 60957K->60957K(1103872K)
[136.897s][info ][gc           ] GC(256) Pause Young (Allocation Failure) 503M->268M(852M) 3.986ms
[136.897s][info ][gc,cpu       ] GC(256) User=0.02s Sys=0.00s Real=0.01s
[136.897s][info ][safepoint    ] Leaving safepoint region
[136.897s][info ][safepoint    ] Total time for which application threads were stopped: 0.0041723 seconds, Stopping threads took: 0.0000249 seconds
[137.897s][info ][safepoint    ] Application time: 1.0000968 seconds
[137.897s][info ][safepoint    ] Entering safepoint region: Cleanup
[137.897s][info ][safepoint    ] Leaving safepoint region
[137.897s][info ][safepoint    ] Total time for which application threads were stopped: 0.0001093 seconds, Stopping threads took: 0.0000277 seconds
[138.897s][info ][safepoint    ] Application time: 1.0000539 seconds
[138.897s][info ][safepoint    ] Entering safepoint region: Cleanup
[138.897s][info ][safepoint    ] Leaving safepoint region
[138.897s][info ][safepoint    ] Total time for which application threads were stopped: 0.0001983 seconds, Stopping threads took: 0.0000225 seconds
[139.898s][info ][safepoint    ] Application time: 1.0000967 seconds
[139.898s][info ][safepoint    ] Entering safepoint region: Cleanup
[139.898s][info ][safepoint    ] Leaving safepoint region
[139.898s][info ][safepoint    ] Total time for which application threads were stopped: 0.0001051 seconds, Stopping threads took: 0.0000264 seconds
[140.784s][info ][safepoint    ] Application time: 0.8863612 seconds
[140.784s][info ][safepoint    ] Entering safepoint region: RevokeBias
[140.784s][info ][safepoint    ] Leaving safepoint region
[140.784s][info ][safepoint    ] Total time for which application threads were stopped: 0.0002156 seconds, Stopping threads took: 0.0000845 seconds
[140.795s][info ][safepoint    ] Application time: 0.0102132 seconds
[140.795s][info ][safepoint    ] Entering safepoint region: RevokeBias
[140.795s][info ][safepoint    ] Leaving safepoint region
[140.795s][info ][safepoint    ] Total time for which application threads were stopped: 0.0001084 seconds, Stopping threads took: 0.0000215 seconds
[140.799s][info ][safepoint    ] Application time: 0.0043613 seconds
[140.799s][info ][safepoint    ] Entering safepoint region: RevokeBias
[140.799s][info ][safepoint    ] Leaving safepoint region
[140.799s][info ][safepoint    ] Total time for which application threads were stopped: 0.0003636 seconds, Stopping threads took: 0.0003037 seconds
[140.800s][info ][safepoint    ] Application time: 0.0001295 seconds
[140.800s][info ][safepoint    ] Entering safepoint region: RevokeBias
[140.800s][info ][safepoint    ] Leaving safepoint region
[140.800s][info ][safepoint    ] Total time for which application threads were stopped: 0.0000414 seconds, Stopping threads took: 0.0000102 seconds
[141.800s][info ][safepoint    ] Application time: 1.0001175 seconds
[141.800s][info ][safepoint    ] Entering safepoint region: Cleanup
[141.800s][info ][safepoint    ] Leaving safepoint region
[141.800s][info ][safepoint    ] Total time for which application threads were stopped: 0.0001559 seconds, Stopping threads took: 0.0000605 seconds
[142.645s][info ][safepoint    ] Application time: 0.8445832 seconds
[142.645s][info ][safepoint    ] Entering safepoint region: GenCollectForAllocation
[142.645s][info ][gc,start     ] GC(257) Pause Young (Allocation Failure)
[142.645s][info ][gc,task      ] GC(257) Using 4 workers of 4 for evacuation
[142.649s][debug][gc,ref       ] GC(257) Skipped phase1 of Reference Processing due to unavailable references
[142.649s][debug][gc,ref       ] GC(257) Skipped phase3 of Reference Processing due to unavailable references
[142.649s][debug][gc,ref       ] GC(257) Skipped phase4 of Reference Processing due to unavailable references
[142.649s][debug][gc,age       ] GC(257) Desired survivor size 15400960 bytes, new threshold 6 (max threshold 6)
[142.649s][info ][gc,heap      ] GC(257) ParNew: 242474K->1499K(270976K)
[142.649s][info ][gc,heap      ] GC(257) CMS: 273132K->273220K(602112K)
[142.649s][info ][gc,metaspace ] GC(257) Metaspace: 60978K->60978K(1103872K)
[142.649s][info ][gc           ] GC(257) Pause Young (Allocation Failure) 503M->268M(852M) 4.307ms
[142.649s][info ][gc,cpu       ] GC(257) User=0.01s Sys=0.00s Real=0.00s
[142.649s][info ][safepoint    ] Leaving safepoint region
[142.649s][info ][safepoint    ] Total time for which application threads were stopped: 0.0044945 seconds, Stopping threads took: 0.0000232 seconds
[143.649s][info ][safepoint    ] Application time: 1.0000984 seconds
[143.649s][info ][safepoint    ] Entering safepoint region: Cleanup
[143.649s][info ][safepoint    ] Leaving safepoint region
[143.649s][info ][safepoint    ] Total time for which application threads were stopped: 0.0001825 seconds, Stopping threads took: 0.0000326 seconds
[144.650s][info ][safepoint    ] Application time: 1.0001199 seconds
[144.652s][info ][safepoint    ] Entering safepoint region: Cleanup
[144.652s][info ][safepoint    ] Leaving safepoint region
[144.652s][info ][safepoint    ] Total time for which application threads were stopped: 0.0027863 seconds, Stopping threads took: 0.0026426 seconds
[145.652s][info ][safepoint    ] Application time: 1.0001117 seconds
[145.653s][info ][safepoint    ] Entering safepoint region: Cleanup
[145.653s][info ][safepoint    ] Leaving safepoint region
[145.653s][info ][safepoint    ] Total time for which application threads were stopped: 0.0001561 seconds, Stopping threads took: 0.0000422 seconds
[146.653s][info ][safepoint    ] Application time: 1.0001113 seconds
[146.653s][info ][safepoint    ] Entering safepoint region: Cleanup
[146.653s][info ][safepoint    ] Leaving safepoint region
[146.653s][info ][safepoint    ] Total time for which application threads were stopped: 0.0001714 seconds, Stopping threads took: 0.0000287 seconds
[147.653s][info ][safepoint    ] Application time: 1.0000964 seconds
[147.653s][info ][safepoint    ] Entering safepoint region: Cleanup
[147.653s][info ][safepoint    ] Leaving safepoint region
[147.653s][info ][safepoint    ] Total time for which application threads were stopped: 0.0001297 seconds, Stopping threads took: 0.0000409 seconds
[148.287s][info ][safepoint    ] Application time: 0.6336117 seconds
[148.287s][info ][safepoint    ] Entering safepoint region: GenCollectForAllocation
[148.287s][info ][gc,start     ] GC(258) Pause Young (Allocation Failure)
[148.287s][info ][gc,task      ] GC(258) Using 4 workers of 4 for evacuation
[148.290s][debug][gc,ref       ] GC(258) Skipped phase1 of Reference Processing due to unavailable references
[148.290s][debug][gc,ref       ] GC(258) Skipped phase3 of Reference Processing due to unavailable references
[148.290s][debug][gc,age       ] GC(258) Desired survivor size 15400960 bytes, new threshold 6 (max threshold 6)
[148.290s][info ][gc,heap      ] GC(258) ParNew: 242395K->2445K(270976K)
[148.290s][info ][gc,heap      ] GC(258) CMS: 273220K->273291K(602112K)
[148.290s][info ][gc,metaspace ] GC(258) Metaspace: 61000K->61000K(1103872K)
[148.290s][info ][gc           ] GC(258) Pause Young (Allocation Failure) 503M->269M(852M) 3.209ms
[148.290s][info ][gc,cpu       ] GC(258) User=0.01s Sys=0.00s Real=0.00s
[148.290s][info ][safepoint    ] Leaving safepoint region
[148.290s][info ][safepoint    ] Total time for which application threads were stopped: 0.0034028 seconds, Stopping threads took: 0.0000224 seconds
[148.919s][info ][safepoint    ] Application time: 0.6286970 seconds
[148.919s][info ][safepoint    ] Entering safepoint region: RevokeBias
[148.919s][info ][safepoint    ] Leaving safepoint region
[148.919s][info ][safepoint    ] Total time for which application threads were stopped: 0.0001473 seconds, Stopping threads took: 0.0000284 seconds
[149.919s][info ][safepoint    ] Application time: 1.0001207 seconds
[149.919s][info ][safepoint    ] Entering safepoint region: Cleanup
[149.920s][info ][safepoint    ] Leaving safepoint region
[149.920s][info ][safepoint    ] Total time for which application threads were stopped: 0.0001418 seconds, Stopping threads took: 0.0000299 seconds
[150.920s][info ][safepoint    ] Application time: 1.0001612 seconds
[150.920s][info ][safepoint    ] Entering safepoint region: Cleanup
[150.920s][info ][safepoint    ] Leaving safepoint region
[150.920s][info ][safepoint    ] Total time for which application threads were stopped: 0.0001950 seconds, Stopping threads took: 0.0000495 seconds
[151.920s][info ][safepoint    ] Application time: 1.0001658 seconds
[151.920s][info ][safepoint    ] Entering safepoint region: Cleanup
[151.920s][info ][safepoint    ] Leaving safepoint region
[151.920s][info ][safepoint    ] Total time for which application threads were stopped: 0.0001144 seconds, Stopping threads took: 0.0000279 seconds
[152.920s][info ][safepoint    ] Application time: 1.0001184 seconds
[152.921s][info ][safepoint    ] Entering safepoint region: Cleanup
[152.921s][info ][safepoint    ] Leaving safepoint region
[152.921s][info ][safepoint    ] Total time for which application threads were stopped: 0.0001246 seconds, Stopping threads took: 0.0000371 seconds
[153.921s][info ][safepoint    ] Application time: 1.0001017 seconds
[153.921s][info ][safepoint    ] Entering safepoint region: Cleanup
[153.921s][info ][safepoint    ] Leaving safepoint region
[153.921s][info ][safepoint    ] Total time for which application threads were stopped: 0.0001036 seconds, Stopping threads took: 0.0000238 seconds
[153.938s][info ][safepoint    ] Application time: 0.0172601 seconds
[153.938s][info ][safepoint    ] Entering safepoint region: GenCollectForAllocation
[153.938s][info ][gc,start     ] GC(259) Pause Young (Allocation Failure)
[153.938s][info ][gc,task      ] GC(259) Using 4 workers of 4 for evacuation
[153.952s][debug][gc,ref       ] GC(259) Skipped phase1 of Reference Processing due to unavailable references
[153.952s][debug][gc,ref       ] GC(259) Skipped phase3 of Reference Processing due to unavailable references
[153.952s][debug][gc,ref       ] GC(259) Skipped phase4 of Reference Processing due to unavailable references
[153.953s][debug][gc,age       ] GC(259) Desired survivor size 15400960 bytes, new threshold 6 (max threshold 6)
[153.953s][info ][gc,heap      ] GC(259) ParNew: 243341K->1808K(270976K)
[153.953s][info ][gc,heap      ] GC(259) CMS: 273291K->273513K(602112K)
[153.953s][info ][gc,metaspace ] GC(259) Metaspace: 61006K->61006K(1105920K)
[153.953s][info ][gc           ] GC(259) Pause Young (Allocation Failure) 504M->268M(852M) 14.310ms
[153.953s][info ][gc,cpu       ] GC(259) User=0.02s Sys=0.00s Real=0.01s
[153.953s][info ][safepoint    ] Leaving safepoint region
[153.953s][info ][safepoint    ] Total time for which application threads were stopped: 0.0145312 seconds, Stopping threads took: 0.0000252 seconds
[154.953s][info ][safepoint    ] Application time: 1.0001066 seconds
[154.953s][info ][safepoint    ] Entering safepoint region: Cleanup
[154.953s][info ][safepoint    ] Leaving safepoint region
[154.953s][info ][safepoint    ] Total time for which application threads were stopped: 0.0001209 seconds, Stopping threads took: 0.0000217 seconds
[155.953s][info ][safepoint    ] Application time: 1.0000973 seconds
[155.953s][info ][safepoint    ] Entering safepoint region: Cleanup
[155.953s][info ][safepoint    ] Leaving safepoint region
[155.953s][info ][safepoint    ] Total time for which application threads were stopped: 0.0001430 seconds, Stopping threads took: 0.0000477 seconds
[156.953s][info ][safepoint    ] Application time: 1.0001017 seconds
[156.953s][info ][safepoint    ] Entering safepoint region: Cleanup
[156.954s][info ][safepoint    ] Leaving safepoint region
[156.954s][info ][safepoint    ] Total time for which application threads were stopped: 0.0001240 seconds, Stopping threads took: 0.0000560 seconds
[158.954s][info ][safepoint    ] Application time: 2.0002713 seconds
[158.954s][info ][safepoint    ] Entering safepoint region: Cleanup
[158.954s][info ][safepoint    ] Leaving safepoint region
[158.954s][info ][safepoint    ] Total time for which application threads were stopped: 0.0001454 seconds, Stopping threads took: 0.0000368 seconds
[159.686s][info ][safepoint    ] Application time: 0.7317203 seconds
[159.686s][info ][safepoint    ] Entering safepoint region: GenCollectForAllocation
[159.686s][info ][gc,start     ] GC(260) Pause Young (Allocation Failure)
[159.686s][info ][gc,task      ] GC(260) Using 4 workers of 4 for evacuation
[159.689s][debug][gc,ref       ] GC(260) Skipped phase1 of Reference Processing due to unavailable references
[159.689s][debug][gc,ref       ] GC(260) Skipped phase3 of Reference Processing due to unavailable references
[159.689s][debug][gc,ref       ] GC(260) Skipped phase4 of Reference Processing due to unavailable references
[159.689s][debug][gc,age       ] GC(260) Desired survivor size 15400960 bytes, new threshold 6 (max threshold 6)
[159.689s][info ][gc,heap      ] GC(260) ParNew: 242704K->1582K(270976K)
[159.689s][info ][gc,heap      ] GC(260) CMS: 273513K->273603K(602112K)
[159.689s][info ][gc,metaspace ] GC(260) Metaspace: 61016K->61016K(1105920K)
[159.689s][info ][gc           ] GC(260) Pause Young (Allocation Failure) 504M->268M(852M) 3.144ms
[159.689s][info ][gc,cpu       ] GC(260) User=0.02s Sys=0.00s Real=0.00s
[159.689s][info ][safepoint    ] Leaving safepoint region
[159.689s][info ][safepoint    ] Total time for which application threads were stopped: 0.0033821 seconds, Stopping threads took: 0.0000756 seconds
[160.689s][info ][safepoint    ] Application time: 1.0000624 seconds
[160.689s][info ][safepoint    ] Entering safepoint region: Cleanup
[160.689s][info ][safepoint    ] Leaving safepoint region
[160.689s][info ][safepoint    ] Total time for which application threads were stopped: 0.0001304 seconds, Stopping threads took: 0.0000463 seconds
[163.690s][info ][safepoint    ] Application time: 3.0002423 seconds
[163.690s][info ][safepoint    ] Entering safepoint region: Cleanup
[163.690s][info ][safepoint    ] Leaving safepoint region
[163.690s][info ][safepoint    ] Total time for which application threads were stopped: 0.0001192 seconds, Stopping threads took: 0.0000450 seconds
[164.690s][info ][safepoint    ] Application time: 1.0000981 seconds
[164.690s][info ][safepoint    ] Entering safepoint region: Cleanup
[164.690s][info ][safepoint    ] Leaving safepoint region
[164.690s][info ][safepoint    ] Total time for which application threads were stopped: 0.0001586 seconds, Stopping threads took: 0.0000692 seconds
[165.540s][info ][safepoint    ] Application time: 0.8498011 seconds
[165.540s][info ][safepoint    ] Entering safepoint region: GenCollectForAllocation
[165.540s][info ][gc,start     ] GC(261) Pause Young (Allocation Failure)
[165.540s][info ][gc,task      ] GC(261) Using 4 workers of 4 for evacuation
[165.543s][debug][gc,ref       ] GC(261) Skipped phase1 of Reference Processing due to unavailable references
[165.543s][debug][gc,ref       ] GC(261) Skipped phase3 of Reference Processing due to unavailable references
[165.543s][debug][gc,ref       ] GC(261) Skipped phase4 of Reference Processing due to unavailable references
[165.543s][debug][gc,age       ] GC(261) Desired survivor size 15400960 bytes, new threshold 6 (max threshold 6)
[165.543s][info ][gc,heap      ] GC(261) ParNew: 242478K->1620K(270976K)
[165.543s][info ][gc,heap      ] GC(261) CMS: 273603K->273923K(602112K)
[165.543s][info ][gc,metaspace ] GC(261) Metaspace: 61020K->61020K(1105920K)
[165.543s][info ][gc           ] GC(261) Pause Young (Allocation Failure) 503M->269M(852M) 3.078ms
[165.543s][info ][gc,cpu       ] GC(261) User=0.01s Sys=0.00s Real=0.00s
[165.543s][info ][safepoint    ] Leaving safepoint region
[165.543s][info ][safepoint    ] Total time for which application threads were stopped: 0.0032821 seconds, Stopping threads took: 0.0000355 seconds
[166.543s][info ][safepoint    ] Application time: 1.0000961 seconds
[166.543s][info ][safepoint    ] Entering safepoint region: Cleanup
[166.544s][info ][safepoint    ] Leaving safepoint region
[166.544s][info ][safepoint    ] Total time for which application threads were stopped: 0.0000869 seconds, Stopping threads took: 0.0000228 seconds
[168.544s][info ][safepoint    ] Application time: 2.0001683 seconds
[168.544s][info ][safepoint    ] Entering safepoint region: Cleanup
[168.544s][info ][safepoint    ] Leaving safepoint region
[168.544s][info ][safepoint    ] Total time for which application threads were stopped: 0.0000897 seconds, Stopping threads took: 0.0000215 seconds
[169.544s][info ][safepoint    ] Application time: 1.0000884 seconds
[169.544s][info ][safepoint    ] Entering safepoint region: Cleanup
[169.544s][info ][safepoint    ] Leaving safepoint region
[169.544s][info ][safepoint    ] Total time for which application threads were stopped: 0.0000885 seconds, Stopping threads took: 0.0000207 seconds
[171.340s][info ][safepoint    ] Application time: 1.7956307 seconds
[171.340s][info ][safepoint    ] Entering safepoint region: GenCollectForAllocation
[171.340s][info ][gc,start     ] GC(262) Pause Young (Allocation Failure)
[171.340s][info ][gc,task      ] GC(262) Using 4 workers of 4 for evacuation
[171.342s][debug][gc,ref       ] GC(262) Skipped phase1 of Reference Processing due to unavailable references
[171.343s][debug][gc,ref       ] GC(262) Skipped phase3 of Reference Processing due to unavailable references
[171.343s][debug][gc,age       ] GC(262) Desired survivor size 15400960 bytes, new threshold 6 (max threshold 6)
[171.343s][info ][gc,heap      ] GC(262) ParNew: 242516K->1047K(270976K)
[171.343s][info ][gc,heap      ] GC(262) CMS: 273923K->274128K(602112K)
[171.343s][info ][gc,metaspace ] GC(262) Metaspace: 61033K->61033K(1105920K)
[171.343s][info ][gc           ] GC(262) Pause Young (Allocation Failure) 504M->268M(852M) 2.871ms
[171.343s][info ][gc,cpu       ] GC(262) User=0.01s Sys=0.00s Real=0.00s
[171.343s][info ][safepoint    ] Leaving safepoint region
[171.343s][info ][safepoint    ] Total time for which application threads were stopped: 0.0030441 seconds, Stopping threads took: 0.0000202 seconds
[176.343s][info ][safepoint    ] Application time: 5.0004244 seconds
[176.343s][info ][safepoint    ] Entering safepoint region: Cleanup
[176.343s][info ][safepoint    ] Leaving safepoint region
[176.343s][info ][safepoint    ] Total time for which application threads were stopped: 0.0001050 seconds, Stopping threads took: 0.0000225 seconds
[177.238s][info ][safepoint    ] Application time: 0.8945153 seconds
[177.238s][info ][safepoint    ] Entering safepoint region: GenCollectForAllocation
[177.238s][info ][gc,start     ] GC(263) Pause Young (Allocation Failure)
[177.238s][info ][gc,task      ] GC(263) Using 4 workers of 4 for evacuation
[177.241s][debug][gc,ref       ] GC(263) Skipped phase1 of Reference Processing due to unavailable references
[177.241s][debug][gc,ref       ] GC(263) Skipped phase3 of Reference Processing due to unavailable references
[177.241s][debug][gc,ref       ] GC(263) Skipped phase4 of Reference Processing due to unavailable references
[177.241s][debug][gc,age       ] GC(263) Desired survivor size 15400960 bytes, new threshold 6 (max threshold 6)
[177.241s][info ][gc,heap      ] GC(263) ParNew: 241943K->1158K(270976K)
[177.241s][info ][gc,heap      ] GC(263) CMS: 274128K->274281K(602112K)
[177.241s][info ][gc,metaspace ] GC(263) Metaspace: 61034K->61034K(1105920K)
[177.241s][info ][gc           ] GC(263) Pause Young (Allocation Failure) 503M->268M(852M) 2.750ms
[177.241s][info ][gc,cpu       ] GC(263) User=0.01s Sys=0.00s Real=0.00s
[177.241s][info ][safepoint    ] Leaving safepoint region
[177.241s][info ][safepoint    ] Total time for which application threads were stopped: 0.0029215 seconds, Stopping threads took: 0.0000237 seconds
[178.241s][info ][safepoint    ] Application time: 1.0000927 seconds
[178.241s][info ][safepoint    ] Entering safepoint region: Cleanup
[178.241s][info ][safepoint    ] Leaving safepoint region
[178.241s][info ][safepoint    ] Total time for which application threads were stopped: 0.0001286 seconds, Stopping threads took: 0.0000499 seconds
[180.241s][info ][safepoint    ] Application time: 2.0001593 seconds
[180.241s][info ][safepoint    ] Entering safepoint region: Cleanup
[180.241s][info ][safepoint    ] Leaving safepoint region
[180.241s][info ][safepoint    ] Total time for which application threads were stopped: 0.0001324 seconds, Stopping threads took: 0.0000539 seconds
[183.041s][info ][safepoint    ] Application time: 2.7999268 seconds
[183.041s][info ][safepoint    ] Entering safepoint region: GenCollectForAllocation
[183.042s][info ][gc,start     ] GC(264) Pause Young (Allocation Failure)
[183.042s][info ][gc,task      ] GC(264) Using 4 workers of 4 for evacuation
[183.045s][debug][gc,ref       ] GC(264) Skipped phase1 of Reference Processing due to unavailable references
[183.045s][debug][gc,ref       ] GC(264) Skipped phase2 of Reference Processing due to unavailable references
[183.045s][debug][gc,ref       ] GC(264) Skipped phase3 of Reference Processing due to unavailable references
[183.045s][debug][gc,ref       ] GC(264) Skipped phase4 of Reference Processing due to unavailable references
[183.045s][debug][gc,age       ] GC(264) Desired survivor size 15400960 bytes, new threshold 6 (max threshold 6)
[183.045s][info ][gc,heap      ] GC(264) ParNew: 242054K->1273K(270976K)
[183.045s][info ][gc,heap      ] GC(264) CMS: 274281K->274525K(602112K)
[183.045s][info ][gc,metaspace ] GC(264) Metaspace: 61042K->61042K(1105920K)
[183.045s][info ][gc           ] GC(264) Pause Young (Allocation Failure) 504M->269M(852M) 3.600ms
[183.045s][info ][gc,cpu       ] GC(264) User=0.01s Sys=0.00s Real=0.01s
[183.045s][info ][safepoint    ] Leaving safepoint region
[183.045s][info ][safepoint    ] Total time for which application threads were stopped: 0.0037772 seconds, Stopping threads took: 0.0000221 seconds
[188.939s][info ][safepoint    ] Application time: 5.8933514 seconds
[188.939s][info ][safepoint    ] Entering safepoint region: GenCollectForAllocation
[188.939s][info ][gc,start     ] GC(265) Pause Young (Allocation Failure)
[188.939s][info ][gc,task      ] GC(265) Using 4 workers of 4 for evacuation
[188.941s][debug][gc,ref       ] GC(265) Skipped phase1 of Reference Processing due to unavailable references
[188.942s][debug][gc,ref       ] GC(265) Skipped phase2 of Reference Processing due to unavailable references
[188.942s][debug][gc,ref       ] GC(265) Skipped phase3 of Reference Processing due to unavailable references
[188.942s][debug][gc,ref       ] GC(265) Skipped phase4 of Reference Processing due to unavailable references
[188.942s][debug][gc,age       ] GC(265) Desired survivor size 15400960 bytes, new threshold 6 (max threshold 6)
[188.942s][info ][gc,heap      ] GC(265) ParNew: 242169K->1074K(270976K)
[188.942s][info ][gc,heap      ] GC(265) CMS: 274525K->274660K(602112K)
[188.942s][info ][gc,metaspace ] GC(265) Metaspace: 61043K->61043K(1105920K)
[188.942s][info ][gc           ] GC(265) Pause Young (Allocation Failure) 504M->269M(852M) 3.026ms
[188.942s][info ][gc,cpu       ] GC(265) User=0.01s Sys=0.00s Real=0.00s
[188.942s][info ][safepoint    ] Leaving safepoint region
[188.942s][info ][safepoint    ] Total time for which application threads were stopped: 0.0032069 seconds, Stopping threads took: 0.0000380 seconds
[189.942s][info ][safepoint    ] Application time: 1.0001048 seconds
[189.942s][info ][safepoint    ] Entering safepoint region: Cleanup
[189.942s][info ][safepoint    ] Leaving safepoint region
[189.942s][info ][safepoint    ] Total time for which application threads were stopped: 0.0001032 seconds, Stopping threads took: 0.0000248 seconds
[190.942s][info ][safepoint    ] Application time: 1.0000940 seconds
[190.942s][info ][safepoint    ] Entering safepoint region: Cleanup
[190.942s][info ][safepoint    ] Leaving safepoint region
[190.942s][info ][safepoint    ] Total time for which application threads were stopped: 0.0000936 seconds, Stopping threads took: 0.0000220 seconds
[191.096s][info ][safepoint    ] Application time: 0.1538455 seconds
[191.096s][info ][safepoint    ] Entering safepoint region: RevokeBias
[191.096s][info ][safepoint    ] Leaving safepoint region
[191.096s][info ][safepoint    ] Total time for which application threads were stopped: 0.0002038 seconds, Stopping threads took: 0.0000484 seconds
[192.096s][info ][safepoint    ] Application time: 1.0000689 seconds
[192.097s][info ][safepoint    ] Entering safepoint region: Cleanup
[192.097s][info ][safepoint    ] Leaving safepoint region
[192.097s][info ][safepoint    ] Total time for which application threads were stopped: 0.0001153 seconds, Stopping threads took: 0.0000336 seconds
[193.097s][info ][safepoint    ] Application time: 1.0000851 seconds
[193.097s][info ][safepoint    ] Entering safepoint region: Cleanup
[193.097s][info ][safepoint    ] Leaving safepoint region
[193.097s][info ][safepoint    ] Total time for which application threads were stopped: 0.0000825 seconds, Stopping threads took: 0.0000194 seconds
[194.888s][info ][safepoint    ] Application time: 1.7909925 seconds
[194.888s][info ][safepoint    ] Entering safepoint region: GenCollectForAllocation
[194.888s][info ][gc,start     ] GC(266) Pause Young (Allocation Failure)
[194.888s][info ][gc,task      ] GC(266) Using 4 workers of 4 for evacuation
[194.891s][debug][gc,ref       ] GC(266) Skipped phase1 of Reference Processing due to unavailable references
[194.892s][debug][gc,ref       ] GC(266) Skipped phase2 of Reference Processing due to unavailable references
[194.892s][debug][gc,ref       ] GC(266) Skipped phase3 of Reference Processing due to unavailable references
[194.892s][debug][gc,ref       ] GC(266) Skipped phase4 of Reference Processing due to unavailable references
[194.892s][debug][gc,age       ] GC(266) Desired survivor size 15400960 bytes, new threshold 6 (max threshold 6)
[194.892s][info ][gc,heap      ] GC(266) ParNew: 241970K->1188K(270976K)
[194.892s][info ][gc,heap      ] GC(266) CMS: 274660K->274762K(602112K)
[194.892s][info ][gc,metaspace ] GC(266) Metaspace: 61046K->61046K(1105920K)
[194.892s][info ][gc           ] GC(266) Pause Young (Allocation Failure) 504M->269M(852M) 3.674ms
[194.892s][info ][gc,cpu       ] GC(266) User=0.00s Sys=0.01s Real=0.00s
[194.892s][info ][safepoint    ] Leaving safepoint region
[194.892s][info ][safepoint    ] Total time for which application threads were stopped: 0.0038758 seconds, Stopping threads took: 0.0000184 seconds
[196.892s][info ][safepoint    ] Application time: 2.0001319 seconds
[196.892s][info ][safepoint    ] Entering safepoint region: Cleanup
[196.892s][info ][safepoint    ] Leaving safepoint region
[196.892s][info ][safepoint    ] Total time for which application threads were stopped: 0.0001014 seconds, Stopping threads took: 0.0000202 seconds
[199.892s][info ][safepoint    ] Application time: 3.0002666 seconds
[199.892s][info ][safepoint    ] Entering safepoint region: Cleanup
[199.893s][info ][safepoint    ] Leaving safepoint region
[199.893s][info ][safepoint    ] Total time for which application threads were stopped: 0.0001986 seconds, Stopping threads took: 0.0000572 seconds
[200.636s][info ][safepoint    ] Application time: 0.7436193 seconds
[200.636s][info ][safepoint    ] Entering safepoint region: GenCollectForAllocation
[200.636s][info ][gc,start     ] GC(267) Pause Young (Allocation Failure)
[200.636s][info ][gc,task      ] GC(267) Using 4 workers of 4 for evacuation
[200.640s][debug][gc,ref       ] GC(267) Skipped phase1 of Reference Processing due to unavailable references
[200.640s][debug][gc,ref       ] GC(267) Skipped phase3 of Reference Processing due to unavailable references
[200.640s][debug][gc,age       ] GC(267) Desired survivor size 15400960 bytes, new threshold 6 (max threshold 6)
[200.640s][info ][gc,heap      ] GC(267) ParNew: 242084K->1254K(270976K)
[200.640s][info ][gc,heap      ] GC(267) CMS: 274762K->274836K(602112K)
[200.640s][info ][gc,metaspace ] GC(267) Metaspace: 61049K->61049K(1105920K)
[200.640s][info ][gc           ] GC(267) Pause Young (Allocation Failure) 504M->269M(852M) 3.655ms
[200.640s][info ][gc,cpu       ] GC(267) User=0.01s Sys=0.00s Real=0.00s
[200.640s][info ][safepoint    ] Leaving safepoint region
[200.640s][info ][safepoint    ] Total time for which application threads were stopped: 0.0038455 seconds, Stopping threads took: 0.0000235 seconds
[201.640s][info ][safepoint    ] Application time: 1.0000953 seconds
[201.640s][info ][safepoint    ] Entering safepoint region: Cleanup
[201.640s][info ][safepoint    ] Leaving safepoint region
[201.640s][info ][safepoint    ] Total time for which application threads were stopped: 0.0001462 seconds, Stopping threads took: 0.0000514 seconds
[202.640s][info ][safepoint    ] Application time: 1.0000885 seconds
[202.641s][info ][safepoint    ] Entering safepoint region: Cleanup
[202.641s][info ][safepoint    ] Leaving safepoint region
[202.641s][info ][safepoint    ] Total time for which application threads were stopped: 0.0001354 seconds, Stopping threads took: 0.0000517 seconds
[203.641s][info ][safepoint    ] Application time: 1.0000903 seconds
[203.641s][info ][safepoint    ] Entering safepoint region: Cleanup
[203.641s][info ][safepoint    ] Leaving safepoint region
[203.641s][info ][safepoint    ] Total time for which application threads were stopped: 0.0001276 seconds, Stopping threads took: 0.0000468 seconds
[204.641s][info ][safepoint    ] Application time: 1.0000622 seconds
[204.641s][info ][safepoint    ] Entering safepoint region: Cleanup
[204.641s][info ][safepoint    ] Leaving safepoint region
[204.641s][info ][safepoint    ] Total time for which application threads were stopped: 0.0001936 seconds, Stopping threads took: 0.0001132 seconds
[205.641s][info ][safepoint    ] Application time: 1.0000595 seconds
[205.641s][info ][safepoint    ] Entering safepoint region: Cleanup
[205.641s][info ][safepoint    ] Leaving safepoint region
[205.641s][info ][safepoint    ] Total time for which application threads were stopped: 0.0001252 seconds, Stopping threads took: 0.0000453 seconds
[206.390s][info ][safepoint    ] Application time: 0.7483673 seconds
[206.390s][info ][safepoint    ] Entering safepoint region: GenCollectForAllocation
[206.390s][info ][gc,start     ] GC(268) Pause Young (Allocation Failure)
[206.390s][info ][gc,task      ] GC(268) Using 4 workers of 4 for evacuation
[206.392s][debug][gc,ref       ] GC(268) Skipped phase1 of Reference Processing due to unavailable references
[206.392s][debug][gc,ref       ] GC(268) Skipped phase3 of Reference Processing due to unavailable references
[206.392s][debug][gc,age       ] GC(268) Desired survivor size 15400960 bytes, new threshold 6 (max threshold 6)
[206.392s][info ][gc,heap      ] GC(268) ParNew: 242150K->1406K(270976K)
[206.392s][info ][gc,heap      ] GC(268) CMS: 274836K->274927K(602112K)
[206.392s][info ][gc,metaspace ] GC(268) Metaspace: 61055K->61055K(1105920K)
[206.393s][info ][gc           ] GC(268) Pause Young (Allocation Failure) 504M->269M(852M) 2.579ms
[206.393s][info ][gc,cpu       ] GC(268) User=0.01s Sys=0.00s Real=0.00s
[206.393s][info ][safepoint    ] Leaving safepoint region
[206.393s][info ][safepoint    ] Total time for which application threads were stopped: 0.0027529 seconds, Stopping threads took: 0.0000195 seconds
[207.393s][info ][safepoint    ] Application time: 1.0001006 seconds
[207.393s][info ][safepoint    ] Entering safepoint region: Cleanup
[207.393s][info ][safepoint    ] Leaving safepoint region
[207.393s][info ][safepoint    ] Total time for which application threads were stopped: 0.0000990 seconds, Stopping threads took: 0.0000188 seconds
[208.393s][info ][safepoint    ] Application time: 1.0000847 seconds
[208.393s][info ][safepoint    ] Entering safepoint region: Cleanup
[208.393s][info ][safepoint    ] Leaving safepoint region
[208.393s][info ][safepoint    ] Total time for which application threads were stopped: 0.0001292 seconds, Stopping threads took: 0.0000662 seconds
[208.920s][info ][safepoint    ] Application time: 0.5270897 seconds
[208.920s][info ][safepoint    ] Entering safepoint region: RevokeBias
[208.920s][info ][safepoint    ] Leaving safepoint region
[208.920s][info ][safepoint    ] Total time for which application threads were stopped: 0.0000983 seconds, Stopping threads took: 0.0000196 seconds
[209.920s][info ][safepoint    ] Application time: 1.0001100 seconds
[209.920s][info ][safepoint    ] Entering safepoint region: Cleanup
[209.921s][info ][safepoint    ] Leaving safepoint region
[209.921s][info ][safepoint    ] Total time for which application threads were stopped: 0.0001293 seconds, Stopping threads took: 0.0000245 seconds
[210.921s][info ][safepoint    ] Application time: 1.0008160 seconds
[210.921s][info ][safepoint    ] Entering safepoint region: Cleanup
[210.921s][info ][safepoint    ] Leaving safepoint region
[210.921s][info ][safepoint    ] Total time for which application threads were stopped: 0.0000928 seconds, Stopping threads took: 0.0000209 seconds
[212.039s][info ][safepoint    ] Application time: 1.1171014 seconds
[212.039s][info ][safepoint    ] Entering safepoint region: GenCollectForAllocation
[212.039s][info ][gc,start     ] GC(269) Pause Young (Allocation Failure)
[212.039s][info ][gc,task      ] GC(269) Using 4 workers of 4 for evacuation
[212.041s][debug][gc,ref       ] GC(269) Skipped phase1 of Reference Processing due to unavailable references
[212.041s][debug][gc,ref       ] GC(269) Skipped phase3 of Reference Processing due to unavailable references
[212.041s][debug][gc,ref       ] GC(269) Skipped phase4 of Reference Processing due to unavailable references
[212.041s][debug][gc,age       ] GC(269) Desired survivor size 15400960 bytes, new threshold 6 (max threshold 6)
[212.041s][info ][gc,heap      ] GC(269) ParNew: 242302K->1728K(270976K)
[212.041s][info ][gc,heap      ] GC(269) CMS: 274927K->274988K(602112K)
[212.041s][info ][gc,metaspace ] GC(269) Metaspace: 61076K->61076K(1105920K)
[212.042s][info ][gc           ] GC(269) Pause Young (Allocation Failure) 505M->270M(852M) 2.738ms
[212.042s][info ][gc,cpu       ] GC(269) User=0.01s Sys=0.00s Real=0.00s
[212.042s][info ][safepoint    ] Leaving safepoint region
[212.042s][info ][safepoint    ] Total time for which application threads were stopped: 0.0029447 seconds, Stopping threads took: 0.0000344 seconds
[213.042s][info ][safepoint    ] Application time: 1.0000979 seconds
[213.042s][info ][safepoint    ] Entering safepoint region: Cleanup
[213.042s][info ][safepoint    ] Leaving safepoint region
[213.042s][info ][safepoint    ] Total time for which application threads were stopped: 0.0002687 seconds, Stopping threads took: 0.0000425 seconds
[217.042s][info ][safepoint    ] Application time: 4.0003843 seconds
[217.042s][info ][safepoint    ] Entering safepoint region: Cleanup
[217.042s][info ][safepoint    ] Leaving safepoint region
[217.042s][info ][safepoint    ] Total time for which application threads were stopped: 0.0001033 seconds, Stopping threads took: 0.0000405 seconds
[217.934s][info ][safepoint    ] Application time: 0.8917961 seconds
[217.934s][info ][safepoint    ] Entering safepoint region: GenCollectForAllocation
[217.934s][info ][gc,start     ] GC(270) Pause Young (Allocation Failure)
[217.934s][info ][gc,task      ] GC(270) Using 4 workers of 4 for evacuation
[217.937s][debug][gc,ref       ] GC(270) Skipped phase1 of Reference Processing due to unavailable references
[217.937s][debug][gc,ref       ] GC(270) Skipped phase3 of Reference Processing due to unavailable references
[217.937s][debug][gc,age       ] GC(270) Desired survivor size 15400960 bytes, new threshold 6 (max threshold 6)
[217.937s][info ][gc,heap      ] GC(270) ParNew: 242624K->1783K(270976K)
[217.937s][info ][gc,heap      ] GC(270) CMS: 274988K->275244K(602112K)
[217.937s][info ][gc,metaspace ] GC(270) Metaspace: 61092K->61092K(1105920K)
[217.937s][info ][gc           ] GC(270) Pause Young (Allocation Failure) 505M->270M(852M) 2.713ms
[217.937s][info ][gc,cpu       ] GC(270) User=0.01s Sys=0.00s Real=0.01s
[217.937s][info ][safepoint    ] Leaving safepoint region
[217.937s][info ][safepoint    ] Total time for which application threads were stopped: 0.0028642 seconds, Stopping threads took: 0.0000194 seconds
[218.937s][info ][safepoint    ] Application time: 1.0002300 seconds
[218.938s][info ][safepoint    ] Entering safepoint region: Cleanup
[218.938s][info ][safepoint    ] Leaving safepoint region
[218.938s][info ][safepoint    ] Total time for which application threads were stopped: 0.0001442 seconds, Stopping threads took: 0.0000660 seconds
[219.938s][info ][safepoint    ] Application time: 1.0000877 seconds
[219.938s][info ][safepoint    ] Entering safepoint region: Cleanup
[219.938s][info ][safepoint    ] Leaving safepoint region
[219.938s][info ][safepoint    ] Total time for which application threads were stopped: 0.0001413 seconds, Stopping threads took: 0.0000618 seconds
[220.938s][info ][safepoint    ] Application time: 1.0000885 seconds
[220.938s][info ][safepoint    ] Entering safepoint region: Cleanup
[220.938s][info ][safepoint    ] Leaving safepoint region
[220.938s][info ][safepoint    ] Total time for which application threads were stopped: 0.0001225 seconds, Stopping threads took: 0.0000463 seconds
[221.938s][info ][safepoint    ] Application time: 1.0001014 seconds
[221.938s][info ][safepoint    ] Entering safepoint region: Cleanup
[221.938s][info ][safepoint    ] Leaving safepoint region
[221.938s][info ][safepoint    ] Total time for which application threads were stopped: 0.0001339 seconds, Stopping threads took: 0.0000496 seconds
[223.740s][info ][safepoint    ] Application time: 1.8012855 seconds
[223.740s][info ][safepoint    ] Entering safepoint region: GenCollectForAllocation
[223.740s][info ][gc,start     ] GC(271) Pause Young (Allocation Failure)
[223.740s][info ][gc,task      ] GC(271) Using 4 workers of 4 for evacuation
[223.742s][debug][gc,ref       ] GC(271) Skipped phase1 of Reference Processing due to unavailable references
[223.742s][debug][gc,ref       ] GC(271) Skipped phase3 of Reference Processing due to unavailable references
[223.742s][debug][gc,ref       ] GC(271) Skipped phase4 of Reference Processing due to unavailable references
[223.742s][debug][gc,age       ] GC(271) Desired survivor size 15400960 bytes, new threshold 6 (max threshold 6)
[223.742s][info ][gc,heap      ] GC(271) ParNew: 242679K->1681K(270976K)
[223.742s][info ][gc,heap      ] GC(271) CMS: 275244K->275286K(602112K)
[223.742s][info ][gc,metaspace ] GC(271) Metaspace: 61104K->61104K(1105920K)
[223.742s][info ][gc           ] GC(271) Pause Young (Allocation Failure) 505M->270M(852M) 2.530ms
[223.742s][info ][gc,cpu       ] GC(271) User=0.01s Sys=0.00s Real=0.00s
[223.742s][info ][safepoint    ] Leaving safepoint region
[223.742s][info ][safepoint    ] Total time for which application threads were stopped: 0.0027010 seconds, Stopping threads took: 0.0000182 seconds
[228.743s][info ][safepoint    ] Application time: 5.0004474 seconds
[228.743s][info ][safepoint    ] Entering safepoint region: Cleanup
[228.743s][info ][safepoint    ] Leaving safepoint region
[228.743s][info ][safepoint    ] Total time for which application threads were stopped: 0.0000894 seconds, Stopping threads took: 0.0000214 seconds
[229.637s][info ][safepoint    ] Application time: 0.8939133 seconds
[229.637s][info ][safepoint    ] Entering safepoint region: GenCollectForAllocation
[229.637s][info ][gc,start     ] GC(272) Pause Young (Allocation Failure)
[229.637s][info ][gc,task      ] GC(272) Using 4 workers of 4 for evacuation
[229.640s][debug][gc,ref       ] GC(272) Skipped phase1 of Reference Processing due to unavailable references
[229.640s][debug][gc,ref       ] GC(272) Skipped phase3 of Reference Processing due to unavailable references
[229.640s][debug][gc,ref       ] GC(272) Skipped phase4 of Reference Processing due to unavailable references
[229.640s][debug][gc,age       ] GC(272) Desired survivor size 15400960 bytes, new threshold 6 (max threshold 6)
[229.640s][info ][gc,heap      ] GC(272) ParNew: 242577K->1428K(270976K)
[229.640s][info ][gc,heap      ] GC(272) CMS: 275286K->275429K(602112K)
[229.640s][info ][gc,metaspace ] GC(272) Metaspace: 61110K->61110K(1105920K)
[229.640s][info ][gc           ] GC(272) Pause Young (Allocation Failure) 505M->270M(852M) 2.653ms
[229.640s][info ][gc,cpu       ] GC(272) User=0.01s Sys=0.00s Real=0.00s
[229.640s][info ][safepoint    ] Leaving safepoint region
[229.640s][info ][safepoint    ] Total time for which application threads were stopped: 0.0028215 seconds, Stopping threads took: 0.0000215 seconds
[230.640s][info ][safepoint    ] Application time: 1.0000930 seconds
[230.640s][info ][safepoint    ] Entering safepoint region: Cleanup
[230.640s][info ][safepoint    ] Leaving safepoint region
[230.640s][info ][safepoint    ] Total time for which application threads were stopped: 0.0001204 seconds, Stopping threads took: 0.0000478 seconds
[235.638s][info ][safepoint    ] Application time: 4.9982579 seconds
[235.638s][info ][safepoint    ] Entering safepoint region: GenCollectForAllocation
[235.638s][info ][gc,start     ] GC(273) Pause Young (Allocation Failure)
[235.639s][info ][gc,task      ] GC(273) Using 4 workers of 4 for evacuation
[235.641s][debug][gc,ref       ] GC(273) Skipped phase1 of Reference Processing due to unavailable references
[235.641s][debug][gc,ref       ] GC(273) Skipped phase3 of Reference Processing due to unavailable references
[235.641s][debug][gc,ref       ] GC(273) Skipped phase4 of Reference Processing due to unavailable references
[235.641s][debug][gc,age       ] GC(273) Desired survivor size 15400960 bytes, new threshold 6 (max threshold 6)
[235.641s][info ][gc,heap      ] GC(273) ParNew: 242324K->1412K(270976K)
[235.641s][info ][gc,heap      ] GC(273) CMS: 275429K->275626K(602112K)
[235.641s][info ][gc,metaspace ] GC(273) Metaspace: 61111K->61111K(1105920K)
[235.641s][info ][gc           ] GC(273) Pause Young (Allocation Failure) 505M->270M(852M) 2.792ms
[235.641s][info ][gc,cpu       ] GC(273) User=0.01s Sys=0.00s Real=0.00s
[235.641s][info ][safepoint    ] Leaving safepoint region
[235.641s][info ][safepoint    ] Total time for which application threads were stopped: 0.0029407 seconds, Stopping threads took: 0.0000193 seconds
[240.642s][info ][safepoint    ] Application time: 5.0004088 seconds
[240.642s][info ][safepoint    ] Entering safepoint region: Cleanup
[240.642s][info ][safepoint    ] Leaving safepoint region
[240.642s][info ][safepoint    ] Total time for which application threads were stopped: 0.0000856 seconds, Stopping threads took: 0.0000233 seconds
[241.586s][info ][safepoint    ] Application time: 0.9437537 seconds
[241.586s][info ][safepoint    ] Entering safepoint region: GenCollectForAllocation
[241.586s][info ][gc,start     ] GC(274) Pause Young (Allocation Failure)
[241.586s][info ][gc,task      ] GC(274) Using 4 workers of 4 for evacuation
[241.588s][debug][gc,ref       ] GC(274) Skipped phase1 of Reference Processing due to unavailable references
[241.588s][debug][gc,ref       ] GC(274) Skipped phase3 of Reference Processing due to unavailable references
[241.588s][debug][gc,ref       ] GC(274) Skipped phase4 of Reference Processing due to unavailable references
[241.589s][debug][gc,age       ] GC(274) Desired survivor size 15400960 bytes, new threshold 6 (max threshold 6)
[241.589s][info ][gc,heap      ] GC(274) ParNew: 242308K->1530K(270976K)
[241.589s][info ][gc,heap      ] GC(274) CMS: 275626K->275738K(602112K)
[241.589s][info ][gc,metaspace ] GC(274) Metaspace: 61112K->61112K(1105920K)
[241.589s][info ][gc           ] GC(274) Pause Young (Allocation Failure) 505M->270M(852M) 2.775ms
[241.589s][info ][gc,cpu       ] GC(274) User=0.01s Sys=0.00s Real=0.00s
[241.589s][info ][safepoint    ] Leaving safepoint region
[241.589s][info ][safepoint    ] Total time for which application threads were stopped: 0.0029784 seconds, Stopping threads took: 0.0000478 seconds
[242.589s][info ][safepoint    ] Application time: 1.0000938 seconds
[242.589s][info ][safepoint    ] Entering safepoint region: Cleanup
[242.589s][info ][safepoint    ] Leaving safepoint region
[242.589s][info ][safepoint    ] Total time for which application threads were stopped: 0.0001142 seconds, Stopping threads took: 0.0000460 seconds
[244.589s][info ][safepoint    ] Application time: 2.0001628 seconds
[244.589s][info ][safepoint    ] Entering safepoint region: Cleanup
[244.589s][info ][safepoint    ] Leaving safepoint region
[244.589s][info ][safepoint    ] Total time for which application threads were stopped: 0.0001343 seconds, Stopping threads took: 0.0000482 seconds
[247.438s][info ][safepoint    ] Application time: 2.8491160 seconds
[247.438s][info ][safepoint    ] Entering safepoint region: GenCollectForAllocation
[247.438s][info ][gc,start     ] GC(275) Pause Young (Allocation Failure)
[247.439s][info ][gc,task      ] GC(275) Using 4 workers of 4 for evacuation
[247.442s][debug][gc,ref       ] GC(275) Skipped phase1 of Reference Processing due to unavailable references
[247.442s][debug][gc,ref       ] GC(275) Skipped phase3 of Reference Processing due to unavailable references
[247.442s][debug][gc,ref       ] GC(275) Skipped phase4 of Reference Processing due to unavailable references
[247.442s][debug][gc,age       ] GC(275) Desired survivor size 15400960 bytes, new threshold 6 (max threshold 6)
[247.442s][info ][gc,heap      ] GC(275) ParNew: 242426K->1567K(270976K)
[247.442s][info ][gc,heap      ] GC(275) CMS: 275738K->275980K(602112K)
[247.442s][info ][gc,metaspace ] GC(275) Metaspace: 61118K->61118K(1105920K)
[247.442s][info ][gc           ] GC(275) Pause Young (Allocation Failure) 506M->271M(852M) 3.490ms
[247.442s][info ][gc,cpu       ] GC(275) User=0.01s Sys=0.00s Real=0.00s
[247.442s][info ][safepoint    ] Leaving safepoint region
[247.442s][info ][safepoint    ] Total time for which application threads were stopped: 0.0036659 seconds, Stopping threads took: 0.0000346 seconds
[249.442s][info ][safepoint    ] Application time: 2.0004229 seconds
[249.443s][info ][safepoint    ] Entering safepoint region: Cleanup
[249.443s][info ][safepoint    ] Leaving safepoint region
[249.443s][info ][safepoint    ] Total time for which application threads were stopped: 0.0000990 seconds, Stopping threads took: 0.0000352 seconds
[250.443s][info ][safepoint    ] Application time: 1.0000966 seconds
[250.443s][info ][safepoint    ] Entering safepoint region: Cleanup
[250.443s][info ][safepoint    ] Leaving safepoint region
[250.443s][info ][safepoint    ] Total time for which application threads were stopped: 0.0001876 seconds, Stopping threads took: 0.0000878 seconds
[251.096s][info ][safepoint    ] Application time: 0.6529169 seconds
[251.096s][info ][safepoint    ] Entering safepoint region: RevokeBias
[251.096s][info ][safepoint    ] Leaving safepoint region
[251.096s][info ][safepoint    ] Total time for which application threads were stopped: 0.0001052 seconds, Stopping threads took: 0.0000340 seconds
[252.096s][info ][safepoint    ] Application time: 1.0000905 seconds
[252.096s][info ][safepoint    ] Entering safepoint region: Cleanup
[252.096s][info ][safepoint    ] Leaving safepoint region
[252.096s][info ][safepoint    ] Total time for which application threads were stopped: 0.0002489 seconds, Stopping threads took: 0.0001695 seconds
[253.097s][info ][safepoint    ] Application time: 1.0001193 seconds
[253.097s][info ][safepoint    ] Entering safepoint region: Cleanup
[253.097s][info ][safepoint    ] Leaving safepoint region
[253.097s][info ][safepoint    ] Total time for which application threads were stopped: 0.0000752 seconds, Stopping threads took: 0.0000178 seconds
[253.234s][info ][safepoint    ] Application time: 0.1376997 seconds
[253.234s][info ][safepoint    ] Entering safepoint region: GenCollectForAllocation
[253.234s][info ][gc,start     ] GC(276) Pause Young (Allocation Failure)
[253.235s][info ][gc,task      ] GC(276) Using 4 workers of 4 for evacuation
[253.237s][debug][gc,ref       ] GC(276) Skipped phase1 of Reference Processing due to unavailable references
[253.237s][debug][gc,ref       ] GC(276) Skipped phase2 of Reference Processing due to unavailable references
[253.237s][debug][gc,ref       ] GC(276) Skipped phase3 of Reference Processing due to unavailable references
[253.237s][debug][gc,ref       ] GC(276) Skipped phase4 of Reference Processing due to unavailable references
[253.237s][debug][gc,age       ] GC(276) Desired survivor size 15400960 bytes, new threshold 6 (max threshold 6)
[253.237s][info ][gc,heap      ] GC(276) ParNew: 242463K->1192K(270976K)
[253.237s][info ][gc,heap      ] GC(276) CMS: 275980K->276055K(602112K)
[253.237s][info ][gc,metaspace ] GC(276) Metaspace: 61122K->61122K(1105920K)
[253.237s][info ][gc           ] GC(276) Pause Young (Allocation Failure) 506M->270M(852M) 2.882ms
[253.237s][info ][gc,cpu       ] GC(276) User=0.01s Sys=0.00s Real=0.01s
[253.237s][info ][safepoint    ] Leaving safepoint region
[253.237s][info ][safepoint    ] Total time for which application threads were stopped: 0.0030307 seconds, Stopping threads took: 0.0000192 seconds
[258.238s][info ][safepoint    ] Application time: 5.0003779 seconds
[258.238s][info ][safepoint    ] Entering safepoint region: Cleanup
[258.238s][info ][safepoint    ] Leaving safepoint region
[258.238s][info ][safepoint    ] Total time for which application threads were stopped: 0.0003129 seconds, Stopping threads took: 0.0000957 seconds
[258.992s][info ][safepoint    ] Application time: 0.7538010 seconds
[258.992s][info ][safepoint    ] Entering safepoint region: GenCollectForAllocation
[258.992s][info ][gc,start     ] GC(277) Pause Young (Allocation Failure)
[258.992s][info ][gc,task      ] GC(277) Using 4 workers of 4 for evacuation
[258.995s][debug][gc,ref       ] GC(277) Skipped phase1 of Reference Processing due to unavailable references
[258.995s][debug][gc,ref       ] GC(277) Skipped phase2 of Reference Processing due to unavailable references
[258.995s][debug][gc,ref       ] GC(277) Skipped phase3 of Reference Processing due to unavailable references
[258.995s][debug][gc,ref       ] GC(277) Skipped phase4 of Reference Processing due to unavailable references
[258.995s][debug][gc,age       ] GC(277) Desired survivor size 15400960 bytes, new threshold 6 (max threshold 6)
[258.995s][info ][gc,heap      ] GC(277) ParNew: 242088K->1370K(270976K)
[258.995s][info ][gc,heap      ] GC(277) CMS: 276055K->276157K(602112K)
[258.995s][info ][gc,metaspace ] GC(277) Metaspace: 61131K->61131K(1105920K)
[258.995s][info ][gc           ] GC(277) Pause Young (Allocation Failure) 506M->271M(852M) 2.850ms
[258.995s][info ][gc,cpu       ] GC(277) User=0.01s Sys=0.00s Real=0.00s
[258.995s][info ][safepoint    ] Leaving safepoint region
[258.995s][info ][safepoint    ] Total time for which application threads were stopped: 0.0030283 seconds, Stopping threads took: 0.0000197 seconds
[259.995s][info ][safepoint    ] Application time: 1.0000914 seconds
[259.995s][info ][safepoint    ] Entering safepoint region: Cleanup
[259.995s][info ][safepoint    ] Leaving safepoint region
[259.995s][info ][safepoint    ] Total time for which application threads were stopped: 0.0000990 seconds, Stopping threads took: 0.0000348 seconds
[261.995s][info ][safepoint    ] Application time: 2.0001450 seconds
[261.996s][info ][safepoint    ] Entering safepoint region: Cleanup
[261.996s][info ][safepoint    ] Leaving safepoint region
[261.996s][info ][safepoint    ] Total time for which application threads were stopped: 0.0001722 seconds, Stopping threads took: 0.0000491 seconds
[262.996s][info ][safepoint    ] Application time: 1.0000979 seconds
[262.996s][info ][safepoint    ] Entering safepoint region: Cleanup
[262.996s][info ][safepoint    ] Leaving safepoint region
[262.996s][info ][safepoint    ] Total time for which application threads were stopped: 0.0000938 seconds, Stopping threads took: 0.0000186 seconds
[264.839s][info ][safepoint    ] Application time: 1.8427423 seconds
[264.839s][info ][safepoint    ] Entering safepoint region: GenCollectForAllocation
[264.839s][info ][gc,start     ] GC(278) Pause Young (Allocation Failure)
[264.839s][info ][gc,task      ] GC(278) Using 4 workers of 4 for evacuation
[264.843s][debug][gc,ref       ] GC(278) Skipped phase1 of Reference Processing due to unavailable references
[264.843s][debug][gc,ref       ] GC(278) Skipped phase2 of Reference Processing due to unavailable references
[264.843s][debug][gc,ref       ] GC(278) Skipped phase3 of Reference Processing due to unavailable references
[264.843s][debug][gc,ref       ] GC(278) Skipped phase4 of Reference Processing due to unavailable references
[264.843s][debug][gc,age       ] GC(278) Desired survivor size 15400960 bytes, new threshold 6 (max threshold 6)
[264.843s][info ][gc,heap      ] GC(278) ParNew: 242266K->1714K(270976K)
[264.843s][info ][gc,heap      ] GC(278) CMS: 276157K->276290K(602112K)
[264.843s][info ][gc,metaspace ] GC(278) Metaspace: 61135K->61135K(1105920K)
[264.843s][info ][gc           ] GC(278) Pause Young (Allocation Failure) 506M->271M(852M) 4.397ms
[264.843s][info ][gc,cpu       ] GC(278) User=0.00s Sys=0.01s Real=0.00s
[264.843s][info ][safepoint    ] Leaving safepoint region
[264.843s][info ][safepoint    ] Total time for which application threads were stopped: 0.0047323 seconds, Stopping threads took: 0.0000621 seconds
[268.922s][info ][safepoint    ] Application time: 4.0784057 seconds
[268.922s][info ][safepoint    ] Entering safepoint region: RevokeBias
[268.922s][info ][safepoint    ] Leaving safepoint region
[268.922s][info ][safepoint    ] Total time for which application threads were stopped: 0.0001857 seconds, Stopping threads took: 0.0000201 seconds
[270.636s][info ][safepoint    ] Application time: 1.7141628 seconds
[270.636s][info ][safepoint    ] Entering safepoint region: GenCollectForAllocation
[270.636s][info ][gc,start     ] GC(279) Pause Young (Allocation Failure)
[270.636s][info ][gc,task      ] GC(279) Using 4 workers of 4 for evacuation
[270.639s][debug][gc,ref       ] GC(279) Skipped phase1 of Reference Processing due to unavailable references
[270.639s][debug][gc,ref       ] GC(279) Skipped phase2 of Reference Processing due to unavailable references
[270.639s][debug][gc,ref       ] GC(279) Skipped phase3 of Reference Processing due to unavailable references
[270.639s][debug][gc,ref       ] GC(279) Skipped phase4 of Reference Processing due to unavailable references
[270.639s][debug][gc,age       ] GC(279) Desired survivor size 15400960 bytes, new threshold 6 (max threshold 6)
[270.639s][info ][gc,heap      ] GC(279) ParNew: 242610K->1196K(270976K)
[270.639s][info ][gc,heap      ] GC(279) CMS: 276290K->276345K(602112K)
[270.639s][info ][gc,metaspace ] GC(279) Metaspace: 61136K->61136K(1105920K)
[270.639s][info ][gc           ] GC(279) Pause Young (Allocation Failure) 506M->271M(852M) 2.649ms
[270.639s][info ][gc,cpu       ] GC(279) User=0.01s Sys=0.00s Real=0.00s
[270.639s][info ][safepoint    ] Leaving safepoint region
[270.639s][info ][safepoint    ] Total time for which application threads were stopped: 0.0028390 seconds, Stopping threads took: 0.0000193 seconds
[272.639s][info ][safepoint    ] Application time: 2.0002259 seconds
[272.639s][info ][safepoint    ] Entering safepoint region: Cleanup
[272.640s][info ][safepoint    ] Leaving safepoint region
[272.640s][info ][safepoint    ] Total time for which application threads were stopped: 0.0001255 seconds, Stopping threads took: 0.0000491 seconds
[273.640s][info ][safepoint    ] Application time: 1.0000961 seconds
[273.640s][info ][safepoint    ] Entering safepoint region: Cleanup
[273.640s][info ][safepoint    ] Leaving safepoint region
[273.640s][info ][safepoint    ] Total time for which application threads were stopped: 0.0001247 seconds, Stopping threads took: 0.0000478 seconds
[276.435s][info ][safepoint    ] Application time: 2.7953839 seconds
[276.435s][info ][safepoint    ] Entering safepoint region: GenCollectForAllocation
[276.435s][info ][gc,start     ] GC(280) Pause Young (Allocation Failure)
[276.435s][info ][gc,task      ] GC(280) Using 4 workers of 4 for evacuation
[276.438s][debug][gc,ref       ] GC(280) Skipped phase1 of Reference Processing due to unavailable references
[276.438s][debug][gc,ref       ] GC(280) Skipped phase2 of Reference Processing due to unavailable references
[276.438s][debug][gc,ref       ] GC(280) Skipped phase3 of Reference Processing due to unavailable references
[276.438s][debug][gc,ref       ] GC(280) Skipped phase4 of Reference Processing due to unavailable references
[276.438s][debug][gc,age       ] GC(280) Desired survivor size 15400960 bytes, new threshold 6 (max threshold 6)
[276.438s][info ][gc,heap      ] GC(280) ParNew: 242092K->1101K(270976K)
[276.438s][info ][gc,heap      ] GC(280) CMS: 276345K->276519K(602112K)
[276.438s][info ][gc,metaspace ] GC(280) Metaspace: 61136K->61136K(1105920K)
[276.438s][info ][gc           ] GC(280) Pause Young (Allocation Failure) 506M->271M(852M) 2.785ms
[276.438s][info ][gc,cpu       ] GC(280) User=0.01s Sys=0.00s Real=0.01s
[276.438s][info ][safepoint    ] Leaving safepoint region
[276.438s][info ][safepoint    ] Total time for which application threads were stopped: 0.0029665 seconds, Stopping threads took: 0.0000224 seconds
[278.438s][info ][safepoint    ] Application time: 2.0001971 seconds
[278.438s][info ][safepoint    ] Entering safepoint region: Cleanup
[278.439s][info ][safepoint    ] Leaving safepoint region
[278.439s][info ][safepoint    ] Total time for which application threads were stopped: 0.0001418 seconds, Stopping threads took: 0.0000679 seconds
[280.439s][info ][safepoint    ] Application time: 2.0001978 seconds
[280.439s][info ][safepoint    ] Entering safepoint region: Cleanup
[280.440s][info ][safepoint    ] Leaving safepoint region
[280.440s][info ][safepoint    ] Total time for which application threads were stopped: 0.0004467 seconds, Stopping threads took: 0.0002556 seconds
[282.236s][info ][safepoint    ] Application time: 1.7960717 seconds
[282.236s][info ][safepoint    ] Entering safepoint region: GenCollectForAllocation
[282.236s][info ][gc,start     ] GC(281) Pause Young (Allocation Failure)
[282.236s][info ][gc,task      ] GC(281) Using 4 workers of 4 for evacuation
[282.239s][debug][gc,ref       ] GC(281) Skipped phase1 of Reference Processing due to unavailable references
[282.239s][debug][gc,ref       ] GC(281) Skipped phase3 of Reference Processing due to unavailable references
[282.239s][debug][gc,age       ] GC(281) Desired survivor size 15400960 bytes, new threshold 6 (max threshold 6)
[282.239s][info ][gc,heap      ] GC(281) ParNew: 241997K->1366K(270976K)
[282.240s][info ][gc,heap      ] GC(281) CMS: 276519K->276681K(602112K)
[282.240s][info ][gc,metaspace ] GC(281) Metaspace: 61138K->61138K(1105920K)
[282.240s][info ][gc           ] GC(281) Pause Young (Allocation Failure) 506M->271M(852M) 3.507ms
[282.240s][info ][gc,cpu       ] GC(281) User=0.01s Sys=0.01s Real=0.01s
[282.240s][info ][safepoint    ] Leaving safepoint region
[282.240s][info ][safepoint    ] Total time for which application threads were stopped: 0.0037644 seconds, Stopping threads took: 0.0000399 seconds
[284.240s][info ][safepoint    ] Application time: 2.0001761 seconds
[284.240s][info ][safepoint    ] Entering safepoint region: Cleanup
[284.240s][info ][safepoint    ] Leaving safepoint region
[284.240s][info ][safepoint    ] Total time for which application threads were stopped: 0.0002156 seconds, Stopping threads took: 0.0000845 seconds
[285.240s][info ][safepoint    ] Application time: 1.0001003 seconds
[285.240s][info ][safepoint    ] Entering safepoint region: Cleanup
[285.240s][info ][safepoint    ] Leaving safepoint region
[285.240s][info ][safepoint    ] Total time for which application threads were stopped: 0.0001420 seconds, Stopping threads took: 0.0000523 seconds
[287.991s][info ][safepoint    ] Application time: 2.7507601 seconds
[287.991s][info ][safepoint    ] Entering safepoint region: GenCollectForAllocation
[287.991s][info ][gc,start     ] GC(282) Pause Young (Allocation Failure)
[287.991s][info ][gc,task      ] GC(282) Using 4 workers of 4 for evacuation
[287.995s][debug][gc,ref       ] GC(282) Skipped phase1 of Reference Processing due to unavailable references
[287.995s][debug][gc,ref       ] GC(282) Skipped phase2 of Reference Processing due to unavailable references
[287.995s][debug][gc,ref       ] GC(282) Skipped phase3 of Reference Processing due to unavailable references
[287.995s][debug][gc,ref       ] GC(282) Skipped phase4 of Reference Processing due to unavailable references
[287.995s][debug][gc,age       ] GC(282) Desired survivor size 15400960 bytes, new threshold 6 (max threshold 6)
[287.995s][info ][gc,heap      ] GC(282) ParNew: 242262K->798K(270976K)
[287.995s][info ][gc,heap      ] GC(282) CMS: 276681K->276852K(602112K)
[287.995s][info ][gc,metaspace ] GC(282) Metaspace: 61143K->61143K(1105920K)
[287.995s][info ][gc           ] GC(282) Pause Young (Allocation Failure) 506M->271M(852M) 4.183ms
[287.995s][info ][gc,cpu       ] GC(282) User=0.02s Sys=0.00s Real=0.00s
[287.995s][info ][safepoint    ] Leaving safepoint region
[287.995s][info ][safepoint    ] Total time for which application threads were stopped: 0.0043495 seconds, Stopping threads took: 0.0000200 seconds
[293.001s][info ][safepoint    ] Application time: 5.0051689 seconds
[293.001s][info ][safepoint    ] Entering safepoint region: Cleanup
[293.001s][info ][safepoint    ] Leaving safepoint region
[293.001s][info ][safepoint    ] Total time for which application threads were stopped: 0.0001462 seconds, Stopping threads took: 0.0000519 seconds
[293.790s][info ][safepoint    ] Application time: 0.7886998 seconds
[293.790s][info ][safepoint    ] Entering safepoint region: GenCollectForAllocation
[293.790s][info ][gc,start     ] GC(283) Pause Young (Allocation Failure)
[293.790s][info ][gc,task      ] GC(283) Using 4 workers of 4 for evacuation
[293.792s][debug][gc,ref       ] GC(283) Skipped phase1 of Reference Processing due to unavailable references
[293.792s][debug][gc,ref       ] GC(283) Skipped phase2 of Reference Processing due to unavailable references
[293.792s][debug][gc,ref       ] GC(283) Skipped phase3 of Reference Processing due to unavailable references
[293.792s][debug][gc,ref       ] GC(283) Skipped phase4 of Reference Processing due to unavailable references
[293.792s][debug][gc,age       ] GC(283) Desired survivor size 15400960 bytes, new threshold 6 (max threshold 6)
[293.792s][info ][gc,heap      ] GC(283) ParNew: 241694K->1150K(270976K)
[293.792s][info ][gc,heap      ] GC(283) CMS: 276852K->276999K(602112K)
[293.792s][info ][gc,metaspace ] GC(283) Metaspace: 61148K->61148K(1105920K)
[293.792s][info ][gc           ] GC(283) Pause Young (Allocation Failure) 506M->271M(852M) 2.711ms
[293.792s][info ][gc,cpu       ] GC(283) User=0.01s Sys=0.00s Real=0.00s
[293.792s][info ][safepoint    ] Leaving safepoint region
[293.792s][info ][safepoint    ] Total time for which application threads were stopped: 0.0028984 seconds, Stopping threads took: 0.0000196 seconds
[296.793s][info ][safepoint    ] Application time: 3.0001790 seconds
[296.793s][info ][safepoint    ] Entering safepoint region: Cleanup
[296.793s][info ][safepoint    ] Leaving safepoint region
[296.793s][info ][safepoint    ] Total time for which application threads were stopped: 0.0001547 seconds, Stopping threads took: 0.0000656 seconds
[298.793s][info ][safepoint    ] Application time: 2.0001620 seconds
[298.793s][info ][safepoint    ] Entering safepoint region: Cleanup
[298.793s][info ][safepoint    ] Leaving safepoint region
[298.793s][info ][safepoint    ] Total time for which application threads were stopped: 0.0001882 seconds, Stopping threads took: 0.0000968 seconds
[299.542s][info ][safepoint    ] Application time: 0.7484591 seconds
[299.542s][info ][safepoint    ] Entering safepoint region: GenCollectForAllocation
[299.542s][info ][gc,start     ] GC(284) Pause Young (Allocation Failure)
[299.542s][info ][gc,task      ] GC(284) Using 4 workers of 4 for evacuation
[299.544s][debug][gc,ref       ] GC(284) Skipped phase1 of Reference Processing due to unavailable references
[299.544s][debug][gc,ref       ] GC(284) Skipped phase2 of Reference Processing due to unavailable references
[299.544s][debug][gc,ref       ] GC(284) Skipped phase3 of Reference Processing due to unavailable references
[299.544s][debug][gc,ref       ] GC(284) Skipped phase4 of Reference Processing due to unavailable references
[299.544s][debug][gc,age       ] GC(284) Desired survivor size 15400960 bytes, new threshold 6 (max threshold 6)
[299.544s][info ][gc,heap      ] GC(284) ParNew: 242046K->1350K(270976K)
[299.544s][info ][gc,heap      ] GC(284) CMS: 276999K->277082K(602112K)
[299.544s][info ][gc,metaspace ] GC(284) Metaspace: 61148K->61148K(1105920K)
[299.544s][info ][gc           ] GC(284) Pause Young (Allocation Failure) 506M->271M(852M) 2.638ms
[299.544s][info ][gc,cpu       ] GC(284) User=0.01s Sys=0.00s Real=0.01s
[299.545s][info ][safepoint    ] Leaving safepoint region
[299.545s][info ][safepoint    ] Total time for which application threads were stopped: 0.0027914 seconds, Stopping threads took: 0.0000173 seconds
[305.241s][info ][safepoint    ] Application time: 5.6961375 seconds
[305.241s][info ][safepoint    ] Entering safepoint region: GenCollectForAllocation
[305.241s][info ][gc,start     ] GC(285) Pause Young (Allocation Failure)
[305.241s][info ][gc,task      ] GC(285) Using 4 workers of 4 for evacuation
[305.243s][debug][gc,ref       ] GC(285) Skipped phase1 of Reference Processing due to unavailable references
[305.243s][debug][gc,ref       ] GC(285) Skipped phase2 of Reference Processing due to unavailable references
[305.243s][debug][gc,ref       ] GC(285) Skipped phase3 of Reference Processing due to unavailable references
[305.243s][debug][gc,ref       ] GC(285) Skipped phase4 of Reference Processing due to unavailable references
[305.243s][debug][gc,age       ] GC(285) Desired survivor size 15400960 bytes, new threshold 6 (max threshold 6)
[305.243s][info ][gc,heap      ] GC(285) ParNew: 242246K->1486K(270976K)
[305.243s][info ][gc,heap      ] GC(285) CMS: 277082K->277149K(602112K)
[305.243s][info ][gc,metaspace ] GC(285) Metaspace: 61150K->61150K(1105920K)
[305.243s][info ][gc           ] GC(285) Pause Young (Allocation Failure) 507M->272M(852M) 2.622ms
[305.243s][info ][gc,cpu       ] GC(285) User=0.01s Sys=0.00s Real=0.00s
[305.243s][info ][safepoint    ] Leaving safepoint region
[305.243s][info ][safepoint    ] Total time for which application threads were stopped: 0.0027951 seconds, Stopping threads took: 0.0000306 seconds
[311.041s][info ][safepoint    ] Application time: 5.7974698 seconds
[311.041s][info ][safepoint    ] Entering safepoint region: GenCollectForAllocation
[311.041s][info ][gc,start     ] GC(286) Pause Young (Allocation Failure)
[311.041s][info ][gc,task      ] GC(286) Using 4 workers of 4 for evacuation
[311.044s][debug][gc,ref       ] GC(286) Skipped phase1 of Reference Processing due to unavailable references
[311.044s][debug][gc,ref       ] GC(286) Skipped phase2 of Reference Processing due to unavailable references
[311.044s][debug][gc,ref       ] GC(286) Skipped phase3 of Reference Processing due to unavailable references
[311.044s][debug][gc,ref       ] GC(286) Skipped phase4 of Reference Processing due to unavailable references
[311.044s][debug][gc,age       ] GC(286) Desired survivor size 15400960 bytes, new threshold 6 (max threshold 6)
[311.044s][info ][gc,heap      ] GC(286) ParNew: 242382K->1400K(270976K)
[311.044s][info ][gc,heap      ] GC(286) CMS: 277149K->277224K(602112K)
[311.044s][info ][gc,metaspace ] GC(286) Metaspace: 61150K->61150K(1105920K)
[311.044s][info ][gc           ] GC(286) Pause Young (Allocation Failure) 507M->272M(852M) 2.743ms
[311.044s][info ][gc,cpu       ] GC(286) User=0.01s Sys=0.00s Real=0.00s
[311.044s][info ][safepoint    ] Leaving safepoint region
[311.044s][info ][safepoint    ] Total time for which application threads were stopped: 0.0028954 seconds, Stopping threads took: 0.0000186 seconds
[311.892s][info ][safepoint    ] Application time: 0.8479515 seconds
[311.892s][info ][safepoint    ] Entering safepoint region: RevokeBias
[311.892s][info ][safepoint    ] Leaving safepoint region
[311.892s][info ][safepoint    ] Total time for which application threads were stopped: 0.0000948 seconds, Stopping threads took: 0.0000183 seconds
[316.885s][info ][safepoint    ] Application time: 4.9931006 seconds
[316.885s][info ][safepoint    ] Entering safepoint region: GenCollectForAllocation
[316.885s][info ][gc,start     ] GC(287) Pause Young (Allocation Failure)
[316.885s][info ][gc,task      ] GC(287) Using 4 workers of 4 for evacuation
[316.888s][debug][gc,ref       ] GC(287) Skipped phase1 of Reference Processing due to unavailable references
[316.888s][debug][gc,ref       ] GC(287) Skipped phase2 of Reference Processing due to unavailable references
[316.888s][debug][gc,ref       ] GC(287) Skipped phase3 of Reference Processing due to unavailable references
[316.888s][debug][gc,ref       ] GC(287) Skipped phase4 of Reference Processing due to unavailable references
[316.888s][debug][gc,age       ] GC(287) Desired survivor size 15400960 bytes, new threshold 6 (max threshold 6)
[316.888s][info ][gc,heap      ] GC(287) ParNew: 242296K->1460K(270976K)
[316.888s][info ][gc,heap      ] GC(287) CMS: 277224K->277269K(602112K)
[316.888s][info ][gc,metaspace ] GC(287) Metaspace: 61152K->61152K(1105920K)
[316.888s][info ][gc           ] GC(287) Pause Young (Allocation Failure) 507M->272M(852M) 2.648ms
[316.888s][info ][gc,cpu       ] GC(287) User=0.01s Sys=0.00s Real=0.00s
[316.888s][info ][safepoint    ] Leaving safepoint region
[316.888s][info ][safepoint    ] Total time for which application threads were stopped: 0.0028161 seconds, Stopping threads took: 0.0000215 seconds
[317.888s][info ][safepoint    ] Application time: 1.0000878 seconds
[317.888s][info ][safepoint    ] Entering safepoint region: Cleanup
[317.888s][info ][safepoint    ] Leaving safepoint region
[317.888s][info ][safepoint    ] Total time for which application threads were stopped: 0.0001348 seconds, Stopping threads took: 0.0000552 seconds
[318.888s][info ][safepoint    ] Application time: 1.0000963 seconds
[318.888s][info ][safepoint    ] Entering safepoint region: Cleanup
[318.888s][info ][safepoint    ] Leaving safepoint region
[318.888s][info ][safepoint    ] Total time for which application threads were stopped: 0.0001031 seconds, Stopping threads took: 0.0000415 seconds
[319.889s][info ][safepoint    ] Application time: 1.0002222 seconds
[319.889s][info ][safepoint    ] Entering safepoint region: Cleanup
[319.889s][info ][safepoint    ] Leaving safepoint region
[319.889s][info ][safepoint    ] Total time for which application threads were stopped: 0.0001145 seconds, Stopping threads took: 0.0000451 seconds
[320.889s][info ][safepoint    ] Application time: 1.0000992 seconds
[320.889s][info ][safepoint    ] Entering safepoint region: Cleanup
[320.889s][info ][safepoint    ] Leaving safepoint region
[320.889s][info ][safepoint    ] Total time for which application threads were stopped: 0.0002352 seconds, Stopping threads took: 0.0000443 seconds
[321.287s][info ][safepoint    ] Application time: 0.3974973 seconds
[321.287s][info ][safepoint    ] Entering safepoint region: GenCollectForAllocation
[321.288s][info ][safepoint    ] Leaving safepoint region
[321.288s][info ][safepoint    ] Total time for which application threads were stopped: 0.0007817 seconds, Stopping threads took: 0.0000167 seconds
[321.288s][info ][safepoint    ] Application time: 0.0000992 seconds
[321.288s][info ][safepoint    ] Entering safepoint region: GenCollectForAllocation
[321.288s][info ][gc,start     ] GC(288) Pause Young (Allocation Failure)
[321.288s][info ][gc,task      ] GC(288) Using 4 workers of 4 for evacuation
[321.291s][debug][gc,ref       ] GC(288) Skipped phase1 of Reference Processing due to unavailable references
[321.291s][debug][gc,ref       ] GC(288) Skipped phase3 of Reference Processing due to unavailable references
[321.291s][debug][gc,age       ] GC(288) Desired survivor size 15400960 bytes, new threshold 6 (max threshold 6)
[321.291s][info ][gc,heap      ] GC(288) ParNew: 242356K->3128K(270976K)
[321.291s][info ][gc,heap      ] GC(288) CMS: 277269K->277370K(602112K)
[321.291s][info ][gc,metaspace ] GC(288) Metaspace: 61223K->61223K(1105920K)
[321.291s][info ][gc           ] GC(288) Pause Young (Allocation Failure) 507M->273M(852M) 3.142ms
[321.291s][info ][gc,cpu       ] GC(288) User=0.00s Sys=0.00s Real=0.00s
[321.291s][info ][safepoint    ] Leaving safepoint region
[321.291s][info ][safepoint    ] Total time for which application threads were stopped: 0.0032841 seconds, Stopping threads took: 0.0000106 seconds
[322.291s][info ][safepoint    ] Application time: 1.0000550 seconds
[322.291s][info ][safepoint    ] Entering safepoint region: Cleanup
[322.292s][info ][safepoint    ] Leaving safepoint region
[322.292s][info ][safepoint    ] Total time for which application threads were stopped: 0.0001476 seconds, Stopping threads took: 0.0000450 seconds
[325.292s][info ][safepoint    ] Application time: 3.0002637 seconds
[325.292s][info ][safepoint    ] Entering safepoint region: Cleanup
[325.292s][info ][safepoint    ] Leaving safepoint region
[325.292s][info ][safepoint    ] Total time for which application threads were stopped: 0.0001414 seconds, Stopping threads took: 0.0000593 seconds
[326.292s][info ][safepoint    ] Application time: 1.0001021 seconds
[326.292s][info ][safepoint    ] Entering safepoint region: Cleanup
[326.292s][info ][safepoint    ] Leaving safepoint region
[326.292s][info ][safepoint    ] Total time for which application threads were stopped: 0.0001409 seconds, Stopping threads took: 0.0000445 seconds
[327.087s][info ][safepoint    ] Application time: 0.7944294 seconds
[327.087s][info ][safepoint    ] Entering safepoint region: GenCollectForAllocation
[327.087s][info ][gc,start     ] GC(289) Pause Young (Allocation Failure)
[327.087s][info ][gc,task      ] GC(289) Using 4 workers of 4 for evacuation
[327.090s][debug][gc,ref       ] GC(289) Skipped phase1 of Reference Processing due to unavailable references
[327.090s][debug][gc,ref       ] GC(289) Skipped phase3 of Reference Processing due to unavailable references
[327.090s][debug][gc,age       ] GC(289) Desired survivor size 15400960 bytes, new threshold 6 (max threshold 6)
[327.090s][info ][gc,heap      ] GC(289) ParNew: 244024K->1964K(270976K)
[327.090s][info ][gc,heap      ] GC(289) CMS: 277370K->277614K(602112K)
[327.090s][info ][gc,metaspace ] GC(289) Metaspace: 61225K->61225K(1105920K)
[327.090s][info ][gc           ] GC(289) Pause Young (Allocation Failure) 509M->273M(852M) 2.853ms
[327.090s][info ][gc,cpu       ] GC(289) User=0.01s Sys=0.00s Real=0.00s
[327.090s][info ][safepoint    ] Leaving safepoint region
[327.090s][info ][safepoint    ] Total time for which application threads were stopped: 0.0030608 seconds, Stopping threads took: 0.0000479 seconds
[328.919s][info ][safepoint    ] Application time: 1.8291424 seconds
[328.919s][info ][safepoint    ] Entering safepoint region: RevokeBias
[328.919s][info ][safepoint    ] Leaving safepoint region
[328.919s][info ][safepoint    ] Total time for which application threads were stopped: 0.0001777 seconds, Stopping threads took: 0.0000408 seconds
[332.920s][info ][safepoint    ] Application time: 4.0003741 seconds
[332.920s][info ][safepoint    ] Entering safepoint region: Cleanup
[332.920s][info ][safepoint    ] Leaving safepoint region
[332.920s][info ][safepoint    ] Total time for which application threads were stopped: 0.0000923 seconds, Stopping threads took: 0.0000232 seconds
[332.987s][info ][safepoint    ] Application time: 0.0675584 seconds
[332.987s][info ][safepoint    ] Entering safepoint region: GenCollectForAllocation
[332.987s][info ][gc,start     ] GC(290) Pause Young (Allocation Failure)
[332.988s][info ][gc,task      ] GC(290) Using 4 workers of 4 for evacuation
[332.991s][debug][gc,ref       ] GC(290) Skipped phase1 of Reference Processing due to unavailable references
[332.991s][debug][gc,ref       ] GC(290) Skipped phase3 of Reference Processing due to unavailable references
[332.991s][debug][gc,age       ] GC(290) Desired survivor size 15400960 bytes, new threshold 6 (max threshold 6)
[332.991s][info ][gc,heap      ] GC(290) ParNew: 242860K->1436K(270976K)
[332.991s][info ][gc,heap      ] GC(290) CMS: 277614K->277749K(602112K)
[332.991s][info ][gc,metaspace ] GC(290) Metaspace: 61226K->61226K(1105920K)
[332.991s][info ][gc           ] GC(290) Pause Young (Allocation Failure) 508M->272M(852M) 3.666ms
[332.991s][info ][gc,cpu       ] GC(290) User=0.01s Sys=0.00s Real=0.00s
[332.991s][info ][safepoint    ] Leaving safepoint region
[332.991s][info ][safepoint    ] Total time for which application threads were stopped: 0.0038602 seconds, Stopping threads took: 0.0000195 seconds
[333.992s][info ][safepoint    ] Application time: 1.0004503 seconds
[333.992s][info ][safepoint    ] Entering safepoint region: Cleanup
[333.992s][info ][safepoint    ] Leaving safepoint region
[333.992s][info ][safepoint    ] Total time for which application threads were stopped: 0.0002261 seconds, Stopping threads took: 0.0000790 seconds
[335.992s][info ][safepoint    ] Application time: 2.0001727 seconds
[335.992s][info ][safepoint    ] Entering safepoint region: Cleanup
[335.992s][info ][safepoint    ] Leaving safepoint region
[335.992s][info ][safepoint    ] Total time for which application threads were stopped: 0.0001138 seconds, Stopping threads took: 0.0000389 seconds
[336.992s][info ][safepoint    ] Application time: 1.0000903 seconds
[336.992s][info ][safepoint    ] Entering safepoint region: Cleanup
[336.992s][info ][safepoint    ] Leaving safepoint region
[336.993s][info ][safepoint    ] Total time for which application threads were stopped: 0.0001511 seconds, Stopping threads took: 0.0000506 seconds
[338.837s][info ][safepoint    ] Application time: 1.8442014 seconds
[338.837s][info ][safepoint    ] Entering safepoint region: GenCollectForAllocation
[338.837s][info ][gc,start     ] GC(291) Pause Young (Allocation Failure)
[338.837s][info ][gc,task      ] GC(291) Using 4 workers of 4 for evacuation
[338.841s][debug][gc,ref       ] GC(291) Skipped phase1 of Reference Processing due to unavailable references
[338.841s][debug][gc,ref       ] GC(291) Skipped phase3 of Reference Processing due to unavailable references
[338.841s][debug][gc,age       ] GC(291) Desired survivor size 15400960 bytes, new threshold 6 (max threshold 6)
[338.841s][info ][gc,heap      ] GC(291) ParNew: 242332K->1427K(270976K)
[338.841s][info ][gc,heap      ] GC(291) CMS: 277749K->277956K(602112K)
[338.841s][info ][gc,metaspace ] GC(291) Metaspace: 61227K->61227K(1105920K)
[338.841s][info ][gc           ] GC(291) Pause Young (Allocation Failure) 507M->272M(852M) 3.921ms
[338.841s][info ][gc,cpu       ] GC(291) User=0.01s Sys=0.00s Real=0.00s
[338.841s][info ][safepoint    ] Leaving safepoint region
[338.841s][info ][safepoint    ] Total time for which application threads were stopped: 0.0040968 seconds, Stopping threads took: 0.0000207 seconds
[341.841s][info ][safepoint    ] Application time: 3.0003269 seconds
[341.841s][info ][safepoint    ] Entering safepoint region: Cleanup
[341.841s][info ][safepoint    ] Leaving safepoint region
[341.841s][info ][safepoint    ] Total time for which application threads were stopped: 0.0001324 seconds, Stopping threads took: 0.0000481 seconds
[342.841s][info ][safepoint    ] Application time: 1.0001057 seconds
[342.842s][info ][safepoint    ] Entering safepoint region: Cleanup
[342.842s][info ][safepoint    ] Leaving safepoint region
[342.842s][info ][safepoint    ] Total time for which application threads were stopped: 0.0001461 seconds, Stopping threads took: 0.0000567 seconds
[344.636s][info ][safepoint    ] Application time: 1.7940763 seconds
[344.636s][info ][safepoint    ] Entering safepoint region: GenCollectForAllocation
[344.636s][info ][gc,start     ] GC(292) Pause Young (Allocation Failure)
[344.636s][info ][gc,task      ] GC(292) Using 4 workers of 4 for evacuation
[344.639s][debug][gc,ref       ] GC(292) Skipped phase1 of Reference Processing due to unavailable references
[344.639s][debug][gc,ref       ] GC(292) Skipped phase3 of Reference Processing due to unavailable references
[344.639s][debug][gc,age       ] GC(292) Desired survivor size 15400960 bytes, new threshold 6 (max threshold 6)
[344.639s][info ][gc,heap      ] GC(292) ParNew: 242323K->1482K(270976K)
[344.639s][info ][gc,heap      ] GC(292) CMS: 277956K->278061K(602112K)
[344.639s][info ][gc,metaspace ] GC(292) Metaspace: 61237K->61237K(1105920K)
[344.639s][info ][gc           ] GC(292) Pause Young (Allocation Failure) 508M->272M(852M) 2.881ms
[344.639s][info ][gc,cpu       ] GC(292) User=0.01s Sys=0.00s Real=0.01s
[344.639s][info ][safepoint    ] Leaving safepoint region
[344.639s][info ][safepoint    ] Total time for which application threads were stopped: 0.0030935 seconds, Stopping threads took: 0.0000535 seconds
[345.639s][info ][safepoint    ] Application time: 1.0000942 seconds
[345.639s][info ][safepoint    ] Entering safepoint region: Cleanup
[345.639s][info ][safepoint    ] Leaving safepoint region
[345.639s][info ][safepoint    ] Total time for which application threads were stopped: 0.0001473 seconds, Stopping threads took: 0.0000615 seconds
[346.639s][info ][safepoint    ] Application time: 1.0000943 seconds
[346.639s][info ][safepoint    ] Entering safepoint region: Cleanup
[346.639s][info ][safepoint    ] Leaving safepoint region
[346.639s][info ][safepoint    ] Total time for which application threads were stopped: 0.0001275 seconds, Stopping threads took: 0.0000461 seconds
[349.640s][info ][safepoint    ] Application time: 3.0002640 seconds
[349.640s][info ][safepoint    ] Entering safepoint region: Cleanup
[349.640s][info ][safepoint    ] Leaving safepoint region
[349.640s][info ][safepoint    ] Total time for which application threads were stopped: 0.0001783 seconds, Stopping threads took: 0.0000596 seconds
[350.436s][info ][safepoint    ] Application time: 0.7957118 seconds
[350.436s][info ][safepoint    ] Entering safepoint region: GenCollectForAllocation
[350.436s][info ][gc,start     ] GC(293) Pause Young (Allocation Failure)
[350.436s][info ][gc,task      ] GC(293) Using 4 workers of 4 for evacuation
[350.443s][debug][gc,ref       ] GC(293) Skipped phase1 of Reference Processing due to unavailable references
[350.443s][debug][gc,ref       ] GC(293) Skipped phase3 of Reference Processing due to unavailable references
[350.443s][debug][gc,age       ] GC(293) Desired survivor size 15400960 bytes, new threshold 6 (max threshold 6)
[350.443s][info ][gc,heap      ] GC(293) ParNew: 242378K->1599K(270976K)
[350.443s][info ][gc,heap      ] GC(293) CMS: 278061K->278151K(602112K)
[350.443s][info ][gc,metaspace ] GC(293) Metaspace: 61237K->61237K(1105920K)
[350.443s][info ][gc           ] GC(293) Pause Young (Allocation Failure) 508M->273M(852M) 7.543ms
[350.443s][info ][gc,cpu       ] GC(293) User=0.01s Sys=0.00s Real=0.01s
[350.443s][info ][safepoint    ] Leaving safepoint region
[350.443s][info ][safepoint    ] Total time for which application threads were stopped: 0.0077745 seconds, Stopping threads took: 0.0000679 seconds
[355.444s][info ][safepoint    ] Application time: 5.0004529 seconds
[355.444s][info ][safepoint    ] Entering safepoint region: Cleanup
[355.444s][info ][safepoint    ] Leaving safepoint region
[355.444s][info ][safepoint    ] Total time for which application threads were stopped: 0.0002062 seconds, Stopping threads took: 0.0000230 seconds
[356.138s][info ][safepoint    ] Application time: 0.6940901 seconds
[356.138s][info ][safepoint    ] Entering safepoint region: GenCollectForAllocation
[356.138s][info ][gc,start     ] GC(294) Pause Young (Allocation Failure)
[356.139s][info ][gc,task      ] GC(294) Using 4 workers of 4 for evacuation
[356.142s][debug][gc,ref       ] GC(294) Skipped phase1 of Reference Processing due to unavailable references
[356.142s][debug][gc,ref       ] GC(294) Skipped phase2 of Reference Processing due to unavailable references
[356.142s][debug][gc,ref       ] GC(294) Skipped phase3 of Reference Processing due to unavailable references
[356.142s][debug][gc,ref       ] GC(294) Skipped phase4 of Reference Processing due to unavailable references
[356.142s][debug][gc,age       ] GC(294) Desired survivor size 15400960 bytes, new threshold 6 (max threshold 6)
[356.142s][info ][gc,heap      ] GC(294) ParNew: 242495K->1673K(270976K)
[356.142s][info ][gc,heap      ] GC(294) CMS: 278151K->278247K(602112K)
[356.142s][info ][gc,metaspace ] GC(294) Metaspace: 61241K->61241K(1105920K)
[356.142s][info ][gc           ] GC(294) Pause Young (Allocation Failure) 508M->273M(852M) 3.736ms
[356.142s][info ][gc,cpu       ] GC(294) User=0.01s Sys=0.00s Real=0.00s
[356.142s][info ][safepoint    ] Leaving safepoint region
[356.142s][info ][safepoint    ] Total time for which application threads were stopped: 0.0039875 seconds, Stopping threads took: 0.0000530 seconds
[357.144s][info ][safepoint    ] Application time: 1.0019818 seconds
[357.144s][info ][safepoint    ] Entering safepoint region: Cleanup
[357.145s][info ][safepoint    ] Leaving safepoint region
[357.145s][info ][safepoint    ] Total time for which application threads were stopped: 0.0003252 seconds, Stopping threads took: 0.0000850 seconds
[358.145s][info ][safepoint    ] Application time: 1.0001021 seconds
[358.148s][info ][safepoint    ] Entering safepoint region: Cleanup
[358.148s][info ][safepoint    ] Leaving safepoint region
[358.148s][info ][safepoint    ] Total time for which application threads were stopped: 0.0035803 seconds, Stopping threads took: 0.0034528 seconds
[359.148s][info ][safepoint    ] Application time: 1.0001455 seconds
[359.149s][info ][safepoint    ] Entering safepoint region: Cleanup
[359.149s][info ][safepoint    ] Leaving safepoint region
[359.149s][info ][safepoint    ] Total time for which application threads were stopped: 0.0001144 seconds, Stopping threads took: 0.0000301 seconds
[361.149s][info ][safepoint    ] Application time: 2.0001202 seconds
[361.149s][info ][safepoint    ] Entering safepoint region: Cleanup
[361.149s][info ][safepoint    ] Leaving safepoint region
[361.149s][info ][safepoint    ] Total time for which application threads were stopped: 0.0001081 seconds, Stopping threads took: 0.0000294 seconds
[361.686s][info ][safepoint    ] Application time: 0.5370620 seconds
[361.686s][info ][safepoint    ] Entering safepoint region: GenCollectForAllocation
[361.686s][info ][gc,start     ] GC(295) Pause Young (Allocation Failure)
[361.686s][info ][gc,task      ] GC(295) Using 4 workers of 4 for evacuation
[361.689s][debug][gc,ref       ] GC(295) Skipped phase1 of Reference Processing due to unavailable references
[361.689s][debug][gc,ref       ] GC(295) Skipped phase2 of Reference Processing due to unavailable references
[361.689s][debug][gc,ref       ] GC(295) Skipped phase3 of Reference Processing due to unavailable references
[361.689s][debug][gc,ref       ] GC(295) Skipped phase4 of Reference Processing due to unavailable references
[361.690s][debug][gc,age       ] GC(295) Desired survivor size 15400960 bytes, new threshold 6 (max threshold 6)
[361.690s][info ][gc,heap      ] GC(295) ParNew: 242569K->1984K(270976K)
[361.690s][info ][gc,heap      ] GC(295) CMS: 278247K->278303K(602112K)
[361.690s][info ][gc,metaspace ] GC(295) Metaspace: 61250K->61250K(1105920K)
[361.690s][info ][gc           ] GC(295) Pause Young (Allocation Failure) 508M->273M(852M) 3.411ms
[361.690s][info ][gc,cpu       ] GC(295) User=0.01s Sys=0.00s Real=0.00s
[361.690s][info ][safepoint    ] Leaving safepoint region
[361.690s][info ][safepoint    ] Total time for which application threads were stopped: 0.0036139 seconds, Stopping threads took: 0.0000499 seconds
[364.690s][info ][safepoint    ] Application time: 3.0002384 seconds
[364.690s][info ][safepoint    ] Entering safepoint region: Cleanup
[364.690s][info ][safepoint    ] Leaving safepoint region
[364.690s][info ][safepoint    ] Total time for which application threads were stopped: 0.0002642 seconds, Stopping threads took: 0.0001448 seconds
[366.690s][info ][safepoint    ] Application time: 2.0001628 seconds
[366.691s][info ][safepoint    ] Entering safepoint region: Cleanup
[366.691s][info ][safepoint    ] Leaving safepoint region
[366.691s][info ][safepoint    ] Total time for which application threads were stopped: 0.0001687 seconds, Stopping threads took: 0.0000898 seconds
[367.286s][info ][safepoint    ] Application time: 0.5951349 seconds
[367.286s][info ][safepoint    ] Entering safepoint region: GenCollectForAllocation
[367.286s][info ][gc,start     ] GC(296) Pause Young (Allocation Failure)
[367.286s][info ][gc,task      ] GC(296) Using 4 workers of 4 for evacuation
[367.289s][debug][gc,ref       ] GC(296) Skipped phase1 of Reference Processing due to unavailable references
[367.289s][debug][gc,ref       ] GC(296) Skipped phase2 of Reference Processing due to unavailable references
[367.289s][debug][gc,ref       ] GC(296) Skipped phase3 of Reference Processing due to unavailable references
[367.289s][debug][gc,ref       ] GC(296) Skipped phase4 of Reference Processing due to unavailable references
[367.289s][debug][gc,age       ] GC(296) Desired survivor size 15400960 bytes, new threshold 6 (max threshold 6)
[367.289s][info ][gc,heap      ] GC(296) ParNew: 242880K->1516K(270976K)
[367.289s][info ][gc,heap      ] GC(296) CMS: 278303K->278529K(602112K)
[367.289s][info ][gc,metaspace ] GC(296) Metaspace: 61251K->61251K(1105920K)
[367.289s][info ][gc           ] GC(296) Pause Young (Allocation Failure) 508M->273M(852M) 3.238ms
[367.289s][info ][gc,cpu       ] GC(296) User=0.01s Sys=0.00s Real=0.00s
[367.289s][info ][safepoint    ] Leaving safepoint region
[367.289s][info ][safepoint    ] Total time for which application threads were stopped: 0.0034441 seconds, Stopping threads took: 0.0000467 seconds
[369.290s][info ][safepoint    ] Application time: 2.0002778 seconds
[369.290s][info ][safepoint    ] Entering safepoint region: Cleanup
[369.290s][info ][safepoint    ] Leaving safepoint region
[369.290s][info ][safepoint    ] Total time for which application threads were stopped: 0.0001475 seconds, Stopping threads took: 0.0000476 seconds
[370.290s][info ][safepoint    ] Application time: 1.0000888 seconds
[370.290s][info ][safepoint    ] Entering safepoint region: Cleanup
[370.290s][info ][safepoint    ] Leaving safepoint region
[370.290s][info ][safepoint    ] Total time for which application threads were stopped: 0.0001443 seconds, Stopping threads took: 0.0000579 seconds
[372.986s][info ][safepoint    ] Application time: 2.6962956 seconds
[372.986s][info ][safepoint    ] Entering safepoint region: GenCollectForAllocation
[372.986s][info ][gc,start     ] GC(297) Pause Young (Allocation Failure)
[372.986s][info ][gc,task      ] GC(297) Using 4 workers of 4 for evacuation
[372.989s][debug][gc,ref       ] GC(297) Skipped phase1 of Reference Processing due to unavailable references
[372.989s][debug][gc,ref       ] GC(297) Skipped phase2 of Reference Processing due to unavailable references
[372.989s][debug][gc,ref       ] GC(297) Skipped phase3 of Reference Processing due to unavailable references
[372.989s][debug][gc,ref       ] GC(297) Skipped phase4 of Reference Processing due to unavailable references
[372.989s][debug][gc,age       ] GC(297) Desired survivor size 15400960 bytes, new threshold 6 (max threshold 6)
[372.989s][info ][gc,heap      ] GC(297) ParNew: 242412K->2070K(270976K)
[372.989s][info ][gc,heap      ] GC(297) CMS: 278529K->278619K(602112K)
[372.989s][info ][gc,metaspace ] GC(297) Metaspace: 61251K->61251K(1105920K)
[372.989s][info ][gc           ] GC(297) Pause Young (Allocation Failure) 508M->274M(852M) 2.945ms
[372.989s][info ][gc,cpu       ] GC(297) User=0.02s Sys=0.00s Real=0.00s
[372.989s][info ][safepoint    ] Leaving safepoint region
[372.989s][info ][safepoint    ] Total time for which application threads were stopped: 0.0031047 seconds, Stopping threads took: 0.0000208 seconds
[374.990s][info ][safepoint    ] Application time: 2.0002238 seconds
[374.990s][info ][safepoint    ] Entering safepoint region: Cleanup
[374.990s][info ][safepoint    ] Leaving safepoint region
[374.990s][info ][safepoint    ] Total time for which application threads were stopped: 0.0001301 seconds, Stopping threads took: 0.0000449 seconds
[376.990s][info ][safepoint    ] Application time: 2.0001259 seconds
[376.990s][info ][safepoint    ] Entering safepoint region: Cleanup
[376.990s][info ][safepoint    ] Leaving safepoint region
[376.990s][info ][safepoint    ] Total time for which application threads were stopped: 0.0001407 seconds, Stopping threads took: 0.0000424 seconds
[378.386s][info ][safepoint    ] Application time: 1.3955561 seconds
[378.386s][info ][safepoint    ] Entering safepoint region: GenCollectForAllocation
[378.386s][info ][gc,start     ] GC(298) Pause Young (Allocation Failure)
[378.386s][info ][gc,task      ] GC(298) Using 4 workers of 4 for evacuation
[378.389s][debug][gc,ref       ] GC(298) Skipped phase1 of Reference Processing due to unavailable references
[378.389s][debug][gc,ref       ] GC(298) Skipped phase2 of Reference Processing due to unavailable references
[378.389s][debug][gc,ref       ] GC(298) Skipped phase3 of Reference Processing due to unavailable references
[378.389s][debug][gc,ref       ] GC(298) Skipped phase4 of Reference Processing due to unavailable references
[378.389s][debug][gc,age       ] GC(298) Desired survivor size 15400960 bytes, new threshold 6 (max threshold 6)
[378.389s][info ][gc,heap      ] GC(298) ParNew: 242966K->1731K(270976K)
[378.389s][info ][gc,heap      ] GC(298) CMS: 278619K->278717K(602112K)
[378.389s][info ][gc,metaspace ] GC(298) Metaspace: 61252K->61252K(1105920K)
[378.389s][info ][gc           ] GC(298) Pause Young (Allocation Failure) 509M->273M(852M) 3.131ms
[378.389s][info ][gc,cpu       ] GC(298) User=0.01s Sys=0.00s Real=0.00s
[378.389s][info ][safepoint    ] Leaving safepoint region
[378.389s][info ][safepoint    ] Total time for which application threads were stopped: 0.0033556 seconds, Stopping threads took: 0.0000548 seconds
[379.389s][info ][safepoint    ] Application time: 1.0000974 seconds
[379.389s][info ][safepoint    ] Entering safepoint region: Cleanup
[379.389s][info ][safepoint    ] Leaving safepoint region
[379.389s][info ][safepoint    ] Total time for which application threads were stopped: 0.0001733 seconds, Stopping threads took: 0.0000460 seconds
[380.390s][info ][safepoint    ] Application time: 1.0001245 seconds
[380.390s][info ][safepoint    ] Entering safepoint region: Cleanup
[380.390s][info ][safepoint    ] Leaving safepoint region
[380.390s][info ][safepoint    ] Total time for which application threads were stopped: 0.0001307 seconds, Stopping threads took: 0.0000480 seconds
[380.652s][info ][safepoint    ] Application time: 0.2624127 seconds
[380.652s][info ][safepoint    ] Entering safepoint region: RevokeBias
[380.652s][info ][safepoint    ] Leaving safepoint region
[380.652s][info ][safepoint    ] Total time for which application threads were stopped: 0.0001183 seconds, Stopping threads took: 0.0000196 seconds
[380.653s][info ][safepoint    ] Application time: 0.0009719 seconds
[380.653s][info ][safepoint    ] Entering safepoint region: RevokeBias
[380.653s][info ][safepoint    ] Leaving safepoint region
[380.653s][info ][safepoint    ] Total time for which application threads were stopped: 0.0000497 seconds, Stopping threads took: 0.0000104 seconds
[381.376s][info ][safepoint    ] Application time: 0.7229556 seconds
[381.376s][info ][safepoint    ] Entering safepoint region: RevokeBias
[381.376s][info ][safepoint    ] Leaving safepoint region
[381.376s][info ][safepoint    ] Total time for which application threads were stopped: 0.0001050 seconds, Stopping threads took: 0.0000212 seconds
[382.377s][info ][safepoint    ] Application time: 1.0001035 seconds
[382.377s][info ][safepoint    ] Entering safepoint region: Cleanup
[382.377s][info ][safepoint    ] Leaving safepoint region
[382.377s][info ][safepoint    ] Total time for which application threads were stopped: 0.0000850 seconds, Stopping threads took: 0.0000208 seconds
[383.765s][info ][safepoint    ] Application time: 1.3888528 seconds
[383.766s][info ][safepoint    ] Entering safepoint region: GenCollectForAllocation
[383.766s][info ][gc,start     ] GC(299) Pause Young (Allocation Failure)
[383.766s][info ][gc,task      ] GC(299) Using 4 workers of 4 for evacuation
[383.769s][debug][gc,ref       ] GC(299) Skipped phase1 of Reference Processing due to unavailable references
[383.769s][debug][gc,ref       ] GC(299) Skipped phase2 of Reference Processing due to unavailable references
[383.769s][debug][gc,ref       ] GC(299) Skipped phase3 of Reference Processing due to unavailable references
[383.769s][debug][gc,ref       ] GC(299) Skipped phase4 of Reference Processing due to unavailable references
[383.769s][debug][gc,age       ] GC(299) Desired survivor size 15400960 bytes, new threshold 6 (max threshold 6)
[383.769s][info ][gc,heap      ] GC(299) ParNew: 242627K->2143K(270976K)
[383.769s][info ][gc,heap      ] GC(299) CMS: 278717K->278915K(602112K)
[383.769s][info ][gc,metaspace ] GC(299) Metaspace: 61258K->61258K(1105920K)
[383.769s][info ][gc           ] GC(299) Pause Young (Allocation Failure) 509M->274M(852M) 3.522ms
[383.769s][info ][gc,cpu       ] GC(299) User=0.01s Sys=0.00s Real=0.00s
[383.769s][info ][safepoint    ] Leaving safepoint region
[383.769s][info ][safepoint    ] Total time for which application threads were stopped: 0.0037139 seconds, Stopping threads took: 0.0000216 seconds
[384.769s][info ][safepoint    ] Application time: 1.0001128 seconds
[384.769s][info ][safepoint    ] Entering safepoint region: Cleanup
[384.769s][info ][safepoint    ] Leaving safepoint region
[384.770s][info ][safepoint    ] Total time for which application threads were stopped: 0.0001031 seconds, Stopping threads took: 0.0000257 seconds
[385.770s][info ][safepoint    ] Application time: 1.0000995 seconds
[385.770s][info ][safepoint    ] Entering safepoint region: Cleanup
[385.770s][info ][safepoint    ] Leaving safepoint region
[385.770s][info ][safepoint    ] Total time for which application threads were stopped: 0.0000955 seconds, Stopping threads took: 0.0000232 seconds
[386.770s][info ][safepoint    ] Application time: 1.0000992 seconds
[386.770s][info ][safepoint    ] Entering safepoint region: Cleanup
[386.770s][info ][safepoint    ] Leaving safepoint region
[386.770s][info ][safepoint    ] Total time for which application threads were stopped: 0.0000953 seconds, Stopping threads took: 0.0000216 seconds
[387.770s][info ][safepoint    ] Application time: 1.0000837 seconds
[387.770s][info ][safepoint    ] Entering safepoint region: Cleanup
[387.770s][info ][safepoint    ] Leaving safepoint region
[387.770s][info ][safepoint    ] Total time for which application threads were stopped: 0.0001019 seconds, Stopping threads took: 0.0000214 seconds
[388.919s][info ][safepoint    ] Application time: 1.1486407 seconds
[388.919s][info ][safepoint    ] Entering safepoint region: RevokeBias
[388.919s][info ][safepoint    ] Leaving safepoint region
[388.919s][info ][safepoint    ] Total time for which application threads were stopped: 0.0000970 seconds, Stopping threads took: 0.0000213 seconds
[389.136s][info ][safepoint    ] Application time: 0.2174547 seconds
[389.137s][info ][safepoint    ] Entering safepoint region: GenCollectForAllocation
[389.137s][info ][gc,start     ] GC(300) Pause Young (Allocation Failure)
[389.137s][info ][gc,task      ] GC(300) Using 4 workers of 4 for evacuation
[389.140s][debug][gc,ref       ] GC(300) Skipped phase1 of Reference Processing due to unavailable references
[389.140s][debug][gc,ref       ] GC(300) Skipped phase3 of Reference Processing due to unavailable references
[389.140s][debug][gc,age       ] GC(300) Desired survivor size 15400960 bytes, new threshold 6 (max threshold 6)
[389.140s][info ][gc,heap      ] GC(300) ParNew: 243039K->2031K(270976K)
[389.140s][info ][gc,heap      ] GC(300) CMS: 278915K->279020K(602112K)
[389.140s][info ][gc,metaspace ] GC(300) Metaspace: 61315K->61315K(1105920K)
[389.140s][info ][gc           ] GC(300) Pause Young (Allocation Failure) 509M->274M(852M) 3.399ms
[389.140s][info ][gc,cpu       ] GC(300) User=0.01s Sys=0.00s Real=0.00s
[389.140s][info ][safepoint    ] Leaving safepoint region
[389.140s][info ][safepoint    ] Total time for which application threads were stopped: 0.0036266 seconds, Stopping threads took: 0.0000287 seconds
[394.141s][info ][safepoint    ] Application time: 5.0003891 seconds
[394.141s][info ][safepoint    ] Entering safepoint region: Cleanup
[394.141s][info ][safepoint    ] Leaving safepoint region
[394.141s][info ][safepoint    ] Total time for which application threads were stopped: 0.0001124 seconds, Stopping threads took: 0.0000461 seconds
[394.785s][info ][safepoint    ] Application time: 0.6447440 seconds
[394.785s][info ][safepoint    ] Entering safepoint region: GenCollectForAllocation
[394.786s][info ][gc,start     ] GC(301) Pause Young (Allocation Failure)
[394.786s][info ][gc,task      ] GC(301) Using 4 workers of 4 for evacuation
[394.788s][debug][gc,ref       ] GC(301) Skipped phase1 of Reference Processing due to unavailable references
[394.789s][debug][gc,ref       ] GC(301) Skipped phase2 of Reference Processing due to unavailable references
[394.789s][debug][gc,ref       ] GC(301) Skipped phase3 of Reference Processing due to unavailable references
[394.789s][debug][gc,ref       ] GC(301) Skipped phase4 of Reference Processing due to unavailable references
[394.789s][debug][gc,age       ] GC(301) Desired survivor size 15400960 bytes, new threshold 6 (max threshold 6)
[394.789s][info ][gc,heap      ] GC(301) ParNew: 242927K->2223K(270976K)
[394.789s][info ][gc,heap      ] GC(301) CMS: 279020K->279149K(602112K)
[394.789s][info ][gc,metaspace ] GC(301) Metaspace: 61317K->61317K(1105920K)
[394.789s][info ][gc           ] GC(301) Pause Young (Allocation Failure) 509M->274M(852M) 3.143ms
[394.789s][info ][gc,cpu       ] GC(301) User=0.02s Sys=0.00s Real=0.00s
[394.789s][info ][safepoint    ] Leaving safepoint region
[394.789s][info ][safepoint    ] Total time for which application threads were stopped: 0.0033061 seconds, Stopping threads took: 0.0000202 seconds
[395.790s][info ][safepoint    ] Application time: 1.0007473 seconds
[395.790s][info ][safepoint    ] Entering safepoint region: Cleanup
[395.790s][info ][safepoint    ] Leaving safepoint region
[395.790s][info ][safepoint    ] Total time for which application threads were stopped: 0.0002030 seconds, Stopping threads took: 0.0001220 seconds
[396.790s][info ][safepoint    ] Application time: 1.0003443 seconds
[396.790s][info ][safepoint    ] Entering safepoint region: Cleanup
[396.790s][info ][safepoint    ] Leaving safepoint region
[396.790s][info ][safepoint    ] Total time for which application threads were stopped: 0.0001389 seconds, Stopping threads took: 0.0000708 seconds
[398.791s][info ][safepoint    ] Application time: 2.0001893 seconds
[398.791s][info ][safepoint    ] Entering safepoint region: Cleanup
[398.791s][info ][safepoint    ] Leaving safepoint region
[398.791s][info ][safepoint    ] Total time for which application threads were stopped: 0.0001359 seconds, Stopping threads took: 0.0000577 seconds
[399.791s][info ][safepoint    ] Application time: 1.0000885 seconds
[399.791s][info ][safepoint    ] Entering safepoint region: Cleanup
[399.791s][info ][safepoint    ] Leaving safepoint region
[399.791s][info ][safepoint    ] Total time for which application threads were stopped: 0.0001259 seconds, Stopping threads took: 0.0000530 seconds
[400.339s][info ][safepoint    ] Application time: 0.5485265 seconds
[400.340s][info ][safepoint    ] Entering safepoint region: GenCollectForAllocation
[400.340s][info ][gc,start     ] GC(302) Pause Young (Allocation Failure)
[400.340s][info ][gc,task      ] GC(302) Using 4 workers of 4 for evacuation
[400.343s][debug][gc,ref       ] GC(302) Skipped phase1 of Reference Processing due to unavailable references
[400.343s][debug][gc,ref       ] GC(302) Skipped phase2 of Reference Processing due to unavailable references
[400.343s][debug][gc,ref       ] GC(302) Skipped phase3 of Reference Processing due to unavailable references
[400.343s][debug][gc,ref       ] GC(302) Skipped phase4 of Reference Processing due to unavailable references
[400.343s][debug][gc,age       ] GC(302) Desired survivor size 15400960 bytes, new threshold 6 (max threshold 6)
[400.343s][info ][gc,heap      ] GC(302) ParNew: 243119K->2056K(270976K)
[400.343s][info ][gc,heap      ] GC(302) CMS: 279149K->279247K(602112K)
[400.343s][info ][gc,metaspace ] GC(302) Metaspace: 61325K->61325K(1105920K)
[400.343s][info ][gc           ] GC(302) Pause Young (Allocation Failure) 510M->274M(852M) 3.053ms
[400.343s][info ][gc,cpu       ] GC(302) User=0.01s Sys=0.00s Real=0.00s
[400.343s][info ][safepoint    ] Leaving safepoint region
[400.343s][info ][safepoint    ] Total time for which application threads were stopped: 0.0037542 seconds, Stopping threads took: 0.0005355 seconds
[405.988s][info ][safepoint    ] Application time: 5.6451770 seconds
[405.989s][info ][safepoint    ] Entering safepoint region: GenCollectForAllocation
[405.989s][info ][gc,start     ] GC(303) Pause Young (Allocation Failure)
[405.989s][info ][gc,task      ] GC(303) Using 4 workers of 4 for evacuation
[405.993s][debug][gc,ref       ] GC(303) Skipped phase1 of Reference Processing due to unavailable references
[405.993s][debug][gc,ref       ] GC(303) Skipped phase2 of Reference Processing due to unavailable references
[405.993s][debug][gc,ref       ] GC(303) Skipped phase3 of Reference Processing due to unavailable references
[405.993s][debug][gc,ref       ] GC(303) Skipped phase4 of Reference Processing due to unavailable references
[405.993s][debug][gc,age       ] GC(303) Desired survivor size 15400960 bytes, new threshold 6 (max threshold 6)
[405.993s][info ][gc,heap      ] GC(303) ParNew: 242952K->1974K(270976K)
[405.993s][info ][gc,heap      ] GC(303) CMS: 279247K->279363K(602112K)
[405.993s][info ][gc,metaspace ] GC(303) Metaspace: 61335K->61335K(1105920K)
[405.993s][info ][gc           ] GC(303) Pause Young (Allocation Failure) 509M->274M(852M) 4.577ms
[405.993s][info ][gc,cpu       ] GC(303) User=0.02s Sys=0.00s Real=0.00s
[405.993s][info ][safepoint    ] Leaving safepoint region
[405.993s][info ][safepoint    ] Total time for which application threads were stopped: 0.0048977 seconds, Stopping threads took: 0.0000837 seconds
[411.688s][info ][safepoint    ] Application time: 5.6950557 seconds
[411.688s][info ][safepoint    ] Entering safepoint region: GenCollectForAllocation
[411.689s][info ][gc,start     ] GC(304) Pause Young (Allocation Failure)
[411.689s][info ][gc,task      ] GC(304) Using 4 workers of 4 for evacuation
[411.691s][debug][gc,ref       ] GC(304) Skipped phase1 of Reference Processing due to unavailable references
[411.691s][debug][gc,ref       ] GC(304) Skipped phase2 of Reference Processing due to unavailable references
[411.691s][debug][gc,ref       ] GC(304) Skipped phase3 of Reference Processing due to unavailable references
[411.691s][debug][gc,ref       ] GC(304) Skipped phase4 of Reference Processing due to unavailable references
[411.691s][debug][gc,age       ] GC(304) Desired survivor size 15400960 bytes, new threshold 6 (max threshold 6)
[411.692s][info ][gc,heap      ] GC(304) ParNew: 242870K->1575K(270976K)
[411.692s][info ][gc,heap      ] GC(304) CMS: 279363K->279765K(602112K)
[411.692s][info ][gc,metaspace ] GC(304) Metaspace: 61341K->61341K(1105920K)
[411.692s][info ][gc           ] GC(304) Pause Young (Allocation Failure) 509M->274M(852M) 2.923ms
[411.692s][info ][gc,cpu       ] GC(304) User=0.01s Sys=0.00s Real=0.00s
[411.692s][info ][safepoint    ] Leaving safepoint region
[411.692s][info ][safepoint    ] Total time for which application threads were stopped: 0.0031096 seconds, Stopping threads took: 0.0000333 seconds
[412.692s][info ][safepoint    ] Application time: 1.0001007 seconds
[412.692s][info ][safepoint    ] Entering safepoint region: Cleanup
[412.692s][info ][safepoint    ] Leaving safepoint region
[412.692s][info ][safepoint    ] Total time for which application threads were stopped: 0.0002082 seconds, Stopping threads took: 0.0000897 seconds
[413.692s][info ][safepoint    ] Application time: 1.0000934 seconds
[413.692s][info ][safepoint    ] Entering safepoint region: Cleanup
[413.692s][info ][safepoint    ] Leaving safepoint region
[413.692s][info ][safepoint    ] Total time for which application threads were stopped: 0.0001253 seconds, Stopping threads took: 0.0000589 seconds
[415.692s][info ][safepoint    ] Application time: 2.0001836 seconds
[415.692s][info ][safepoint    ] Entering safepoint region: Cleanup
[415.693s][info ][safepoint    ] Leaving safepoint region
[415.693s][info ][safepoint    ] Total time for which application threads were stopped: 0.0001941 seconds, Stopping threads took: 0.0000700 seconds
[417.440s][info ][safepoint    ] Application time: 1.7469194 seconds
[417.440s][info ][safepoint    ] Entering safepoint region: GenCollectForAllocation
[417.440s][info ][gc,start     ] GC(305) Pause Young (Allocation Failure)
[417.440s][info ][gc,task      ] GC(305) Using 4 workers of 4 for evacuation
[417.443s][debug][gc,ref       ] GC(305) Skipped phase1 of Reference Processing due to unavailable references
[417.443s][debug][gc,ref       ] GC(305) Skipped phase2 of Reference Processing due to unavailable references
[417.443s][debug][gc,ref       ] GC(305) Skipped phase3 of Reference Processing due to unavailable references
[417.443s][debug][gc,ref       ] GC(305) Skipped phase4 of Reference Processing due to unavailable references
[417.443s][debug][gc,age       ] GC(305) Desired survivor size 15400960 bytes, new threshold 6 (max threshold 6)
[417.443s][info ][gc,heap      ] GC(305) ParNew: 242471K->1251K(270976K)
[417.444s][info ][gc,heap      ] GC(305) CMS: 279765K->279898K(602112K)
[417.444s][info ][gc,metaspace ] GC(305) Metaspace: 61344K->61344K(1105920K)
[417.444s][info ][gc           ] GC(305) Pause Young (Allocation Failure) 509M->274M(852M) 3.767ms
[417.444s][info ][gc,cpu       ] GC(305) User=0.01s Sys=0.00s Real=0.00s
[417.444s][info ][safepoint    ] Leaving safepoint region
[417.444s][info ][safepoint    ] Total time for which application threads were stopped: 0.0039881 seconds, Stopping threads took: 0.0000264 seconds
[422.444s][info ][safepoint    ] Application time: 5.0004282 seconds
[422.444s][info ][safepoint    ] Entering safepoint region: Cleanup
[422.444s][info ][safepoint    ] Leaving safepoint region
[422.444s][info ][safepoint    ] Total time for which application threads were stopped: 0.0000993 seconds, Stopping threads took: 0.0000192 seconds
[423.086s][info ][safepoint    ] Application time: 0.6421006 seconds
[423.086s][info ][safepoint    ] Entering safepoint region: GenCollectForAllocation
[423.086s][info ][gc,start     ] GC(306) Pause Young (Allocation Failure)
[423.087s][info ][gc,task      ] GC(306) Using 4 workers of 4 for evacuation
[423.090s][debug][gc,ref       ] GC(306) Skipped phase1 of Reference Processing due to unavailable references
[423.090s][debug][gc,ref       ] GC(306) Skipped phase2 of Reference Processing due to unavailable references
[423.090s][debug][gc,ref       ] GC(306) Skipped phase3 of Reference Processing due to unavailable references
[423.090s][debug][gc,ref       ] GC(306) Skipped phase4 of Reference Processing due to unavailable references
[423.090s][debug][gc,age       ] GC(306) Desired survivor size 15400960 bytes, new threshold 6 (max threshold 6)
[423.090s][info ][gc,heap      ] GC(306) ParNew: 242147K->1020K(270976K)
[423.090s][info ][gc,heap      ] GC(306) CMS: 279898K->280316K(602112K)
[423.090s][info ][gc,metaspace ] GC(306) Metaspace: 61344K->61344K(1105920K)
[423.090s][info ][gc           ] GC(306) Pause Young (Allocation Failure) 509M->274M(852M) 3.663ms
[423.090s][info ][gc,cpu       ] GC(306) User=0.01s Sys=0.00s Real=0.00s
[423.090s][info ][safepoint    ] Leaving safepoint region
[423.090s][info ][safepoint    ] Total time for which application threads were stopped: 0.0038345 seconds, Stopping threads took: 0.0000174 seconds
[425.090s][info ][safepoint    ] Application time: 2.0001798 seconds
[425.090s][info ][safepoint    ] Entering safepoint region: Cleanup
[425.090s][info ][safepoint    ] Leaving safepoint region
[425.091s][info ][safepoint    ] Total time for which application threads were stopped: 0.0001640 seconds, Stopping threads took: 0.0000713 seconds
[428.091s][info ][safepoint    ] Application time: 3.0002950 seconds
[428.091s][info ][safepoint    ] Entering safepoint region: Cleanup
[428.091s][info ][safepoint    ] Leaving safepoint region
[428.091s][info ][safepoint    ] Total time for which application threads were stopped: 0.0001163 seconds, Stopping threads took: 0.0000438 seconds
[428.745s][info ][safepoint    ] Application time: 0.6540417 seconds
[428.745s][info ][safepoint    ] Entering safepoint region: GenCollectForAllocation
[428.745s][info ][gc,start     ] GC(307) Pause Young (Allocation Failure)
[428.745s][info ][gc,task      ] GC(307) Using 4 workers of 4 for evacuation
[428.748s][debug][gc,ref       ] GC(307) Skipped phase1 of Reference Processing due to unavailable references
[428.748s][debug][gc,ref       ] GC(307) Skipped phase2 of Reference Processing due to unavailable references
[428.748s][debug][gc,ref       ] GC(307) Skipped phase3 of Reference Processing due to unavailable references
[428.748s][debug][gc,ref       ] GC(307) Skipped phase4 of Reference Processing due to unavailable references
[428.748s][debug][gc,age       ] GC(307) Desired survivor size 15400960 bytes, new threshold 6 (max threshold 6)
[428.748s][info ][gc,heap      ] GC(307) ParNew: 241916K->1303K(270976K)
[428.748s][info ][gc,heap      ] GC(307) CMS: 280316K->280437K(602112K)
[428.748s][info ][gc,metaspace ] GC(307) Metaspace: 61345K->61345K(1105920K)
[428.748s][info ][gc           ] GC(307) Pause Young (Allocation Failure) 509M->275M(852M) 2.740ms
[428.748s][info ][gc,cpu       ] GC(307) User=0.01s Sys=0.00s Real=0.00s
[428.748s][info ][safepoint    ] Leaving safepoint region
[428.748s][info ][safepoint    ] Total time for which application threads were stopped: 0.0028888 seconds, Stopping threads took: 0.0000185 seconds
[430.748s][info ][safepoint    ] Application time: 2.0001639 seconds
[430.748s][info ][safepoint    ] Entering safepoint region: Cleanup
[430.748s][info ][safepoint    ] Leaving safepoint region
[430.748s][info ][safepoint    ] Total time for which application threads were stopped: 0.0000999 seconds, Stopping threads took: 0.0000192 seconds
[433.749s][info ][safepoint    ] Application time: 3.0002483 seconds
[433.749s][info ][safepoint    ] Entering safepoint region: Cleanup
[433.749s][info ][safepoint    ] Leaving safepoint region
[433.749s][info ][safepoint    ] Total time for which application threads were stopped: 0.0000784 seconds, Stopping threads took: 0.0000193 seconds
[434.390s][info ][safepoint    ] Application time: 0.6416781 seconds
[434.390s][info ][safepoint    ] Entering safepoint region: GenCollectForAllocation
[434.390s][info ][gc,start     ] GC(308) Pause Young (Allocation Failure)
[434.390s][info ][gc,task      ] GC(308) Using 4 workers of 4 for evacuation
[434.396s][debug][gc,ref       ] GC(308) Skipped phase1 of Reference Processing due to unavailable references
[434.396s][debug][gc,ref       ] GC(308) Skipped phase2 of Reference Processing due to unavailable references
[434.396s][debug][gc,ref       ] GC(308) Skipped phase3 of Reference Processing due to unavailable references
[434.396s][debug][gc,ref       ] GC(308) Skipped phase4 of Reference Processing due to unavailable references
[434.397s][debug][gc,age       ] GC(308) Desired survivor size 15400960 bytes, new threshold 6 (max threshold 6)
[434.397s][info ][gc,heap      ] GC(308) ParNew: 242199K->1116K(270976K)
[434.397s][info ][gc,heap      ] GC(308) CMS: 280437K->280542K(602112K)
[434.397s][info ][gc,metaspace ] GC(308) Metaspace: 61345K->61345K(1105920K)
[434.397s][info ][gc           ] GC(308) Pause Young (Allocation Failure) 510M->275M(852M) 6.183ms
[434.397s][info ][gc,cpu       ] GC(308) User=0.01s Sys=0.00s Real=0.01s
[434.397s][info ][safepoint    ] Leaving safepoint region
[434.397s][info ][safepoint    ] Total time for which application threads were stopped: 0.0063434 seconds, Stopping threads took: 0.0000187 seconds
[435.397s][info ][safepoint    ] Application time: 1.0001032 seconds
[435.397s][info ][safepoint    ] Entering safepoint region: Cleanup
[435.397s][info ][safepoint    ] Leaving safepoint region
[435.397s][info ][safepoint    ] Total time for which application threads were stopped: 0.0000807 seconds, Stopping threads took: 0.0000189 seconds
[436.397s][info ][safepoint    ] Application time: 1.0001182 seconds
[436.397s][info ][safepoint    ] Entering safepoint region: Cleanup
[436.397s][info ][safepoint    ] Leaving safepoint region
[436.397s][info ][safepoint    ] Total time for which application threads were stopped: 0.0000762 seconds, Stopping threads took: 0.0000184 seconds
[437.397s][info ][safepoint    ] Application time: 1.0000796 seconds
[437.397s][info ][safepoint    ] Entering safepoint region: Cleanup
[437.397s][info ][safepoint    ] Leaving safepoint region
[437.397s][info ][safepoint    ] Total time for which application threads were stopped: 0.0000813 seconds, Stopping threads took: 0.0000184 seconds
[439.986s][info ][safepoint    ] Application time: 2.5883313 seconds
[439.986s][info ][safepoint    ] Entering safepoint region: GenCollectForAllocation
[439.986s][info ][gc,start     ] GC(309) Pause Young (Allocation Failure)
[439.986s][info ][gc,task      ] GC(309) Using 4 workers of 4 for evacuation
[439.988s][debug][gc,ref       ] GC(309) Skipped phase1 of Reference Processing due to unavailable references
[439.988s][debug][gc,ref       ] GC(309) Skipped phase2 of Reference Processing due to unavailable references
[439.988s][debug][gc,ref       ] GC(309) Skipped phase3 of Reference Processing due to unavailable references
[439.988s][debug][gc,ref       ] GC(309) Skipped phase4 of Reference Processing due to unavailable references
[439.988s][debug][gc,age       ] GC(309) Desired survivor size 15400960 bytes, new threshold 6 (max threshold 6)
[439.988s][info ][gc,heap      ] GC(309) ParNew: 242012K->1594K(270976K)
[439.988s][info ][gc,heap      ] GC(309) CMS: 280542K->280631K(602112K)
[439.988s][info ][gc,metaspace ] GC(309) Metaspace: 61345K->61345K(1105920K)
[439.988s][info ][gc           ] GC(309) Pause Young (Allocation Failure) 510M->275M(852M) 2.528ms
[439.988s][info ][gc,cpu       ] GC(309) User=0.01s Sys=0.00s Real=0.00s
[439.988s][info ][safepoint    ] Leaving safepoint region
[439.988s][info ][safepoint    ] Total time for which application threads were stopped: 0.0027247 seconds, Stopping threads took: 0.0000527 seconds
[441.989s][info ][safepoint    ] Application time: 2.0001707 seconds
[441.989s][info ][safepoint    ] Entering safepoint region: Cleanup
[441.989s][info ][safepoint    ] Leaving safepoint region
[441.989s][info ][safepoint    ] Total time for which application threads were stopped: 0.0001365 seconds, Stopping threads took: 0.0000462 seconds
[442.989s][info ][safepoint    ] Application time: 1.0000917 seconds
[442.989s][info ][safepoint    ] Entering safepoint region: Cleanup
[442.989s][info ][safepoint    ] Leaving safepoint region
[442.989s][info ][safepoint    ] Total time for which application threads were stopped: 0.0001233 seconds, Stopping threads took: 0.0000534 seconds
[444.989s][info ][safepoint    ] Application time: 2.0001720 seconds
[444.989s][info ][safepoint    ] Entering safepoint region: Cleanup
[444.989s][info ][safepoint    ] Leaving safepoint region
[444.989s][info ][safepoint    ] Total time for which application threads were stopped: 0.0001261 seconds, Stopping threads took: 0.0000482 seconds
[445.586s][info ][safepoint    ] Application time: 0.5961193 seconds
[445.586s][info ][safepoint    ] Entering safepoint region: GenCollectForAllocation
[445.586s][info ][gc,start     ] GC(310) Pause Young (Allocation Failure)
[445.586s][info ][gc,task      ] GC(310) Using 4 workers of 4 for evacuation
[445.588s][debug][gc,ref       ] GC(310) Skipped phase1 of Reference Processing due to unavailable references
[445.589s][debug][gc,ref       ] GC(310) Skipped phase2 of Reference Processing due to unavailable references
[445.589s][debug][gc,ref       ] GC(310) Skipped phase3 of Reference Processing due to unavailable references
[445.589s][debug][gc,ref       ] GC(310) Skipped phase4 of Reference Processing due to unavailable references
[445.589s][debug][gc,age       ] GC(310) Desired survivor size 15400960 bytes, new threshold 6 (max threshold 6)
[445.589s][info ][gc,heap      ] GC(310) ParNew: 242490K->1755K(270976K)
[445.589s][info ][gc,heap      ] GC(310) CMS: 280631K->280755K(602112K)
[445.589s][info ][gc,metaspace ] GC(310) Metaspace: 61345K->61345K(1105920K)
[445.589s][info ][gc           ] GC(310) Pause Young (Allocation Failure) 510M->275M(852M) 3.436ms
[445.589s][info ][gc,cpu       ] GC(310) User=0.01s Sys=0.00s Real=0.00s
[445.589s][info ][safepoint    ] Leaving safepoint region
[445.589s][info ][safepoint    ] Total time for which application threads were stopped: 0.0036158 seconds, Stopping threads took: 0.0000438 seconds
[451.236s][info ][safepoint    ] Application time: 5.6463542 seconds
[451.236s][info ][safepoint    ] Entering safepoint region: GenCollectForAllocation
[451.236s][info ][gc,start     ] GC(311) Pause Young (Allocation Failure)
[451.236s][info ][gc,task      ] GC(311) Using 4 workers of 4 for evacuation
[451.238s][debug][gc,ref       ] GC(311) Skipped phase1 of Reference Processing due to unavailable references
[451.238s][debug][gc,ref       ] GC(311) Skipped phase2 of Reference Processing due to unavailable references
[451.238s][debug][gc,ref       ] GC(311) Skipped phase3 of Reference Processing due to unavailable references
[451.238s][debug][gc,ref       ] GC(311) Skipped phase4 of Reference Processing due to unavailable references
[451.238s][debug][gc,age       ] GC(311) Desired survivor size 15400960 bytes, new threshold 6 (max threshold 6)
[451.238s][info ][gc,heap      ] GC(311) ParNew: 242651K->1508K(270976K)
[451.238s][info ][gc,heap      ] GC(311) CMS: 280755K->280855K(602112K)
[451.238s][info ][gc,metaspace ] GC(311) Metaspace: 61345K->61345K(1105920K)
[451.238s][info ][gc           ] GC(311) Pause Young (Allocation Failure) 511M->275M(852M) 2.609ms
[451.238s][info ][gc,cpu       ] GC(311) User=0.01s Sys=0.00s Real=0.01s
[451.238s][info ][safepoint    ] Leaving safepoint region
[451.238s][info ][safepoint    ] Total time for which application threads were stopped: 0.0027962 seconds, Stopping threads took: 0.0000452 seconds
[452.238s][info ][safepoint    ] Application time: 1.0001256 seconds
[452.239s][info ][safepoint    ] Entering safepoint region: Cleanup
[452.239s][info ][safepoint    ] Leaving safepoint region
[452.239s][info ][safepoint    ] Total time for which application threads were stopped: 0.0002267 seconds, Stopping threads took: 0.0001385 seconds
[453.239s][info ][safepoint    ] Application time: 1.0000902 seconds
[453.239s][info ][safepoint    ] Entering safepoint region: Cleanup
[453.239s][info ][safepoint    ] Leaving safepoint region
[453.239s][info ][safepoint    ] Total time for which application threads were stopped: 0.0001325 seconds, Stopping threads took: 0.0000605 seconds
[454.239s][info ][safepoint    ] Application time: 1.0000894 seconds
[454.239s][info ][safepoint    ] Entering safepoint region: Cleanup
[454.239s][info ][safepoint    ] Leaving safepoint region
[454.239s][info ][safepoint    ] Total time for which application threads were stopped: 0.0001390 seconds, Stopping threads took: 0.0000661 seconds
[456.239s][info ][safepoint    ] Application time: 2.0001684 seconds
[456.240s][info ][safepoint    ] Entering safepoint region: Cleanup
[456.240s][info ][safepoint    ] Leaving safepoint region
[456.240s][info ][safepoint    ] Total time for which application threads were stopped: 0.0001428 seconds, Stopping threads took: 0.0000481 seconds
[456.987s][info ][safepoint    ] Application time: 0.7471764 seconds
[456.987s][info ][safepoint    ] Entering safepoint region: GenCollectForAllocation
[456.987s][info ][gc,start     ] GC(312) Pause Young (Allocation Failure)
[456.987s][info ][gc,task      ] GC(312) Using 4 workers of 4 for evacuation
[456.990s][debug][gc,ref       ] GC(312) Skipped phase1 of Reference Processing due to unavailable references
[456.990s][debug][gc,ref       ] GC(312) Skipped phase2 of Reference Processing due to unavailable references
[456.990s][debug][gc,ref       ] GC(312) Skipped phase3 of Reference Processing due to unavailable references
[456.990s][debug][gc,ref       ] GC(312) Skipped phase4 of Reference Processing due to unavailable references
[456.990s][debug][gc,age       ] GC(312) Desired survivor size 15400960 bytes, new threshold 6 (max threshold 6)
[456.990s][info ][gc,heap      ] GC(312) ParNew: 242404K->1558K(270976K)
[456.990s][info ][gc,heap      ] GC(312) CMS: 280855K->280968K(602112K)
[456.990s][info ][gc,metaspace ] GC(312) Metaspace: 61349K->61349K(1105920K)
[456.990s][info ][gc           ] GC(312) Pause Young (Allocation Failure) 510M->275M(852M) 3.206ms
[456.990s][info ][gc,cpu       ] GC(312) User=0.01s Sys=0.00s Real=0.00s
[456.990s][info ][safepoint    ] Leaving safepoint region
[456.990s][info ][safepoint    ] Total time for which application threads were stopped: 0.0033637 seconds, Stopping threads took: 0.0000210 seconds
[457.990s][info ][safepoint    ] Application time: 1.0001002 seconds
[457.990s][info ][safepoint    ] Entering safepoint region: Cleanup
[457.990s][info ][safepoint    ] Leaving safepoint region
[457.990s][info ][safepoint    ] Total time for which application threads were stopped: 0.0001138 seconds, Stopping threads took: 0.0000437 seconds
[462.741s][info ][safepoint    ] Application time: 4.7500734 seconds
[462.741s][info ][safepoint    ] Entering safepoint region: GenCollectForAllocation
[462.741s][info ][gc,start     ] GC(313) Pause Young (Allocation Failure)
[462.741s][info ][gc,task      ] GC(313) Using 4 workers of 4 for evacuation
[462.744s][debug][gc,ref       ] GC(313) Skipped phase1 of Reference Processing due to unavailable references
[462.744s][debug][gc,ref       ] GC(313) Skipped phase2 of Reference Processing due to unavailable references
[462.744s][debug][gc,ref       ] GC(313) Skipped phase3 of Reference Processing due to unavailable references
[462.744s][debug][gc,ref       ] GC(313) Skipped phase4 of Reference Processing due to unavailable references
[462.744s][debug][gc,age       ] GC(313) Desired survivor size 15400960 bytes, new threshold 6 (max threshold 6)
[462.744s][info ][gc,heap      ] GC(313) ParNew: 242454K->1280K(270976K)
[462.745s][info ][gc,heap      ] GC(313) CMS: 280968K->281161K(602112K)
[462.745s][info ][gc,metaspace ] GC(313) Metaspace: 61350K->61350K(1105920K)
[462.745s][info ][gc           ] GC(313) Pause Young (Allocation Failure) 511M->275M(852M) 3.639ms
[462.745s][info ][gc,cpu       ] GC(313) User=0.01s Sys=0.00s Real=0.01s
[462.745s][info ][safepoint    ] Leaving safepoint region
[462.745s][info ][safepoint    ] Total time for which application threads were stopped: 0.0039445 seconds, Stopping threads took: 0.0000667 seconds
[467.745s][info ][safepoint    ] Application time: 5.0004103 seconds
[467.745s][info ][safepoint    ] Entering safepoint region: Cleanup
[467.745s][info ][safepoint    ] Leaving safepoint region
[467.745s][info ][safepoint    ] Total time for which application threads were stopped: 0.0001956 seconds, Stopping threads took: 0.0000458 seconds
[468.391s][info ][safepoint    ] Application time: 0.6456249 seconds
[468.391s][info ][safepoint    ] Entering safepoint region: GenCollectForAllocation
[468.391s][info ][gc,start     ] GC(314) Pause Young (Allocation Failure)
[468.391s][info ][gc,task      ] GC(314) Using 4 workers of 4 for evacuation
[468.395s][debug][gc,ref       ] GC(314) Skipped phase1 of Reference Processing due to unavailable references
[468.395s][debug][gc,ref       ] GC(314) Skipped phase2 of Reference Processing due to unavailable references
[468.395s][debug][gc,ref       ] GC(314) Skipped phase3 of Reference Processing due to unavailable references
[468.395s][debug][gc,ref       ] GC(314) Skipped phase4 of Reference Processing due to unavailable references
[468.395s][debug][gc,age       ] GC(314) Desired survivor size 15400960 bytes, new threshold 6 (max threshold 6)
[468.395s][info ][gc,heap      ] GC(314) ParNew: 242176K->1481K(270976K)
[468.395s][info ][gc,heap      ] GC(314) CMS: 281161K->281241K(602112K)
[468.395s][info ][gc,metaspace ] GC(314) Metaspace: 61351K->61351K(1105920K)
[468.395s][info ][gc           ] GC(314) Pause Young (Allocation Failure) 511M->276M(852M) 3.831ms
[468.395s][info ][gc,cpu       ] GC(314) User=0.01s Sys=0.00s Real=0.00s
[468.395s][info ][safepoint    ] Leaving safepoint region
[468.395s][info ][safepoint    ] Total time for which application threads were stopped: 0.0040236 seconds, Stopping threads took: 0.0000362 seconds
[470.395s][info ][safepoint    ] Application time: 2.0001721 seconds
[470.395s][info ][safepoint    ] Entering safepoint region: Cleanup
[470.395s][info ][safepoint    ] Leaving safepoint region
[470.395s][info ][safepoint    ] Total time for which application threads were stopped: 0.0000821 seconds, Stopping threads took: 0.0000192 seconds
[471.395s][info ][safepoint    ] Application time: 1.0000918 seconds
[471.395s][info ][safepoint    ] Entering safepoint region: Cleanup
[471.395s][info ][safepoint    ] Leaving safepoint region
[471.395s][info ][safepoint    ] Total time for which application threads were stopped: 0.0000832 seconds, Stopping threads took: 0.0000195 seconds
[473.987s][info ][safepoint    ] Application time: 2.5917001 seconds
[473.987s][info ][safepoint    ] Entering safepoint region: GenCollectForAllocation
[473.987s][info ][gc,start     ] GC(315) Pause Young (Allocation Failure)
[473.987s][info ][gc,task      ] GC(315) Using 4 workers of 4 for evacuation
[473.992s][debug][gc,ref       ] GC(315) Skipped phase1 of Reference Processing due to unavailable references
[473.992s][debug][gc,ref       ] GC(315) Skipped phase2 of Reference Processing due to unavailable references
[473.992s][debug][gc,ref       ] GC(315) Skipped phase3 of Reference Processing due to unavailable references
[473.992s][debug][gc,ref       ] GC(315) Skipped phase4 of Reference Processing due to unavailable references
[473.992s][debug][gc,age       ] GC(315) Desired survivor size 15400960 bytes, new threshold 6 (max threshold 6)
[473.992s][info ][gc,heap      ] GC(315) ParNew: 242377K->974K(270976K)
[473.992s][info ][gc,heap      ] GC(315) CMS: 281241K->281562K(602112K)
[473.992s][info ][gc,metaspace ] GC(315) Metaspace: 61351K->61351K(1105920K)
[473.992s][info ][gc           ] GC(315) Pause Young (Allocation Failure) 511M->275M(852M) 5.112ms
[473.992s][info ][gc,cpu       ] GC(315) User=0.01s Sys=0.00s Real=0.00s
[473.992s][info ][safepoint    ] Leaving safepoint region
[473.992s][info ][safepoint    ] Total time for which application threads were stopped: 0.0052737 seconds, Stopping threads took: 0.0000204 seconds
[475.993s][info ][safepoint    ] Application time: 2.0001428 seconds
[475.993s][info ][safepoint    ] Entering safepoint region: Cleanup
[475.993s][info ][safepoint    ] Leaving safepoint region
[475.993s][info ][safepoint    ] Total time for which application threads were stopped: 0.0000804 seconds, Stopping threads took: 0.0000227 seconds
[477.993s][info ][safepoint    ] Application time: 2.0001746 seconds
[477.993s][info ][safepoint    ] Entering safepoint region: Cleanup
[477.993s][info ][safepoint    ] Leaving safepoint region
[477.993s][info ][safepoint    ] Total time for which application threads were stopped: 0.0000792 seconds, Stopping threads took: 0.0000191 seconds
[479.636s][info ][safepoint    ] Application time: 1.6434521 seconds
[479.636s][info ][safepoint    ] Entering safepoint region: GenCollectForAllocation
[479.637s][info ][gc,start     ] GC(316) Pause Young (Allocation Failure)
[479.637s][info ][gc,task      ] GC(316) Using 4 workers of 4 for evacuation
[479.639s][debug][gc,ref       ] GC(316) Skipped phase1 of Reference Processing due to unavailable references
[479.639s][debug][gc,ref       ] GC(316) Skipped phase2 of Reference Processing due to unavailable references
[479.639s][debug][gc,ref       ] GC(316) Skipped phase3 of Reference Processing due to unavailable references
[479.639s][debug][gc,ref       ] GC(316) Skipped phase4 of Reference Processing due to unavailable references
[479.639s][debug][gc,age       ] GC(316) Desired survivor size 15400960 bytes, new threshold 6 (max threshold 6)
[479.639s][info ][gc,heap      ] GC(316) ParNew: 241870K->1346K(270976K)
[479.639s][info ][gc,heap      ] GC(316) CMS: 281562K->281674K(602112K)
[479.640s][info ][gc,metaspace ] GC(316) Metaspace: 61351K->61351K(1105920K)
[479.640s][info ][gc           ] GC(316) Pause Young (Allocation Failure) 511M->276M(852M) 2.899ms
[479.640s][info ][gc,cpu       ] GC(316) User=0.01s Sys=0.00s Real=0.00s
[479.640s][info ][safepoint    ] Leaving safepoint region
[479.640s][info ][safepoint    ] Total time for which application threads were stopped: 0.0030666 seconds, Stopping threads took: 0.0000192 seconds
[485.141s][info ][safepoint    ] Application time: 5.5018964 seconds
[485.142s][info ][safepoint    ] Entering safepoint region: GenCollectForAllocation
[485.142s][info ][gc,start     ] GC(317) Pause Young (Allocation Failure)
[485.142s][info ][gc,task      ] GC(317) Using 4 workers of 4 for evacuation
[485.144s][debug][gc,ref       ] GC(317) Skipped phase1 of Reference Processing due to unavailable references
[485.144s][debug][gc,ref       ] GC(317) Skipped phase2 of Reference Processing due to unavailable references
[485.144s][debug][gc,ref       ] GC(317) Skipped phase3 of Reference Processing due to unavailable references
[485.144s][debug][gc,ref       ] GC(317) Skipped phase4 of Reference Processing due to unavailable references
[485.145s][debug][gc,age       ] GC(317) Desired survivor size 15400960 bytes, new threshold 6 (max threshold 6)
[485.145s][info ][gc,heap      ] GC(317) ParNew: 242242K->1348K(270976K)
[485.145s][info ][gc,heap      ] GC(317) CMS: 281674K->281827K(602112K)
[485.145s][info ][gc,metaspace ] GC(317) Metaspace: 61352K->61352K(1105920K)
[485.145s][info ][gc           ] GC(317) Pause Young (Allocation Failure) 511M->276M(852M) 3.057ms
[485.145s][info ][gc,cpu       ] GC(317) User=0.01s Sys=0.00s Real=0.01s
[485.145s][info ][safepoint    ] Leaving safepoint region
[485.145s][info ][safepoint    ] Total time for which application threads were stopped: 0.0032111 seconds, Stopping threads took: 0.0000200 seconds
[486.145s][info ][safepoint    ] Application time: 1.0000916 seconds
[486.145s][info ][safepoint    ] Entering safepoint region: Cleanup
[486.145s][info ][safepoint    ] Leaving safepoint region
[486.145s][info ][safepoint    ] Total time for which application threads were stopped: 0.0000824 seconds, Stopping threads took: 0.0000196 seconds
[490.145s][info ][safepoint    ] Application time: 4.0002779 seconds
[490.145s][info ][safepoint    ] Entering safepoint region: Cleanup
[490.145s][info ][safepoint    ] Leaving safepoint region
[490.145s][info ][safepoint    ] Total time for which application threads were stopped: 0.0000792 seconds, Stopping threads took: 0.0000191 seconds
[490.737s][info ][safepoint    ] Application time: 0.5913429 seconds
[490.737s][info ][safepoint    ] Entering safepoint region: GenCollectForAllocation
[490.737s][info ][gc,start     ] GC(318) Pause Young (Allocation Failure)
[490.737s][info ][gc,task      ] GC(318) Using 4 workers of 4 for evacuation
[490.739s][debug][gc,ref       ] GC(318) Skipped phase1 of Reference Processing due to unavailable references
[490.739s][debug][gc,ref       ] GC(318) Skipped phase2 of Reference Processing due to unavailable references
[490.739s][debug][gc,ref       ] GC(318) Skipped phase3 of Reference Processing due to unavailable references
[490.739s][debug][gc,ref       ] GC(318) Skipped phase4 of Reference Processing due to unavailable references
[490.740s][debug][gc,age       ] GC(318) Desired survivor size 15400960 bytes, new threshold 6 (max threshold 6)
[490.740s][info ][gc,heap      ] GC(318) ParNew: 242244K->1183K(270976K)
[490.740s][info ][gc,heap      ] GC(318) CMS: 281827K->281870K(602112K)
[490.740s][info ][gc,metaspace ] GC(318) Metaspace: 61359K->61359K(1105920K)
[490.740s][info ][gc           ] GC(318) Pause Young (Allocation Failure) 511M->276M(852M) 2.762ms
[490.740s][info ][gc,cpu       ] GC(318) User=0.01s Sys=0.00s Real=0.00s
[490.740s][info ][safepoint    ] Leaving safepoint region
[490.740s][info ][safepoint    ] Total time for which application threads were stopped: 0.0029358 seconds, Stopping threads took: 0.0000206 seconds
[496.289s][info ][safepoint    ] Application time: 5.5489421 seconds
[496.289s][info ][safepoint    ] Entering safepoint region: GenCollectForAllocation
[496.289s][info ][gc,start     ] GC(319) Pause Young (Allocation Failure)
[496.289s][info ][gc,task      ] GC(319) Using 4 workers of 4 for evacuation
[496.291s][debug][gc,ref       ] GC(319) Skipped phase1 of Reference Processing due to unavailable references
[496.291s][debug][gc,ref       ] GC(319) Skipped phase2 of Reference Processing due to unavailable references
[496.291s][debug][gc,ref       ] GC(319) Skipped phase3 of Reference Processing due to unavailable references
[496.291s][debug][gc,ref       ] GC(319) Skipped phase4 of Reference Processing due to unavailable references
[496.292s][debug][gc,age       ] GC(319) Desired survivor size 15400960 bytes, new threshold 6 (max threshold 6)
[496.292s][info ][gc,heap      ] GC(319) ParNew: 242079K->1163K(270976K)
[496.292s][info ][gc,heap      ] GC(319) CMS: 281870K->282000K(602112K)
[496.292s][info ][gc,metaspace ] GC(319) Metaspace: 61360K->61360K(1105920K)
[496.292s][info ][gc           ] GC(319) Pause Young (Allocation Failure) 511M->276M(852M) 3.478ms
[496.292s][info ][gc,cpu       ] GC(319) User=0.01s Sys=0.00s Real=0.00s
[496.293s][info ][safepoint    ] Leaving safepoint region
[496.293s][info ][safepoint    ] Total time for which application threads were stopped: 0.0040114 seconds, Stopping threads took: 0.0000359 seconds
[499.796s][info ][safepoint    ] Application time: 3.5032023 seconds
[499.796s][info ][safepoint    ] Entering safepoint region: RevokeBias
[499.796s][info ][safepoint    ] Leaving safepoint region
[499.796s][info ][safepoint    ] Total time for which application threads were stopped: 0.0000975 seconds, Stopping threads took: 0.0000185 seconds
[501.885s][info ][safepoint    ] Application time: 2.0886945 seconds
[501.885s][info ][safepoint    ] Entering safepoint region: GenCollectForAllocation
[501.885s][info ][gc,start     ] GC(320) Pause Young (Allocation Failure)
[501.885s][info ][gc,task      ] GC(320) Using 4 workers of 4 for evacuation
[501.888s][debug][gc,ref       ] GC(320) Skipped phase1 of Reference Processing due to unavailable references
[501.888s][debug][gc,ref       ] GC(320) Skipped phase2 of Reference Processing due to unavailable references
[501.888s][debug][gc,ref       ] GC(320) Skipped phase3 of Reference Processing due to unavailable references
[501.888s][debug][gc,ref       ] GC(320) Skipped phase4 of Reference Processing due to unavailable references
[501.889s][debug][gc,age       ] GC(320) Desired survivor size 15400960 bytes, new threshold 6 (max threshold 6)
[501.889s][info ][gc,heap      ] GC(320) ParNew: 242059K->994K(270976K)
[501.889s][info ][gc,heap      ] GC(320) CMS: 282000K->282198K(602112K)
[501.889s][info ][gc,metaspace ] GC(320) Metaspace: 61360K->61360K(1105920K)
[501.889s][info ][gc           ] GC(320) Pause Young (Allocation Failure) 511M->276M(852M) 3.803ms
[501.889s][info ][gc,cpu       ] GC(320) User=0.01s Sys=0.00s Real=0.00s
[501.889s][info ][safepoint    ] Leaving safepoint region
[501.889s][info ][safepoint    ] Total time for which application threads were stopped: 0.0039483 seconds, Stopping threads took: 0.0000193 seconds
[507.593s][info ][safepoint    ] Application time: 5.7042857 seconds
[507.593s][info ][safepoint    ] Entering safepoint region: GenCollectForAllocation
[507.593s][info ][gc,start     ] GC(321) Pause Young (Allocation Failure)
[507.593s][info ][gc,task      ] GC(321) Using 4 workers of 4 for evacuation
[507.596s][debug][gc,ref       ] GC(321) Skipped phase1 of Reference Processing due to unavailable references
[507.596s][debug][gc,ref       ] GC(321) Skipped phase2 of Reference Processing due to unavailable references
[507.596s][debug][gc,ref       ] GC(321) Skipped phase3 of Reference Processing due to unavailable references
[507.596s][debug][gc,ref       ] GC(321) Skipped phase4 of Reference Processing due to unavailable references
[507.596s][debug][gc,age       ] GC(321) Desired survivor size 15400960 bytes, new threshold 6 (max threshold 6)
[507.596s][info ][gc,heap      ] GC(321) ParNew: 241890K->1052K(270976K)
[507.596s][info ][gc,heap      ] GC(321) CMS: 282198K->282277K(602112K)
[507.596s][info ][gc,metaspace ] GC(321) Metaspace: 61360K->61360K(1105920K)
[507.596s][info ][gc           ] GC(321) Pause Young (Allocation Failure) 511M->276M(852M) 2.849ms
[507.596s][info ][gc,cpu       ] GC(321) User=0.01s Sys=0.00s Real=0.00s
[507.596s][info ][safepoint    ] Leaving safepoint region
[507.596s][info ][safepoint    ] Total time for which application threads were stopped: 0.0030510 seconds, Stopping threads took: 0.0000213 seconds
[508.596s][info ][safepoint    ] Application time: 1.0001020 seconds
[508.596s][info ][safepoint    ] Entering safepoint region: Cleanup
[508.596s][info ][safepoint    ] Leaving safepoint region
[508.596s][info ][safepoint    ] Total time for which application threads were stopped: 0.0001146 seconds, Stopping threads took: 0.0000183 seconds
[511.597s][info ][safepoint    ] Application time: 3.0003377 seconds
[511.597s][info ][safepoint    ] Entering safepoint region: Cleanup
[511.597s][info ][safepoint    ] Leaving safepoint region
[511.597s][info ][safepoint    ] Total time for which application threads were stopped: 0.0002725 seconds, Stopping threads took: 0.0000985 seconds
[513.285s][info ][safepoint    ] Application time: 1.6884014 seconds
[513.286s][info ][safepoint    ] Entering safepoint region: GenCollectForAllocation
[513.286s][info ][gc,start     ] GC(322) Pause Young (Allocation Failure)
[513.286s][info ][gc,task      ] GC(322) Using 4 workers of 4 for evacuation
[513.288s][debug][gc,ref       ] GC(322) Skipped phase1 of Reference Processing due to unavailable references
[513.288s][debug][gc,ref       ] GC(322) Skipped phase2 of Reference Processing due to unavailable references
[513.288s][debug][gc,ref       ] GC(322) Skipped phase3 of Reference Processing due to unavailable references
[513.288s][debug][gc,ref       ] GC(322) Skipped phase4 of Reference Processing due to unavailable references
[513.288s][debug][gc,age       ] GC(322) Desired survivor size 15400960 bytes, new threshold 6 (max threshold 6)
[513.288s][info ][gc,heap      ] GC(322) ParNew: 241948K->806K(270976K)
[513.288s][info ][gc,heap      ] GC(322) CMS: 282277K->282357K(602112K)
[513.288s][info ][gc,metaspace ] GC(322) Metaspace: 61360K->61360K(1105920K)
[513.288s][info ][gc           ] GC(322) Pause Young (Allocation Failure) 511M->276M(852M) 2.600ms
[513.288s][info ][gc,cpu       ] GC(322) User=0.01s Sys=0.00s Real=0.00s
[513.288s][info ][safepoint    ] Leaving safepoint region
[513.288s][info ][safepoint    ] Total time for which application threads were stopped: 0.0027659 seconds, Stopping threads took: 0.0000206 seconds
[518.289s][info ][safepoint    ] Application time: 5.0003592 seconds
[518.289s][info ][safepoint    ] Entering safepoint region: Cleanup
[518.289s][info ][safepoint    ] Leaving safepoint region
[518.289s][info ][safepoint    ] Total time for which application threads were stopped: 0.0001562 seconds, Stopping threads took: 0.0000674 seconds
[518.937s][info ][safepoint    ] Application time: 0.6485221 seconds
[518.937s][info ][safepoint    ] Entering safepoint region: GenCollectForAllocation
[518.937s][info ][gc,start     ] GC(323) Pause Young (Allocation Failure)
[518.938s][info ][gc,task      ] GC(323) Using 4 workers of 4 for evacuation
[518.940s][debug][gc,ref       ] GC(323) Skipped phase1 of Reference Processing due to unavailable references
[518.940s][debug][gc,ref       ] GC(323) Skipped phase2 of Reference Processing due to unavailable references
[518.940s][debug][gc,ref       ] GC(323) Skipped phase3 of Reference Processing due to unavailable references
[518.940s][debug][gc,ref       ] GC(323) Skipped phase4 of Reference Processing due to unavailable references
[518.940s][debug][gc,age       ] GC(323) Desired survivor size 15400960 bytes, new threshold 6 (max threshold 6)
[518.940s][info ][gc,heap      ] GC(323) ParNew: 241702K->1208K(270976K)
[518.940s][info ][gc,heap      ] GC(323) CMS: 282357K->282410K(602112K)
[518.940s][info ][gc,metaspace ] GC(323) Metaspace: 61360K->61360K(1105920K)
[518.940s][info ][gc           ] GC(323) Pause Young (Allocation Failure) 511M->276M(852M) 2.707ms
[518.940s][info ][gc,cpu       ] GC(323) User=0.01s Sys=0.00s Real=0.00s
[518.940s][info ][safepoint    ] Leaving safepoint region
[518.940s][info ][safepoint    ] Total time for which application threads were stopped: 0.0028549 seconds, Stopping threads took: 0.0000189 seconds
[524.690s][info ][safepoint    ] Application time: 5.7492906 seconds
[524.690s][info ][safepoint    ] Entering safepoint region: GenCollectForAllocation
[524.690s][info ][gc,start     ] GC(324) Pause Young (Allocation Failure)
[524.690s][info ][gc,task      ] GC(324) Using 4 workers of 4 for evacuation
[524.692s][debug][gc,ref       ] GC(324) Skipped phase1 of Reference Processing due to unavailable references
[524.692s][debug][gc,ref       ] GC(324) Skipped phase2 of Reference Processing due to unavailable references
[524.692s][debug][gc,ref       ] GC(324) Skipped phase3 of Reference Processing due to unavailable references
[524.692s][debug][gc,ref       ] GC(324) Skipped phase4 of Reference Processing due to unavailable references
[524.692s][debug][gc,age       ] GC(324) Desired survivor size 15400960 bytes, new threshold 6 (max threshold 6)
[524.692s][info ][gc,heap      ] GC(324) ParNew: 242104K->1231K(270976K)
[524.692s][info ][gc,heap      ] GC(324) CMS: 282410K->282479K(602112K)
[524.692s][info ][gc,metaspace ] GC(324) Metaspace: 61361K->61361K(1105920K)
[524.692s][info ][gc           ] GC(324) Pause Young (Allocation Failure) 512M->277M(852M) 2.672ms
[524.692s][info ][gc,cpu       ] GC(324) User=0.01s Sys=0.00s Real=0.00s
[524.692s][info ][safepoint    ] Leaving safepoint region
[524.692s][info ][safepoint    ] Total time for which application threads were stopped: 0.0028209 seconds, Stopping threads took: 0.0000180 seconds
[528.693s][info ][safepoint    ] Application time: 4.0003458 seconds
[528.693s][info ][safepoint    ] Entering safepoint region: Cleanup
[528.693s][info ][safepoint    ] Leaving safepoint region
[528.693s][info ][safepoint    ] Total time for which application threads were stopped: 0.0001748 seconds, Stopping threads took: 0.0000454 seconds
[529.693s][info ][safepoint    ] Application time: 1.0001532 seconds
[529.693s][info ][safepoint    ] Entering safepoint region: Cleanup
[529.693s][info ][safepoint    ] Leaving safepoint region
[529.693s][info ][safepoint    ] Total time for which application threads were stopped: 0.0001788 seconds, Stopping threads took: 0.0000528 seconds
[530.486s][info ][safepoint    ] Application time: 0.7928009 seconds
[530.486s][info ][safepoint    ] Entering safepoint region: GenCollectForAllocation
[530.486s][info ][gc,start     ] GC(325) Pause Young (Allocation Failure)
[530.486s][info ][gc,task      ] GC(325) Using 4 workers of 4 for evacuation
[530.490s][debug][gc,ref       ] GC(325) Skipped phase1 of Reference Processing due to unavailable references
[530.490s][debug][gc,ref       ] GC(325) Skipped phase2 of Reference Processing due to unavailable references
[530.490s][debug][gc,ref       ] GC(325) Skipped phase3 of Reference Processing due to unavailable references
[530.490s][debug][gc,ref       ] GC(325) Skipped phase4 of Reference Processing due to unavailable references
[530.490s][debug][gc,age       ] GC(325) Desired survivor size 15400960 bytes, new threshold 6 (max threshold 6)
[530.490s][info ][gc,heap      ] GC(325) ParNew: 242127K->1401K(270976K)
[530.490s][info ][gc,heap      ] GC(325) CMS: 282479K->282520K(602112K)
[530.490s][info ][gc,metaspace ] GC(325) Metaspace: 61361K->61361K(1105920K)
[530.490s][info ][gc           ] GC(325) Pause Young (Allocation Failure) 512M->277M(852M) 4.047ms
[530.490s][info ][gc,cpu       ] GC(325) User=0.01s Sys=0.01s Real=0.00s
[530.490s][info ][safepoint    ] Leaving safepoint region
[530.490s][info ][safepoint    ] Total time for which application threads were stopped: 0.0042741 seconds, Stopping threads took: 0.0000177 seconds
[534.491s][info ][safepoint    ] Application time: 4.0003292 seconds
[534.491s][info ][safepoint    ] Entering safepoint region: Cleanup
[534.491s][info ][safepoint    ] Leaving safepoint region
[534.491s][info ][safepoint    ] Total time for which application threads were stopped: 0.0001448 seconds, Stopping threads took: 0.0000671 seconds
[536.186s][info ][safepoint    ] Application time: 1.6947205 seconds
[536.186s][info ][safepoint    ] Entering safepoint region: GenCollectForAllocation
[536.186s][info ][gc,start     ] GC(326) Pause Young (Allocation Failure)
[536.186s][info ][gc,task      ] GC(326) Using 4 workers of 4 for evacuation
[536.188s][debug][gc,ref       ] GC(326) Skipped phase1 of Reference Processing due to unavailable references
[536.188s][debug][gc,ref       ] GC(326) Skipped phase2 of Reference Processing due to unavailable references
[536.188s][debug][gc,ref       ] GC(326) Skipped phase3 of Reference Processing due to unavailable references
[536.188s][debug][gc,ref       ] GC(326) Skipped phase4 of Reference Processing due to unavailable references
[536.188s][debug][gc,age       ] GC(326) Desired survivor size 15400960 bytes, new threshold 6 (max threshold 6)
[536.188s][info ][gc,heap      ] GC(326) ParNew: 242297K->1245K(270976K)
[536.188s][info ][gc,heap      ] GC(326) CMS: 282520K->282596K(602112K)
[536.188s][info ][gc,metaspace ] GC(326) Metaspace: 61364K->61364K(1105920K)
[536.188s][info ][gc           ] GC(326) Pause Young (Allocation Failure) 512M->277M(852M) 2.549ms
[536.188s][info ][gc,cpu       ] GC(326) User=0.01s Sys=0.00s Real=0.00s
[536.188s][info ][safepoint    ] Leaving safepoint region
[536.188s][info ][safepoint    ] Total time for which application threads were stopped: 0.0027505 seconds, Stopping threads took: 0.0000450 seconds
[537.189s][info ][safepoint    ] Application time: 1.0000981 seconds
[537.189s][info ][safepoint    ] Entering safepoint region: Cleanup
[537.189s][info ][safepoint    ] Leaving safepoint region
[537.189s][info ][safepoint    ] Total time for which application threads were stopped: 0.0001732 seconds, Stopping threads took: 0.0000906 seconds
[539.189s][info ][safepoint    ] Application time: 2.0002072 seconds
[539.189s][info ][safepoint    ] Entering safepoint region: Cleanup
[539.189s][info ][safepoint    ] Leaving safepoint region
[539.189s][info ][safepoint    ] Total time for which application threads were stopped: 0.0001353 seconds, Stopping threads took: 0.0000480 seconds
[540.189s][info ][safepoint    ] Application time: 1.0000984 seconds
[540.189s][info ][safepoint    ] Entering safepoint region: Cleanup
[540.189s][info ][safepoint    ] Leaving safepoint region
[540.189s][info ][safepoint    ] Total time for which application threads were stopped: 0.0001635 seconds, Stopping threads took: 0.0000864 seconds
[541.836s][info ][safepoint    ] Application time: 1.6460305 seconds
[541.836s][info ][safepoint    ] Entering safepoint region: GenCollectForAllocation
[541.836s][info ][gc,start     ] GC(327) Pause Young (Allocation Failure)
[541.836s][info ][gc,task      ] GC(327) Using 4 workers of 4 for evacuation
[541.838s][debug][gc,ref       ] GC(327) Skipped phase1 of Reference Processing due to unavailable references
[541.838s][debug][gc,ref       ] GC(327) Skipped phase2 of Reference Processing due to unavailable references
[541.838s][debug][gc,ref       ] GC(327) Skipped phase3 of Reference Processing due to unavailable references
[541.838s][debug][gc,ref       ] GC(327) Skipped phase4 of Reference Processing due to unavailable references
[541.838s][debug][gc,age       ] GC(327) Desired survivor size 15400960 bytes, new threshold 6 (max threshold 6)
[541.838s][info ][gc,heap      ] GC(327) ParNew: 242141K->1244K(270976K)
[541.838s][info ][gc,heap      ] GC(327) CMS: 282596K->282664K(602112K)
[541.838s][info ][gc,metaspace ] GC(327) Metaspace: 61364K->61364K(1105920K)
[541.838s][info ][gc           ] GC(327) Pause Young (Allocation Failure) 512M->277M(852M) 2.710ms
[541.838s][info ][gc,cpu       ] GC(327) User=0.01s Sys=0.00s Real=0.01s
[541.838s][info ][safepoint    ] Leaving safepoint region
[541.838s][info ][safepoint    ] Total time for which application threads were stopped: 0.0029008 seconds, Stopping threads took: 0.0000525 seconds
[544.839s][info ][safepoint    ] Application time: 3.0002550 seconds
[544.839s][info ][safepoint    ] Entering safepoint region: Cleanup
[544.839s][info ][safepoint    ] Leaving safepoint region
[544.839s][info ][safepoint    ] Total time for which application threads were stopped: 0.0001558 seconds, Stopping threads took: 0.0000430 seconds
[547.486s][info ][safepoint    ] Application time: 2.6473127 seconds
[547.486s][info ][safepoint    ] Entering safepoint region: GenCollectForAllocation
[547.486s][info ][gc,start     ] GC(328) Pause Young (Allocation Failure)
[547.486s][info ][gc,task      ] GC(328) Using 4 workers of 4 for evacuation
[547.489s][debug][gc,ref       ] GC(328) Skipped phase1 of Reference Processing due to unavailable references
[547.489s][debug][gc,ref       ] GC(328) Skipped phase2 of Reference Processing due to unavailable references
[547.489s][debug][gc,ref       ] GC(328) Skipped phase3 of Reference Processing due to unavailable references
[547.489s][debug][gc,ref       ] GC(328) Skipped phase4 of Reference Processing due to unavailable references
[547.489s][debug][gc,age       ] GC(328) Desired survivor size 15400960 bytes, new threshold 6 (max threshold 6)
[547.489s][info ][gc,heap      ] GC(328) ParNew: 242140K->1208K(270976K)
[547.489s][info ][gc,heap      ] GC(328) CMS: 282664K->282783K(602112K)
[547.489s][info ][gc,metaspace ] GC(328) Metaspace: 61365K->61365K(1105920K)
[547.489s][info ][gc           ] GC(328) Pause Young (Allocation Failure) 512M->277M(852M) 2.603ms
[547.489s][info ][gc,cpu       ] GC(328) User=0.01s Sys=0.00s Real=0.00s
[547.489s][info ][safepoint    ] Leaving safepoint region
[547.489s][info ][safepoint    ] Total time for which application threads were stopped: 0.0027803 seconds, Stopping threads took: 0.0000304 seconds
[548.489s][info ][safepoint    ] Application time: 1.0001060 seconds
[548.489s][info ][safepoint    ] Entering safepoint region: Cleanup
[548.489s][info ][safepoint    ] Leaving safepoint region
[548.489s][info ][safepoint    ] Total time for which application threads were stopped: 0.0001677 seconds, Stopping threads took: 0.0000623 seconds
[552.991s][info ][safepoint    ] Application time: 4.5019258 seconds
[552.991s][info ][safepoint    ] Entering safepoint region: GenCollectForAllocation
[552.991s][info ][gc,start     ] GC(329) Pause Young (Allocation Failure)
[552.992s][info ][gc,task      ] GC(329) Using 4 workers of 4 for evacuation
[553.000s][debug][gc,ref       ] GC(329) Skipped phase1 of Reference Processing due to unavailable references
[553.000s][debug][gc,ref       ] GC(329) Skipped phase2 of Reference Processing due to unavailable references
[553.000s][debug][gc,ref       ] GC(329) Skipped phase3 of Reference Processing due to unavailable references
[553.000s][debug][gc,ref       ] GC(329) Skipped phase4 of Reference Processing due to unavailable references
[553.001s][debug][gc,age       ] GC(329) Desired survivor size 15400960 bytes, new threshold 6 (max threshold 6)
[553.001s][info ][gc,heap      ] GC(329) ParNew: 242104K->1437K(270976K)
[553.001s][info ][gc,heap      ] GC(329) CMS: 282783K->282895K(602112K)
[553.001s][info ][gc,metaspace ] GC(329) Metaspace: 61366K->61366K(1105920K)
[553.001s][info ][gc           ] GC(329) Pause Young (Allocation Failure) 512M->277M(852M) 9.119ms
[553.001s][info ][gc,cpu       ] GC(329) User=0.00s Sys=0.00s Real=0.01s
[553.001s][info ][safepoint    ] Leaving safepoint region
[553.001s][info ][safepoint    ] Total time for which application threads were stopped: 0.0093484 seconds, Stopping threads took: 0.0000258 seconds
[554.001s][info ][safepoint    ] Application time: 1.0000915 seconds
[554.001s][info ][safepoint    ] Entering safepoint region: Cleanup
[554.001s][info ][safepoint    ] Leaving safepoint region
[554.001s][info ][safepoint    ] Total time for which application threads were stopped: 0.0001492 seconds, Stopping threads took: 0.0000287 seconds
[558.637s][info ][safepoint    ] Application time: 4.6362115 seconds
[558.637s][info ][safepoint    ] Entering safepoint region: GenCollectForAllocation
[558.637s][info ][gc,start     ] GC(330) Pause Young (Allocation Failure)
[558.638s][info ][gc,task      ] GC(330) Using 4 workers of 4 for evacuation
[558.642s][debug][gc,ref       ] GC(330) Skipped phase1 of Reference Processing due to unavailable references
[558.642s][debug][gc,ref       ] GC(330) Skipped phase2 of Reference Processing due to unavailable references
[558.642s][debug][gc,ref       ] GC(330) Skipped phase3 of Reference Processing due to unavailable references
[558.642s][debug][gc,ref       ] GC(330) Skipped phase4 of Reference Processing due to unavailable references
[558.642s][debug][gc,age       ] GC(330) Desired survivor size 15400960 bytes, new threshold 6 (max threshold 6)
[558.642s][info ][gc,heap      ] GC(330) ParNew: 242333K->1648K(270976K)
[558.642s][info ][gc,heap      ] GC(330) CMS: 282895K->283032K(602112K)
[558.642s][info ][gc,metaspace ] GC(330) Metaspace: 61371K->61371K(1105920K)
[558.642s][info ][gc           ] GC(330) Pause Young (Allocation Failure) 512M->278M(852M) 4.489ms
[558.642s][info ][gc,cpu       ] GC(330) User=0.02s Sys=0.00s Real=0.00s
[558.642s][info ][safepoint    ] Leaving safepoint region
[558.642s][info ][safepoint    ] Total time for which application threads were stopped: 0.0047612 seconds, Stopping threads took: 0.0000255 seconds
[563.642s][info ][safepoint    ] Application time: 5.0004575 seconds
[563.643s][info ][safepoint    ] Entering safepoint region: Cleanup
[563.643s][info ][safepoint    ] Leaving safepoint region
[563.643s][info ][safepoint    ] Total time for which application threads were stopped: 0.0002123 seconds, Stopping threads took: 0.0000413 seconds
[564.241s][info ][safepoint    ] Application time: 0.5978652 seconds
[564.241s][info ][safepoint    ] Entering safepoint region: GenCollectForAllocation
[564.241s][info ][gc,start     ] GC(331) Pause Young (Allocation Failure)
[564.241s][info ][gc,task      ] GC(331) Using 4 workers of 4 for evacuation
[564.244s][debug][gc,ref       ] GC(331) Skipped phase1 of Reference Processing due to unavailable references
[564.244s][debug][gc,ref       ] GC(331) Skipped phase2 of Reference Processing due to unavailable references
[564.244s][debug][gc,ref       ] GC(331) Skipped phase3 of Reference Processing due to unavailable references
[564.244s][debug][gc,ref       ] GC(331) Skipped phase4 of Reference Processing due to unavailable references
[564.244s][debug][gc,age       ] GC(331) Desired survivor size 15400960 bytes, new threshold 6 (max threshold 6)
[564.244s][info ][gc,heap      ] GC(331) ParNew: 242544K->1961K(270976K)
[564.244s][info ][gc,heap      ] GC(331) CMS: 283032K->283079K(602112K)
[564.244s][info ][gc,metaspace ] GC(331) Metaspace: 61374K->61374K(1105920K)
[564.244s][info ][gc           ] GC(331) Pause Young (Allocation Failure) 513M->278M(852M) 3.034ms
[564.244s][info ][gc,cpu       ] GC(331) User=0.01s Sys=0.00s Real=0.00s
[564.244s][info ][safepoint    ] Leaving safepoint region
[564.244s][info ][safepoint    ] Total time for which application threads were stopped: 0.0031853 seconds, Stopping threads took: 0.0000179 seconds
[569.885s][info ][safepoint    ] Application time: 5.6410579 seconds
[569.885s][info ][safepoint    ] Entering safepoint region: GenCollectForAllocation
[569.885s][info ][gc,start     ] GC(332) Pause Young (Allocation Failure)
[569.885s][info ][gc,task      ] GC(332) Using 4 workers of 4 for evacuation
[569.888s][debug][gc,ref       ] GC(332) Skipped phase1 of Reference Processing due to unavailable references
[569.888s][debug][gc,ref       ] GC(332) Skipped phase2 of Reference Processing due to unavailable references
[569.888s][debug][gc,ref       ] GC(332) Skipped phase3 of Reference Processing due to unavailable references
[569.888s][debug][gc,ref       ] GC(332) Skipped phase4 of Reference Processing due to unavailable references
[569.888s][debug][gc,age       ] GC(332) Desired survivor size 15400960 bytes, new threshold 6 (max threshold 6)
[569.888s][info ][gc,heap      ] GC(332) ParNew: 242857K->2210K(270976K)
[569.888s][info ][gc,heap      ] GC(332) CMS: 283079K->283128K(602112K)
[569.888s][info ][gc,metaspace ] GC(332) Metaspace: 61374K->61374K(1105920K)
[569.888s][info ][gc           ] GC(332) Pause Young (Allocation Failure) 513M->278M(852M) 3.256ms
[569.888s][info ][gc,cpu       ] GC(332) User=0.01s Sys=0.00s Real=0.00s
[569.888s][info ][safepoint    ] Leaving safepoint region
[569.888s][info ][safepoint    ] Total time for which application threads were stopped: 0.0034173 seconds, Stopping threads took: 0.0000213 seconds
[575.591s][info ][safepoint    ] Application time: 5.7024357 seconds
[575.591s][info ][safepoint    ] Entering safepoint region: GenCollectForAllocation
[575.591s][info ][gc,start     ] GC(333) Pause Young (Allocation Failure)
[575.591s][info ][gc,task      ] GC(333) Using 4 workers of 4 for evacuation
[575.594s][debug][gc,ref       ] GC(333) Skipped phase1 of Reference Processing due to unavailable references
[575.594s][debug][gc,ref       ] GC(333) Skipped phase2 of Reference Processing due to unavailable references
[575.594s][debug][gc,ref       ] GC(333) Skipped phase3 of Reference Processing due to unavailable references
[575.594s][debug][gc,ref       ] GC(333) Skipped phase4 of Reference Processing due to unavailable references
[575.594s][debug][gc,age       ] GC(333) Desired survivor size 15400960 bytes, new threshold 6 (max threshold 6)
[575.594s][info ][gc,heap      ] GC(333) ParNew: 243106K->2087K(270976K)
[575.594s][info ][gc,heap      ] GC(333) CMS: 283128K->283248K(602112K)
[575.594s][info ][gc,metaspace ] GC(333) Metaspace: 61381K->61381K(1105920K)
[575.594s][info ][gc           ] GC(333) Pause Young (Allocation Failure) 513M->278M(852M) 2.806ms
[575.594s][info ][gc,cpu       ] GC(333) User=0.02s Sys=0.00s Real=0.00s
[575.594s][info ][safepoint    ] Leaving safepoint region
[575.594s][info ][safepoint    ] Total time for which application threads were stopped: 0.0029655 seconds, Stopping threads took: 0.0000196 seconds
[581.297s][info ][safepoint    ] Application time: 5.7029064 seconds
[581.297s][info ][safepoint    ] Entering safepoint region: GenCollectForAllocation
[581.297s][info ][gc,start     ] GC(334) Pause Young (Allocation Failure)
[581.297s][info ][gc,task      ] GC(334) Using 4 workers of 4 for evacuation
[581.301s][debug][gc,ref       ] GC(334) Skipped phase1 of Reference Processing due to unavailable references
[581.301s][debug][gc,ref       ] GC(334) Skipped phase2 of Reference Processing due to unavailable references
[581.301s][debug][gc,ref       ] GC(334) Skipped phase3 of Reference Processing due to unavailable references
[581.301s][debug][gc,ref       ] GC(334) Skipped phase4 of Reference Processing due to unavailable references
[581.301s][debug][gc,age       ] GC(334) Desired survivor size 15400960 bytes, new threshold 6 (max threshold 6)
[581.301s][info ][gc,heap      ] GC(334) ParNew: 242983K->2039K(270976K)
[581.301s][info ][gc,heap      ] GC(334) CMS: 283248K->283401K(602112K)
[581.301s][info ][gc,metaspace ] GC(334) Metaspace: 61381K->61381K(1105920K)
[581.301s][info ][gc           ] GC(334) Pause Young (Allocation Failure) 513M->278M(852M) 3.978ms
[581.301s][info ][gc,cpu       ] GC(334) User=0.01s Sys=0.00s Real=0.00s
[581.301s][info ][safepoint    ] Leaving safepoint region
[581.301s][info ][safepoint    ] Total time for which application threads were stopped: 0.0046157 seconds, Stopping threads took: 0.0000190 seconds
[586.303s][info ][safepoint    ] Application time: 5.0014534 seconds
[586.303s][info ][safepoint    ] Entering safepoint region: Cleanup
[586.303s][info ][safepoint    ] Leaving safepoint region
[586.303s][info ][safepoint    ] Total time for which application threads were stopped: 0.0002280 seconds, Stopping threads took: 0.0000687 seconds
[586.988s][info ][safepoint    ] Application time: 0.6849132 seconds
[586.988s][info ][safepoint    ] Entering safepoint region: GenCollectForAllocation
[586.988s][info ][gc,start     ] GC(335) Pause Young (Allocation Failure)
[586.988s][info ][gc,task      ] GC(335) Using 4 workers of 4 for evacuation
[586.993s][debug][gc,ref       ] GC(335) Skipped phase1 of Reference Processing due to unavailable references
[586.993s][debug][gc,ref       ] GC(335) Skipped phase2 of Reference Processing due to unavailable references
[586.993s][debug][gc,ref       ] GC(335) Skipped phase3 of Reference Processing due to unavailable references
[586.993s][debug][gc,ref       ] GC(335) Skipped phase4 of Reference Processing due to unavailable references
[586.993s][debug][gc,age       ] GC(335) Desired survivor size 15400960 bytes, new threshold 6 (max threshold 6)
[586.993s][info ][gc,heap      ] GC(335) ParNew: 242935K->1832K(270976K)
[586.993s][info ][gc,heap      ] GC(335) CMS: 283401K->283758K(602112K)
[586.993s][info ][gc,metaspace ] GC(335) Metaspace: 61381K->61381K(1105920K)
[586.993s][info ][gc           ] GC(335) Pause Young (Allocation Failure) 514M->278M(852M) 4.886ms
[586.993s][info ][gc,cpu       ] GC(335) User=0.02s Sys=0.00s Real=0.00s
[586.993s][info ][safepoint    ] Leaving safepoint region
[586.993s][info ][safepoint    ] Total time for which application threads were stopped: 0.0050960 seconds, Stopping threads took: 0.0000211 seconds
[592.688s][info ][safepoint    ] Application time: 5.6944561 seconds
[592.688s][info ][safepoint    ] Entering safepoint region: GenCollectForAllocation
[592.688s][info ][gc,start     ] GC(336) Pause Young (Allocation Failure)
[592.688s][info ][gc,task      ] GC(336) Using 4 workers of 4 for evacuation
[592.691s][debug][gc,ref       ] GC(336) Skipped phase1 of Reference Processing due to unavailable references
[592.691s][debug][gc,ref       ] GC(336) Skipped phase2 of Reference Processing due to unavailable references
[592.691s][debug][gc,ref       ] GC(336) Skipped phase3 of Reference Processing due to unavailable references
[592.691s][debug][gc,ref       ] GC(336) Skipped phase4 of Reference Processing due to unavailable references
[592.691s][debug][gc,age       ] GC(336) Desired survivor size 15400960 bytes, new threshold 6 (max threshold 6)
[592.691s][info ][gc,heap      ] GC(336) ParNew: 242728K->1465K(270976K)
[592.691s][info ][gc,heap      ] GC(336) CMS: 283758K->284013K(602112K)
[592.691s][info ][gc,metaspace ] GC(336) Metaspace: 61382K->61382K(1105920K)
[592.691s][info ][gc           ] GC(336) Pause Young (Allocation Failure) 514M->278M(852M) 3.621ms
[592.691s][info ][gc,cpu       ] GC(336) User=0.01s Sys=0.00s Real=0.00s
[592.691s][info ][safepoint    ] Leaving safepoint region
[592.691s][info ][safepoint    ] Total time for which application threads were stopped: 0.0038098 seconds, Stopping threads took: 0.0000199 seconds
[598.442s][info ][safepoint    ] Application time: 5.7502386 seconds
[598.442s][info ][safepoint    ] Entering safepoint region: GenCollectForAllocation
[598.442s][info ][gc,start     ] GC(337) Pause Young (Allocation Failure)
[598.442s][info ][gc,task      ] GC(337) Using 4 workers of 4 for evacuation
[598.446s][debug][gc,ref       ] GC(337) Skipped phase1 of Reference Processing due to unavailable references
[598.446s][debug][gc,ref       ] GC(337) Skipped phase2 of Reference Processing due to unavailable references
[598.446s][debug][gc,ref       ] GC(337) Skipped phase3 of Reference Processing due to unavailable references
[598.446s][debug][gc,ref       ] GC(337) Skipped phase4 of Reference Processing due to unavailable references
[598.446s][debug][gc,age       ] GC(337) Desired survivor size 15400960 bytes, new threshold 6 (max threshold 6)
[598.446s][info ][gc,heap      ] GC(337) ParNew: 242361K->1327K(270976K)
[598.446s][info ][gc,heap      ] GC(337) CMS: 284013K->284079K(602112K)
[598.446s][info ][gc,metaspace ] GC(337) Metaspace: 61383K->61383K(1105920K)
[598.446s][info ][gc           ] GC(337) Pause Young (Allocation Failure) 514M->278M(852M) 4.183ms
[598.446s][info ][gc,cpu       ] GC(337) User=0.01s Sys=0.00s Real=0.01s
[598.446s][info ][safepoint    ] Leaving safepoint region
[598.446s][info ][safepoint    ] Total time for which application threads were stopped: 0.0043958 seconds, Stopping threads took: 0.0000218 seconds
[603.447s][info ][safepoint    ] Application time: 5.0006177 seconds
[603.447s][info ][safepoint    ] Entering safepoint region: Cleanup
[603.447s][info ][safepoint    ] Leaving safepoint region
[603.447s][info ][safepoint    ] Total time for which application threads were stopped: 0.0001089 seconds, Stopping threads took: 0.0000261 seconds
[604.289s][info ][safepoint    ] Application time: 0.8418483 seconds
[604.289s][info ][safepoint    ] Entering safepoint region: GenCollectForAllocation
[604.289s][info ][gc,start     ] GC(338) Pause Young (Allocation Failure)
[604.289s][info ][gc,task      ] GC(338) Using 4 workers of 4 for evacuation
[604.296s][debug][gc,ref       ] GC(338) Skipped phase1 of Reference Processing due to unavailable references
[604.296s][debug][gc,ref       ] GC(338) Skipped phase2 of Reference Processing due to unavailable references
[604.296s][debug][gc,ref       ] GC(338) Skipped phase3 of Reference Processing due to unavailable references
[604.296s][debug][gc,ref       ] GC(338) Skipped phase4 of Reference Processing due to unavailable references
[604.296s][debug][gc,age       ] GC(338) Desired survivor size 15400960 bytes, new threshold 6 (max threshold 6)
[604.297s][info ][gc,heap      ] GC(338) ParNew: 242223K->1333K(270976K)
[604.297s][info ][gc,heap      ] GC(338) CMS: 284079K->284197K(602112K)
[604.297s][info ][gc,metaspace ] GC(338) Metaspace: 61383K->61383K(1105920K)
[604.297s][info ][gc           ] GC(338) Pause Young (Allocation Failure) 513M->278M(852M) 7.952ms
[604.297s][info ][gc,cpu       ] GC(338) User=0.01s Sys=0.00s Real=0.01s
[604.297s][info ][safepoint    ] Leaving safepoint region
[604.297s][info ][safepoint    ] Total time for which application threads were stopped: 0.0081603 seconds, Stopping threads took: 0.0000259 seconds
[608.297s][info ][safepoint    ] Application time: 4.0003355 seconds
[608.297s][info ][safepoint    ] Entering safepoint region: Cleanup
[608.297s][info ][safepoint    ] Leaving safepoint region
[608.297s][info ][safepoint    ] Total time for which application threads were stopped: 0.0001196 seconds, Stopping threads took: 0.0000202 seconds
[609.893s][info ][safepoint    ] Application time: 1.5951778 seconds
[609.893s][info ][safepoint    ] Entering safepoint region: GenCollectForAllocation
[609.893s][info ][gc,start     ] GC(339) Pause Young (Allocation Failure)
[609.893s][info ][gc,task      ] GC(339) Using 4 workers of 4 for evacuation
[609.896s][debug][gc,ref       ] GC(339) Skipped phase1 of Reference Processing due to unavailable references
[609.896s][debug][gc,ref       ] GC(339) Skipped phase3 of Reference Processing due to unavailable references
[609.896s][debug][gc,age       ] GC(339) Desired survivor size 15400960 bytes, new threshold 6 (max threshold 6)
[609.896s][info ][gc,heap      ] GC(339) ParNew: 242229K->1564K(270976K)
[609.896s][info ][gc,heap      ] GC(339) CMS: 284197K->284281K(602112K)
[609.896s][info ][gc,metaspace ] GC(339) Metaspace: 61417K->61417K(1105920K)
[609.896s][info ][gc           ] GC(339) Pause Young (Allocation Failure) 514M->279M(852M) 3.164ms
[609.896s][info ][gc,cpu       ] GC(339) User=0.02s Sys=0.00s Real=0.00s
[609.896s][info ][safepoint    ] Leaving safepoint region
[609.896s][info ][safepoint    ] Total time for which application threads were stopped: 0.0033614 seconds, Stopping threads took: 0.0000366 seconds
[612.896s][info ][safepoint    ] Application time: 3.0002555 seconds
[612.896s][info ][safepoint    ] Entering safepoint region: Cleanup
[612.896s][info ][safepoint    ] Leaving safepoint region
[612.896s][info ][safepoint    ] Total time for which application threads were stopped: 0.0001048 seconds, Stopping threads took: 0.0000199 seconds
[613.546s][info ][safepoint    ] Application time: 0.6496439 seconds
[613.546s][info ][safepoint    ] Entering safepoint region: RevokeBias
[613.546s][info ][safepoint    ] Leaving safepoint region
[613.547s][info ][safepoint    ] Total time for which application threads were stopped: 0.0005274 seconds, Stopping threads took: 0.0000195 seconds
[615.737s][info ][safepoint    ] Application time: 2.1900964 seconds
[615.737s][info ][safepoint    ] Entering safepoint region: GenCollectForAllocation
[615.737s][info ][gc,start     ] GC(340) Pause Young (Allocation Failure)
[615.737s][info ][gc,task      ] GC(340) Using 4 workers of 4 for evacuation
[615.740s][debug][gc,ref       ] GC(340) Skipped phase1 of Reference Processing due to unavailable references
[615.740s][debug][gc,ref       ] GC(340) Skipped phase3 of Reference Processing due to unavailable references
[615.740s][debug][gc,age       ] GC(340) Desired survivor size 15400960 bytes, new threshold 6 (max threshold 6)
[615.740s][info ][gc,heap      ] GC(340) ParNew: 242460K->1311K(270976K)
[615.740s][info ][gc,heap      ] GC(340) CMS: 284281K->284514K(602112K)
[615.740s][info ][gc,metaspace ] GC(340) Metaspace: 61418K->61418K(1105920K)
[615.740s][info ][gc           ] GC(340) Pause Young (Allocation Failure) 514M->279M(852M) 3.469ms
[615.740s][info ][gc,cpu       ] GC(340) User=0.01s Sys=0.00s Real=0.00s
[615.740s][info ][safepoint    ] Leaving safepoint region
[615.740s][info ][safepoint    ] Total time for which application threads were stopped: 0.0036298 seconds, Stopping threads took: 0.0000199 seconds
[620.728s][info ][safepoint    ] Application time: 4.9871865 seconds
[620.728s][info ][safepoint    ] Entering safepoint region: GenCollectForAllocation
[620.728s][info ][gc,start     ] GC(341) Pause Young (Allocation Failure)
[620.728s][info ][gc,task      ] GC(341) Using 4 workers of 4 for evacuation
[620.735s][debug][gc,ref       ] GC(341) Skipped phase1 of Reference Processing due to unavailable references
[620.735s][debug][gc,ref       ] GC(341) Skipped phase3 of Reference Processing due to unavailable references
[620.735s][debug][gc,age       ] GC(341) Desired survivor size 15400960 bytes, new threshold 6 (max threshold 6)
[620.735s][info ][gc,heap      ] GC(341) ParNew: 242207K->10369K(270976K)
[620.735s][info ][gc,heap      ] GC(341) CMS: 284514K->284624K(602112K)
[620.735s][info ][gc,metaspace ] GC(341) Metaspace: 61448K->61448K(1105920K)
[620.736s][info ][gc           ] GC(341) Pause Young (Allocation Failure) 514M->288M(852M) 7.599ms
[620.736s][info ][gc,cpu       ] GC(341) User=0.03s Sys=0.00s Real=0.00s
[620.736s][info ][safepoint    ] Leaving safepoint region
[620.736s][info ][safepoint    ] Total time for which application threads were stopped: 0.0078758 seconds, Stopping threads took: 0.0000476 seconds
[621.736s][info ][safepoint    ] Application time: 1.0001042 seconds
[621.736s][info ][safepoint    ] Entering safepoint region: Cleanup
[621.736s][info ][safepoint    ] Leaving safepoint region
[621.736s][info ][safepoint    ] Total time for which application threads were stopped: 0.0001927 seconds, Stopping threads took: 0.0000941 seconds
[623.736s][info ][safepoint    ] Application time: 2.0001659 seconds
[623.736s][info ][safepoint    ] Entering safepoint region: Cleanup
[623.736s][info ][safepoint    ] Leaving safepoint region
[623.736s][info ][safepoint    ] Total time for which application threads were stopped: 0.0001387 seconds, Stopping threads took: 0.0000481 seconds
[625.737s][info ][safepoint    ] Application time: 2.0002017 seconds
[625.737s][info ][safepoint    ] Entering safepoint region: Cleanup
[625.737s][info ][safepoint    ] Leaving safepoint region
[625.737s][info ][safepoint    ] Total time for which application threads were stopped: 0.0003301 seconds, Stopping threads took: 0.0001027 seconds
[626.236s][info ][safepoint    ] Application time: 0.4987339 seconds
[626.236s][info ][safepoint    ] Entering safepoint region: GenCollectForAllocation
[626.236s][info ][gc,start     ] GC(342) Pause Young (Allocation Failure)
[626.236s][info ][gc,task      ] GC(342) Using 4 workers of 4 for evacuation
[626.239s][debug][gc,ref       ] GC(342) Skipped phase1 of Reference Processing due to unavailable references
[626.239s][debug][gc,ref       ] GC(342) Skipped phase3 of Reference Processing due to unavailable references
[626.239s][debug][gc,age       ] GC(342) Desired survivor size 15400960 bytes, new threshold 6 (max threshold 6)
[626.239s][info ][gc,heap      ] GC(342) ParNew: 251265K->7552K(270976K)
[626.239s][info ][gc,heap      ] GC(342) CMS: 284624K->284782K(602112K)
[626.239s][info ][gc,metaspace ] GC(342) Metaspace: 61451K->61451K(1105920K)
[626.239s][info ][gc           ] GC(342) Pause Young (Allocation Failure) 523M->285M(852M) 3.137ms
[626.239s][info ][gc,cpu       ] GC(342) User=0.01s Sys=0.00s Real=0.01s
[626.239s][info ][safepoint    ] Leaving safepoint region
[626.239s][info ][safepoint    ] Total time for which application threads were stopped: 0.0033600 seconds, Stopping threads took: 0.0000445 seconds
[631.239s][info ][safepoint    ] Application time: 5.0003637 seconds
[631.240s][info ][safepoint    ] Entering safepoint region: Cleanup
[631.240s][info ][safepoint    ] Leaving safepoint region
[631.240s][info ][safepoint    ] Total time for which application threads were stopped: 0.0002242 seconds, Stopping threads took: 0.0001177 seconds
[632.136s][info ][safepoint    ] Application time: 0.8958551 seconds
[632.136s][info ][safepoint    ] Entering safepoint region: GenCollectForAllocation
[632.136s][info ][gc,start     ] GC(343) Pause Young (Allocation Failure)
[632.136s][info ][gc,task      ] GC(343) Using 4 workers of 4 for evacuation
[632.138s][debug][gc,ref       ] GC(343) Skipped phase1 of Reference Processing due to unavailable references
[632.138s][debug][gc,ref       ] GC(343) Skipped phase3 of Reference Processing due to unavailable references
[632.139s][debug][gc,age       ] GC(343) Desired survivor size 15400960 bytes, new threshold 6 (max threshold 6)
[632.139s][info ][gc,heap      ] GC(343) ParNew: 248448K->2043K(270976K)
[632.139s][info ][gc,heap      ] GC(343) CMS: 284782K->284890K(602112K)
[632.139s][info ][gc,metaspace ] GC(343) Metaspace: 61451K->61451K(1105920K)
[632.139s][info ][gc           ] GC(343) Pause Young (Allocation Failure) 520M->280M(852M) 2.894ms
[632.139s][info ][gc,cpu       ] GC(343) User=0.02s Sys=0.00s Real=0.01s
[632.139s][info ][safepoint    ] Leaving safepoint region
[632.139s][info ][safepoint    ] Total time for which application threads were stopped: 0.0030993 seconds, Stopping threads took: 0.0000509 seconds
[637.736s][info ][safepoint    ] Application time: 5.5977207 seconds
[637.737s][info ][safepoint    ] Entering safepoint region: GenCollectForAllocation
[637.737s][info ][gc,start     ] GC(344) Pause Young (Allocation Failure)
[637.737s][info ][gc,task      ] GC(344) Using 4 workers of 4 for evacuation
[637.740s][debug][gc,ref       ] GC(344) Skipped phase1 of Reference Processing due to unavailable references
[637.740s][debug][gc,ref       ] GC(344) Skipped phase3 of Reference Processing due to unavailable references
[637.740s][debug][gc,age       ] GC(344) Desired survivor size 15400960 bytes, new threshold 6 (max threshold 6)
[637.740s][info ][gc,heap      ] GC(344) ParNew: 242939K->1386K(270976K)
[637.740s][info ][gc,heap      ] GC(344) CMS: 284890K->284971K(602112K)
[637.740s][info ][gc,metaspace ] GC(344) Metaspace: 61451K->61451K(1105920K)
[637.740s][info ][gc           ] GC(344) Pause Young (Allocation Failure) 515M->279M(852M) 3.704ms
[637.741s][info ][gc,cpu       ] GC(344) User=0.01s Sys=0.00s Real=0.00s
[637.741s][info ][safepoint    ] Leaving safepoint region
[637.741s][info ][safepoint    ] Total time for which application threads were stopped: 0.0041169 seconds, Stopping threads took: 0.0000558 seconds
[643.486s][info ][safepoint    ] Application time: 5.7452277 seconds
[643.486s][info ][safepoint    ] Entering safepoint region: GenCollectForAllocation
[643.486s][info ][gc,start     ] GC(345) Pause Young (Allocation Failure)
[643.486s][info ][gc,task      ] GC(345) Using 4 workers of 4 for evacuation
[643.491s][debug][gc,ref       ] GC(345) Skipped phase1 of Reference Processing due to unavailable references
[643.491s][debug][gc,ref       ] GC(345) Skipped phase3 of Reference Processing due to unavailable references
[643.491s][debug][gc,age       ] GC(345) Desired survivor size 15400960 bytes, new threshold 6 (max threshold 6)
[643.491s][info ][gc,heap      ] GC(345) ParNew: 242282K->1281K(270976K)
[643.491s][info ][gc,heap      ] GC(345) CMS: 284971K->285063K(602112K)
[643.491s][info ][gc,metaspace ] GC(345) Metaspace: 61451K->61451K(1105920K)
[643.491s][info ][gc           ] GC(345) Pause Young (Allocation Failure) 514M->279M(852M) 4.703ms
[643.491s][info ][gc,cpu       ] GC(345) User=0.01s Sys=0.01s Real=0.00s
[643.491s][info ][safepoint    ] Leaving safepoint region
[643.491s][info ][safepoint    ] Total time for which application threads were stopped: 0.0052105 seconds, Stopping threads took: 0.0001603 seconds
[645.491s][info ][safepoint    ] Application time: 2.0001928 seconds
[645.491s][info ][safepoint    ] Entering safepoint region: Cleanup
[645.491s][info ][safepoint    ] Leaving safepoint region
[645.492s][info ][safepoint    ] Total time for which application threads were stopped: 0.0001557 seconds, Stopping threads took: 0.0000506 seconds
[648.492s][info ][safepoint    ] Application time: 3.0002145 seconds
[648.492s][info ][safepoint    ] Entering safepoint region: Cleanup
[648.492s][info ][safepoint    ] Leaving safepoint region
[648.492s][info ][safepoint    ] Total time for which application threads were stopped: 0.0001720 seconds, Stopping threads took: 0.0000777 seconds
[649.138s][info ][safepoint    ] Application time: 0.6464004 seconds
[649.138s][info ][safepoint    ] Entering safepoint region: GenCollectForAllocation
[649.139s][info ][gc,start     ] GC(346) Pause Young (Allocation Failure)
[649.139s][info ][gc,task      ] GC(346) Using 4 workers of 4 for evacuation
[649.143s][debug][gc,ref       ] GC(346) Skipped phase1 of Reference Processing due to unavailable references
[649.143s][debug][gc,ref       ] GC(346) Skipped phase3 of Reference Processing due to unavailable references
[649.143s][debug][gc,age       ] GC(346) Desired survivor size 15400960 bytes, new threshold 6 (max threshold 6)
[649.143s][info ][gc,heap      ] GC(346) ParNew: 242177K->1299K(270976K)
[649.143s][info ][gc,heap      ] GC(346) CMS: 285063K->285153K(602112K)
[649.143s][info ][gc,metaspace ] GC(346) Metaspace: 61451K->61451K(1105920K)
[649.143s][info ][gc           ] GC(346) Pause Young (Allocation Failure) 514M->279M(852M) 4.350ms
[649.143s][info ][gc,cpu       ] GC(346) User=0.02s Sys=0.00s Real=0.00s
[649.143s][info ][safepoint    ] Leaving safepoint region
[649.143s][info ][safepoint    ] Total time for which application threads were stopped: 0.0045747 seconds, Stopping threads took: 0.0000217 seconds
[654.143s][info ][safepoint    ] Application time: 5.0004513 seconds
[654.144s][info ][safepoint    ] Entering safepoint region: Cleanup
[654.144s][info ][safepoint    ] Leaving safepoint region
[654.144s][info ][safepoint    ] Total time for which application threads were stopped: 0.0001559 seconds, Stopping threads took: 0.0000678 seconds
[654.886s][info ][safepoint    ] Application time: 0.7427739 seconds
[654.886s][info ][safepoint    ] Entering safepoint region: GenCollectForAllocation
[654.887s][info ][gc,start     ] GC(347) Pause Young (Allocation Failure)
[654.887s][info ][gc,task      ] GC(347) Using 4 workers of 4 for evacuation
[654.889s][debug][gc,ref       ] GC(347) Skipped phase1 of Reference Processing due to unavailable references
[654.889s][debug][gc,ref       ] GC(347) Skipped phase2 of Reference Processing due to unavailable references
[654.889s][debug][gc,ref       ] GC(347) Skipped phase3 of Reference Processing due to unavailable references
[654.890s][debug][gc,age       ] GC(347) Desired survivor size 15400960 bytes, new threshold 6 (max threshold 6)
[654.890s][info ][gc,heap      ] GC(347) ParNew: 242195K->1086K(270976K)
[654.890s][info ][gc,heap      ] GC(347) CMS: 285153K->285239K(602112K)
[654.890s][info ][gc,metaspace ] GC(347) Metaspace: 61451K->61451K(1105920K)
[654.890s][info ][gc           ] GC(347) Pause Young (Allocation Failure) 514M->279M(852M) 3.625ms
[654.890s][info ][gc,cpu       ] GC(347) User=0.01s Sys=0.00s Real=0.00s
[654.890s][info ][safepoint    ] Leaving safepoint region
[654.890s][info ][safepoint    ] Total time for which application threads were stopped: 0.0037980 seconds, Stopping threads took: 0.0000221 seconds
[658.891s][info ][safepoint    ] Application time: 4.0006414 seconds
[658.891s][info ][safepoint    ] Entering safepoint region: Cleanup
[658.892s][info ][safepoint    ] Leaving safepoint region
[658.892s][info ][safepoint    ] Total time for which application threads were stopped: 0.0006521 seconds, Stopping threads took: 0.0001342 seconds
[660.544s][info ][safepoint    ] Application time: 1.6527174 seconds
[660.544s][info ][safepoint    ] Entering safepoint region: GenCollectForAllocation
[660.544s][info ][gc,start     ] GC(348) Pause Young (Allocation Failure)
[660.544s][info ][gc,task      ] GC(348) Using 4 workers of 4 for evacuation
[660.550s][debug][gc,ref       ] GC(348) Skipped phase1 of Reference Processing due to unavailable references
[660.550s][debug][gc,ref       ] GC(348) Skipped phase2 of Reference Processing due to unavailable references
[660.550s][debug][gc,ref       ] GC(348) Skipped phase3 of Reference Processing due to unavailable references
[660.550s][debug][gc,ref       ] GC(348) Skipped phase4 of Reference Processing due to unavailable references
[660.550s][debug][gc,age       ] GC(348) Desired survivor size 15400960 bytes, new threshold 6 (max threshold 6)
[660.550s][info ][gc,heap      ] GC(348) ParNew: 241982K->1213K(270976K)
[660.550s][info ][gc,heap      ] GC(348) CMS: 285239K->285353K(602112K)
[660.550s][info ][gc,metaspace ] GC(348) Metaspace: 61454K->61454K(1105920K)
[660.550s][info ][gc           ] GC(348) Pause Young (Allocation Failure) 514M->279M(852M) 5.758ms
[660.550s][info ][gc,cpu       ] GC(348) User=0.02s Sys=0.01s Real=0.00s
[660.550s][info ][safepoint    ] Leaving safepoint region
[660.550s][info ][safepoint    ] Total time for which application threads were stopped: 0.0059394 seconds, Stopping threads took: 0.0000219 seconds
[661.550s][info ][safepoint    ] Application time: 1.0000991 seconds
[661.550s][info ][safepoint    ] Entering safepoint region: Cleanup
[661.550s][info ][safepoint    ] Leaving safepoint region
[661.551s][info ][safepoint    ] Total time for which application threads were stopped: 0.0001026 seconds, Stopping threads took: 0.0000209 seconds
[662.551s][info ][safepoint    ] Application time: 1.0000898 seconds
[662.551s][info ][safepoint    ] Entering safepoint region: Cleanup
[662.551s][info ][safepoint    ] Leaving safepoint region
[662.551s][info ][safepoint    ] Total time for which application threads were stopped: 0.0000829 seconds, Stopping threads took: 0.0000186 seconds
[664.551s][info ][safepoint    ] Application time: 2.0002302 seconds
[664.551s][info ][safepoint    ] Entering safepoint region: Cleanup
[664.551s][info ][safepoint    ] Leaving safepoint region
[664.551s][info ][safepoint    ] Total time for which application threads were stopped: 0.0001157 seconds, Stopping threads took: 0.0000360 seconds
[665.551s][info ][safepoint    ] Application time: 1.0000713 seconds
[665.551s][info ][safepoint    ] Entering safepoint region: Cleanup
[665.551s][info ][safepoint    ] Leaving safepoint region
[665.551s][info ][safepoint    ] Total time for which application threads were stopped: 0.0000965 seconds, Stopping threads took: 0.0000234 seconds
[666.087s][info ][safepoint    ] Application time: 0.5352594 seconds
[666.087s][info ][safepoint    ] Entering safepoint region: GenCollectForAllocation
[666.087s][info ][gc,start     ] GC(349) Pause Young (Allocation Failure)
[666.087s][info ][gc,task      ] GC(349) Using 4 workers of 4 for evacuation
[666.089s][debug][gc,ref       ] GC(349) Skipped phase1 of Reference Processing due to unavailable references
[666.089s][debug][gc,ref       ] GC(349) Skipped phase2 of Reference Processing due to unavailable references
[666.089s][debug][gc,ref       ] GC(349) Skipped phase3 of Reference Processing due to unavailable references
[666.089s][debug][gc,ref       ] GC(349) Skipped phase4 of Reference Processing due to unavailable references
[666.089s][debug][gc,age       ] GC(349) Desired survivor size 15400960 bytes, new threshold 6 (max threshold 6)
[666.089s][info ][gc,heap      ] GC(349) ParNew: 242109K->1633K(270976K)
[666.089s][info ][gc,heap      ] GC(349) CMS: 285353K->285388K(602112K)
[666.089s][info ][gc,metaspace ] GC(349) Metaspace: 61462K->61462K(1105920K)
[666.089s][info ][gc           ] GC(349) Pause Young (Allocation Failure) 515M->280M(852M) 2.626ms
[666.089s][info ][gc,cpu       ] GC(349) User=0.01s Sys=0.00s Real=0.00s
[666.089s][info ][safepoint    ] Leaving safepoint region
[666.089s][info ][safepoint    ] Total time for which application threads were stopped: 0.0027902 seconds, Stopping threads took: 0.0000207 seconds
[668.090s][info ][safepoint    ] Application time: 2.0001733 seconds
[668.090s][info ][safepoint    ] Entering safepoint region: Cleanup
[668.090s][info ][safepoint    ] Leaving safepoint region
[668.090s][info ][safepoint    ] Total time for which application threads were stopped: 0.0001806 seconds, Stopping threads took: 0.0000581 seconds
[669.090s][info ][safepoint    ] Application time: 1.0000957 seconds
[669.090s][info ][safepoint    ] Entering safepoint region: Cleanup
[669.090s][info ][safepoint    ] Leaving safepoint region
[669.090s][info ][safepoint    ] Total time for which application threads were stopped: 0.0001328 seconds, Stopping threads took: 0.0000469 seconds
[671.585s][info ][safepoint    ] Application time: 2.4945348 seconds
[671.585s][info ][safepoint    ] Entering safepoint region: GenCollectForAllocation
[671.585s][info ][gc,start     ] GC(350) Pause Young (Allocation Failure)
[671.585s][info ][gc,task      ] GC(350) Using 4 workers of 4 for evacuation
[671.588s][debug][gc,ref       ] GC(350) Skipped phase1 of Reference Processing due to unavailable references
[671.588s][debug][gc,ref       ] GC(350) Skipped phase2 of Reference Processing due to unavailable references
[671.588s][debug][gc,ref       ] GC(350) Skipped phase3 of Reference Processing due to unavailable references
[671.588s][debug][gc,ref       ] GC(350) Skipped phase4 of Reference Processing due to unavailable references
[671.588s][debug][gc,age       ] GC(350) Desired survivor size 15400960 bytes, new threshold 6 (max threshold 6)
[671.588s][info ][gc,heap      ] GC(350) ParNew: 242529K->1697K(270976K)
[671.588s][info ][gc,heap      ] GC(350) CMS: 285388K->285514K(602112K)
[671.588s][info ][gc,metaspace ] GC(350) Metaspace: 61464K->61464K(1105920K)
[671.588s][info ][gc           ] GC(350) Pause Young (Allocation Failure) 515M->280M(852M) 3.029ms
[671.588s][info ][gc,cpu       ] GC(350) User=0.01s Sys=0.01s Real=0.00s
[671.588s][info ][safepoint    ] Leaving safepoint region
[671.588s][info ][safepoint    ] Total time for which application threads were stopped: 0.0032163 seconds, Stopping threads took: 0.0000384 seconds
[672.588s][info ][safepoint    ] Application time: 1.0001028 seconds
[672.588s][info ][safepoint    ] Entering safepoint region: Cleanup
[672.588s][info ][safepoint    ] Leaving safepoint region
[672.588s][info ][safepoint    ] Total time for which application threads were stopped: 0.0001526 seconds, Stopping threads took: 0.0000455 seconds
[675.588s][info ][safepoint    ] Application time: 3.0002423 seconds
[675.589s][info ][safepoint    ] Entering safepoint region: Cleanup
[675.589s][info ][safepoint    ] Leaving safepoint region
[675.589s][info ][safepoint    ] Total time for which application threads were stopped: 0.0001744 seconds, Stopping threads took: 0.0000998 seconds
[676.589s][info ][safepoint    ] Application time: 1.0000947 seconds
[676.589s][info ][safepoint    ] Entering safepoint region: Cleanup
[676.589s][info ][safepoint    ] Leaving safepoint region
[676.589s][info ][safepoint    ] Total time for which application threads were stopped: 0.0001348 seconds, Stopping threads took: 0.0000435 seconds
[677.134s][info ][safepoint    ] Application time: 0.5452270 seconds
[677.134s][info ][safepoint    ] Entering safepoint region: GenCollectForAllocation
[677.134s][info ][gc,start     ] GC(351) Pause Young (Allocation Failure)
[677.134s][info ][gc,task      ] GC(351) Using 4 workers of 4 for evacuation
[677.137s][debug][gc,ref       ] GC(351) Skipped phase1 of Reference Processing due to unavailable references
[677.137s][debug][gc,ref       ] GC(351) Skipped phase2 of Reference Processing due to unavailable references
[677.137s][debug][gc,ref       ] GC(351) Skipped phase3 of Reference Processing due to unavailable references
[677.137s][debug][gc,ref       ] GC(351) Skipped phase4 of Reference Processing due to unavailable references
[677.137s][debug][gc,age       ] GC(351) Desired survivor size 15400960 bytes, new threshold 6 (max threshold 6)
[677.137s][info ][gc,heap      ] GC(351) ParNew: 242593K->2056K(270976K)
[677.137s][info ][gc,heap      ] GC(351) CMS: 285514K->285548K(602112K)
[677.137s][info ][gc,metaspace ] GC(351) Metaspace: 61465K->61465K(1105920K)
[677.137s][info ][gc           ] GC(351) Pause Young (Allocation Failure) 515M->280M(852M) 3.033ms
[677.137s][info ][gc,cpu       ] GC(351) User=0.01s Sys=0.00s Real=0.01s
[677.137s][info ][safepoint    ] Leaving safepoint region
[677.137s][info ][safepoint    ] Total time for which application threads were stopped: 0.0031965 seconds, Stopping threads took: 0.0000208 seconds
[681.140s][info ][safepoint    ] Application time: 4.0027680 seconds
[681.140s][info ][safepoint    ] Entering safepoint region: Cleanup
[681.140s][info ][safepoint    ] Leaving safepoint region
[681.140s][info ][safepoint    ] Total time for which application threads were stopped: 0.0002621 seconds, Stopping threads took: 0.0000627 seconds
[681.305s][info ][safepoint    ] Application time: 0.1642644 seconds
[681.305s][info ][safepoint    ] Entering safepoint region: RevokeBias
[681.305s][info ][safepoint    ] Leaving safepoint region
[681.305s][info ][safepoint    ] Total time for which application threads were stopped: 0.0001251 seconds, Stopping threads took: 0.0000207 seconds
[682.690s][info ][safepoint    ] Application time: 1.3849174 seconds
[682.690s][info ][safepoint    ] Entering safepoint region: GenCollectForAllocation
[682.690s][info ][gc,start     ] GC(352) Pause Young (Allocation Failure)
[682.690s][info ][gc,task      ] GC(352) Using 4 workers of 4 for evacuation
[682.693s][debug][gc,ref       ] GC(352) Skipped phase1 of Reference Processing due to unavailable references
[682.693s][debug][gc,ref       ] GC(352) Skipped phase2 of Reference Processing due to unavailable references
[682.693s][debug][gc,ref       ] GC(352) Skipped phase3 of Reference Processing due to unavailable references
[682.693s][debug][gc,ref       ] GC(352) Skipped phase4 of Reference Processing due to unavailable references
[682.693s][debug][gc,age       ] GC(352) Desired survivor size 15400960 bytes, new threshold 6 (max threshold 6)
[682.693s][info ][gc,heap      ] GC(352) ParNew: 242952K->1844K(270976K)
[682.693s][info ][gc,heap      ] GC(352) CMS: 285548K->285611K(602112K)
[682.693s][info ][gc,metaspace ] GC(352) Metaspace: 61465K->61465K(1105920K)
[682.693s][info ][gc           ] GC(352) Pause Young (Allocation Failure) 516M->280M(852M) 3.154ms
[682.693s][info ][gc,cpu       ] GC(352) User=0.01s Sys=0.00s Real=0.00s
[682.693s][info ][safepoint    ] Leaving safepoint region
[682.693s][info ][safepoint    ] Total time for which application threads were stopped: 0.0033194 seconds, Stopping threads took: 0.0000207 seconds
[685.693s][info ][safepoint    ] Application time: 3.0002225 seconds
[685.693s][info ][safepoint    ] Entering safepoint region: Cleanup
[685.694s][info ][safepoint    ] Leaving safepoint region
[685.694s][info ][safepoint    ] Total time for which application threads were stopped: 0.0001207 seconds, Stopping threads took: 0.0000200 seconds
[686.694s][info ][safepoint    ] Application time: 1.0000837 seconds
[686.694s][info ][safepoint    ] Entering safepoint region: Cleanup
[686.694s][info ][safepoint    ] Leaving safepoint region
[686.694s][info ][safepoint    ] Total time for which application threads were stopped: 0.0001224 seconds, Stopping threads took: 0.0000509 seconds
[688.241s][info ][safepoint    ] Application time: 1.5474156 seconds
[688.241s][info ][safepoint    ] Entering safepoint region: GenCollectForAllocation
[688.241s][info ][gc,start     ] GC(353) Pause Young (Allocation Failure)
[688.241s][info ][gc,task      ] GC(353) Using 4 workers of 4 for evacuation
[688.245s][debug][gc,ref       ] GC(353) Skipped phase1 of Reference Processing due to unavailable references
[688.245s][debug][gc,ref       ] GC(353) Skipped phase2 of Reference Processing due to unavailable references
[688.245s][debug][gc,ref       ] GC(353) Skipped phase3 of Reference Processing due to unavailable references
[688.245s][debug][gc,ref       ] GC(353) Skipped phase4 of Reference Processing due to unavailable references
[688.245s][debug][gc,age       ] GC(353) Desired survivor size 15400960 bytes, new threshold 6 (max threshold 6)
[688.245s][info ][gc,heap      ] GC(353) ParNew: 242740K->2164K(270976K)
[688.245s][info ][gc,heap      ] GC(353) CMS: 285611K->285708K(602112K)
[688.245s][info ][gc,metaspace ] GC(353) Metaspace: 61466K->61466K(1105920K)
[688.245s][info ][gc           ] GC(353) Pause Young (Allocation Failure) 515M->281M(852M) 3.342ms
[688.245s][info ][gc,cpu       ] GC(353) User=0.01s Sys=0.00s Real=0.01s
[688.245s][info ][safepoint    ] Leaving safepoint region
[688.245s][info ][safepoint    ] Total time for which application threads were stopped: 0.0035218 seconds, Stopping threads took: 0.0000236 seconds
[693.890s][info ][safepoint    ] Application time: 5.6448853 seconds
[693.890s][info ][safepoint    ] Entering safepoint region: GenCollectForAllocation
[693.890s][info ][gc,start     ] GC(354) Pause Young (Allocation Failure)
[693.890s][info ][gc,task      ] GC(354) Using 4 workers of 4 for evacuation
[693.893s][debug][gc,ref       ] GC(354) Skipped phase1 of Reference Processing due to unavailable references
[693.893s][debug][gc,ref       ] GC(354) Skipped phase2 of Reference Processing due to unavailable references
[693.893s][debug][gc,ref       ] GC(354) Skipped phase3 of Reference Processing due to unavailable references
[693.893s][debug][gc,ref       ] GC(354) Skipped phase4 of Reference Processing due to unavailable references
[693.893s][debug][gc,age       ] GC(354) Desired survivor size 15400960 bytes, new threshold 6 (max threshold 6)
[693.893s][info ][gc,heap      ] GC(354) ParNew: 243060K->2085K(270976K)
[693.893s][info ][gc,heap      ] GC(354) CMS: 285708K->285828K(602112K)
[693.893s][info ][gc,metaspace ] GC(354) Metaspace: 61470K->61470K(1105920K)
[693.893s][info ][gc           ] GC(354) Pause Young (Allocation Failure) 516M->281M(852M) 3.289ms
[693.893s][info ][gc,cpu       ] GC(354) User=0.02s Sys=0.00s Real=0.00s
[693.893s][info ][safepoint    ] Leaving safepoint region
[693.893s][info ][safepoint    ] Total time for which application threads were stopped: 0.0034775 seconds, Stopping threads took: 0.0000342 seconds
[696.893s][info ][safepoint    ] Application time: 3.0002515 seconds
[696.894s][info ][safepoint    ] Entering safepoint region: Cleanup
[696.894s][info ][safepoint    ] Leaving safepoint region
[696.894s][info ][safepoint    ] Total time for which application threads were stopped: 0.0000898 seconds, Stopping threads took: 0.0000199 seconds
[699.587s][info ][safepoint    ] Application time: 2.6934729 seconds
[699.587s][info ][safepoint    ] Entering safepoint region: GenCollectForAllocation
[699.587s][info ][gc,start     ] GC(355) Pause Young (Allocation Failure)
[699.587s][info ][gc,task      ] GC(355) Using 4 workers of 4 for evacuation
[699.590s][debug][gc,ref       ] GC(355) Skipped phase1 of Reference Processing due to unavailable references
[699.590s][debug][gc,ref       ] GC(355) Skipped phase2 of Reference Processing due to unavailable references
[699.590s][debug][gc,ref       ] GC(355) Skipped phase3 of Reference Processing due to unavailable references
[699.590s][debug][gc,ref       ] GC(355) Skipped phase4 of Reference Processing due to unavailable references
[699.591s][debug][gc,age       ] GC(355) Desired survivor size 15400960 bytes, new threshold 6 (max threshold 6)
[699.591s][info ][gc,heap      ] GC(355) ParNew: 242981K->1767K(270976K)
[699.591s][info ][gc,heap      ] GC(355) CMS: 285828K->286004K(602112K)
[699.591s][info ][gc,metaspace ] GC(355) Metaspace: 61470K->61470K(1105920K)
[699.591s][info ][gc           ] GC(355) Pause Young (Allocation Failure) 516M->281M(852M) 3.406ms
[699.591s][info ][gc,cpu       ] GC(355) User=0.01s Sys=0.00s Real=0.00s
[699.591s][info ][safepoint    ] Leaving safepoint region
[699.591s][info ][safepoint    ] Total time for which application threads were stopped: 0.0035685 seconds, Stopping threads took: 0.0000197 seconds
[704.690s][info ][safepoint    ] Application time: 5.0994677 seconds
[704.690s][info ][safepoint    ] Entering safepoint region: RevokeBias
[704.691s][info ][safepoint    ] Leaving safepoint region
[704.691s][info ][safepoint    ] Total time for which application threads were stopped: 0.0003266 seconds, Stopping threads took: 0.0000746 seconds
[705.136s][info ][safepoint    ] Application time: 0.4454244 seconds
[705.136s][info ][safepoint    ] Entering safepoint region: GenCollectForAllocation
[705.136s][info ][gc,start     ] GC(356) Pause Young (Allocation Failure)
[705.136s][info ][gc,task      ] GC(356) Using 4 workers of 4 for evacuation
[705.141s][debug][gc,ref       ] GC(356) Skipped phase1 of Reference Processing due to unavailable references
[705.141s][debug][gc,ref       ] GC(356) Skipped phase2 of Reference Processing due to unavailable references
[705.141s][debug][gc,ref       ] GC(356) Skipped phase3 of Reference Processing due to unavailable references
[705.141s][debug][gc,ref       ] GC(356) Skipped phase4 of Reference Processing due to unavailable references
[705.141s][debug][gc,age       ] GC(356) Desired survivor size 15400960 bytes, new threshold 6 (max threshold 6)
[705.141s][info ][gc,heap      ] GC(356) ParNew: 242663K->1617K(270976K)
[705.141s][info ][gc,heap      ] GC(356) CMS: 286004K->286166K(602112K)
[705.141s][info ][gc,metaspace ] GC(356) Metaspace: 61486K->61486K(1105920K)
[705.141s][info ][gc           ] GC(356) Pause Young (Allocation Failure) 516M->281M(852M) 4.748ms
[705.141s][info ][gc,cpu       ] GC(356) User=0.02s Sys=0.00s Real=0.00s
[705.141s][info ][safepoint    ] Leaving safepoint region
[705.141s][info ][safepoint    ] Total time for which application threads were stopped: 0.0049597 seconds, Stopping threads took: 0.0000190 seconds
[707.141s][info ][safepoint    ] Application time: 2.0001773 seconds
[707.141s][info ][safepoint    ] Entering safepoint region: Cleanup
[707.141s][info ][safepoint    ] Leaving safepoint region
[707.141s][info ][safepoint    ] Total time for which application threads were stopped: 0.0001598 seconds, Stopping threads took: 0.0000618 seconds
[709.142s][info ][safepoint    ] Application time: 2.0002829 seconds
[709.142s][info ][safepoint    ] Entering safepoint region: Cleanup
[709.142s][info ][safepoint    ] Leaving safepoint region
[709.142s][info ][safepoint    ] Total time for which application threads were stopped: 0.0002412 seconds, Stopping threads took: 0.0000740 seconds
[710.640s][info ][safepoint    ] Application time: 1.4979820 seconds
[710.640s][info ][safepoint    ] Entering safepoint region: GenCollectForAllocation
[710.640s][info ][gc,start     ] GC(357) Pause Young (Allocation Failure)
[710.640s][info ][gc,task      ] GC(357) Using 4 workers of 4 for evacuation
[710.643s][debug][gc,ref       ] GC(357) Skipped phase1 of Reference Processing due to unavailable references
[710.643s][debug][gc,ref       ] GC(357) Skipped phase2 of Reference Processing due to unavailable references
[710.643s][debug][gc,ref       ] GC(357) Skipped phase3 of Reference Processing due to unavailable references
[710.643s][debug][gc,ref       ] GC(357) Skipped phase4 of Reference Processing due to unavailable references
[710.643s][debug][gc,age       ] GC(357) Desired survivor size 15400960 bytes, new threshold 6 (max threshold 6)
[710.643s][info ][gc,heap      ] GC(357) ParNew: 242513K->1604K(270976K)
[710.643s][info ][gc,heap      ] GC(357) CMS: 286166K->286356K(602112K)
[710.643s][info ][gc,metaspace ] GC(357) Metaspace: 61486K->61486K(1105920K)
[710.643s][info ][gc           ] GC(357) Pause Young (Allocation Failure) 516M->281M(852M) 3.237ms
[710.643s][info ][gc,cpu       ] GC(357) User=0.01s Sys=0.00s Real=0.00s
[710.643s][info ][safepoint    ] Leaving safepoint region
[710.643s][info ][safepoint    ] Total time for which application threads were stopped: 0.0034194 seconds, Stopping threads took: 0.0000186 seconds
[715.644s][info ][safepoint    ] Application time: 5.0004483 seconds
[715.644s][info ][safepoint    ] Entering safepoint region: Cleanup
[715.644s][info ][safepoint    ] Leaving safepoint region
[715.644s][info ][safepoint    ] Total time for which application threads were stopped: 0.0000989 seconds, Stopping threads took: 0.0000323 seconds
[716.436s][info ][safepoint    ] Application time: 0.7923629 seconds
[716.436s][info ][safepoint    ] Entering safepoint region: GenCollectForAllocation
[716.437s][info ][gc,start     ] GC(358) Pause Young (Allocation Failure)
[716.437s][info ][gc,task      ] GC(358) Using 4 workers of 4 for evacuation
[716.439s][debug][gc,ref       ] GC(358) Skipped phase1 of Reference Processing due to unavailable references
[716.439s][debug][gc,ref       ] GC(358) Skipped phase2 of Reference Processing due to unavailable references
[716.439s][debug][gc,ref       ] GC(358) Skipped phase3 of Reference Processing due to unavailable references
[716.439s][debug][gc,ref       ] GC(358) Skipped phase4 of Reference Processing due to unavailable references
[716.440s][debug][gc,age       ] GC(358) Desired survivor size 15400960 bytes, new threshold 6 (max threshold 6)
[716.440s][info ][gc,heap      ] GC(358) ParNew: 242500K->1931K(270976K)
[716.440s][info ][gc,heap      ] GC(358) CMS: 286356K->286481K(602112K)
[716.440s][info ][gc,metaspace ] GC(358) Metaspace: 61487K->61487K(1105920K)
[716.440s][info ][gc           ] GC(358) Pause Young (Allocation Failure) 516M->281M(852M) 3.095ms
[716.440s][info ][gc,cpu       ] GC(358) User=0.01s Sys=0.00s Real=0.00s
[716.440s][info ][safepoint    ] Leaving safepoint region
[716.440s][info ][safepoint    ] Total time for which application threads were stopped: 0.0032854 seconds, Stopping threads took: 0.0000193 seconds
[719.440s][info ][safepoint    ] Application time: 3.0002458 seconds
[719.440s][info ][safepoint    ] Entering safepoint region: Cleanup
[719.440s][info ][safepoint    ] Leaving safepoint region
[719.440s][info ][safepoint    ] Total time for which application threads were stopped: 0.0001673 seconds, Stopping threads took: 0.0000677 seconds
[722.241s][info ][safepoint    ] Application time: 2.8005396 seconds
[722.241s][info ][safepoint    ] Entering safepoint region: GenCollectForAllocation
[722.241s][info ][gc,start     ] GC(359) Pause Young (Allocation Failure)
[722.241s][info ][gc,task      ] GC(359) Using 4 workers of 4 for evacuation
[722.246s][debug][gc,ref       ] GC(359) Skipped phase1 of Reference Processing due to unavailable references
[722.246s][debug][gc,ref       ] GC(359) Skipped phase2 of Reference Processing due to unavailable references
[722.246s][debug][gc,ref       ] GC(359) Skipped phase3 of Reference Processing due to unavailable references
[722.246s][debug][gc,ref       ] GC(359) Skipped phase4 of Reference Processing due to unavailable references
[722.246s][debug][gc,age       ] GC(359) Desired survivor size 15400960 bytes, new threshold 6 (max threshold 6)
[722.246s][info ][gc,heap      ] GC(359) ParNew: 242827K->1442K(270976K)
[722.246s][info ][gc,heap      ] GC(359) CMS: 286481K->286536K(602112K)
[722.246s][info ][gc,metaspace ] GC(359) Metaspace: 61487K->61487K(1105920K)
[722.246s][info ][gc           ] GC(359) Pause Young (Allocation Failure) 516M->281M(852M) 4.903ms
[722.246s][info ][gc,cpu       ] GC(359) User=0.01s Sys=0.00s Real=0.01s
[722.246s][info ][safepoint    ] Leaving safepoint region
[722.246s][info ][safepoint    ] Total time for which application threads were stopped: 0.0050758 seconds, Stopping threads took: 0.0000203 seconds
[723.246s][info ][safepoint    ] Application time: 1.0001038 seconds
[723.246s][info ][safepoint    ] Entering safepoint region: Cleanup
[723.246s][info ][safepoint    ] Leaving safepoint region
[723.246s][info ][safepoint    ] Total time for which application threads were stopped: 0.0000906 seconds, Stopping threads took: 0.0000222 seconds
[724.246s][info ][safepoint    ] Application time: 1.0000652 seconds
[724.246s][info ][safepoint    ] Entering safepoint region: Cleanup
[724.246s][info ][safepoint    ] Leaving safepoint region
[724.246s][info ][safepoint    ] Total time for which application threads were stopped: 0.0000776 seconds, Stopping threads took: 0.0000178 seconds
[725.246s][info ][safepoint    ] Application time: 1.0001037 seconds
[725.246s][info ][safepoint    ] Entering safepoint region: Cleanup
[725.246s][info ][safepoint    ] Leaving safepoint region
[725.246s][info ][safepoint    ] Total time for which application threads were stopped: 0.0000953 seconds, Stopping threads took: 0.0000240 seconds
[726.247s][info ][safepoint    ] Application time: 1.0000615 seconds
[726.247s][info ][safepoint    ] Entering safepoint region: Cleanup
[726.247s][info ][safepoint    ] Leaving safepoint region
[726.247s][info ][safepoint    ] Total time for which application threads were stopped: 0.0001790 seconds, Stopping threads took: 0.0000493 seconds
[727.247s][info ][safepoint    ] Application time: 1.0000985 seconds
[727.247s][info ][safepoint    ] Entering safepoint region: Cleanup
[727.247s][info ][safepoint    ] Leaving safepoint region
[727.247s][info ][safepoint    ] Total time for which application threads were stopped: 0.0000904 seconds, Stopping threads took: 0.0000201 seconds
[727.561s][info ][safepoint    ] Application time: 0.3135509 seconds
[727.561s][info ][safepoint    ] Entering safepoint region: GenCollectForAllocation
[727.561s][info ][gc,start     ] GC(360) Pause Young (Allocation Failure)
[727.561s][info ][gc,task      ] GC(360) Using 4 workers of 4 for evacuation
[727.564s][debug][gc,ref       ] GC(360) Skipped phase1 of Reference Processing due to unavailable references
[727.564s][debug][gc,ref       ] GC(360) Skipped phase3 of Reference Processing due to unavailable references
[727.564s][debug][gc,age       ] GC(360) Desired survivor size 15400960 bytes, new threshold 6 (max threshold 6)
[727.564s][info ][gc,heap      ] GC(360) ParNew: 242338K->1311K(270976K)
[727.564s][info ][gc,heap      ] GC(360) CMS: 286536K->286668K(602112K)
[727.564s][info ][gc,metaspace ] GC(360) Metaspace: 61500K->61500K(1105920K)
[727.564s][info ][gc           ] GC(360) Pause Young (Allocation Failure) 516M->281M(852M) 3.174ms
[727.564s][info ][gc,cpu       ] GC(360) User=0.01s Sys=0.00s Real=0.00s
[727.564s][info ][safepoint    ] Leaving safepoint region
[727.564s][info ][safepoint    ] Total time for which application threads were stopped: 0.0034119 seconds, Stopping threads took: 0.0000334 seconds
[728.564s][info ][safepoint    ] Application time: 1.0001129 seconds
[728.564s][info ][safepoint    ] Entering safepoint region: Cleanup
[728.564s][info ][safepoint    ] Leaving safepoint region
[728.564s][info ][safepoint    ] Total time for which application threads were stopped: 0.0002608 seconds, Stopping threads took: 0.0001207 seconds
[729.565s][info ][safepoint    ] Application time: 1.0000962 seconds
[729.565s][info ][safepoint    ] Entering safepoint region: Cleanup
[729.565s][info ][safepoint    ] Leaving safepoint region
[729.565s][info ][safepoint    ] Total time for which application threads were stopped: 0.0000952 seconds, Stopping threads took: 0.0000212 seconds
[730.565s][info ][safepoint    ] Application time: 1.0000495 seconds
[730.565s][info ][safepoint    ] Entering safepoint region: Cleanup
[730.565s][info ][safepoint    ] Leaving safepoint region
[730.565s][info ][safepoint    ] Total time for which application threads were stopped: 0.0001045 seconds, Stopping threads took: 0.0000197 seconds
[731.565s][info ][safepoint    ] Application time: 1.0001289 seconds
[731.565s][info ][safepoint    ] Entering safepoint region: Cleanup
[731.565s][info ][safepoint    ] Leaving safepoint region
[731.565s][info ][safepoint    ] Total time for which application threads were stopped: 0.0001043 seconds, Stopping threads took: 0.0000207 seconds
[732.993s][info ][safepoint    ] Application time: 1.4274667 seconds
[732.993s][info ][safepoint    ] Entering safepoint region: GenCollectForAllocation
[732.993s][info ][gc,start     ] GC(361) Pause Young (Allocation Failure)
[732.993s][info ][gc,task      ] GC(361) Using 4 workers of 4 for evacuation
[732.996s][debug][gc,ref       ] GC(361) Skipped phase1 of Reference Processing due to unavailable references
[732.996s][debug][gc,ref       ] GC(361) Skipped phase3 of Reference Processing due to unavailable references
[732.996s][debug][gc,age       ] GC(361) Desired survivor size 15400960 bytes, new threshold 6 (max threshold 6)
[732.997s][info ][gc,heap      ] GC(361) ParNew: 242207K->1812K(270976K)
[732.997s][info ][gc,heap      ] GC(361) CMS: 286668K->286685K(602112K)
[732.997s][info ][gc,metaspace ] GC(361) Metaspace: 61536K->61536K(1105920K)
[732.997s][info ][gc           ] GC(361) Pause Young (Allocation Failure) 516M->281M(852M) 3.732ms
[732.997s][info ][gc,cpu       ] GC(361) User=0.01s Sys=0.00s Real=0.01s
[732.997s][info ][safepoint    ] Leaving safepoint region
[732.997s][info ][safepoint    ] Total time for which application threads were stopped: 0.0039119 seconds, Stopping threads took: 0.0000187 seconds
[733.997s][info ][safepoint    ] Application time: 1.0001323 seconds
[733.997s][info ][safepoint    ] Entering safepoint region: Cleanup
[733.997s][info ][safepoint    ] Leaving safepoint region
[733.997s][info ][safepoint    ] Total time for which application threads were stopped: 0.0000782 seconds, Stopping threads took: 0.0000178 seconds
[735.997s][info ][safepoint    ] Application time: 2.0001609 seconds
[735.997s][info ][safepoint    ] Entering safepoint region: Cleanup
[735.997s][info ][safepoint    ] Leaving safepoint region
[735.997s][info ][safepoint    ] Total time for which application threads were stopped: 0.0000973 seconds, Stopping threads took: 0.0000319 seconds
[737.997s][info ][safepoint    ] Application time: 2.0001705 seconds
[737.997s][info ][safepoint    ] Entering safepoint region: Cleanup
[737.997s][info ][safepoint    ] Leaving safepoint region
[737.997s][info ][safepoint    ] Total time for which application threads were stopped: 0.0000988 seconds, Stopping threads took: 0.0000190 seconds
[738.243s][info ][safepoint    ] Application time: 0.2454807 seconds
[738.243s][info ][safepoint    ] Entering safepoint region: GenCollectForAllocation
[738.243s][info ][gc,start     ] GC(362) Pause Young (Allocation Failure)
[738.243s][info ][gc,task      ] GC(362) Using 4 workers of 4 for evacuation
[738.246s][debug][gc,ref       ] GC(362) Skipped phase1 of Reference Processing due to unavailable references
[738.246s][debug][gc,ref       ] GC(362) Skipped phase3 of Reference Processing due to unavailable references
[738.246s][debug][gc,ref       ] GC(362) Skipped phase4 of Reference Processing due to unavailable references
[738.246s][debug][gc,age       ] GC(362) Desired survivor size 15400960 bytes, new threshold 6 (max threshold 6)
[738.246s][info ][gc,heap      ] GC(362) ParNew: 242708K->1366K(270976K)
[738.246s][info ][gc,heap      ] GC(362) CMS: 286685K->286837K(602112K)
[738.246s][info ][gc,metaspace ] GC(362) Metaspace: 61539K->61539K(1105920K)
[738.246s][info ][gc           ] GC(362) Pause Young (Allocation Failure) 516M->281M(852M) 2.779ms
[738.246s][info ][gc,cpu       ] GC(362) User=0.01s Sys=0.00s Real=0.01s
[738.246s][info ][safepoint    ] Leaving safepoint region
[738.246s][info ][safepoint    ] Total time for which application threads were stopped: 0.0029377 seconds, Stopping threads took: 0.0000219 seconds
[739.246s][info ][safepoint    ] Application time: 1.0000895 seconds
[739.246s][info ][safepoint    ] Entering safepoint region: Cleanup
[739.246s][info ][safepoint    ] Leaving safepoint region
[739.246s][info ][safepoint    ] Total time for which application threads were stopped: 0.0000970 seconds, Stopping threads took: 0.0000180 seconds
[740.246s][info ][safepoint    ] Application time: 1.0000897 seconds
[740.246s][info ][safepoint    ] Entering safepoint region: Cleanup
[740.246s][info ][safepoint    ] Leaving safepoint region
[740.246s][info ][safepoint    ] Total time for which application threads were stopped: 0.0000967 seconds, Stopping threads took: 0.0000177 seconds
[741.246s][info ][safepoint    ] Application time: 1.0000918 seconds
[741.246s][info ][safepoint    ] Entering safepoint region: Cleanup
[741.247s][info ][safepoint    ] Leaving safepoint region
[741.247s][info ][safepoint    ] Total time for which application threads were stopped: 0.0000875 seconds, Stopping threads took: 0.0000192 seconds
[743.792s][info ][safepoint    ] Application time: 2.5456748 seconds
[743.792s][info ][safepoint    ] Entering safepoint region: GenCollectForAllocation
[743.792s][info ][gc,start     ] GC(363) Pause Young (Allocation Failure)
[743.792s][info ][gc,task      ] GC(363) Using 4 workers of 4 for evacuation
[743.796s][debug][gc,ref       ] GC(363) Skipped phase1 of Reference Processing due to unavailable references
[743.796s][debug][gc,ref       ] GC(363) Skipped phase3 of Reference Processing due to unavailable references
[743.796s][debug][gc,age       ] GC(363) Desired survivor size 15400960 bytes, new threshold 6 (max threshold 6)
[743.796s][info ][gc,heap      ] GC(363) ParNew: 242262K->1564K(270976K)
[743.796s][info ][gc,heap      ] GC(363) CMS: 286837K->286972K(602112K)
[743.796s][info ][gc,metaspace ] GC(363) Metaspace: 61559K->61559K(1105920K)
[743.796s][info ][gc           ] GC(363) Pause Young (Allocation Failure) 516M->281M(852M) 3.332ms
[743.796s][info ][gc,cpu       ] GC(363) User=0.01s Sys=0.01s Real=0.00s
[743.796s][info ][safepoint    ] Leaving safepoint region
[743.796s][info ][safepoint    ] Total time for which application threads were stopped: 0.0034965 seconds, Stopping threads took: 0.0000188 seconds
[744.796s][info ][safepoint    ] Application time: 1.0000931 seconds
[744.796s][info ][safepoint    ] Entering safepoint region: Cleanup
[744.796s][info ][safepoint    ] Leaving safepoint region
[744.796s][info ][safepoint    ] Total time for which application threads were stopped: 0.0000843 seconds, Stopping threads took: 0.0000194 seconds
[745.796s][info ][safepoint    ] Application time: 1.0000681 seconds
[745.796s][info ][safepoint    ] Entering safepoint region: Cleanup
[745.796s][info ][safepoint    ] Leaving safepoint region
[745.796s][info ][safepoint    ] Total time for which application threads were stopped: 0.0000844 seconds, Stopping threads took: 0.0000203 seconds
[746.796s][info ][safepoint    ] Application time: 1.0001216 seconds
[746.796s][info ][safepoint    ] Entering safepoint region: Cleanup
[746.796s][info ][safepoint    ] Leaving safepoint region
[746.796s][info ][safepoint    ] Total time for which application threads were stopped: 0.0000865 seconds, Stopping threads took: 0.0000202 seconds
[749.392s][info ][safepoint    ] Application time: 2.5957577 seconds
[749.392s][info ][safepoint    ] Entering safepoint region: GenCollectForAllocation
[749.392s][info ][gc,start     ] GC(364) Pause Young (Allocation Failure)
[749.392s][info ][gc,task      ] GC(364) Using 4 workers of 4 for evacuation
[749.395s][debug][gc,ref       ] GC(364) Skipped phase1 of Reference Processing due to unavailable references
[749.395s][debug][gc,ref       ] GC(364) Skipped phase3 of Reference Processing due to unavailable references
[749.395s][debug][gc,age       ] GC(364) Desired survivor size 15400960 bytes, new threshold 6 (max threshold 6)
[749.395s][info ][gc,heap      ] GC(364) ParNew: 242460K->1506K(270976K)
[749.395s][info ][gc,heap      ] GC(364) CMS: 286972K->287118K(602112K)
[749.395s][info ][gc,metaspace ] GC(364) Metaspace: 61564K->61564K(1105920K)
[749.395s][info ][gc           ] GC(364) Pause Young (Allocation Failure) 517M->281M(852M) 3.043ms
[749.395s][info ][gc,cpu       ] GC(364) User=0.01s Sys=0.00s Real=0.00s
[749.395s][info ][safepoint    ] Leaving safepoint region
[749.395s][info ][safepoint    ] Total time for which application threads were stopped: 0.0032078 seconds, Stopping threads took: 0.0000220 seconds
[751.396s][info ][safepoint    ] Application time: 2.0002490 seconds
[751.396s][info ][safepoint    ] Entering safepoint region: Cleanup
[751.396s][info ][safepoint    ] Leaving safepoint region
[751.396s][info ][safepoint    ] Total time for which application threads were stopped: 0.0000877 seconds, Stopping threads took: 0.0000198 seconds
[754.396s][info ][safepoint    ] Application time: 3.0003101 seconds
[754.396s][info ][safepoint    ] Entering safepoint region: Cleanup
[754.396s][info ][safepoint    ] Leaving safepoint region
[754.396s][info ][safepoint    ] Total time for which application threads were stopped: 0.0000848 seconds, Stopping threads took: 0.0000181 seconds
[755.041s][info ][safepoint    ] Application time: 0.6445993 seconds
[755.041s][info ][safepoint    ] Entering safepoint region: GenCollectForAllocation
[755.041s][info ][gc,start     ] GC(365) Pause Young (Allocation Failure)
[755.041s][info ][gc,task      ] GC(365) Using 4 workers of 4 for evacuation
[755.044s][debug][gc,ref       ] GC(365) Skipped phase1 of Reference Processing due to unavailable references
[755.044s][debug][gc,ref       ] GC(365) Skipped phase3 of Reference Processing due to unavailable references
[755.044s][debug][gc,ref       ] GC(365) Skipped phase4 of Reference Processing due to unavailable references
[755.044s][debug][gc,age       ] GC(365) Desired survivor size 15400960 bytes, new threshold 6 (max threshold 6)
[755.044s][info ][gc,heap      ] GC(365) ParNew: 242402K->1487K(270976K)
[755.044s][info ][gc,heap      ] GC(365) CMS: 287118K->287175K(602112K)
[755.044s][info ][gc,metaspace ] GC(365) Metaspace: 61564K->61564K(1105920K)
[755.044s][info ][gc           ] GC(365) Pause Young (Allocation Failure) 517M->281M(852M) 3.250ms
[755.044s][info ][gc,cpu       ] GC(365) User=0.01s Sys=0.01s Real=0.01s
[755.044s][info ][safepoint    ] Leaving safepoint region
[755.044s][info ][safepoint    ] Total time for which application threads were stopped: 0.0034163 seconds, Stopping threads took: 0.0000195 seconds
[757.045s][info ][safepoint    ] Application time: 2.0001420 seconds
[757.045s][info ][safepoint    ] Entering safepoint region: Cleanup
[757.045s][info ][safepoint    ] Leaving safepoint region
[757.045s][info ][safepoint    ] Total time for which application threads were stopped: 0.0001736 seconds, Stopping threads took: 0.0001015 seconds
[760.538s][info ][safepoint    ] Application time: 3.4932842 seconds
[760.538s][info ][safepoint    ] Entering safepoint region: GenCollectForAllocation
[760.538s][info ][gc,start     ] GC(366) Pause Young (Allocation Failure)
[760.538s][info ][gc,task      ] GC(366) Using 4 workers of 4 for evacuation
[760.541s][debug][gc,ref       ] GC(366) Skipped phase1 of Reference Processing due to unavailable references
[760.541s][debug][gc,ref       ] GC(366) Skipped phase3 of Reference Processing due to unavailable references
[760.541s][debug][gc,ref       ] GC(366) Skipped phase4 of Reference Processing due to unavailable references
[760.541s][debug][gc,age       ] GC(366) Desired survivor size 15400960 bytes, new threshold 6 (max threshold 6)
[760.541s][info ][gc,heap      ] GC(366) ParNew: 242383K->1674K(270976K)
[760.541s][info ][gc,heap      ] GC(366) CMS: 287175K->287272K(602112K)
[760.541s][info ][gc,metaspace ] GC(366) Metaspace: 61564K->61564K(1105920K)
[760.541s][info ][gc           ] GC(366) Pause Young (Allocation Failure) 517M->282M(852M) 3.185ms
[760.541s][info ][gc,cpu       ] GC(366) User=0.01s Sys=0.00s Real=0.00s
[760.541s][info ][safepoint    ] Leaving safepoint region
[760.541s][info ][safepoint    ] Total time for which application threads were stopped: 0.0033612 seconds, Stopping threads took: 0.0000200 seconds
[763.542s][info ][safepoint    ] Application time: 3.0002598 seconds
[763.542s][info ][safepoint    ] Entering safepoint region: Cleanup
[763.542s][info ][safepoint    ] Leaving safepoint region
[763.542s][info ][safepoint    ] Total time for which application threads were stopped: 0.0002276 seconds, Stopping threads took: 0.0001326 seconds
[765.542s][info ][safepoint    ] Application time: 2.0002010 seconds
[765.542s][info ][safepoint    ] Entering safepoint region: Cleanup
[765.542s][info ][safepoint    ] Leaving safepoint region
[765.542s][info ][safepoint    ] Total time for which application threads were stopped: 0.0001307 seconds, Stopping threads took: 0.0000460 seconds
[765.986s][info ][safepoint    ] Application time: 0.4432124 seconds
[765.986s][info ][safepoint    ] Entering safepoint region: GenCollectForAllocation
[765.986s][info ][gc,start     ] GC(367) Pause Young (Allocation Failure)
[765.986s][info ][gc,task      ] GC(367) Using 4 workers of 4 for evacuation
[765.990s][debug][gc,ref       ] GC(367) Skipped phase1 of Reference Processing due to unavailable references
[765.990s][debug][gc,ref       ] GC(367) Skipped phase3 of Reference Processing due to unavailable references
[765.990s][debug][gc,ref       ] GC(367) Skipped phase4 of Reference Processing due to unavailable references
[765.990s][debug][gc,age       ] GC(367) Desired survivor size 15400960 bytes, new threshold 6 (max threshold 6)
[765.990s][info ][gc,heap      ] GC(367) ParNew: 242570K->2165K(270976K)
[765.990s][info ][gc,heap      ] GC(367) CMS: 287272K->287414K(602112K)
[765.990s][info ][gc,metaspace ] GC(367) Metaspace: 61564K->61564K(1105920K)
[765.991s][info ][gc           ] GC(367) Pause Young (Allocation Failure) 517M->282M(852M) 4.757ms
[765.991s][info ][gc,cpu       ] GC(367) User=0.02s Sys=0.00s Real=0.00s
[765.991s][info ][safepoint    ] Leaving safepoint region
[765.991s][info ][safepoint    ] Total time for which application threads were stopped: 0.0049517 seconds, Stopping threads took: 0.0000415 seconds
[766.991s][info ][safepoint    ] Application time: 1.0001041 seconds
[766.991s][info ][safepoint    ] Entering safepoint region: Cleanup
[766.991s][info ][safepoint    ] Leaving safepoint region
[766.991s][info ][safepoint    ] Total time for which application threads were stopped: 0.0001151 seconds, Stopping threads took: 0.0000431 seconds
[767.991s][info ][safepoint    ] Application time: 1.0000862 seconds
[767.991s][info ][safepoint    ] Entering safepoint region: Cleanup
[767.991s][info ][safepoint    ] Leaving safepoint region
[767.991s][info ][safepoint    ] Total time for which application threads were stopped: 0.0001712 seconds, Stopping threads took: 0.0000754 seconds
[768.991s][info ][safepoint    ] Application time: 1.0000843 seconds
[768.991s][info ][safepoint    ] Entering safepoint region: Cleanup
[768.991s][info ][safepoint    ] Leaving safepoint region
[768.991s][info ][safepoint    ] Total time for which application threads were stopped: 0.0001680 seconds, Stopping threads took: 0.0000207 seconds
[769.991s][info ][safepoint    ] Application time: 1.0000877 seconds
[769.992s][info ][safepoint    ] Entering safepoint region: Cleanup
[769.992s][info ][safepoint    ] Leaving safepoint region
[769.992s][info ][safepoint    ] Total time for which application threads were stopped: 0.0000964 seconds, Stopping threads took: 0.0000235 seconds
[771.992s][info ][safepoint    ] Application time: 2.0001713 seconds
[771.992s][info ][safepoint    ] Entering safepoint region: Cleanup
[771.992s][info ][safepoint    ] Leaving safepoint region
[771.992s][info ][safepoint    ] Total time for which application threads were stopped: 0.0001011 seconds, Stopping threads took: 0.0000238 seconds
[772.992s][info ][safepoint    ] Application time: 1.0000944 seconds
[772.992s][info ][safepoint    ] Entering safepoint region: Cleanup
[772.992s][info ][safepoint    ] Leaving safepoint region
[772.992s][info ][safepoint    ] Total time for which application threads were stopped: 0.0001252 seconds, Stopping threads took: 0.0000364 seconds
[774.992s][info ][safepoint    ] Application time: 2.0001990 seconds
[774.992s][info ][safepoint    ] Entering safepoint region: Cleanup
[774.993s][info ][safepoint    ] Leaving safepoint region
[774.993s][info ][safepoint    ] Total time for which application threads were stopped: 0.0001216 seconds, Stopping threads took: 0.0000424 seconds
[778.993s][info ][safepoint    ] Application time: 4.0002818 seconds
[778.993s][info ][safepoint    ] Entering safepoint region: Cleanup
[778.993s][info ][safepoint    ] Leaving safepoint region
[778.993s][info ][safepoint    ] Total time for which application threads were stopped: 0.0000944 seconds, Stopping threads took: 0.0000210 seconds
[780.993s][info ][safepoint    ] Application time: 2.0001430 seconds
[780.993s][info ][safepoint    ] Entering safepoint region: Cleanup
[780.993s][info ][safepoint    ] Leaving safepoint region
[780.993s][info ][safepoint    ] Total time for which application threads were stopped: 0.0000928 seconds, Stopping threads took: 0.0000225 seconds
[782.634s][info ][safepoint    ] Application time: 1.6408050 seconds
[782.634s][info ][safepoint    ] Entering safepoint region: GenCollectForAllocation
[782.634s][info ][gc,start     ] GC(368) Pause Young (Allocation Failure)
[782.634s][info ][gc,task      ] GC(368) Using 4 workers of 4 for evacuation
[782.638s][debug][gc,ref       ] GC(368) Skipped phase1 of Reference Processing due to unavailable references
[782.638s][debug][gc,ref       ] GC(368) Skipped phase3 of Reference Processing due to unavailable references
[782.638s][debug][gc,age       ] GC(368) Desired survivor size 15400960 bytes, new threshold 6 (max threshold 6)
[782.638s][info ][gc,heap      ] GC(368) ParNew: 243061K->2006K(270976K)
[782.638s][info ][gc,heap      ] GC(368) CMS: 287414K->287549K(602112K)
[782.638s][info ][gc,metaspace ] GC(368) Metaspace: 61608K->61608K(1105920K)
[782.638s][info ][gc           ] GC(368) Pause Young (Allocation Failure) 518M->282M(852M) 3.786ms
[782.638s][info ][gc,cpu       ] GC(368) User=0.02s Sys=0.00s Real=0.01s
[782.638s][info ][safepoint    ] Leaving safepoint region
[782.638s][info ][safepoint    ] Total time for which application threads were stopped: 0.0039679 seconds, Stopping threads took: 0.0000251 seconds
[828.447s][info ][safepoint    ] Application time: 45.8089088 seconds
[828.447s][info ][safepoint    ] Entering safepoint region: RevokeBias
[828.447s][info ][safepoint    ] Leaving safepoint region
[828.447s][info ][safepoint    ] Total time for which application threads were stopped: 0.0002757 seconds, Stopping threads took: 0.0000879 seconds
[828.790s][info ][safepoint    ] Application time: 0.3424405 seconds
[828.790s][info ][safepoint    ] Entering safepoint region: RevokeBias
[828.790s][info ][safepoint    ] Leaving safepoint region
[828.790s][info ][safepoint    ] Total time for which application threads were stopped: 0.0001365 seconds, Stopping threads took: 0.0000216 seconds
[828.790s][info ][safepoint    ] Application time: 0.0002158 seconds
[828.790s][info ][safepoint    ] Entering safepoint region: RevokeBias
[828.790s][info ][safepoint    ] Leaving safepoint region
[828.790s][info ][safepoint    ] Total time for which application threads were stopped: 0.0000528 seconds, Stopping threads took: 0.0000093 seconds
[888.447s][info ][safepoint    ] Application time: 59.6567680 seconds
[888.447s][info ][safepoint    ] Entering safepoint region: RevokeBias
[888.447s][info ][safepoint    ] Leaving safepoint region
[888.447s][info ][safepoint    ] Total time for which application threads were stopped: 0.0002688 seconds, Stopping threads took: 0.0000928 seconds
[921.450s][info ][safepoint    ] Application time: 33.0025417 seconds
[921.450s][info ][safepoint    ] Entering safepoint region: Cleanup
[921.450s][info ][safepoint    ] Leaving safepoint region
[921.450s][info ][safepoint    ] Total time for which application threads were stopped: 0.0001856 seconds, Stopping threads took: 0.0000337 seconds
[948.447s][info ][safepoint    ] Application time: 26.9968705 seconds
[948.447s][info ][safepoint    ] Entering safepoint region: RevokeBias
[948.447s][info ][safepoint    ] Leaving safepoint region
[948.447s][info ][safepoint    ] Total time for which application threads were stopped: 0.0002664 seconds, Stopping threads took: 0.0000913 seconds
[954.448s][info ][safepoint    ] Application time: 6.0005930 seconds
[954.448s][info ][safepoint    ] Entering safepoint region: Cleanup
[954.448s][info ][safepoint    ] Leaving safepoint region
[954.448s][info ][safepoint    ] Total time for which application threads were stopped: 0.0001392 seconds, Stopping threads took: 0.0000248 seconds
[970.834s][info ][safepoint    ] Application time: 16.3858053 seconds
[970.834s][info ][safepoint    ] Entering safepoint region: GenCollectForAllocation
[970.834s][info ][gc,start     ] GC(369) Pause Young (Allocation Failure)
[970.834s][info ][gc,task      ] GC(369) Using 4 workers of 4 for evacuation
[970.840s][debug][gc,ref       ] GC(369) Skipped phase1 of Reference Processing due to unavailable references
[970.840s][debug][gc,ref       ] GC(369) Skipped phase3 of Reference Processing due to unavailable references
[970.841s][debug][gc,age       ] GC(369) Desired survivor size 15400960 bytes, new threshold 6 (max threshold 6)
[970.841s][info ][gc,heap      ] GC(369) ParNew: 242902K->2282K(270976K)
[970.841s][info ][gc,heap      ] GC(369) CMS: 287549K->287622K(602112K)
[970.841s][info ][gc,metaspace ] GC(369) Metaspace: 61627K->61627K(1105920K)
[970.841s][info ][gc           ] GC(369) Pause Young (Allocation Failure) 518M->283M(852M) 6.188ms
[970.841s][info ][gc,cpu       ] GC(369) User=0.01s Sys=0.00s Real=0.01s
[970.841s][info ][safepoint    ] Leaving safepoint region
[970.841s][info ][safepoint    ] Total time for which application threads were stopped: 0.0065595 seconds, Stopping threads took: 0.0000925 seconds
[981.199s][info ][safepoint    ] Application time: 10.3585559 seconds
[981.199s][info ][safepoint    ] Entering safepoint region: RevokeBias
[981.199s][info ][safepoint    ] Leaving safepoint region
[981.199s][info ][safepoint    ] Total time for which application threads were stopped: 0.0001689 seconds, Stopping threads took: 0.0000779 seconds
[981.202s][info ][safepoint    ] Application time: 0.0026027 seconds
[981.202s][info ][safepoint    ] Entering safepoint region: RevokeBias
[981.202s][info ][safepoint    ] Leaving safepoint region
[981.202s][info ][safepoint    ] Total time for which application threads were stopped: 0.0001326 seconds, Stopping threads took: 0.0000597 seconds
[981.202s][info ][safepoint    ] Application time: 0.0001184 seconds
[981.202s][info ][safepoint    ] Entering safepoint region: RevokeBias
[981.202s][info ][safepoint    ] Leaving safepoint region
[981.202s][info ][safepoint    ] Total time for which application threads were stopped: 0.0000816 seconds, Stopping threads took: 0.0000583 seconds
[1008.447s][info ][safepoint    ] Application time: 27.2446785 seconds
[1008.447s][info ][safepoint    ] Entering safepoint region: RevokeBias
[1008.447s][info ][safepoint    ] Leaving safepoint region
[1008.447s][info ][safepoint    ] Total time for which application threads were stopped: 0.0002571 seconds, Stopping threads took: 0.0000684 seconds
[1068.447s][info ][safepoint    ] Application time: 59.9995535 seconds
[1068.447s][info ][safepoint    ] Entering safepoint region: RevokeBias
[1068.447s][info ][safepoint    ] Leaving safepoint region
[1068.447s][info ][safepoint    ] Total time for which application threads were stopped: 0.0001531 seconds, Stopping threads took: 0.0000545 seconds
[1098.141s][info ][safepoint    ] Application time: 29.6940243 seconds
[1098.141s][info ][safepoint    ] Entering safepoint region: RevokeBias
[1098.141s][info ][safepoint    ] Leaving safepoint region
[1098.141s][info ][safepoint    ] Total time for which application threads were stopped: 0.0001341 seconds, Stopping threads took: 0.0000221 seconds
[1098.142s][info ][safepoint    ] Application time: 0.0004016 seconds
[1098.142s][info ][safepoint    ] Entering safepoint region: RevokeBias
[1098.142s][info ][safepoint    ] Leaving safepoint region
[1098.142s][info ][safepoint    ] Total time for which application threads were stopped: 0.0000361 seconds, Stopping threads took: 0.0000075 seconds
[1098.142s][info ][safepoint    ] Application time: 0.0004598 seconds
[1098.142s][info ][safepoint    ] Entering safepoint region: RevokeBias
[1098.142s][info ][safepoint    ] Leaving safepoint region
[1098.142s][info ][safepoint    ] Total time for which application threads were stopped: 0.0000427 seconds, Stopping threads took: 0.0000109 seconds
[1098.142s][info ][safepoint    ] Application time: 0.0000734 seconds
[1098.142s][info ][safepoint    ] Entering safepoint region: RevokeBias
[1098.142s][info ][safepoint    ] Leaving safepoint region
[1098.142s][info ][safepoint    ] Total time for which application threads were stopped: 0.0000246 seconds, Stopping threads took: 0.0000061 seconds
[1098.143s][info ][safepoint    ] Application time: 0.0003696 seconds
[1098.143s][info ][safepoint    ] Entering safepoint region: RevokeBias
[1098.143s][info ][safepoint    ] Leaving safepoint region
[1098.143s][info ][safepoint    ] Total time for which application threads were stopped: 0.0000246 seconds, Stopping threads took: 0.0000064 seconds
[1098.143s][info ][safepoint    ] Application time: 0.0000512 seconds
[1098.143s][info ][safepoint    ] Entering safepoint region: RevokeBias
[1098.143s][info ][safepoint    ] Leaving safepoint region
[1098.143s][info ][safepoint    ] Total time for which application threads were stopped: 0.0000219 seconds, Stopping threads took: 0.0000057 seconds
[1098.149s][info ][safepoint    ] Application time: 0.0056653 seconds
[1098.149s][info ][safepoint    ] Entering safepoint region: RevokeBias
[1098.149s][info ][safepoint    ] Leaving safepoint region
[1098.149s][info ][safepoint    ] Total time for which application threads were stopped: 0.0000396 seconds, Stopping threads took: 0.0000109 seconds
[1098.149s][info ][safepoint    ] Application time: 0.0005850 seconds
[1098.149s][info ][safepoint    ] Entering safepoint region: RevokeBias
[1098.149s][info ][safepoint    ] Leaving safepoint region
[1098.149s][info ][safepoint    ] Total time for which application threads were stopped: 0.0000374 seconds, Stopping threads took: 0.0000101 seconds
[1098.150s][info ][safepoint    ] Application time: 0.0005885 seconds
[1098.150s][info ][safepoint    ] Entering safepoint region: RevokeBias
[1098.150s][info ][safepoint    ] Leaving safepoint region
[1098.150s][info ][safepoint    ] Total time for which application threads were stopped: 0.0000351 seconds, Stopping threads took: 0.0000093 seconds
[1098.150s][info ][safepoint    ] Application time: 0.0004660 seconds
[1098.150s][info ][safepoint    ] Entering safepoint region: RevokeBias
[1098.150s][info ][safepoint    ] Leaving safepoint region
[1098.150s][info ][safepoint    ] Total time for which application threads were stopped: 0.0000878 seconds, Stopping threads took: 0.0000215 seconds
[1098.151s][info ][safepoint    ] Application time: 0.0004485 seconds
[1098.151s][info ][safepoint    ] Entering safepoint region: RevokeBias
[1098.151s][info ][safepoint    ] Leaving safepoint region
[1098.151s][info ][safepoint    ] Total time for which application threads were stopped: 0.0000452 seconds, Stopping threads took: 0.0000124 seconds
[1098.151s][info ][safepoint    ] Application time: 0.0004819 seconds
[1098.151s][info ][safepoint    ] Entering safepoint region: RevokeBias
[1098.152s][info ][safepoint    ] Leaving safepoint region
[1098.152s][info ][safepoint    ] Total time for which application threads were stopped: 0.0000333 seconds, Stopping threads took: 0.0000087 seconds
[1098.153s][info ][safepoint    ] Application time: 0.0015749 seconds
[1098.153s][info ][safepoint    ] Entering safepoint region: RevokeBias
[1098.153s][info ][safepoint    ] Leaving safepoint region
[1098.153s][info ][safepoint    ] Total time for which application threads were stopped: 0.0000469 seconds, Stopping threads took: 0.0000105 seconds
[1098.153s][info ][safepoint    ] Application time: 0.0001464 seconds
[1098.153s][info ][safepoint    ] Entering safepoint region: RevokeBias
[1098.153s][info ][safepoint    ] Leaving safepoint region
[1098.153s][info ][safepoint    ] Total time for which application threads were stopped: 0.0000244 seconds, Stopping threads took: 0.0000064 seconds
[1098.153s][info ][safepoint    ] Application time: 0.0001255 seconds
[1098.153s][info ][safepoint    ] Entering safepoint region: RevokeBias
[1098.154s][info ][safepoint    ] Leaving safepoint region
[1098.154s][info ][safepoint    ] Total time for which application threads were stopped: 0.0000244 seconds, Stopping threads took: 0.0000055 seconds
[1098.154s][info ][safepoint    ] Application time: 0.0004263 seconds
[1098.154s][info ][safepoint    ] Entering safepoint region: RevokeBias
[1098.154s][info ][safepoint    ] Leaving safepoint region
[1098.154s][info ][safepoint    ] Total time for which application threads were stopped: 0.0001004 seconds, Stopping threads took: 0.0000551 seconds
[1098.154s][info ][safepoint    ] Application time: 0.0000899 seconds
[1098.154s][info ][safepoint    ] Entering safepoint region: RevokeBias
[1098.154s][info ][safepoint    ] Leaving safepoint region
[1098.154s][info ][safepoint    ] Total time for which application threads were stopped: 0.0000443 seconds, Stopping threads took: 0.0000085 seconds
[1098.154s][info ][safepoint    ] Application time: 0.0001005 seconds
[1098.154s][info ][safepoint    ] Entering safepoint region: RevokeBias
[1098.154s][info ][safepoint    ] Leaving safepoint region
[1098.154s][info ][safepoint    ] Total time for which application threads were stopped: 0.0000283 seconds, Stopping threads took: 0.0000061 seconds
[1098.155s][info ][safepoint    ] Application time: 0.0007921 seconds
[1098.155s][info ][safepoint    ] Entering safepoint region: RevokeBias
[1098.155s][info ][safepoint    ] Leaving safepoint region
[1098.155s][info ][safepoint    ] Total time for which application threads were stopped: 0.0000975 seconds, Stopping threads took: 0.0000085 seconds
[1098.157s][info ][safepoint    ] Application time: 0.0016215 seconds
[1098.157s][info ][safepoint    ] Entering safepoint region: RevokeBias
[1098.157s][info ][safepoint    ] Leaving safepoint region
[1098.157s][info ][safepoint    ] Total time for which application threads were stopped: 0.0000515 seconds, Stopping threads took: 0.0000108 seconds
[1098.159s][info ][safepoint    ] Application time: 0.0018833 seconds
[1098.159s][info ][safepoint    ] Entering safepoint region: RevokeBias
[1098.159s][info ][safepoint    ] Leaving safepoint region
[1098.159s][info ][safepoint    ] Total time for which application threads were stopped: 0.0000679 seconds, Stopping threads took: 0.0000322 seconds
[1098.159s][info ][gc,heap,exit ] Heap
[1098.159s][info ][gc,heap,exit ]  par new generation   total 270976K, used 155357K [0x0000000700000000, 0x0000000712600000, 0x0000000714cc0000)
[1098.159s][info ][gc,heap,exit ]   eden space 240896K,  63% used [0x0000000700000000, 0x000000070957cde0, 0x000000070eb40000)
[1098.159s][info ][gc,heap,exit ]   from space 30080K,   7% used [0x000000070eb40000, 0x000000070ed7a8a8, 0x00000007108a0000)
[1098.159s][info ][gc,heap,exit ]   to   space 30080K,   0% used [0x00000007108a0000, 0x00000007108a0000, 0x0000000712600000)
[1098.159s][info ][gc,heap,exit ]  concurrent mark-sweep generation total 602112K, used 287622K [0x0000000714cc0000, 0x00000007398c0000, 0x0000000800000000)
[1098.159s][info ][gc,heap,exit ]  Metaspace       used 61659K, capacity 66146K, committed 66420K, reserved 1105920K
[1098.159s][info ][gc,heap,exit ]   class space    used 8514K, capacity 10561K, committed 10652K, reserved 1048576K
[1098.160s][info ][safepoint    ] Application time: 0.0005733 seconds
[1098.160s][info ][safepoint    ] Entering safepoint region: Halt
